mq-bench starting with run_id: auto
Writing CSV output to: artifacts/fanout_bursty_20260630_000415_zenoh_p64_s1000_u10_bursty/fanout_singlesite/pub_1.csv
2026-06-30T00:05:17.510529Z  INFO mq_bench::roles::publisher: Starting publisher engine=Zenoh key=topic_1 payload_size=64 rate=None rate_profile=Some(RateProfile { phases: [RatePhase { name: "warmup", duration: 60s, rate_per_sec: 20.0 }, RatePhase { name: "baseline", duration: 60s, rate_per_sec: 20.0 }, RatePhase { name: "burst", duration: 60s, rate_per_sec: 50.0 }, RatePhase { name: "recovery", duration: 60s, rate_per_sec: 20.0 }, RatePhase { name: "burst", duration: 60s, rate_per_sec: 100.0 }, RatePhase { name: "recovery", duration: 60s, rate_per_sec: 20.0 }, RatePhase { name: "burst", duration: 60s, rate_per_sec: 200.0 }, RatePhase { name: "recovery", duration: 60s, rate_per_sec: 20.0 }, RatePhase { name: "burst", duration: 60s, rate_per_sec: 300.0 }, RatePhase { name: "recovery", duration: 60s, rate_per_sec: 50.0 }, RatePhase { name: "burst", duration: 60s, rate_per_sec: 500.0 }, RatePhase { name: "recovery", duration: 60s, rate_per_sec: 50.0 }, RatePhase { name: "burst", duration: 60s, rate_per_sec: 1000.0 }, RatePhase { name: "recovery", duration: 60s, rate_per_sec: 100.0 }, RatePhase { name: "burst", duration: 60s, rate_per_sec: 2000.0 }, RatePhase { name: "recovery", duration: 60s, rate_per_sec: 100.0 }, RatePhase { name: "burst", duration: 60s, rate_per_sec: 4000.0 }, RatePhase { name: "recovery", duration: 60s, rate_per_sec: 200.0 }, RatePhase { name: "burst", duration: 60s, rate_per_sec: 6000.0 }, RatePhase { name: "recovery", duration: 60s, rate_per_sec: 200.0 }, RatePhase { name: "burst", duration: 60s, rate_per_sec: 8000.0 }, RatePhase { name: "recovery", duration: 60s, rate_per_sec: 500.0 }, RatePhase { name: "burst", duration: 60s, rate_per_sec: 10000.0 }, RatePhase { name: "recovery", duration: 60s, rate_per_sec: 500.0 }], cumulative_ends: [60s, 120s, 180s, 240s, 300s, 360s, 420s, 480s, 540s, 600s, 660s, 720s, 780s, 840s, 900s, 960s, 1020s, 1080s, 1140s, 1200s, 1260s, 1320s, 1380s, 1440s] }) duration_secs=Some(1440) endpoint=Some("tcp/192.168.0.245:7447") crash_enabled=false sequence_start=0 sequence_step=1
2026-06-30T00:05:17.510949Z  INFO zenoh::net::runtime: Using ZID: a84c0fae0b8b67b66edb530c22f89ac
2026-06-30T00:05:17.513141Z  INFO mq_bench::roles::publisher: Connected via transport engine=Zenoh
2026-06-30T00:05:17.513230Z  INFO mq_bench::roles::publisher: Publisher rate profile phase entered phase=warmup rate=20.0 elapsed_secs=0.002637932
2026-06-30T00:06:17.513626Z  INFO mq_bench::roles::publisher: Publisher rate profile phase entered phase=baseline rate=20.0 elapsed_secs=60.003029663
2026-06-30T00:07:17.514774Z  INFO mq_bench::roles::publisher: Publisher rate profile phase entered phase=burst rate=50.0 elapsed_secs=120.0041798
2026-06-30T00:08:17.515798Z  INFO mq_bench::roles::publisher: Publisher rate profile phase entered phase=recovery rate=20.0 elapsed_secs=180.005201017
2026-06-30T00:09:17.517553Z  INFO mq_bench::roles::publisher: Publisher rate profile phase entered phase=burst rate=100.0 elapsed_secs=240.006959336
2026-06-30T00:10:17.519534Z  INFO mq_bench::roles::publisher: Publisher rate profile phase entered phase=recovery rate=20.0 elapsed_secs=300.008941225
2026-06-30T00:11:17.520964Z  INFO mq_bench::roles::publisher: Publisher rate profile phase entered phase=burst rate=200.0 elapsed_secs=360.010370552
2026-06-30T00:12:17.511891Z  INFO mq_bench::roles::publisher: Publisher rate profile phase entered phase=recovery rate=20.0 elapsed_secs=420.001298166
2026-06-30T00:13:17.512806Z  INFO mq_bench::roles::publisher: Publisher rate profile phase entered phase=burst rate=300.0 elapsed_secs=480.00220268
2026-06-30T00:14:17.514530Z  INFO mq_bench::roles::publisher: Publisher rate profile phase entered phase=recovery rate=50.0 elapsed_secs=540.003936109
2026-06-30T00:15:17.516548Z  INFO mq_bench::roles::publisher: Publisher rate profile phase entered phase=burst rate=500.0 elapsed_secs=600.005954715
2026-06-30T00:16:17.518470Z  INFO mq_bench::roles::publisher: Publisher rate profile phase entered phase=recovery rate=50.0 elapsed_secs=660.007875958
2026-06-30T00:17:17.519833Z  INFO mq_bench::roles::publisher: Publisher rate profile phase entered phase=burst rate=1000.0 elapsed_secs=720.00923982
2026-06-30T00:18:17.510936Z  INFO mq_bench::roles::publisher: Publisher rate profile phase entered phase=recovery rate=100.0 elapsed_secs=780.000318819
2026-06-30T00:19:17.511569Z  INFO mq_bench::roles::publisher: Publisher rate profile phase entered phase=burst rate=2000.0 elapsed_secs=840.000976145
2026-06-30T00:20:17.512802Z  INFO mq_bench::roles::publisher: Publisher rate profile phase entered phase=recovery rate=100.0 elapsed_secs=900.002208132
2026-06-30T00:21:17.514249Z  INFO mq_bench::roles::publisher: Publisher rate profile phase entered phase=burst rate=4000.0 elapsed_secs=960.003645529
2026-06-30T00:22:17.515190Z  INFO mq_bench::roles::publisher: Publisher rate profile phase entered phase=recovery rate=200.0 elapsed_secs=1020.004596974
2026-06-30T00:23:17.516244Z  INFO mq_bench::roles::publisher: Publisher rate profile phase entered phase=burst rate=6000.0 elapsed_secs=1080.0056504
2026-06-30T00:24:17.517490Z  INFO mq_bench::roles::publisher: Publisher rate profile phase entered phase=recovery rate=200.0 elapsed_secs=1140.00689671
2026-06-30T00:25:17.519241Z  INFO mq_bench::roles::publisher: Publisher rate profile phase entered phase=burst rate=8000.0 elapsed_secs=1200.00864774
2026-06-30T00:26:17.510594Z  INFO mq_bench::roles::publisher: Publisher rate profile phase entered phase=recovery rate=500.0 elapsed_secs=1260.000000843
2026-06-30T00:27:17.512533Z  INFO mq_bench::roles::publisher: Publisher rate profile phase entered phase=burst rate=10000.0 elapsed_secs=1320.001939711
2026-06-30T00:28:17.514357Z  INFO mq_bench::roles::publisher: Publisher rate profile phase entered phase=recovery rate=500.0 elapsed_secs=1380.003763885
2026-06-30T00:29:17.514945Z  INFO mq_bench::roles::publisher: Duration limit reached, stopping publisher
2026-06-30T00:29:17.514975Z  INFO zenoh::api::session: close session zid=a84c0fae0b8b67b66edb530c22f89ac
2026-06-30T00:29:17.515924Z  INFO mq_bench::roles::publisher: Final Publisher Statistics sent=2037004 errors=0 crashes=0 reconnects=0 avg_rate="1414.58" duration="1440.01s"
