mq-bench starting with run_id: auto
Writing CSV output to: artifacts/fanout_bursty_20260630_000415_zenoh_p64_s1000_u10_bursty/fanout_singlesite/pub_4.csv
2026-06-30T00:05:17.523944Z  INFO mq_bench::roles::publisher: Starting publisher engine=Zenoh key=topic_4 payload_size=64 rate=None rate_profile=Some(RateProfile { phases: [RatePhase { name: "warmup", duration: 60s, rate_per_sec: 20.0 }, RatePhase { name: "baseline", duration: 60s, rate_per_sec: 20.0 }, RatePhase { name: "burst", duration: 60s, rate_per_sec: 50.0 }, RatePhase { name: "recovery", duration: 60s, rate_per_sec: 20.0 }, RatePhase { name: "burst", duration: 60s, rate_per_sec: 100.0 }, RatePhase { name: "recovery", duration: 60s, rate_per_sec: 20.0 }, RatePhase { name: "burst", duration: 60s, rate_per_sec: 200.0 }, RatePhase { name: "recovery", duration: 60s, rate_per_sec: 20.0 }, RatePhase { name: "burst", duration: 60s, rate_per_sec: 300.0 }, RatePhase { name: "recovery", duration: 60s, rate_per_sec: 50.0 }, RatePhase { name: "burst", duration: 60s, rate_per_sec: 500.0 }, RatePhase { name: "recovery", duration: 60s, rate_per_sec: 50.0 }, RatePhase { name: "burst", duration: 60s, rate_per_sec: 1000.0 }, RatePhase { name: "recovery", duration: 60s, rate_per_sec: 100.0 }, RatePhase { name: "burst", duration: 60s, rate_per_sec: 2000.0 }, RatePhase { name: "recovery", duration: 60s, rate_per_sec: 100.0 }, RatePhase { name: "burst", duration: 60s, rate_per_sec: 4000.0 }, RatePhase { name: "recovery", duration: 60s, rate_per_sec: 200.0 }, RatePhase { name: "burst", duration: 60s, rate_per_sec: 6000.0 }, RatePhase { name: "recovery", duration: 60s, rate_per_sec: 200.0 }, RatePhase { name: "burst", duration: 60s, rate_per_sec: 8000.0 }, RatePhase { name: "recovery", duration: 60s, rate_per_sec: 500.0 }, RatePhase { name: "burst", duration: 60s, rate_per_sec: 10000.0 }, RatePhase { name: "recovery", duration: 60s, rate_per_sec: 500.0 }], cumulative_ends: [60s, 120s, 180s, 240s, 300s, 360s, 420s, 480s, 540s, 600s, 660s, 720s, 780s, 840s, 900s, 960s, 1020s, 1080s, 1140s, 1200s, 1260s, 1320s, 1380s, 1440s] }) duration_secs=Some(1440) endpoint=Some("tcp/192.168.0.245:7447") crash_enabled=false sequence_start=0 sequence_step=1
2026-06-30T00:05:17.524394Z  INFO zenoh::net::runtime: Using ZID: 30d0e0500308ac08e4e09688a3e0a29a
2026-06-30T00:05:17.527676Z  INFO mq_bench::roles::publisher: Connected via transport engine=Zenoh
2026-06-30T00:05:17.527749Z  INFO mq_bench::roles::publisher: Publisher rate profile phase entered phase=warmup rate=20.0 elapsed_secs=0.003749176
2026-06-30T00:06:17.528613Z  INFO mq_bench::roles::publisher: Publisher rate profile phase entered phase=baseline rate=20.0 elapsed_secs=60.00460759
2026-06-30T00:07:17.529272Z  INFO mq_bench::roles::publisher: Publisher rate profile phase entered phase=burst rate=50.0 elapsed_secs=120.005270278
2026-06-30T00:08:17.530811Z  INFO mq_bench::roles::publisher: Publisher rate profile phase entered phase=recovery rate=20.0 elapsed_secs=180.006809283
2026-06-30T00:09:17.531533Z  INFO mq_bench::roles::publisher: Publisher rate profile phase entered phase=burst rate=100.0 elapsed_secs=240.00753176
2026-06-30T00:10:17.532673Z  INFO mq_bench::roles::publisher: Publisher rate profile phase entered phase=recovery rate=20.0 elapsed_secs=300.008671505
2026-06-30T00:11:17.533673Z  INFO mq_bench::roles::publisher: Publisher rate profile phase entered phase=burst rate=200.0 elapsed_secs=360.009671618
2026-06-30T00:12:17.524522Z  INFO mq_bench::roles::publisher: Publisher rate profile phase entered phase=recovery rate=20.0 elapsed_secs=420.000517167
2026-06-30T00:13:17.525785Z  INFO mq_bench::roles::publisher: Publisher rate profile phase entered phase=burst rate=300.0 elapsed_secs=480.00177431
2026-06-30T00:14:17.526567Z  INFO mq_bench::roles::publisher: Publisher rate profile phase entered phase=recovery rate=50.0 elapsed_secs=540.002565655
2026-06-30T00:15:17.527392Z  INFO mq_bench::roles::publisher: Publisher rate profile phase entered phase=burst rate=500.0 elapsed_secs=600.003390745
2026-06-30T00:16:17.528192Z  INFO mq_bench::roles::publisher: Publisher rate profile phase entered phase=recovery rate=50.0 elapsed_secs=660.004190454
2026-06-30T00:17:17.529237Z  INFO mq_bench::roles::publisher: Publisher rate profile phase entered phase=burst rate=1000.0 elapsed_secs=720.005197963
2026-06-30T00:18:17.530747Z  INFO mq_bench::roles::publisher: Publisher rate profile phase entered phase=recovery rate=100.0 elapsed_secs=780.006735681
2026-06-30T00:19:17.531143Z  INFO mq_bench::roles::publisher: Publisher rate profile phase entered phase=burst rate=2000.0 elapsed_secs=840.007141491
2026-06-30T00:20:17.532599Z  INFO mq_bench::roles::publisher: Publisher rate profile phase entered phase=recovery rate=100.0 elapsed_secs=900.008587695
2026-06-30T00:21:17.533862Z  INFO mq_bench::roles::publisher: Publisher rate profile phase entered phase=burst rate=4000.0 elapsed_secs=960.009859523
2026-06-30T00:22:17.525437Z  INFO mq_bench::roles::publisher: Publisher rate profile phase entered phase=recovery rate=200.0 elapsed_secs=1020.001434342
2026-06-30T00:23:17.526015Z  INFO mq_bench::roles::publisher: Publisher rate profile phase entered phase=burst rate=6000.0 elapsed_secs=1080.002010776
2026-06-30T00:24:17.527906Z  INFO mq_bench::roles::publisher: Publisher rate profile phase entered phase=recovery rate=200.0 elapsed_secs=1140.003904534
2026-06-30T00:25:17.529479Z  INFO mq_bench::roles::publisher: Publisher rate profile phase entered phase=burst rate=8000.0 elapsed_secs=1200.005477445
2026-06-30T00:26:17.530188Z  INFO mq_bench::roles::publisher: Publisher rate profile phase entered phase=recovery rate=500.0 elapsed_secs=1260.006185261
2026-06-30T00:27:17.531676Z  INFO mq_bench::roles::publisher: Publisher rate profile phase entered phase=burst rate=10000.0 elapsed_secs=1320.00767439
2026-06-30T00:28:17.532183Z  INFO mq_bench::roles::publisher: Publisher rate profile phase entered phase=recovery rate=500.0 elapsed_secs=1380.008172683
2026-06-30T00:29:17.533350Z  INFO mq_bench::roles::publisher: Duration limit reached, stopping publisher
2026-06-30T00:29:17.533376Z  INFO zenoh::api::session: close session zid=30d0e0500308ac08e4e09688a3e0a29a
2026-06-30T00:29:17.535022Z  INFO mq_bench::roles::publisher: Final Publisher Statistics sent=2037006 errors=0 crashes=0 reconnects=0 avg_rate="1414.58" duration="1440.01s"
