mq-bench starting with run_id: auto
Writing CSV output to: artifacts/fanout_bursty_20260630_000415_zenoh_p64_s1000_u10_bursty/fanout_singlesite/pub_3.csv
2026-06-30T00:05:17.518700Z  INFO mq_bench::roles::publisher: Starting publisher engine=Zenoh key=topic_3 payload_size=64 rate=None rate_profile=Some(RateProfile { phases: [RatePhase { name: "warmup", duration: 60s, rate_per_sec: 20.0 }, RatePhase { name: "baseline", duration: 60s, rate_per_sec: 20.0 }, RatePhase { name: "burst", duration: 60s, rate_per_sec: 50.0 }, RatePhase { name: "recovery", duration: 60s, rate_per_sec: 20.0 }, RatePhase { name: "burst", duration: 60s, rate_per_sec: 100.0 }, RatePhase { name: "recovery", duration: 60s, rate_per_sec: 20.0 }, RatePhase { name: "burst", duration: 60s, rate_per_sec: 200.0 }, RatePhase { name: "recovery", duration: 60s, rate_per_sec: 20.0 }, RatePhase { name: "burst", duration: 60s, rate_per_sec: 300.0 }, RatePhase { name: "recovery", duration: 60s, rate_per_sec: 50.0 }, RatePhase { name: "burst", duration: 60s, rate_per_sec: 500.0 }, RatePhase { name: "recovery", duration: 60s, rate_per_sec: 50.0 }, RatePhase { name: "burst", duration: 60s, rate_per_sec: 1000.0 }, RatePhase { name: "recovery", duration: 60s, rate_per_sec: 100.0 }, RatePhase { name: "burst", duration: 60s, rate_per_sec: 2000.0 }, RatePhase { name: "recovery", duration: 60s, rate_per_sec: 100.0 }, RatePhase { name: "burst", duration: 60s, rate_per_sec: 4000.0 }, RatePhase { name: "recovery", duration: 60s, rate_per_sec: 200.0 }, RatePhase { name: "burst", duration: 60s, rate_per_sec: 6000.0 }, RatePhase { name: "recovery", duration: 60s, rate_per_sec: 200.0 }, RatePhase { name: "burst", duration: 60s, rate_per_sec: 8000.0 }, RatePhase { name: "recovery", duration: 60s, rate_per_sec: 500.0 }, RatePhase { name: "burst", duration: 60s, rate_per_sec: 10000.0 }, RatePhase { name: "recovery", duration: 60s, rate_per_sec: 500.0 }], cumulative_ends: [60s, 120s, 180s, 240s, 300s, 360s, 420s, 480s, 540s, 600s, 660s, 720s, 780s, 840s, 900s, 960s, 1020s, 1080s, 1140s, 1200s, 1260s, 1320s, 1380s, 1440s] }) duration_secs=Some(1440) endpoint=Some("tcp/192.168.0.245:7447") crash_enabled=false sequence_start=0 sequence_step=1
2026-06-30T00:05:17.519060Z  INFO zenoh::net::runtime: Using ZID: fa3acbdbcfd667b5e3444be8bb9e73c6
2026-06-30T00:05:17.526685Z  INFO mq_bench::roles::publisher: Connected via transport engine=Zenoh
2026-06-30T00:05:17.526748Z  INFO mq_bench::roles::publisher: Publisher rate profile phase entered phase=warmup rate=20.0 elapsed_secs=0.007999773
2026-06-30T00:06:17.527434Z  INFO mq_bench::roles::publisher: Publisher rate profile phase entered phase=baseline rate=20.0 elapsed_secs=60.00868179
2026-06-30T00:07:17.528181Z  INFO mq_bench::roles::publisher: Publisher rate profile phase entered phase=burst rate=50.0 elapsed_secs=120.009431531
2026-06-30T00:08:17.529772Z  INFO mq_bench::roles::publisher: Publisher rate profile phase entered phase=recovery rate=20.0 elapsed_secs=180.011022407
2026-06-30T00:09:17.530975Z  INFO mq_bench::roles::publisher: Publisher rate profile phase entered phase=burst rate=100.0 elapsed_secs=240.012225732
2026-06-30T00:10:17.522366Z  INFO mq_bench::roles::publisher: Publisher rate profile phase entered phase=recovery rate=20.0 elapsed_secs=300.003616239
2026-06-30T00:11:17.523963Z  INFO mq_bench::roles::publisher: Publisher rate profile phase entered phase=burst rate=200.0 elapsed_secs=360.005185516
2026-06-30T00:12:17.525886Z  INFO mq_bench::roles::publisher: Publisher rate profile phase entered phase=recovery rate=20.0 elapsed_secs=420.007136502
2026-06-30T00:13:17.527269Z  INFO mq_bench::roles::publisher: Publisher rate profile phase entered phase=burst rate=300.0 elapsed_secs=480.00851535
2026-06-30T00:14:17.518984Z  INFO mq_bench::roles::publisher: Publisher rate profile phase entered phase=recovery rate=50.0 elapsed_secs=540.000229086
2026-06-30T00:15:17.520177Z  INFO mq_bench::roles::publisher: Publisher rate profile phase entered phase=burst rate=500.0 elapsed_secs=600.001427179
2026-06-30T00:16:17.521386Z  INFO mq_bench::roles::publisher: Publisher rate profile phase entered phase=recovery rate=50.0 elapsed_secs=660.002636691
2026-06-30T00:17:17.522226Z  INFO mq_bench::roles::publisher: Publisher rate profile phase entered phase=burst rate=1000.0 elapsed_secs=720.003466121
2026-06-30T00:18:17.523985Z  INFO mq_bench::roles::publisher: Publisher rate profile phase entered phase=recovery rate=100.0 elapsed_secs=780.005228944
2026-06-30T00:19:17.524995Z  INFO mq_bench::roles::publisher: Publisher rate profile phase entered phase=burst rate=2000.0 elapsed_secs=840.006245033
2026-06-30T00:20:17.526581Z  INFO mq_bench::roles::publisher: Publisher rate profile phase entered phase=recovery rate=100.0 elapsed_secs=900.007830719
2026-06-30T00:21:17.527940Z  INFO mq_bench::roles::publisher: Publisher rate profile phase entered phase=burst rate=4000.0 elapsed_secs=960.009189678
2026-06-30T00:22:17.519370Z  INFO mq_bench::roles::publisher: Publisher rate profile phase entered phase=recovery rate=200.0 elapsed_secs=1020.000620274
2026-06-30T00:23:17.520270Z  INFO mq_bench::roles::publisher: Publisher rate profile phase entered phase=burst rate=6000.0 elapsed_secs=1080.001518844
2026-06-30T00:24:17.521709Z  INFO mq_bench::roles::publisher: Publisher rate profile phase entered phase=recovery rate=200.0 elapsed_secs=1140.002958546
2026-06-30T00:25:17.522082Z  INFO mq_bench::roles::publisher: Publisher rate profile phase entered phase=burst rate=8000.0 elapsed_secs=1200.003331476
2026-06-30T00:26:17.523765Z  INFO mq_bench::roles::publisher: Publisher rate profile phase entered phase=recovery rate=500.0 elapsed_secs=1260.00501542
2026-06-30T00:27:17.524102Z  INFO mq_bench::roles::publisher: Publisher rate profile phase entered phase=burst rate=10000.0 elapsed_secs=1320.00535205
2026-06-30T00:28:17.525400Z  INFO mq_bench::roles::publisher: Publisher rate profile phase entered phase=recovery rate=500.0 elapsed_secs=1380.006649705
2026-06-30T00:29:17.526194Z  INFO mq_bench::roles::publisher: Duration limit reached, stopping publisher
2026-06-30T00:29:17.526241Z  INFO zenoh::api::session: close session zid=fa3acbdbcfd667b5e3444be8bb9e73c6
2026-06-30T00:29:17.527134Z  INFO mq_bench::roles::publisher: Final Publisher Statistics sent=2037004 errors=0 crashes=0 reconnects=0 avg_rate="1414.58" duration="1440.01s"
