mq-bench starting with run_id: auto
Writing CSV output to: artifacts/fanout_bursty_20260630_003147_redis_p64_s1000_u10_bursty/fanout_singlesite/pub_8.csv
2026-06-30T00:32:48.752150Z  INFO mq_bench::roles::publisher: Starting publisher engine=Redis key=topic_8 payload_size=64 rate=None rate_profile=Some(RateProfile { phases: [RatePhase { name: "warmup", duration: 60s, rate_per_sec: 20.0 }, RatePhase { name: "baseline", duration: 60s, rate_per_sec: 20.0 }, RatePhase { name: "burst", duration: 60s, rate_per_sec: 50.0 }, RatePhase { name: "recovery", duration: 60s, rate_per_sec: 20.0 }, RatePhase { name: "burst", duration: 60s, rate_per_sec: 100.0 }, RatePhase { name: "recovery", duration: 60s, rate_per_sec: 20.0 }, RatePhase { name: "burst", duration: 60s, rate_per_sec: 200.0 }, RatePhase { name: "recovery", duration: 60s, rate_per_sec: 20.0 }, RatePhase { name: "burst", duration: 60s, rate_per_sec: 300.0 }, RatePhase { name: "recovery", duration: 60s, rate_per_sec: 50.0 }, RatePhase { name: "burst", duration: 60s, rate_per_sec: 500.0 }, RatePhase { name: "recovery", duration: 60s, rate_per_sec: 50.0 }, RatePhase { name: "burst", duration: 60s, rate_per_sec: 1000.0 }, RatePhase { name: "recovery", duration: 60s, rate_per_sec: 100.0 }, RatePhase { name: "burst", duration: 60s, rate_per_sec: 2000.0 }, RatePhase { name: "recovery", duration: 60s, rate_per_sec: 100.0 }, RatePhase { name: "burst", duration: 60s, rate_per_sec: 4000.0 }, RatePhase { name: "recovery", duration: 60s, rate_per_sec: 200.0 }, RatePhase { name: "burst", duration: 60s, rate_per_sec: 6000.0 }, RatePhase { name: "recovery", duration: 60s, rate_per_sec: 200.0 }, RatePhase { name: "burst", duration: 60s, rate_per_sec: 8000.0 }, RatePhase { name: "recovery", duration: 60s, rate_per_sec: 500.0 }, RatePhase { name: "burst", duration: 60s, rate_per_sec: 10000.0 }, RatePhase { name: "recovery", duration: 60s, rate_per_sec: 500.0 }], cumulative_ends: [60s, 120s, 180s, 240s, 300s, 360s, 420s, 480s, 540s, 600s, 660s, 720s, 780s, 840s, 900s, 960s, 1020s, 1080s, 1140s, 1200s, 1260s, 1320s, 1380s, 1440s] }) duration_secs=Some(1440) endpoint=None crash_enabled=false sequence_start=0 sequence_step=1
2026-06-30T00:32:48.752230Z  INFO mq_bench::roles::publisher: Connected via transport engine=Redis
2026-06-30T00:32:48.752251Z  INFO mq_bench::roles::publisher: Publisher rate profile phase entered phase=warmup rate=20.0 elapsed_secs=5.4151e-5
2026-06-30T00:33:48.753670Z  INFO mq_bench::roles::publisher: Publisher rate profile phase entered phase=baseline rate=20.0 elapsed_secs=60.001449564
2026-06-30T00:34:48.755049Z  INFO mq_bench::roles::publisher: Publisher rate profile phase entered phase=burst rate=50.0 elapsed_secs=120.00283346
2026-06-30T00:35:48.756086Z  INFO mq_bench::roles::publisher: Publisher rate profile phase entered phase=recovery rate=20.0 elapsed_secs=180.003887786
2026-06-30T00:36:48.757399Z  INFO mq_bench::roles::publisher: Publisher rate profile phase entered phase=burst rate=100.0 elapsed_secs=240.005200895
2026-06-30T00:37:48.757850Z  INFO mq_bench::roles::publisher: Publisher rate profile phase entered phase=recovery rate=20.0 elapsed_secs=300.005651673
2026-06-30T00:38:48.759501Z  INFO mq_bench::roles::publisher: Publisher rate profile phase entered phase=burst rate=200.0 elapsed_secs=360.007289632
2026-06-30T00:39:48.759925Z  INFO mq_bench::roles::publisher: Publisher rate profile phase entered phase=recovery rate=20.0 elapsed_secs=420.007690869
2026-06-30T00:40:48.761323Z  INFO mq_bench::roles::publisher: Publisher rate profile phase entered phase=burst rate=300.0 elapsed_secs=480.009124103
2026-06-30T00:41:48.761836Z  INFO mq_bench::roles::publisher: Publisher rate profile phase entered phase=recovery rate=50.0 elapsed_secs=540.009636793
2026-06-30T00:42:48.763113Z  INFO mq_bench::roles::publisher: Publisher rate profile phase entered phase=burst rate=500.0 elapsed_secs=600.010905662
2026-06-30T00:43:48.754162Z  INFO mq_bench::roles::publisher: Publisher rate profile phase entered phase=recovery rate=50.0 elapsed_secs=660.001963353
2026-06-30T00:44:48.754762Z  INFO mq_bench::roles::publisher: Publisher rate profile phase entered phase=burst rate=1000.0 elapsed_secs=720.002549136
2026-06-30T00:45:48.755780Z  INFO mq_bench::roles::publisher: Publisher rate profile phase entered phase=recovery rate=100.0 elapsed_secs=780.003572782
2026-06-30T00:46:48.756756Z  INFO mq_bench::roles::publisher: Publisher rate profile phase entered phase=burst rate=2000.0 elapsed_secs=840.004543062
2026-06-30T00:47:48.882820Z  INFO mq_bench::roles::publisher: Publisher rate profile phase entered phase=recovery rate=100.0 elapsed_secs=900.130620136
2026-06-30T00:48:48.754169Z  INFO mq_bench::roles::publisher: Publisher rate profile phase entered phase=burst rate=4000.0 elapsed_secs=960.001970696
2026-06-30T00:49:48.860575Z  INFO mq_bench::roles::publisher: Publisher rate profile phase entered phase=recovery rate=200.0 elapsed_secs=1020.108364722
2026-06-30T00:50:48.752648Z  INFO mq_bench::roles::publisher: Publisher rate profile phase entered phase=burst rate=6000.0 elapsed_secs=1080.000449332
2026-06-30T00:51:48.839250Z  INFO mq_bench::roles::publisher: Publisher rate profile phase entered phase=recovery rate=200.0 elapsed_secs=1140.087051241
2026-06-30T00:52:48.760020Z  INFO mq_bench::roles::publisher: Publisher rate profile phase entered phase=burst rate=8000.0 elapsed_secs=1200.007821662
2026-06-30T00:53:48.823113Z  INFO mq_bench::roles::publisher: Publisher rate profile phase entered phase=recovery rate=500.0 elapsed_secs=1260.070914014
2026-06-30T00:54:48.754318Z  INFO mq_bench::roles::publisher: Publisher rate profile phase entered phase=burst rate=10000.0 elapsed_secs=1320.002119166
2026-06-30T00:55:48.804781Z  INFO mq_bench::roles::publisher: Publisher rate profile phase entered phase=recovery rate=500.0 elapsed_secs=1380.05258126
2026-06-30T00:56:48.756248Z  INFO mq_bench::roles::publisher: Duration limit reached, stopping publisher
2026-06-30T00:56:48.764831Z  INFO mq_bench::roles::publisher: Final Publisher Statistics sent=788342 errors=0 crashes=0 reconnects=0 avg_rate="547.46" duration="1440.01s"
