mq-bench starting with run_id: auto
Writing CSV output to: artifacts/fanout_bursty_20260630_003147_redis_p64_s1000_u10_bursty/fanout_singlesite/sub_4_7.csv
2026-06-30T00:31:47.481687Z  INFO mq_bench::roles::subscriber: Starting subscriber engine=Redis key=topic_4 endpoint=None crash_enabled=false
2026-06-30T00:31:47.481741Z  INFO mq_bench::roles::subscriber: Connected via transport engine=Redis
2026-06-30T00:31:47.482507Z  INFO mq_bench::roles::subscriber: Subscribed to key expression key=topic_4
2026-06-30T00:31:54.149313Z  INFO mq_bench::roles::subscriber: Starting subscriber engine=Redis key=topic_4 endpoint=None crash_enabled=false
2026-06-30T00:31:54.149374Z  INFO mq_bench::roles::subscriber: Connected via transport engine=Redis
2026-06-30T00:31:54.150243Z  INFO mq_bench::roles::subscriber: Subscribed to key expression key=topic_4
2026-06-30T00:32:00.817266Z  INFO mq_bench::roles::subscriber: Starting subscriber engine=Redis key=topic_4 endpoint=None crash_enabled=false
2026-06-30T00:32:00.817337Z  INFO mq_bench::roles::subscriber: Connected via transport engine=Redis
2026-06-30T00:32:00.821022Z  INFO mq_bench::roles::subscriber: Subscribed to key expression key=topic_4
2026-06-30T00:32:07.485614Z  INFO mq_bench::roles::subscriber: Starting subscriber engine=Redis key=topic_4 endpoint=None crash_enabled=false
2026-06-30T00:32:07.485723Z  INFO mq_bench::roles::subscriber: Connected via transport engine=Redis
2026-06-30T00:32:07.486544Z  INFO mq_bench::roles::subscriber: Subscribed to key expression key=topic_4
2026-06-30T00:32:14.153744Z  INFO mq_bench::roles::subscriber: Starting subscriber engine=Redis key=topic_4 endpoint=None crash_enabled=false
2026-06-30T00:32:14.153796Z  INFO mq_bench::roles::subscriber: Connected via transport engine=Redis
2026-06-30T00:32:14.154619Z  INFO mq_bench::roles::subscriber: Subscribed to key expression key=topic_4
2026-06-30T00:32:20.821075Z  INFO mq_bench::roles::subscriber: Starting subscriber engine=Redis key=topic_4 endpoint=None crash_enabled=false
2026-06-30T00:32:20.821232Z  INFO mq_bench::roles::subscriber: Connected via transport engine=Redis
2026-06-30T00:32:20.822038Z  INFO mq_bench::roles::subscriber: Subscribed to key expression key=topic_4
2026-06-30T00:32:27.488884Z  INFO mq_bench::roles::subscriber: Starting subscriber engine=Redis key=topic_4 endpoint=None crash_enabled=false
2026-06-30T00:32:27.488943Z  INFO mq_bench::roles::subscriber: Connected via transport engine=Redis
2026-06-30T00:32:27.489731Z  INFO mq_bench::roles::subscriber: Subscribed to key expression key=topic_4
2026-06-30T00:32:34.156037Z  INFO mq_bench::roles::subscriber: Starting subscriber engine=Redis key=topic_4 endpoint=None crash_enabled=false
2026-06-30T00:32:34.156091Z  INFO mq_bench::roles::subscriber: Connected via transport engine=Redis
2026-06-30T00:32:34.156880Z  INFO mq_bench::roles::subscriber: Subscribed to key expression key=topic_4
2026-06-30T00:32:40.824434Z  INFO mq_bench::roles::subscriber: Starting subscriber engine=Redis key=topic_4 endpoint=None crash_enabled=false
2026-06-30T00:32:40.824514Z  INFO mq_bench::roles::subscriber: Connected via transport engine=Redis
2026-06-30T00:32:40.825302Z  INFO mq_bench::roles::subscriber: Subscribed to key expression key=topic_4
2026-06-30T00:32:47.492394Z  INFO mq_bench::roles::subscriber: Starting subscriber engine=Redis key=topic_4 endpoint=None crash_enabled=false
2026-06-30T00:32:47.492447Z  INFO mq_bench::roles::subscriber: Connected via transport engine=Redis
2026-06-30T00:32:47.493245Z  INFO mq_bench::roles::subscriber: Subscribed to key expression key=topic_4
