mq-bench starting with run_id: auto
Writing CSV output to: artifacts/fanout_bursty_20260630_003147_redis_p64_s1000_u10_bursty/fanout_singlesite/sub_3_7.csv
2026-06-30T00:31:47.443514Z  INFO mq_bench::roles::subscriber: Starting subscriber engine=Redis key=topic_3 endpoint=None crash_enabled=false
2026-06-30T00:31:47.443715Z  INFO mq_bench::roles::subscriber: Connected via transport engine=Redis
2026-06-30T00:31:47.445001Z  INFO mq_bench::roles::subscriber: Subscribed to key expression key=topic_3
2026-06-30T00:31:54.110694Z  INFO mq_bench::roles::subscriber: Starting subscriber engine=Redis key=topic_3 endpoint=None crash_enabled=false
2026-06-30T00:31:54.110845Z  INFO mq_bench::roles::subscriber: Connected via transport engine=Redis
2026-06-30T00:31:54.111755Z  INFO mq_bench::roles::subscriber: Subscribed to key expression key=topic_3
2026-06-30T00:32:00.779159Z  INFO mq_bench::roles::subscriber: Starting subscriber engine=Redis key=topic_3 endpoint=None crash_enabled=false
2026-06-30T00:32:00.779260Z  INFO mq_bench::roles::subscriber: Connected via transport engine=Redis
2026-06-30T00:32:00.780105Z  INFO mq_bench::roles::subscriber: Subscribed to key expression key=topic_3
2026-06-30T00:32:07.446481Z  INFO mq_bench::roles::subscriber: Starting subscriber engine=Redis key=topic_3 endpoint=None crash_enabled=false
2026-06-30T00:32:07.446599Z  INFO mq_bench::roles::subscriber: Connected via transport engine=Redis
2026-06-30T00:32:07.447424Z  INFO mq_bench::roles::subscriber: Subscribed to key expression key=topic_3
2026-06-30T00:32:14.113497Z  INFO mq_bench::roles::subscriber: Starting subscriber engine=Redis key=topic_3 endpoint=None crash_enabled=false
2026-06-30T00:32:14.113551Z  INFO mq_bench::roles::subscriber: Connected via transport engine=Redis
2026-06-30T00:32:14.114387Z  INFO mq_bench::roles::subscriber: Subscribed to key expression key=topic_3
2026-06-30T00:32:20.780799Z  INFO mq_bench::roles::subscriber: Starting subscriber engine=Redis key=topic_3 endpoint=None crash_enabled=false
2026-06-30T00:32:20.780849Z  INFO mq_bench::roles::subscriber: Connected via transport engine=Redis
2026-06-30T00:32:20.781707Z  INFO mq_bench::roles::subscriber: Subscribed to key expression key=topic_3
2026-06-30T00:32:27.449390Z  INFO mq_bench::roles::subscriber: Starting subscriber engine=Redis key=topic_3 endpoint=None crash_enabled=false
2026-06-30T00:32:27.449444Z  INFO mq_bench::roles::subscriber: Connected via transport engine=Redis
2026-06-30T00:32:27.450341Z  INFO mq_bench::roles::subscriber: Subscribed to key expression key=topic_3
2026-06-30T00:32:34.116954Z  INFO mq_bench::roles::subscriber: Starting subscriber engine=Redis key=topic_3 endpoint=None crash_enabled=false
2026-06-30T00:32:34.117006Z  INFO mq_bench::roles::subscriber: Connected via transport engine=Redis
2026-06-30T00:32:34.117824Z  INFO mq_bench::roles::subscriber: Subscribed to key expression key=topic_3
2026-06-30T00:32:40.784447Z  INFO mq_bench::roles::subscriber: Starting subscriber engine=Redis key=topic_3 endpoint=None crash_enabled=false
2026-06-30T00:32:40.784513Z  INFO mq_bench::roles::subscriber: Connected via transport engine=Redis
2026-06-30T00:32:40.785330Z  INFO mq_bench::roles::subscriber: Subscribed to key expression key=topic_3
2026-06-30T00:32:47.451497Z  INFO mq_bench::roles::subscriber: Starting subscriber engine=Redis key=topic_3 endpoint=None crash_enabled=false
2026-06-30T00:32:47.451549Z  INFO mq_bench::roles::subscriber: Connected via transport engine=Redis
2026-06-30T00:32:47.452353Z  INFO mq_bench::roles::subscriber: Subscribed to key expression key=topic_3
