mq-bench starting with run_id: auto
Writing CSV output to: artifacts/fanout_bursty_20260630_003147_redis_p64_s1000_u10_bursty/fanout_singlesite/sub_9_7.csv
2026-06-30T00:31:47.677435Z  INFO mq_bench::roles::subscriber: Starting subscriber engine=Redis key=topic_9 endpoint=None crash_enabled=false
2026-06-30T00:31:47.677490Z  INFO mq_bench::roles::subscriber: Connected via transport engine=Redis
2026-06-30T00:31:47.678212Z  INFO mq_bench::roles::subscriber: Subscribed to key expression key=topic_9
2026-06-30T00:31:54.344910Z  INFO mq_bench::roles::subscriber: Starting subscriber engine=Redis key=topic_9 endpoint=None crash_enabled=false
2026-06-30T00:31:54.344968Z  INFO mq_bench::roles::subscriber: Connected via transport engine=Redis
2026-06-30T00:31:54.345698Z  INFO mq_bench::roles::subscriber: Subscribed to key expression key=topic_9
2026-06-30T00:32:01.013450Z  INFO mq_bench::roles::subscriber: Starting subscriber engine=Redis key=topic_9 endpoint=None crash_enabled=false
2026-06-30T00:32:01.013513Z  INFO mq_bench::roles::subscriber: Connected via transport engine=Redis
2026-06-30T00:32:01.014313Z  INFO mq_bench::roles::subscriber: Subscribed to key expression key=topic_9
2026-06-30T00:32:07.681578Z  INFO mq_bench::roles::subscriber: Starting subscriber engine=Redis key=topic_9 endpoint=None crash_enabled=false
2026-06-30T00:32:07.681637Z  INFO mq_bench::roles::subscriber: Connected via transport engine=Redis
2026-06-30T00:32:07.682398Z  INFO mq_bench::roles::subscriber: Subscribed to key expression key=topic_9
2026-06-30T00:32:14.349484Z  INFO mq_bench::roles::subscriber: Starting subscriber engine=Redis key=topic_9 endpoint=None crash_enabled=false
2026-06-30T00:32:14.349543Z  INFO mq_bench::roles::subscriber: Connected via transport engine=Redis
2026-06-30T00:32:14.350346Z  INFO mq_bench::roles::subscriber: Subscribed to key expression key=topic_9
2026-06-30T00:32:21.016735Z  INFO mq_bench::roles::subscriber: Starting subscriber engine=Redis key=topic_9 endpoint=None crash_enabled=false
2026-06-30T00:32:21.016794Z  INFO mq_bench::roles::subscriber: Connected via transport engine=Redis
2026-06-30T00:32:21.017607Z  INFO mq_bench::roles::subscriber: Subscribed to key expression key=topic_9
2026-06-30T00:32:27.684306Z  INFO mq_bench::roles::subscriber: Starting subscriber engine=Redis key=topic_9 endpoint=None crash_enabled=false
2026-06-30T00:32:27.684414Z  INFO mq_bench::roles::subscriber: Connected via transport engine=Redis
2026-06-30T00:32:27.685316Z  INFO mq_bench::roles::subscriber: Subscribed to key expression key=topic_9
2026-06-30T00:32:34.352139Z  INFO mq_bench::roles::subscriber: Starting subscriber engine=Redis key=topic_9 endpoint=None crash_enabled=false
2026-06-30T00:32:34.352197Z  INFO mq_bench::roles::subscriber: Connected via transport engine=Redis
2026-06-30T00:32:34.353039Z  INFO mq_bench::roles::subscriber: Subscribed to key expression key=topic_9
2026-06-30T00:32:41.020514Z  INFO mq_bench::roles::subscriber: Starting subscriber engine=Redis key=topic_9 endpoint=None crash_enabled=false
2026-06-30T00:32:41.020562Z  INFO mq_bench::roles::subscriber: Connected via transport engine=Redis
2026-06-30T00:32:41.022711Z  INFO mq_bench::roles::subscriber: Subscribed to key expression key=topic_9
2026-06-30T00:32:47.687695Z  INFO mq_bench::roles::subscriber: Starting subscriber engine=Redis key=topic_9 endpoint=None crash_enabled=false
2026-06-30T00:32:47.687766Z  INFO mq_bench::roles::subscriber: Connected via transport engine=Redis
2026-06-30T00:32:47.688599Z  INFO mq_bench::roles::subscriber: Subscribed to key expression key=topic_9
