mq-bench starting with run_id: auto
Writing CSV output to: artifacts/fanout_bursty_20260630_003147_redis_p64_s1000_u10_bursty/fanout_singlesite/sub_2_7.csv
2026-06-30T00:31:47.406751Z  INFO mq_bench::roles::subscriber: Starting subscriber engine=Redis key=topic_2 endpoint=None crash_enabled=false
2026-06-30T00:31:47.406812Z  INFO mq_bench::roles::subscriber: Connected via transport engine=Redis
2026-06-30T00:31:47.407599Z  INFO mq_bench::roles::subscriber: Subscribed to key expression key=topic_2
2026-06-30T00:31:54.074612Z  INFO mq_bench::roles::subscriber: Starting subscriber engine=Redis key=topic_2 endpoint=None crash_enabled=false
2026-06-30T00:31:54.074740Z  INFO mq_bench::roles::subscriber: Connected via transport engine=Redis
2026-06-30T00:31:54.075615Z  INFO mq_bench::roles::subscriber: Subscribed to key expression key=topic_2
2026-06-30T00:32:00.742702Z  INFO mq_bench::roles::subscriber: Starting subscriber engine=Redis key=topic_2 endpoint=None crash_enabled=false
2026-06-30T00:32:00.742757Z  INFO mq_bench::roles::subscriber: Connected via transport engine=Redis
2026-06-30T00:32:00.743533Z  INFO mq_bench::roles::subscriber: Subscribed to key expression key=topic_2
2026-06-30T00:32:07.410929Z  INFO mq_bench::roles::subscriber: Starting subscriber engine=Redis key=topic_2 endpoint=None crash_enabled=false
2026-06-30T00:32:07.410979Z  INFO mq_bench::roles::subscriber: Connected via transport engine=Redis
2026-06-30T00:32:07.411767Z  INFO mq_bench::roles::subscriber: Subscribed to key expression key=topic_2
2026-06-30T00:32:14.078923Z  INFO mq_bench::roles::subscriber: Starting subscriber engine=Redis key=topic_2 endpoint=None crash_enabled=false
2026-06-30T00:32:14.078985Z  INFO mq_bench::roles::subscriber: Connected via transport engine=Redis
2026-06-30T00:32:14.079747Z  INFO mq_bench::roles::subscriber: Subscribed to key expression key=topic_2
2026-06-30T00:32:20.746318Z  INFO mq_bench::roles::subscriber: Starting subscriber engine=Redis key=topic_2 endpoint=None crash_enabled=false
2026-06-30T00:32:20.746385Z  INFO mq_bench::roles::subscriber: Connected via transport engine=Redis
2026-06-30T00:32:20.747243Z  INFO mq_bench::roles::subscriber: Subscribed to key expression key=topic_2
2026-06-30T00:32:27.414012Z  INFO mq_bench::roles::subscriber: Starting subscriber engine=Redis key=topic_2 endpoint=None crash_enabled=false
2026-06-30T00:32:27.414063Z  INFO mq_bench::roles::subscriber: Connected via transport engine=Redis
2026-06-30T00:32:27.415031Z  INFO mq_bench::roles::subscriber: Subscribed to key expression key=topic_2
2026-06-30T00:32:34.081427Z  INFO mq_bench::roles::subscriber: Starting subscriber engine=Redis key=topic_2 endpoint=None crash_enabled=false
2026-06-30T00:32:34.081478Z  INFO mq_bench::roles::subscriber: Connected via transport engine=Redis
2026-06-30T00:32:34.082387Z  INFO mq_bench::roles::subscriber: Subscribed to key expression key=topic_2
2026-06-30T00:32:40.749924Z  INFO mq_bench::roles::subscriber: Starting subscriber engine=Redis key=topic_2 endpoint=None crash_enabled=false
2026-06-30T00:32:40.749977Z  INFO mq_bench::roles::subscriber: Connected via transport engine=Redis
2026-06-30T00:32:40.750757Z  INFO mq_bench::roles::subscriber: Subscribed to key expression key=topic_2
2026-06-30T00:32:47.417912Z  INFO mq_bench::roles::subscriber: Starting subscriber engine=Redis key=topic_2 endpoint=None crash_enabled=false
2026-06-30T00:32:47.418048Z  INFO mq_bench::roles::subscriber: Connected via transport engine=Redis
2026-06-30T00:32:47.419238Z  INFO mq_bench::roles::subscriber: Subscribed to key expression key=topic_2
