mq-bench starting with run_id: auto
Writing CSV output to: artifacts/fanout_bursty_20260630_003147_redis_p64_s1000_u10_bursty/fanout_singlesite/sub_8_5.csv
2026-06-30T00:31:47.629373Z  INFO mq_bench::roles::subscriber: Starting subscriber engine=Redis key=topic_8 endpoint=None crash_enabled=false
2026-06-30T00:31:47.629428Z  INFO mq_bench::roles::subscriber: Connected via transport engine=Redis
2026-06-30T00:31:47.630129Z  INFO mq_bench::roles::subscriber: Subscribed to key expression key=topic_8
2026-06-30T00:31:54.297025Z  INFO mq_bench::roles::subscriber: Starting subscriber engine=Redis key=topic_8 endpoint=None crash_enabled=false
2026-06-30T00:31:54.297151Z  INFO mq_bench::roles::subscriber: Connected via transport engine=Redis
2026-06-30T00:31:54.297979Z  INFO mq_bench::roles::subscriber: Subscribed to key expression key=topic_8
2026-06-30T00:32:00.964893Z  INFO mq_bench::roles::subscriber: Starting subscriber engine=Redis key=topic_8 endpoint=None crash_enabled=false
2026-06-30T00:32:00.964946Z  INFO mq_bench::roles::subscriber: Connected via transport engine=Redis
2026-06-30T00:32:00.965761Z  INFO mq_bench::roles::subscriber: Subscribed to key expression key=topic_8
2026-06-30T00:32:07.631943Z  INFO mq_bench::roles::subscriber: Starting subscriber engine=Redis key=topic_8 endpoint=None crash_enabled=false
2026-06-30T00:32:07.631997Z  INFO mq_bench::roles::subscriber: Connected via transport engine=Redis
2026-06-30T00:32:07.632763Z  INFO mq_bench::roles::subscriber: Subscribed to key expression key=topic_8
2026-06-30T00:32:14.299926Z  INFO mq_bench::roles::subscriber: Starting subscriber engine=Redis key=topic_8 endpoint=None crash_enabled=false
2026-06-30T00:32:14.299999Z  INFO mq_bench::roles::subscriber: Connected via transport engine=Redis
2026-06-30T00:32:14.300837Z  INFO mq_bench::roles::subscriber: Subscribed to key expression key=topic_8
2026-06-30T00:32:20.967266Z  INFO mq_bench::roles::subscriber: Starting subscriber engine=Redis key=topic_8 endpoint=None crash_enabled=false
2026-06-30T00:32:20.967324Z  INFO mq_bench::roles::subscriber: Connected via transport engine=Redis
2026-06-30T00:32:20.968192Z  INFO mq_bench::roles::subscriber: Subscribed to key expression key=topic_8
2026-06-30T00:32:27.635003Z  INFO mq_bench::roles::subscriber: Starting subscriber engine=Redis key=topic_8 endpoint=None crash_enabled=false
2026-06-30T00:32:27.635108Z  INFO mq_bench::roles::subscriber: Connected via transport engine=Redis
2026-06-30T00:32:27.635939Z  INFO mq_bench::roles::subscriber: Subscribed to key expression key=topic_8
2026-06-30T00:32:34.303478Z  INFO mq_bench::roles::subscriber: Starting subscriber engine=Redis key=topic_8 endpoint=None crash_enabled=false
2026-06-30T00:32:34.303532Z  INFO mq_bench::roles::subscriber: Connected via transport engine=Redis
2026-06-30T00:32:34.304427Z  INFO mq_bench::roles::subscriber: Subscribed to key expression key=topic_8
2026-06-30T00:32:40.971039Z  INFO mq_bench::roles::subscriber: Starting subscriber engine=Redis key=topic_8 endpoint=None crash_enabled=false
2026-06-30T00:32:40.971107Z  INFO mq_bench::roles::subscriber: Connected via transport engine=Redis
2026-06-30T00:32:40.971943Z  INFO mq_bench::roles::subscriber: Subscribed to key expression key=topic_8
2026-06-30T00:32:47.639324Z  INFO mq_bench::roles::subscriber: Starting subscriber engine=Redis key=topic_8 endpoint=None crash_enabled=false
2026-06-30T00:32:47.639379Z  INFO mq_bench::roles::subscriber: Connected via transport engine=Redis
2026-06-30T00:32:47.640242Z  INFO mq_bench::roles::subscriber: Subscribed to key expression key=topic_8
