mq-bench starting with run_id: auto
Writing CSV output to: artifacts/fanout_bursty_20260630_003147_redis_p64_s1000_u10_bursty/fanout_singlesite/sub_4_9.csv
2026-06-30T00:31:47.488603Z  INFO mq_bench::roles::subscriber: Starting subscriber engine=Redis key=topic_4 endpoint=None crash_enabled=false
2026-06-30T00:31:47.488657Z  INFO mq_bench::roles::subscriber: Connected via transport engine=Redis
2026-06-30T00:31:47.489443Z  INFO mq_bench::roles::subscriber: Subscribed to key expression key=topic_4
2026-06-30T00:31:54.156267Z  INFO mq_bench::roles::subscriber: Starting subscriber engine=Redis key=topic_4 endpoint=None crash_enabled=false
2026-06-30T00:31:54.156391Z  INFO mq_bench::roles::subscriber: Connected via transport engine=Redis
2026-06-30T00:31:54.157246Z  INFO mq_bench::roles::subscriber: Subscribed to key expression key=topic_4
2026-06-30T00:32:00.823357Z  INFO mq_bench::roles::subscriber: Starting subscriber engine=Redis key=topic_4 endpoint=None crash_enabled=false
2026-06-30T00:32:00.823426Z  INFO mq_bench::roles::subscriber: Connected via transport engine=Redis
2026-06-30T00:32:00.824247Z  INFO mq_bench::roles::subscriber: Subscribed to key expression key=topic_4
2026-06-30T00:32:07.490788Z  INFO mq_bench::roles::subscriber: Starting subscriber engine=Redis key=topic_4 endpoint=None crash_enabled=false
2026-06-30T00:32:07.490847Z  INFO mq_bench::roles::subscriber: Connected via transport engine=Redis
2026-06-30T00:32:07.491645Z  INFO mq_bench::roles::subscriber: Subscribed to key expression key=topic_4
2026-06-30T00:32:14.158835Z  INFO mq_bench::roles::subscriber: Starting subscriber engine=Redis key=topic_4 endpoint=None crash_enabled=false
2026-06-30T00:32:14.158902Z  INFO mq_bench::roles::subscriber: Connected via transport engine=Redis
2026-06-30T00:32:14.159739Z  INFO mq_bench::roles::subscriber: Subscribed to key expression key=topic_4
2026-06-30T00:32:20.827141Z  INFO mq_bench::roles::subscriber: Starting subscriber engine=Redis key=topic_4 endpoint=None crash_enabled=false
2026-06-30T00:32:20.827254Z  INFO mq_bench::roles::subscriber: Connected via transport engine=Redis
2026-06-30T00:32:20.828034Z  INFO mq_bench::roles::subscriber: Subscribed to key expression key=topic_4
2026-06-30T00:32:27.494711Z  INFO mq_bench::roles::subscriber: Starting subscriber engine=Redis key=topic_4 endpoint=None crash_enabled=false
2026-06-30T00:32:27.494827Z  INFO mq_bench::roles::subscriber: Connected via transport engine=Redis
2026-06-30T00:32:27.495633Z  INFO mq_bench::roles::subscriber: Subscribed to key expression key=topic_4
2026-06-30T00:32:34.163124Z  INFO mq_bench::roles::subscriber: Starting subscriber engine=Redis key=topic_4 endpoint=None crash_enabled=false
2026-06-30T00:32:34.163195Z  INFO mq_bench::roles::subscriber: Connected via transport engine=Redis
2026-06-30T00:32:34.164197Z  INFO mq_bench::roles::subscriber: Subscribed to key expression key=topic_4
2026-06-30T00:32:40.830775Z  INFO mq_bench::roles::subscriber: Starting subscriber engine=Redis key=topic_4 endpoint=None crash_enabled=false
2026-06-30T00:32:40.830828Z  INFO mq_bench::roles::subscriber: Connected via transport engine=Redis
2026-06-30T00:32:40.831581Z  INFO mq_bench::roles::subscriber: Subscribed to key expression key=topic_4
2026-06-30T00:32:47.498590Z  INFO mq_bench::roles::subscriber: Starting subscriber engine=Redis key=topic_4 endpoint=None crash_enabled=false
2026-06-30T00:32:47.498662Z  INFO mq_bench::roles::subscriber: Connected via transport engine=Redis
2026-06-30T00:32:47.499526Z  INFO mq_bench::roles::subscriber: Subscribed to key expression key=topic_4
