mq-bench starting with run_id: auto
Writing CSV output to: artifacts/fanout_bursty_20260630_003147_redis_p64_s1000_u10_bursty/fanout_singlesite/sub_7_5.csv
2026-06-30T00:31:47.591471Z  INFO mq_bench::roles::subscriber: Starting subscriber engine=Redis key=topic_7 endpoint=None crash_enabled=false
2026-06-30T00:31:47.591532Z  INFO mq_bench::roles::subscriber: Connected via transport engine=Redis
2026-06-30T00:31:47.592291Z  INFO mq_bench::roles::subscriber: Subscribed to key expression key=topic_7
2026-06-30T00:31:54.259298Z  INFO mq_bench::roles::subscriber: Starting subscriber engine=Redis key=topic_7 endpoint=None crash_enabled=false
2026-06-30T00:31:54.259361Z  INFO mq_bench::roles::subscriber: Connected via transport engine=Redis
2026-06-30T00:31:54.260291Z  INFO mq_bench::roles::subscriber: Subscribed to key expression key=topic_7
2026-06-30T00:32:00.927445Z  INFO mq_bench::roles::subscriber: Starting subscriber engine=Redis key=topic_7 endpoint=None crash_enabled=false
2026-06-30T00:32:00.927513Z  INFO mq_bench::roles::subscriber: Connected via transport engine=Redis
2026-06-30T00:32:00.928310Z  INFO mq_bench::roles::subscriber: Subscribed to key expression key=topic_7
2026-06-30T00:32:07.594994Z  INFO mq_bench::roles::subscriber: Starting subscriber engine=Redis key=topic_7 endpoint=None crash_enabled=false
2026-06-30T00:32:07.595113Z  INFO mq_bench::roles::subscriber: Connected via transport engine=Redis
2026-06-30T00:32:07.595961Z  INFO mq_bench::roles::subscriber: Subscribed to key expression key=topic_7
2026-06-30T00:32:14.262941Z  INFO mq_bench::roles::subscriber: Starting subscriber engine=Redis key=topic_7 endpoint=None crash_enabled=false
2026-06-30T00:32:14.262970Z  INFO mq_bench::roles::subscriber: Connected via transport engine=Redis
2026-06-30T00:32:14.263824Z  INFO mq_bench::roles::subscriber: Subscribed to key expression key=topic_7
2026-06-30T00:32:20.931505Z  INFO mq_bench::roles::subscriber: Starting subscriber engine=Redis key=topic_7 endpoint=None crash_enabled=false
2026-06-30T00:32:20.931561Z  INFO mq_bench::roles::subscriber: Connected via transport engine=Redis
2026-06-30T00:32:20.932777Z  INFO mq_bench::roles::subscriber: Subscribed to key expression key=topic_7
2026-06-30T00:32:27.599564Z  INFO mq_bench::roles::subscriber: Starting subscriber engine=Redis key=topic_7 endpoint=None crash_enabled=false
2026-06-30T00:32:27.599620Z  INFO mq_bench::roles::subscriber: Connected via transport engine=Redis
2026-06-30T00:32:27.600434Z  INFO mq_bench::roles::subscriber: Subscribed to key expression key=topic_7
2026-06-30T00:32:34.267170Z  INFO mq_bench::roles::subscriber: Starting subscriber engine=Redis key=topic_7 endpoint=None crash_enabled=false
2026-06-30T00:32:34.267255Z  INFO mq_bench::roles::subscriber: Connected via transport engine=Redis
2026-06-30T00:32:34.268079Z  INFO mq_bench::roles::subscriber: Subscribed to key expression key=topic_7
2026-06-30T00:32:40.934760Z  INFO mq_bench::roles::subscriber: Starting subscriber engine=Redis key=topic_7 endpoint=None crash_enabled=false
2026-06-30T00:32:40.934820Z  INFO mq_bench::roles::subscriber: Connected via transport engine=Redis
2026-06-30T00:32:40.935599Z  INFO mq_bench::roles::subscriber: Subscribed to key expression key=topic_7
2026-06-30T00:32:47.601824Z  INFO mq_bench::roles::subscriber: Starting subscriber engine=Redis key=topic_7 endpoint=None crash_enabled=false
2026-06-30T00:32:47.601885Z  INFO mq_bench::roles::subscriber: Connected via transport engine=Redis
2026-06-30T00:32:47.602828Z  INFO mq_bench::roles::subscriber: Subscribed to key expression key=topic_7
