mq-bench starting with run_id: auto
Writing CSV output to: artifacts/fanout_bursty_20260630_003147_redis_p64_s1000_u10_bursty/fanout_singlesite/sub_2_8.csv
2026-06-30T00:31:47.410015Z  INFO mq_bench::roles::subscriber: Starting subscriber engine=Redis key=topic_2 endpoint=None crash_enabled=false
2026-06-30T00:31:47.410069Z  INFO mq_bench::roles::subscriber: Connected via transport engine=Redis
2026-06-30T00:31:47.410923Z  INFO mq_bench::roles::subscriber: Subscribed to key expression key=topic_2
2026-06-30T00:31:54.078678Z  INFO mq_bench::roles::subscriber: Starting subscriber engine=Redis key=topic_2 endpoint=None crash_enabled=false
2026-06-30T00:31:54.078810Z  INFO mq_bench::roles::subscriber: Connected via transport engine=Redis
2026-06-30T00:31:54.079639Z  INFO mq_bench::roles::subscriber: Subscribed to key expression key=topic_2
2026-06-30T00:32:00.746528Z  INFO mq_bench::roles::subscriber: Starting subscriber engine=Redis key=topic_2 endpoint=None crash_enabled=false
2026-06-30T00:32:00.746579Z  INFO mq_bench::roles::subscriber: Connected via transport engine=Redis
2026-06-30T00:32:00.747506Z  INFO mq_bench::roles::subscriber: Subscribed to key expression key=topic_2
2026-06-30T00:32:07.413897Z  INFO mq_bench::roles::subscriber: Starting subscriber engine=Redis key=topic_2 endpoint=None crash_enabled=false
2026-06-30T00:32:07.414013Z  INFO mq_bench::roles::subscriber: Connected via transport engine=Redis
2026-06-30T00:32:07.414869Z  INFO mq_bench::roles::subscriber: Subscribed to key expression key=topic_2
2026-06-30T00:32:14.080934Z  INFO mq_bench::roles::subscriber: Starting subscriber engine=Redis key=topic_2 endpoint=None crash_enabled=false
2026-06-30T00:32:14.080988Z  INFO mq_bench::roles::subscriber: Connected via transport engine=Redis
2026-06-30T00:32:14.081792Z  INFO mq_bench::roles::subscriber: Subscribed to key expression key=topic_2
2026-06-30T00:32:20.749108Z  INFO mq_bench::roles::subscriber: Starting subscriber engine=Redis key=topic_2 endpoint=None crash_enabled=false
2026-06-30T00:32:20.749163Z  INFO mq_bench::roles::subscriber: Connected via transport engine=Redis
2026-06-30T00:32:20.750011Z  INFO mq_bench::roles::subscriber: Subscribed to key expression key=topic_2
2026-06-30T00:32:27.417495Z  INFO mq_bench::roles::subscriber: Starting subscriber engine=Redis key=topic_2 endpoint=None crash_enabled=false
2026-06-30T00:32:27.417610Z  INFO mq_bench::roles::subscriber: Connected via transport engine=Redis
2026-06-30T00:32:27.419336Z  INFO mq_bench::roles::subscriber: Subscribed to key expression key=topic_2
2026-06-30T00:32:34.084844Z  INFO mq_bench::roles::subscriber: Starting subscriber engine=Redis key=topic_2 endpoint=None crash_enabled=false
2026-06-30T00:32:34.084897Z  INFO mq_bench::roles::subscriber: Connected via transport engine=Redis
2026-06-30T00:32:34.085747Z  INFO mq_bench::roles::subscriber: Subscribed to key expression key=topic_2
2026-06-30T00:32:40.752369Z  INFO mq_bench::roles::subscriber: Starting subscriber engine=Redis key=topic_2 endpoint=None crash_enabled=false
2026-06-30T00:32:40.752445Z  INFO mq_bench::roles::subscriber: Connected via transport engine=Redis
2026-06-30T00:32:40.753293Z  INFO mq_bench::roles::subscriber: Subscribed to key expression key=topic_2
2026-06-30T00:32:47.420412Z  INFO mq_bench::roles::subscriber: Starting subscriber engine=Redis key=topic_2 endpoint=None crash_enabled=false
2026-06-30T00:32:47.420464Z  INFO mq_bench::roles::subscriber: Connected via transport engine=Redis
2026-06-30T00:32:47.421277Z  INFO mq_bench::roles::subscriber: Subscribed to key expression key=topic_2
