mq-bench starting with run_id: auto
Writing CSV output to: artifacts/fanout_bursty_20260630_003147_redis_p64_s1000_u10_bursty/fanout_singlesite/sub_5_7.csv
2026-06-30T00:31:47.519418Z  INFO mq_bench::roles::subscriber: Starting subscriber engine=Redis key=topic_5 endpoint=None crash_enabled=false
2026-06-30T00:31:47.519472Z  INFO mq_bench::roles::subscriber: Connected via transport engine=Redis
2026-06-30T00:31:47.520294Z  INFO mq_bench::roles::subscriber: Subscribed to key expression key=topic_5
2026-06-30T00:31:54.187017Z  INFO mq_bench::roles::subscriber: Starting subscriber engine=Redis key=topic_5 endpoint=None crash_enabled=false
2026-06-30T00:31:54.187157Z  INFO mq_bench::roles::subscriber: Connected via transport engine=Redis
2026-06-30T00:31:54.188051Z  INFO mq_bench::roles::subscriber: Subscribed to key expression key=topic_5
2026-06-30T00:32:00.854955Z  INFO mq_bench::roles::subscriber: Starting subscriber engine=Redis key=topic_5 endpoint=None crash_enabled=false
2026-06-30T00:32:00.855016Z  INFO mq_bench::roles::subscriber: Connected via transport engine=Redis
2026-06-30T00:32:00.855829Z  INFO mq_bench::roles::subscriber: Subscribed to key expression key=topic_5
2026-06-30T00:32:07.522261Z  INFO mq_bench::roles::subscriber: Starting subscriber engine=Redis key=topic_5 endpoint=None crash_enabled=false
2026-06-30T00:32:07.522369Z  INFO mq_bench::roles::subscriber: Connected via transport engine=Redis
2026-06-30T00:32:07.523181Z  INFO mq_bench::roles::subscriber: Subscribed to key expression key=topic_5
2026-06-30T00:32:14.190102Z  INFO mq_bench::roles::subscriber: Starting subscriber engine=Redis key=topic_5 endpoint=None crash_enabled=false
2026-06-30T00:32:14.190163Z  INFO mq_bench::roles::subscriber: Connected via transport engine=Redis
2026-06-30T00:32:14.191004Z  INFO mq_bench::roles::subscriber: Subscribed to key expression key=topic_5
2026-06-30T00:32:20.857304Z  INFO mq_bench::roles::subscriber: Starting subscriber engine=Redis key=topic_5 endpoint=None crash_enabled=false
2026-06-30T00:32:20.857375Z  INFO mq_bench::roles::subscriber: Connected via transport engine=Redis
2026-06-30T00:32:20.858309Z  INFO mq_bench::roles::subscriber: Subscribed to key expression key=topic_5
2026-06-30T00:32:27.525978Z  INFO mq_bench::roles::subscriber: Starting subscriber engine=Redis key=topic_5 endpoint=None crash_enabled=false
2026-06-30T00:32:27.526088Z  INFO mq_bench::roles::subscriber: Connected via transport engine=Redis
2026-06-30T00:32:27.527041Z  INFO mq_bench::roles::subscriber: Subscribed to key expression key=topic_5
2026-06-30T00:32:34.193503Z  INFO mq_bench::roles::subscriber: Starting subscriber engine=Redis key=topic_5 endpoint=None crash_enabled=false
2026-06-30T00:32:34.193567Z  INFO mq_bench::roles::subscriber: Connected via transport engine=Redis
2026-06-30T00:32:34.194339Z  INFO mq_bench::roles::subscriber: Subscribed to key expression key=topic_5
2026-06-30T00:32:40.861804Z  INFO mq_bench::roles::subscriber: Starting subscriber engine=Redis key=topic_5 endpoint=None crash_enabled=false
2026-06-30T00:32:40.861853Z  INFO mq_bench::roles::subscriber: Connected via transport engine=Redis
2026-06-30T00:32:40.862678Z  INFO mq_bench::roles::subscriber: Subscribed to key expression key=topic_5
2026-06-30T00:32:47.529901Z  INFO mq_bench::roles::subscriber: Starting subscriber engine=Redis key=topic_5 endpoint=None crash_enabled=false
2026-06-30T00:32:47.529979Z  INFO mq_bench::roles::subscriber: Connected via transport engine=Redis
2026-06-30T00:32:47.530788Z  INFO mq_bench::roles::subscriber: Subscribed to key expression key=topic_5
