mq-bench starting with run_id: auto
Writing CSV output to: artifacts/fanout_bursty_20260630_003147_redis_p64_s1000_u10_bursty/fanout_singlesite/sub_2_0.csv
2026-06-30T00:31:47.380590Z  INFO mq_bench::roles::subscriber: Starting subscriber engine=Redis key=topic_2 endpoint=None crash_enabled=false
2026-06-30T00:31:47.380659Z  INFO mq_bench::roles::subscriber: Connected via transport engine=Redis
2026-06-30T00:31:47.381390Z  INFO mq_bench::roles::subscriber: Subscribed to key expression key=topic_2
2026-06-30T00:31:54.048158Z  INFO mq_bench::roles::subscriber: Starting subscriber engine=Redis key=topic_2 endpoint=None crash_enabled=false
2026-06-30T00:31:54.048306Z  INFO mq_bench::roles::subscriber: Connected via transport engine=Redis
2026-06-30T00:31:54.049263Z  INFO mq_bench::roles::subscriber: Subscribed to key expression key=topic_2
2026-06-30T00:32:00.715314Z  INFO mq_bench::roles::subscriber: Starting subscriber engine=Redis key=topic_2 endpoint=None crash_enabled=false
2026-06-30T00:32:00.715367Z  INFO mq_bench::roles::subscriber: Connected via transport engine=Redis
2026-06-30T00:32:00.716149Z  INFO mq_bench::roles::subscriber: Subscribed to key expression key=topic_2
2026-06-30T00:32:07.383649Z  INFO mq_bench::roles::subscriber: Starting subscriber engine=Redis key=topic_2 endpoint=None crash_enabled=false
2026-06-30T00:32:07.383759Z  INFO mq_bench::roles::subscriber: Connected via transport engine=Redis
2026-06-30T00:32:07.384613Z  INFO mq_bench::roles::subscriber: Subscribed to key expression key=topic_2
2026-06-30T00:32:14.051788Z  INFO mq_bench::roles::subscriber: Starting subscriber engine=Redis key=topic_2 endpoint=None crash_enabled=false
2026-06-30T00:32:14.051840Z  INFO mq_bench::roles::subscriber: Connected via transport engine=Redis
2026-06-30T00:32:14.052633Z  INFO mq_bench::roles::subscriber: Subscribed to key expression key=topic_2
2026-06-30T00:32:20.719126Z  INFO mq_bench::roles::subscriber: Starting subscriber engine=Redis key=topic_2 endpoint=None crash_enabled=false
2026-06-30T00:32:20.719185Z  INFO mq_bench::roles::subscriber: Connected via transport engine=Redis
2026-06-30T00:32:20.719991Z  INFO mq_bench::roles::subscriber: Subscribed to key expression key=topic_2
2026-06-30T00:32:27.386839Z  INFO mq_bench::roles::subscriber: Starting subscriber engine=Redis key=topic_2 endpoint=None crash_enabled=false
2026-06-30T00:32:27.386894Z  INFO mq_bench::roles::subscriber: Connected via transport engine=Redis
2026-06-30T00:32:27.387737Z  INFO mq_bench::roles::subscriber: Subscribed to key expression key=topic_2
2026-06-30T00:32:34.054278Z  INFO mq_bench::roles::subscriber: Starting subscriber engine=Redis key=topic_2 endpoint=None crash_enabled=false
2026-06-30T00:32:34.054347Z  INFO mq_bench::roles::subscriber: Connected via transport engine=Redis
2026-06-30T00:32:34.055192Z  INFO mq_bench::roles::subscriber: Subscribed to key expression key=topic_2
2026-06-30T00:32:40.722004Z  INFO mq_bench::roles::subscriber: Starting subscriber engine=Redis key=topic_2 endpoint=None crash_enabled=false
2026-06-30T00:32:40.722052Z  INFO mq_bench::roles::subscriber: Connected via transport engine=Redis
2026-06-30T00:32:40.722982Z  INFO mq_bench::roles::subscriber: Subscribed to key expression key=topic_2
2026-06-30T00:32:47.389143Z  INFO mq_bench::roles::subscriber: Starting subscriber engine=Redis key=topic_2 endpoint=None crash_enabled=false
2026-06-30T00:32:47.389228Z  INFO mq_bench::roles::subscriber: Connected via transport engine=Redis
2026-06-30T00:32:47.390076Z  INFO mq_bench::roles::subscriber: Subscribed to key expression key=topic_2
