mq-bench starting with run_id: auto
Writing CSV output to: artifacts/fanout_bursty_20260630_003147_redis_p64_s1000_u10_bursty/fanout_singlesite/sub_6_4.csv
2026-06-30T00:31:47.547664Z  INFO mq_bench::roles::subscriber: Starting subscriber engine=Redis key=topic_6 endpoint=None crash_enabled=false
2026-06-30T00:31:47.547728Z  INFO mq_bench::roles::subscriber: Connected via transport engine=Redis
2026-06-30T00:31:47.548488Z  INFO mq_bench::roles::subscriber: Subscribed to key expression key=topic_6
2026-06-30T00:31:54.215239Z  INFO mq_bench::roles::subscriber: Starting subscriber engine=Redis key=topic_6 endpoint=None crash_enabled=false
2026-06-30T00:31:54.215302Z  INFO mq_bench::roles::subscriber: Connected via transport engine=Redis
2026-06-30T00:31:54.216286Z  INFO mq_bench::roles::subscriber: Subscribed to key expression key=topic_6
2026-06-30T00:32:00.883132Z  INFO mq_bench::roles::subscriber: Starting subscriber engine=Redis key=topic_6 endpoint=None crash_enabled=false
2026-06-30T00:32:00.883185Z  INFO mq_bench::roles::subscriber: Connected via transport engine=Redis
2026-06-30T00:32:00.884045Z  INFO mq_bench::roles::subscriber: Subscribed to key expression key=topic_6
2026-06-30T00:32:07.551299Z  INFO mq_bench::roles::subscriber: Starting subscriber engine=Redis key=topic_6 endpoint=None crash_enabled=false
2026-06-30T00:32:07.551404Z  INFO mq_bench::roles::subscriber: Connected via transport engine=Redis
2026-06-30T00:32:07.552258Z  INFO mq_bench::roles::subscriber: Subscribed to key expression key=topic_6
2026-06-30T00:32:14.219563Z  INFO mq_bench::roles::subscriber: Starting subscriber engine=Redis key=topic_6 endpoint=None crash_enabled=false
2026-06-30T00:32:14.219621Z  INFO mq_bench::roles::subscriber: Connected via transport engine=Redis
2026-06-30T00:32:14.220484Z  INFO mq_bench::roles::subscriber: Subscribed to key expression key=topic_6
2026-06-30T00:32:20.886940Z  INFO mq_bench::roles::subscriber: Starting subscriber engine=Redis key=topic_6 endpoint=None crash_enabled=false
2026-06-30T00:32:20.887009Z  INFO mq_bench::roles::subscriber: Connected via transport engine=Redis
2026-06-30T00:32:20.887830Z  INFO mq_bench::roles::subscriber: Subscribed to key expression key=topic_6
2026-06-30T00:32:27.554524Z  INFO mq_bench::roles::subscriber: Starting subscriber engine=Redis key=topic_6 endpoint=None crash_enabled=false
2026-06-30T00:32:27.554571Z  INFO mq_bench::roles::subscriber: Connected via transport engine=Redis
2026-06-30T00:32:27.555362Z  INFO mq_bench::roles::subscriber: Subscribed to key expression key=topic_6
2026-06-30T00:32:34.222729Z  INFO mq_bench::roles::subscriber: Starting subscriber engine=Redis key=topic_6 endpoint=None crash_enabled=false
2026-06-30T00:32:34.222781Z  INFO mq_bench::roles::subscriber: Connected via transport engine=Redis
2026-06-30T00:32:34.224128Z  INFO mq_bench::roles::subscriber: Subscribed to key expression key=topic_6
2026-06-30T00:32:40.890591Z  INFO mq_bench::roles::subscriber: Starting subscriber engine=Redis key=topic_6 endpoint=None crash_enabled=false
2026-06-30T00:32:40.890664Z  INFO mq_bench::roles::subscriber: Connected via transport engine=Redis
2026-06-30T00:32:40.891503Z  INFO mq_bench::roles::subscriber: Subscribed to key expression key=topic_6
2026-06-30T00:32:47.558482Z  INFO mq_bench::roles::subscriber: Starting subscriber engine=Redis key=topic_6 endpoint=None crash_enabled=false
2026-06-30T00:32:47.558537Z  INFO mq_bench::roles::subscriber: Connected via transport engine=Redis
2026-06-30T00:32:47.559346Z  INFO mq_bench::roles::subscriber: Subscribed to key expression key=topic_6
