mq-bench starting with run_id: auto
Writing CSV output to: artifacts/fanout_bursty_20260630_003147_redis_p64_s1000_u10_bursty/fanout_singlesite/sub_8_9.csv
2026-06-30T00:31:47.643985Z  INFO mq_bench::roles::subscriber: Starting subscriber engine=Redis key=topic_8 endpoint=None crash_enabled=false
2026-06-30T00:31:47.644045Z  INFO mq_bench::roles::subscriber: Connected via transport engine=Redis
2026-06-30T00:31:47.644911Z  INFO mq_bench::roles::subscriber: Subscribed to key expression key=topic_8
2026-06-30T00:31:54.311742Z  INFO mq_bench::roles::subscriber: Starting subscriber engine=Redis key=topic_8 endpoint=None crash_enabled=false
2026-06-30T00:31:54.311865Z  INFO mq_bench::roles::subscriber: Connected via transport engine=Redis
2026-06-30T00:31:54.312726Z  INFO mq_bench::roles::subscriber: Subscribed to key expression key=topic_8
2026-06-30T00:32:00.978830Z  INFO mq_bench::roles::subscriber: Starting subscriber engine=Redis key=topic_8 endpoint=None crash_enabled=false
2026-06-30T00:32:00.978894Z  INFO mq_bench::roles::subscriber: Connected via transport engine=Redis
2026-06-30T00:32:00.979686Z  INFO mq_bench::roles::subscriber: Subscribed to key expression key=topic_8
2026-06-30T00:32:07.646880Z  INFO mq_bench::roles::subscriber: Starting subscriber engine=Redis key=topic_8 endpoint=None crash_enabled=false
2026-06-30T00:32:07.646994Z  INFO mq_bench::roles::subscriber: Connected via transport engine=Redis
2026-06-30T00:32:07.647826Z  INFO mq_bench::roles::subscriber: Subscribed to key expression key=topic_8
2026-06-30T00:32:14.314901Z  INFO mq_bench::roles::subscriber: Starting subscriber engine=Redis key=topic_8 endpoint=None crash_enabled=false
2026-06-30T00:32:14.314966Z  INFO mq_bench::roles::subscriber: Connected via transport engine=Redis
2026-06-30T00:32:14.315815Z  INFO mq_bench::roles::subscriber: Subscribed to key expression key=topic_8
2026-06-30T00:32:20.983155Z  INFO mq_bench::roles::subscriber: Starting subscriber engine=Redis key=topic_8 endpoint=None crash_enabled=false
2026-06-30T00:32:20.983237Z  INFO mq_bench::roles::subscriber: Connected via transport engine=Redis
2026-06-30T00:32:20.984034Z  INFO mq_bench::roles::subscriber: Subscribed to key expression key=topic_8
2026-06-30T00:32:27.650743Z  INFO mq_bench::roles::subscriber: Starting subscriber engine=Redis key=topic_8 endpoint=None crash_enabled=false
2026-06-30T00:32:27.650857Z  INFO mq_bench::roles::subscriber: Connected via transport engine=Redis
2026-06-30T00:32:27.651648Z  INFO mq_bench::roles::subscriber: Subscribed to key expression key=topic_8
2026-06-30T00:32:34.317677Z  INFO mq_bench::roles::subscriber: Starting subscriber engine=Redis key=topic_8 endpoint=None crash_enabled=false
2026-06-30T00:32:34.317742Z  INFO mq_bench::roles::subscriber: Connected via transport engine=Redis
2026-06-30T00:32:34.318540Z  INFO mq_bench::roles::subscriber: Subscribed to key expression key=topic_8
2026-06-30T00:32:40.985343Z  INFO mq_bench::roles::subscriber: Starting subscriber engine=Redis key=topic_8 endpoint=None crash_enabled=false
2026-06-30T00:32:40.985403Z  INFO mq_bench::roles::subscriber: Connected via transport engine=Redis
2026-06-30T00:32:40.986258Z  INFO mq_bench::roles::subscriber: Subscribed to key expression key=topic_8
2026-06-30T00:32:47.652660Z  INFO mq_bench::roles::subscriber: Starting subscriber engine=Redis key=topic_8 endpoint=None crash_enabled=false
2026-06-30T00:32:47.652736Z  INFO mq_bench::roles::subscriber: Connected via transport engine=Redis
2026-06-30T00:32:47.653652Z  INFO mq_bench::roles::subscriber: Subscribed to key expression key=topic_8
