mq-bench starting with run_id: auto
Writing CSV output to: artifacts/fanout_bursty_20260630_003147_redis_p64_s1000_u10_bursty/fanout_singlesite/sub_7_7.csv
2026-06-30T00:31:47.597923Z  INFO mq_bench::roles::subscriber: Starting subscriber engine=Redis key=topic_7 endpoint=None crash_enabled=false
2026-06-30T00:31:47.597979Z  INFO mq_bench::roles::subscriber: Connected via transport engine=Redis
2026-06-30T00:31:47.598753Z  INFO mq_bench::roles::subscriber: Subscribed to key expression key=topic_7
2026-06-30T00:31:54.265555Z  INFO mq_bench::roles::subscriber: Starting subscriber engine=Redis key=topic_7 endpoint=None crash_enabled=false
2026-06-30T00:31:54.265625Z  INFO mq_bench::roles::subscriber: Connected via transport engine=Redis
2026-06-30T00:31:54.266600Z  INFO mq_bench::roles::subscriber: Subscribed to key expression key=topic_7
2026-06-30T00:32:00.933559Z  INFO mq_bench::roles::subscriber: Starting subscriber engine=Redis key=topic_7 endpoint=None crash_enabled=false
2026-06-30T00:32:00.933617Z  INFO mq_bench::roles::subscriber: Connected via transport engine=Redis
2026-06-30T00:32:00.934526Z  INFO mq_bench::roles::subscriber: Subscribed to key expression key=topic_7
2026-06-30T00:32:07.601385Z  INFO mq_bench::roles::subscriber: Starting subscriber engine=Redis key=topic_7 endpoint=None crash_enabled=false
2026-06-30T00:32:07.601508Z  INFO mq_bench::roles::subscriber: Connected via transport engine=Redis
2026-06-30T00:32:07.602306Z  INFO mq_bench::roles::subscriber: Subscribed to key expression key=topic_7
2026-06-30T00:32:14.268318Z  INFO mq_bench::roles::subscriber: Starting subscriber engine=Redis key=topic_7 endpoint=None crash_enabled=false
2026-06-30T00:32:14.268379Z  INFO mq_bench::roles::subscriber: Connected via transport engine=Redis
2026-06-30T00:32:14.269247Z  INFO mq_bench::roles::subscriber: Subscribed to key expression key=topic_7
2026-06-30T00:32:20.935471Z  INFO mq_bench::roles::subscriber: Starting subscriber engine=Redis key=topic_7 endpoint=None crash_enabled=false
2026-06-30T00:32:20.935524Z  INFO mq_bench::roles::subscriber: Connected via transport engine=Redis
2026-06-30T00:32:20.936340Z  INFO mq_bench::roles::subscriber: Subscribed to key expression key=topic_7
2026-06-30T00:32:27.603876Z  INFO mq_bench::roles::subscriber: Starting subscriber engine=Redis key=topic_7 endpoint=None crash_enabled=false
2026-06-30T00:32:27.603938Z  INFO mq_bench::roles::subscriber: Connected via transport engine=Redis
2026-06-30T00:32:27.604696Z  INFO mq_bench::roles::subscriber: Subscribed to key expression key=topic_7
2026-06-30T00:32:34.271309Z  INFO mq_bench::roles::subscriber: Starting subscriber engine=Redis key=topic_7 endpoint=None crash_enabled=false
2026-06-30T00:32:34.271378Z  INFO mq_bench::roles::subscriber: Connected via transport engine=Redis
2026-06-30T00:32:34.272251Z  INFO mq_bench::roles::subscriber: Subscribed to key expression key=topic_7
2026-06-30T00:32:40.938941Z  INFO mq_bench::roles::subscriber: Starting subscriber engine=Redis key=topic_7 endpoint=None crash_enabled=false
2026-06-30T00:32:40.939006Z  INFO mq_bench::roles::subscriber: Connected via transport engine=Redis
2026-06-30T00:32:40.939800Z  INFO mq_bench::roles::subscriber: Subscribed to key expression key=topic_7
2026-06-30T00:32:47.607027Z  INFO mq_bench::roles::subscriber: Starting subscriber engine=Redis key=topic_7 endpoint=None crash_enabled=false
2026-06-30T00:32:47.607134Z  INFO mq_bench::roles::subscriber: Connected via transport engine=Redis
2026-06-30T00:32:47.607984Z  INFO mq_bench::roles::subscriber: Subscribed to key expression key=topic_7
