mq-bench starting with run_id: auto
Writing CSV output to: artifacts/fanout_bursty_20260630_003147_redis_p64_s1000_u10_bursty/fanout_singlesite/sub_0_7.csv
2026-06-30T00:31:47.330309Z  INFO mq_bench::roles::subscriber: Starting subscriber engine=Redis key=topic_0 endpoint=None crash_enabled=false
2026-06-30T00:31:47.330425Z  INFO mq_bench::roles::subscriber: Connected via transport engine=Redis
2026-06-30T00:31:47.331179Z  INFO mq_bench::roles::subscriber: Subscribed to key expression key=topic_0
2026-06-30T00:31:53.998474Z  INFO mq_bench::roles::subscriber: Starting subscriber engine=Redis key=topic_0 endpoint=None crash_enabled=false
2026-06-30T00:31:53.998590Z  INFO mq_bench::roles::subscriber: Connected via transport engine=Redis
2026-06-30T00:31:53.999488Z  INFO mq_bench::roles::subscriber: Subscribed to key expression key=topic_0
2026-06-30T00:32:00.666374Z  INFO mq_bench::roles::subscriber: Starting subscriber engine=Redis key=topic_0 endpoint=None crash_enabled=false
2026-06-30T00:32:00.666424Z  INFO mq_bench::roles::subscriber: Connected via transport engine=Redis
2026-06-30T00:32:00.667282Z  INFO mq_bench::roles::subscriber: Subscribed to key expression key=topic_0
2026-06-30T00:32:07.334812Z  INFO mq_bench::roles::subscriber: Starting subscriber engine=Redis key=topic_0 endpoint=None crash_enabled=false
2026-06-30T00:32:07.334873Z  INFO mq_bench::roles::subscriber: Connected via transport engine=Redis
2026-06-30T00:32:07.337000Z  INFO mq_bench::roles::subscriber: Subscribed to key expression key=topic_0
2026-06-30T00:32:14.002901Z  INFO mq_bench::roles::subscriber: Starting subscriber engine=Redis key=topic_0 endpoint=None crash_enabled=false
2026-06-30T00:32:14.002957Z  INFO mq_bench::roles::subscriber: Connected via transport engine=Redis
2026-06-30T00:32:14.003741Z  INFO mq_bench::roles::subscriber: Subscribed to key expression key=topic_0
2026-06-30T00:32:20.670152Z  INFO mq_bench::roles::subscriber: Starting subscriber engine=Redis key=topic_0 endpoint=None crash_enabled=false
2026-06-30T00:32:20.670259Z  INFO mq_bench::roles::subscriber: Connected via transport engine=Redis
2026-06-30T00:32:20.671075Z  INFO mq_bench::roles::subscriber: Subscribed to key expression key=topic_0
2026-06-30T00:32:27.337692Z  INFO mq_bench::roles::subscriber: Starting subscriber engine=Redis key=topic_0 endpoint=None crash_enabled=false
2026-06-30T00:32:27.337803Z  INFO mq_bench::roles::subscriber: Connected via transport engine=Redis
2026-06-30T00:32:27.338603Z  INFO mq_bench::roles::subscriber: Subscribed to key expression key=topic_0
2026-06-30T00:32:34.005110Z  INFO mq_bench::roles::subscriber: Starting subscriber engine=Redis key=topic_0 endpoint=None crash_enabled=false
2026-06-30T00:32:34.005176Z  INFO mq_bench::roles::subscriber: Connected via transport engine=Redis
2026-06-30T00:32:34.006067Z  INFO mq_bench::roles::subscriber: Subscribed to key expression key=topic_0
2026-06-30T00:32:40.672491Z  INFO mq_bench::roles::subscriber: Starting subscriber engine=Redis key=topic_0 endpoint=None crash_enabled=false
2026-06-30T00:32:40.672537Z  INFO mq_bench::roles::subscriber: Connected via transport engine=Redis
2026-06-30T00:32:40.673373Z  INFO mq_bench::roles::subscriber: Subscribed to key expression key=topic_0
2026-06-30T00:32:47.340442Z  INFO mq_bench::roles::subscriber: Starting subscriber engine=Redis key=topic_0 endpoint=None crash_enabled=false
2026-06-30T00:32:47.340509Z  INFO mq_bench::roles::subscriber: Connected via transport engine=Redis
2026-06-30T00:32:47.341355Z  INFO mq_bench::roles::subscriber: Subscribed to key expression key=topic_0
