mq-bench starting with run_id: auto
Writing CSV output to: artifacts/fanout_bursty_20260630_003147_redis_p64_s1000_u10_bursty/fanout_singlesite/sub_9_6.csv
2026-06-30T00:31:47.672952Z  INFO mq_bench::roles::subscriber: Starting subscriber engine=Redis key=topic_9 endpoint=None crash_enabled=false
2026-06-30T00:31:47.673128Z  INFO mq_bench::roles::subscriber: Connected via transport engine=Redis
2026-06-30T00:31:47.673929Z  INFO mq_bench::roles::subscriber: Subscribed to key expression key=topic_9
2026-06-30T00:31:54.340746Z  INFO mq_bench::roles::subscriber: Starting subscriber engine=Redis key=topic_9 endpoint=None crash_enabled=false
2026-06-30T00:31:54.340869Z  INFO mq_bench::roles::subscriber: Connected via transport engine=Redis
2026-06-30T00:31:54.341854Z  INFO mq_bench::roles::subscriber: Subscribed to key expression key=topic_9
2026-06-30T00:32:01.008849Z  INFO mq_bench::roles::subscriber: Starting subscriber engine=Redis key=topic_9 endpoint=None crash_enabled=false
2026-06-30T00:32:01.008903Z  INFO mq_bench::roles::subscriber: Connected via transport engine=Redis
2026-06-30T00:32:01.009760Z  INFO mq_bench::roles::subscriber: Subscribed to key expression key=topic_9
2026-06-30T00:32:07.677242Z  INFO mq_bench::roles::subscriber: Starting subscriber engine=Redis key=topic_9 endpoint=None crash_enabled=false
2026-06-30T00:32:07.677305Z  INFO mq_bench::roles::subscriber: Connected via transport engine=Redis
2026-06-30T00:32:07.678094Z  INFO mq_bench::roles::subscriber: Subscribed to key expression key=topic_9
2026-06-30T00:32:14.345001Z  INFO mq_bench::roles::subscriber: Starting subscriber engine=Redis key=topic_9 endpoint=None crash_enabled=false
2026-06-30T00:32:14.345071Z  INFO mq_bench::roles::subscriber: Connected via transport engine=Redis
2026-06-30T00:32:14.345869Z  INFO mq_bench::roles::subscriber: Subscribed to key expression key=topic_9
2026-06-30T00:32:21.012277Z  INFO mq_bench::roles::subscriber: Starting subscriber engine=Redis key=topic_9 endpoint=None crash_enabled=false
2026-06-30T00:32:21.012332Z  INFO mq_bench::roles::subscriber: Connected via transport engine=Redis
2026-06-30T00:32:21.013187Z  INFO mq_bench::roles::subscriber: Subscribed to key expression key=topic_9
2026-06-30T00:32:27.679783Z  INFO mq_bench::roles::subscriber: Starting subscriber engine=Redis key=topic_9 endpoint=None crash_enabled=false
2026-06-30T00:32:27.679905Z  INFO mq_bench::roles::subscriber: Connected via transport engine=Redis
2026-06-30T00:32:27.680797Z  INFO mq_bench::roles::subscriber: Subscribed to key expression key=topic_9
2026-06-30T00:32:34.348162Z  INFO mq_bench::roles::subscriber: Starting subscriber engine=Redis key=topic_9 endpoint=None crash_enabled=false
2026-06-30T00:32:34.348250Z  INFO mq_bench::roles::subscriber: Connected via transport engine=Redis
2026-06-30T00:32:34.349078Z  INFO mq_bench::roles::subscriber: Subscribed to key expression key=topic_9
2026-06-30T00:32:41.015649Z  INFO mq_bench::roles::subscriber: Starting subscriber engine=Redis key=topic_9 endpoint=None crash_enabled=false
2026-06-30T00:32:41.015744Z  INFO mq_bench::roles::subscriber: Connected via transport engine=Redis
2026-06-30T00:32:41.016560Z  INFO mq_bench::roles::subscriber: Subscribed to key expression key=topic_9
2026-06-30T00:32:47.683723Z  INFO mq_bench::roles::subscriber: Starting subscriber engine=Redis key=topic_9 endpoint=None crash_enabled=false
2026-06-30T00:32:47.683774Z  INFO mq_bench::roles::subscriber: Connected via transport engine=Redis
2026-06-30T00:32:47.684597Z  INFO mq_bench::roles::subscriber: Subscribed to key expression key=topic_9
