mq-bench starting with run_id: auto
Writing CSV output to: artifacts/fanout_bursty_20260630_003147_redis_p64_s1000_u10_bursty/fanout_singlesite/sub_6_5.csv
2026-06-30T00:31:47.550907Z  INFO mq_bench::roles::subscriber: Starting subscriber engine=Redis key=topic_6 endpoint=None crash_enabled=false
2026-06-30T00:31:47.550968Z  INFO mq_bench::roles::subscriber: Connected via transport engine=Redis
2026-06-30T00:31:47.551650Z  INFO mq_bench::roles::subscriber: Subscribed to key expression key=topic_6
2026-06-30T00:31:54.217974Z  INFO mq_bench::roles::subscriber: Starting subscriber engine=Redis key=topic_6 endpoint=None crash_enabled=false
2026-06-30T00:31:54.218102Z  INFO mq_bench::roles::subscriber: Connected via transport engine=Redis
2026-06-30T00:31:54.218938Z  INFO mq_bench::roles::subscriber: Subscribed to key expression key=topic_6
2026-06-30T00:32:00.886010Z  INFO mq_bench::roles::subscriber: Starting subscriber engine=Redis key=topic_6 endpoint=None crash_enabled=false
2026-06-30T00:32:00.886068Z  INFO mq_bench::roles::subscriber: Connected via transport engine=Redis
2026-06-30T00:32:00.886811Z  INFO mq_bench::roles::subscriber: Subscribed to key expression key=topic_6
2026-06-30T00:32:07.554512Z  INFO mq_bench::roles::subscriber: Starting subscriber engine=Redis key=topic_6 endpoint=None crash_enabled=false
2026-06-30T00:32:07.554632Z  INFO mq_bench::roles::subscriber: Connected via transport engine=Redis
2026-06-30T00:32:07.555450Z  INFO mq_bench::roles::subscriber: Subscribed to key expression key=topic_6
2026-06-30T00:32:14.222665Z  INFO mq_bench::roles::subscriber: Starting subscriber engine=Redis key=topic_6 endpoint=None crash_enabled=false
2026-06-30T00:32:14.222723Z  INFO mq_bench::roles::subscriber: Connected via transport engine=Redis
2026-06-30T00:32:14.223546Z  INFO mq_bench::roles::subscriber: Subscribed to key expression key=topic_6
2026-06-30T00:32:20.890028Z  INFO mq_bench::roles::subscriber: Starting subscriber engine=Redis key=topic_6 endpoint=None crash_enabled=false
2026-06-30T00:32:20.890082Z  INFO mq_bench::roles::subscriber: Connected via transport engine=Redis
2026-06-30T00:32:20.890881Z  INFO mq_bench::roles::subscriber: Subscribed to key expression key=topic_6
2026-06-30T00:32:27.558547Z  INFO mq_bench::roles::subscriber: Starting subscriber engine=Redis key=topic_6 endpoint=None crash_enabled=false
2026-06-30T00:32:27.558598Z  INFO mq_bench::roles::subscriber: Connected via transport engine=Redis
2026-06-30T00:32:27.559450Z  INFO mq_bench::roles::subscriber: Subscribed to key expression key=topic_6
2026-06-30T00:32:34.225981Z  INFO mq_bench::roles::subscriber: Starting subscriber engine=Redis key=topic_6 endpoint=None crash_enabled=false
2026-06-30T00:32:34.226035Z  INFO mq_bench::roles::subscriber: Connected via transport engine=Redis
2026-06-30T00:32:34.226860Z  INFO mq_bench::roles::subscriber: Subscribed to key expression key=topic_6
2026-06-30T00:32:40.894517Z  INFO mq_bench::roles::subscriber: Starting subscriber engine=Redis key=topic_6 endpoint=None crash_enabled=false
2026-06-30T00:32:40.894575Z  INFO mq_bench::roles::subscriber: Connected via transport engine=Redis
2026-06-30T00:32:40.895362Z  INFO mq_bench::roles::subscriber: Subscribed to key expression key=topic_6
2026-06-30T00:32:47.562637Z  INFO mq_bench::roles::subscriber: Starting subscriber engine=Redis key=topic_6 endpoint=None crash_enabled=false
2026-06-30T00:32:47.562690Z  INFO mq_bench::roles::subscriber: Connected via transport engine=Redis
2026-06-30T00:32:47.563553Z  INFO mq_bench::roles::subscriber: Subscribed to key expression key=topic_6
