mq-bench starting with run_id: auto
Writing CSV output to: artifacts/fanout_bursty_20260630_003147_redis_p64_s1000_u10_bursty/fanout_singlesite/sub_2_4.csv
2026-06-30T00:31:47.395795Z  INFO mq_bench::roles::subscriber: Starting subscriber engine=Redis key=topic_2 endpoint=None crash_enabled=false
2026-06-30T00:31:47.395853Z  INFO mq_bench::roles::subscriber: Connected via transport engine=Redis
2026-06-30T00:31:47.396580Z  INFO mq_bench::roles::subscriber: Subscribed to key expression key=topic_2
2026-06-30T00:31:54.063364Z  INFO mq_bench::roles::subscriber: Starting subscriber engine=Redis key=topic_2 endpoint=None crash_enabled=false
2026-06-30T00:31:54.063418Z  INFO mq_bench::roles::subscriber: Connected via transport engine=Redis
2026-06-30T00:31:54.064297Z  INFO mq_bench::roles::subscriber: Subscribed to key expression key=topic_2
2026-06-30T00:32:00.731297Z  INFO mq_bench::roles::subscriber: Starting subscriber engine=Redis key=topic_2 endpoint=None crash_enabled=false
2026-06-30T00:32:00.731412Z  INFO mq_bench::roles::subscriber: Connected via transport engine=Redis
2026-06-30T00:32:00.732257Z  INFO mq_bench::roles::subscriber: Subscribed to key expression key=topic_2
2026-06-30T00:32:07.398713Z  INFO mq_bench::roles::subscriber: Starting subscriber engine=Redis key=topic_2 endpoint=None crash_enabled=false
2026-06-30T00:32:07.398821Z  INFO mq_bench::roles::subscriber: Connected via transport engine=Redis
2026-06-30T00:32:07.399633Z  INFO mq_bench::roles::subscriber: Subscribed to key expression key=topic_2
2026-06-30T00:32:14.066878Z  INFO mq_bench::roles::subscriber: Starting subscriber engine=Redis key=topic_2 endpoint=None crash_enabled=false
2026-06-30T00:32:14.066939Z  INFO mq_bench::roles::subscriber: Connected via transport engine=Redis
2026-06-30T00:32:14.067765Z  INFO mq_bench::roles::subscriber: Subscribed to key expression key=topic_2
2026-06-30T00:32:20.734270Z  INFO mq_bench::roles::subscriber: Starting subscriber engine=Redis key=topic_2 endpoint=None crash_enabled=false
2026-06-30T00:32:20.734328Z  INFO mq_bench::roles::subscriber: Connected via transport engine=Redis
2026-06-30T00:32:20.735196Z  INFO mq_bench::roles::subscriber: Subscribed to key expression key=topic_2
2026-06-30T00:32:27.401921Z  INFO mq_bench::roles::subscriber: Starting subscriber engine=Redis key=topic_2 endpoint=None crash_enabled=false
2026-06-30T00:32:27.401980Z  INFO mq_bench::roles::subscriber: Connected via transport engine=Redis
2026-06-30T00:32:27.402800Z  INFO mq_bench::roles::subscriber: Subscribed to key expression key=topic_2
2026-06-30T00:32:34.069269Z  INFO mq_bench::roles::subscriber: Starting subscriber engine=Redis key=topic_2 endpoint=None crash_enabled=false
2026-06-30T00:32:34.069348Z  INFO mq_bench::roles::subscriber: Connected via transport engine=Redis
2026-06-30T00:32:34.070188Z  INFO mq_bench::roles::subscriber: Subscribed to key expression key=topic_2
2026-06-30T00:32:40.736647Z  INFO mq_bench::roles::subscriber: Starting subscriber engine=Redis key=topic_2 endpoint=None crash_enabled=false
2026-06-30T00:32:40.736705Z  INFO mq_bench::roles::subscriber: Connected via transport engine=Redis
2026-06-30T00:32:40.737513Z  INFO mq_bench::roles::subscriber: Subscribed to key expression key=topic_2
2026-06-30T00:32:47.404848Z  INFO mq_bench::roles::subscriber: Starting subscriber engine=Redis key=topic_2 endpoint=None crash_enabled=false
2026-06-30T00:32:47.404900Z  INFO mq_bench::roles::subscriber: Connected via transport engine=Redis
2026-06-30T00:32:47.405746Z  INFO mq_bench::roles::subscriber: Subscribed to key expression key=topic_2
