mq-bench starting with run_id: auto
Writing CSV output to: artifacts/fanout_bursty_20260630_003147_redis_p64_s1000_u10_bursty/fanout_singlesite/sub_7_8.csv
2026-06-30T00:31:47.601366Z  INFO mq_bench::roles::subscriber: Starting subscriber engine=Redis key=topic_7 endpoint=None crash_enabled=false
2026-06-30T00:31:47.601429Z  INFO mq_bench::roles::subscriber: Connected via transport engine=Redis
2026-06-30T00:31:47.602151Z  INFO mq_bench::roles::subscriber: Subscribed to key expression key=topic_7
2026-06-30T00:31:54.268978Z  INFO mq_bench::roles::subscriber: Starting subscriber engine=Redis key=topic_7 endpoint=None crash_enabled=false
2026-06-30T00:31:54.269099Z  INFO mq_bench::roles::subscriber: Connected via transport engine=Redis
2026-06-30T00:31:54.269974Z  INFO mq_bench::roles::subscriber: Subscribed to key expression key=topic_7
2026-06-30T00:32:00.936769Z  INFO mq_bench::roles::subscriber: Starting subscriber engine=Redis key=topic_7 endpoint=None crash_enabled=false
2026-06-30T00:32:00.936816Z  INFO mq_bench::roles::subscriber: Connected via transport engine=Redis
2026-06-30T00:32:00.937589Z  INFO mq_bench::roles::subscriber: Subscribed to key expression key=topic_7
2026-06-30T00:32:07.603791Z  INFO mq_bench::roles::subscriber: Starting subscriber engine=Redis key=topic_7 endpoint=None crash_enabled=false
2026-06-30T00:32:07.603897Z  INFO mq_bench::roles::subscriber: Connected via transport engine=Redis
2026-06-30T00:32:07.604697Z  INFO mq_bench::roles::subscriber: Subscribed to key expression key=topic_7
2026-06-30T00:32:14.271801Z  INFO mq_bench::roles::subscriber: Starting subscriber engine=Redis key=topic_7 endpoint=None crash_enabled=false
2026-06-30T00:32:14.271866Z  INFO mq_bench::roles::subscriber: Connected via transport engine=Redis
2026-06-30T00:32:14.272656Z  INFO mq_bench::roles::subscriber: Subscribed to key expression key=topic_7
2026-06-30T00:32:20.938911Z  INFO mq_bench::roles::subscriber: Starting subscriber engine=Redis key=topic_7 endpoint=None crash_enabled=false
2026-06-30T00:32:20.938973Z  INFO mq_bench::roles::subscriber: Connected via transport engine=Redis
2026-06-30T00:32:20.939807Z  INFO mq_bench::roles::subscriber: Subscribed to key expression key=topic_7
2026-06-30T00:32:27.606289Z  INFO mq_bench::roles::subscriber: Starting subscriber engine=Redis key=topic_7 endpoint=None crash_enabled=false
2026-06-30T00:32:27.606338Z  INFO mq_bench::roles::subscriber: Connected via transport engine=Redis
2026-06-30T00:32:27.607150Z  INFO mq_bench::roles::subscriber: Subscribed to key expression key=topic_7
2026-06-30T00:32:34.274648Z  INFO mq_bench::roles::subscriber: Starting subscriber engine=Redis key=topic_7 endpoint=None crash_enabled=false
2026-06-30T00:32:34.274763Z  INFO mq_bench::roles::subscriber: Connected via transport engine=Redis
2026-06-30T00:32:34.275563Z  INFO mq_bench::roles::subscriber: Subscribed to key expression key=topic_7
2026-06-30T00:32:40.942127Z  INFO mq_bench::roles::subscriber: Starting subscriber engine=Redis key=topic_7 endpoint=None crash_enabled=false
2026-06-30T00:32:40.942181Z  INFO mq_bench::roles::subscriber: Connected via transport engine=Redis
2026-06-30T00:32:40.943062Z  INFO mq_bench::roles::subscriber: Subscribed to key expression key=topic_7
2026-06-30T00:32:47.610236Z  INFO mq_bench::roles::subscriber: Starting subscriber engine=Redis key=topic_7 endpoint=None crash_enabled=false
2026-06-30T00:32:47.610291Z  INFO mq_bench::roles::subscriber: Connected via transport engine=Redis
2026-06-30T00:32:47.611163Z  INFO mq_bench::roles::subscriber: Subscribed to key expression key=topic_7
