mq-bench starting with run_id: auto
Writing CSV output to: artifacts/fanout_bursty_20260630_003147_redis_p64_s1000_u10_bursty/fanout_singlesite/sub_3_1.csv
2026-06-30T00:31:47.421163Z  INFO mq_bench::roles::subscriber: Starting subscriber engine=Redis key=topic_3 endpoint=None crash_enabled=false
2026-06-30T00:31:47.421225Z  INFO mq_bench::roles::subscriber: Connected via transport engine=Redis
2026-06-30T00:31:47.422131Z  INFO mq_bench::roles::subscriber: Subscribed to key expression key=topic_3
2026-06-30T00:31:54.088355Z  INFO mq_bench::roles::subscriber: Starting subscriber engine=Redis key=topic_3 endpoint=None crash_enabled=false
2026-06-30T00:31:54.088471Z  INFO mq_bench::roles::subscriber: Connected via transport engine=Redis
2026-06-30T00:31:54.089313Z  INFO mq_bench::roles::subscriber: Subscribed to key expression key=topic_3
2026-06-30T00:32:00.756282Z  INFO mq_bench::roles::subscriber: Starting subscriber engine=Redis key=topic_3 endpoint=None crash_enabled=false
2026-06-30T00:32:00.756340Z  INFO mq_bench::roles::subscriber: Connected via transport engine=Redis
2026-06-30T00:32:00.757145Z  INFO mq_bench::roles::subscriber: Subscribed to key expression key=topic_3
2026-06-30T00:32:07.424562Z  INFO mq_bench::roles::subscriber: Starting subscriber engine=Redis key=topic_3 endpoint=None crash_enabled=false
2026-06-30T00:32:07.424688Z  INFO mq_bench::roles::subscriber: Connected via transport engine=Redis
2026-06-30T00:32:07.425486Z  INFO mq_bench::roles::subscriber: Subscribed to key expression key=topic_3
2026-06-30T00:32:14.092668Z  INFO mq_bench::roles::subscriber: Starting subscriber engine=Redis key=topic_3 endpoint=None crash_enabled=false
2026-06-30T00:32:14.092732Z  INFO mq_bench::roles::subscriber: Connected via transport engine=Redis
2026-06-30T00:32:14.093562Z  INFO mq_bench::roles::subscriber: Subscribed to key expression key=topic_3
2026-06-30T00:32:20.760025Z  INFO mq_bench::roles::subscriber: Starting subscriber engine=Redis key=topic_3 endpoint=None crash_enabled=false
2026-06-30T00:32:20.760077Z  INFO mq_bench::roles::subscriber: Connected via transport engine=Redis
2026-06-30T00:32:20.760871Z  INFO mq_bench::roles::subscriber: Subscribed to key expression key=topic_3
2026-06-30T00:32:27.427592Z  INFO mq_bench::roles::subscriber: Starting subscriber engine=Redis key=topic_3 endpoint=None crash_enabled=false
2026-06-30T00:32:27.427641Z  INFO mq_bench::roles::subscriber: Connected via transport engine=Redis
2026-06-30T00:32:27.428588Z  INFO mq_bench::roles::subscriber: Subscribed to key expression key=topic_3
2026-06-30T00:32:34.095140Z  INFO mq_bench::roles::subscriber: Starting subscriber engine=Redis key=topic_3 endpoint=None crash_enabled=false
2026-06-30T00:32:34.095192Z  INFO mq_bench::roles::subscriber: Connected via transport engine=Redis
2026-06-30T00:32:34.096013Z  INFO mq_bench::roles::subscriber: Subscribed to key expression key=topic_3
2026-06-30T00:32:40.762675Z  INFO mq_bench::roles::subscriber: Starting subscriber engine=Redis key=topic_3 endpoint=None crash_enabled=false
2026-06-30T00:32:40.762745Z  INFO mq_bench::roles::subscriber: Connected via transport engine=Redis
2026-06-30T00:32:40.763514Z  INFO mq_bench::roles::subscriber: Subscribed to key expression key=topic_3
2026-06-30T00:32:47.430742Z  INFO mq_bench::roles::subscriber: Starting subscriber engine=Redis key=topic_3 endpoint=None crash_enabled=false
2026-06-30T00:32:47.430791Z  INFO mq_bench::roles::subscriber: Connected via transport engine=Redis
2026-06-30T00:32:47.431619Z  INFO mq_bench::roles::subscriber: Subscribed to key expression key=topic_3
