mq-bench starting with run_id: auto
Writing CSV output to: artifacts/fanout_bursty_20260630_003147_redis_p64_s1000_u10_bursty/fanout_singlesite/sub_5_9.csv
2026-06-30T00:31:47.527441Z  INFO mq_bench::roles::subscriber: Starting subscriber engine=Redis key=topic_5 endpoint=None crash_enabled=false
2026-06-30T00:31:47.527496Z  INFO mq_bench::roles::subscriber: Connected via transport engine=Redis
2026-06-30T00:31:47.529395Z  INFO mq_bench::roles::subscriber: Subscribed to key expression key=topic_5
2026-06-30T00:31:54.195800Z  INFO mq_bench::roles::subscriber: Starting subscriber engine=Redis key=topic_5 endpoint=None crash_enabled=false
2026-06-30T00:31:54.195942Z  INFO mq_bench::roles::subscriber: Connected via transport engine=Redis
2026-06-30T00:31:54.197110Z  INFO mq_bench::roles::subscriber: Subscribed to key expression key=topic_5
2026-06-30T00:32:00.863066Z  INFO mq_bench::roles::subscriber: Starting subscriber engine=Redis key=topic_5 endpoint=None crash_enabled=false
2026-06-30T00:32:00.863128Z  INFO mq_bench::roles::subscriber: Connected via transport engine=Redis
2026-06-30T00:32:00.863935Z  INFO mq_bench::roles::subscriber: Subscribed to key expression key=topic_5
2026-06-30T00:32:07.531359Z  INFO mq_bench::roles::subscriber: Starting subscriber engine=Redis key=topic_5 endpoint=None crash_enabled=false
2026-06-30T00:32:07.531420Z  INFO mq_bench::roles::subscriber: Connected via transport engine=Redis
2026-06-30T00:32:07.532278Z  INFO mq_bench::roles::subscriber: Subscribed to key expression key=topic_5
2026-06-30T00:32:14.199373Z  INFO mq_bench::roles::subscriber: Starting subscriber engine=Redis key=topic_5 endpoint=None crash_enabled=false
2026-06-30T00:32:14.199442Z  INFO mq_bench::roles::subscriber: Connected via transport engine=Redis
2026-06-30T00:32:14.200249Z  INFO mq_bench::roles::subscriber: Subscribed to key expression key=topic_5
2026-06-30T00:32:20.867688Z  INFO mq_bench::roles::subscriber: Starting subscriber engine=Redis key=topic_5 endpoint=None crash_enabled=false
2026-06-30T00:32:20.867748Z  INFO mq_bench::roles::subscriber: Connected via transport engine=Redis
2026-06-30T00:32:20.868566Z  INFO mq_bench::roles::subscriber: Subscribed to key expression key=topic_5
2026-06-30T00:32:27.535094Z  INFO mq_bench::roles::subscriber: Starting subscriber engine=Redis key=topic_5 endpoint=None crash_enabled=false
2026-06-30T00:32:27.535150Z  INFO mq_bench::roles::subscriber: Connected via transport engine=Redis
2026-06-30T00:32:27.535984Z  INFO mq_bench::roles::subscriber: Subscribed to key expression key=topic_5
2026-06-30T00:32:34.203583Z  INFO mq_bench::roles::subscriber: Starting subscriber engine=Redis key=topic_5 endpoint=None crash_enabled=false
2026-06-30T00:32:34.203643Z  INFO mq_bench::roles::subscriber: Connected via transport engine=Redis
2026-06-30T00:32:34.204481Z  INFO mq_bench::roles::subscriber: Subscribed to key expression key=topic_5
2026-06-30T00:32:40.871189Z  INFO mq_bench::roles::subscriber: Starting subscriber engine=Redis key=topic_5 endpoint=None crash_enabled=false
2026-06-30T00:32:40.871238Z  INFO mq_bench::roles::subscriber: Connected via transport engine=Redis
2026-06-30T00:32:40.872032Z  INFO mq_bench::roles::subscriber: Subscribed to key expression key=topic_5
2026-06-30T00:32:47.539549Z  INFO mq_bench::roles::subscriber: Starting subscriber engine=Redis key=topic_5 endpoint=None crash_enabled=false
2026-06-30T00:32:47.539601Z  INFO mq_bench::roles::subscriber: Connected via transport engine=Redis
2026-06-30T00:32:47.540386Z  INFO mq_bench::roles::subscriber: Subscribed to key expression key=topic_5
