mq-bench starting with run_id: auto
Writing CSV output to: artifacts/fanout_bursty_20260630_003147_redis_p64_s1000_u10_bursty/fanout_singlesite/sub_5_1.csv
2026-06-30T00:31:47.497185Z  INFO mq_bench::roles::subscriber: Starting subscriber engine=Redis key=topic_5 endpoint=None crash_enabled=false
2026-06-30T00:31:47.497260Z  INFO mq_bench::roles::subscriber: Connected via transport engine=Redis
2026-06-30T00:31:47.501160Z  INFO mq_bench::roles::subscriber: Subscribed to key expression key=topic_5
2026-06-30T00:31:54.165093Z  INFO mq_bench::roles::subscriber: Starting subscriber engine=Redis key=topic_5 endpoint=None crash_enabled=false
2026-06-30T00:31:54.165254Z  INFO mq_bench::roles::subscriber: Connected via transport engine=Redis
2026-06-30T00:31:54.166108Z  INFO mq_bench::roles::subscriber: Subscribed to key expression key=topic_5
2026-06-30T00:32:00.833038Z  INFO mq_bench::roles::subscriber: Starting subscriber engine=Redis key=topic_5 endpoint=None crash_enabled=false
2026-06-30T00:32:00.833097Z  INFO mq_bench::roles::subscriber: Connected via transport engine=Redis
2026-06-30T00:32:00.833997Z  INFO mq_bench::roles::subscriber: Subscribed to key expression key=topic_5
2026-06-30T00:32:07.501364Z  INFO mq_bench::roles::subscriber: Starting subscriber engine=Redis key=topic_5 endpoint=None crash_enabled=false
2026-06-30T00:32:07.501467Z  INFO mq_bench::roles::subscriber: Connected via transport engine=Redis
2026-06-30T00:32:07.502284Z  INFO mq_bench::roles::subscriber: Subscribed to key expression key=topic_5
2026-06-30T00:32:14.169449Z  INFO mq_bench::roles::subscriber: Starting subscriber engine=Redis key=topic_5 endpoint=None crash_enabled=false
2026-06-30T00:32:14.169520Z  INFO mq_bench::roles::subscriber: Connected via transport engine=Redis
2026-06-30T00:32:14.170453Z  INFO mq_bench::roles::subscriber: Subscribed to key expression key=topic_5
2026-06-30T00:32:20.837618Z  INFO mq_bench::roles::subscriber: Starting subscriber engine=Redis key=topic_5 endpoint=None crash_enabled=false
2026-06-30T00:32:20.837682Z  INFO mq_bench::roles::subscriber: Connected via transport engine=Redis
2026-06-30T00:32:20.838710Z  INFO mq_bench::roles::subscriber: Subscribed to key expression key=topic_5
2026-06-30T00:32:27.505284Z  INFO mq_bench::roles::subscriber: Starting subscriber engine=Redis key=topic_5 endpoint=None crash_enabled=false
2026-06-30T00:32:27.505338Z  INFO mq_bench::roles::subscriber: Connected via transport engine=Redis
2026-06-30T00:32:27.506251Z  INFO mq_bench::roles::subscriber: Subscribed to key expression key=topic_5
2026-06-30T00:32:34.172764Z  INFO mq_bench::roles::subscriber: Starting subscriber engine=Redis key=topic_5 endpoint=None crash_enabled=false
2026-06-30T00:32:34.172822Z  INFO mq_bench::roles::subscriber: Connected via transport engine=Redis
2026-06-30T00:32:34.173664Z  INFO mq_bench::roles::subscriber: Subscribed to key expression key=topic_5
2026-06-30T00:32:40.840389Z  INFO mq_bench::roles::subscriber: Starting subscriber engine=Redis key=topic_5 endpoint=None crash_enabled=false
2026-06-30T00:32:40.840469Z  INFO mq_bench::roles::subscriber: Connected via transport engine=Redis
2026-06-30T00:32:40.841308Z  INFO mq_bench::roles::subscriber: Subscribed to key expression key=topic_5
2026-06-30T00:32:47.507695Z  INFO mq_bench::roles::subscriber: Starting subscriber engine=Redis key=topic_5 endpoint=None crash_enabled=false
2026-06-30T00:32:47.507748Z  INFO mq_bench::roles::subscriber: Connected via transport engine=Redis
2026-06-30T00:32:47.508601Z  INFO mq_bench::roles::subscriber: Subscribed to key expression key=topic_5
