mq-bench starting with run_id: auto
Writing CSV output to: artifacts/fanout_bursty_20260630_003147_redis_p64_s1000_u10_bursty/fanout_singlesite/sub_4_0.csv
2026-06-30T00:31:47.455613Z  INFO mq_bench::roles::subscriber: Starting subscriber engine=Redis key=topic_4 endpoint=None crash_enabled=false
2026-06-30T00:31:47.455686Z  INFO mq_bench::roles::subscriber: Connected via transport engine=Redis
2026-06-30T00:31:47.456515Z  INFO mq_bench::roles::subscriber: Subscribed to key expression key=topic_4
2026-06-30T00:31:54.123019Z  INFO mq_bench::roles::subscriber: Starting subscriber engine=Redis key=topic_4 endpoint=None crash_enabled=false
2026-06-30T00:31:54.123150Z  INFO mq_bench::roles::subscriber: Connected via transport engine=Redis
2026-06-30T00:31:54.124040Z  INFO mq_bench::roles::subscriber: Subscribed to key expression key=topic_4
2026-06-30T00:32:00.790971Z  INFO mq_bench::roles::subscriber: Starting subscriber engine=Redis key=topic_4 endpoint=None crash_enabled=false
2026-06-30T00:32:00.791028Z  INFO mq_bench::roles::subscriber: Connected via transport engine=Redis
2026-06-30T00:32:00.791937Z  INFO mq_bench::roles::subscriber: Subscribed to key expression key=topic_4
2026-06-30T00:32:07.459276Z  INFO mq_bench::roles::subscriber: Starting subscriber engine=Redis key=topic_4 endpoint=None crash_enabled=false
2026-06-30T00:32:07.459329Z  INFO mq_bench::roles::subscriber: Connected via transport engine=Redis
2026-06-30T00:32:07.460153Z  INFO mq_bench::roles::subscriber: Subscribed to key expression key=topic_4
2026-06-30T00:32:14.127287Z  INFO mq_bench::roles::subscriber: Starting subscriber engine=Redis key=topic_4 endpoint=None crash_enabled=false
2026-06-30T00:32:14.127345Z  INFO mq_bench::roles::subscriber: Connected via transport engine=Redis
2026-06-30T00:32:14.128135Z  INFO mq_bench::roles::subscriber: Subscribed to key expression key=topic_4
2026-06-30T00:32:20.795546Z  INFO mq_bench::roles::subscriber: Starting subscriber engine=Redis key=topic_4 endpoint=None crash_enabled=false
2026-06-30T00:32:20.795616Z  INFO mq_bench::roles::subscriber: Connected via transport engine=Redis
2026-06-30T00:32:20.796449Z  INFO mq_bench::roles::subscriber: Subscribed to key expression key=topic_4
2026-06-30T00:32:27.463143Z  INFO mq_bench::roles::subscriber: Starting subscriber engine=Redis key=topic_4 endpoint=None crash_enabled=false
2026-06-30T00:32:27.463299Z  INFO mq_bench::roles::subscriber: Connected via transport engine=Redis
2026-06-30T00:32:27.464373Z  INFO mq_bench::roles::subscriber: Subscribed to key expression key=topic_4
2026-06-30T00:32:34.130924Z  INFO mq_bench::roles::subscriber: Starting subscriber engine=Redis key=topic_4 endpoint=None crash_enabled=false
2026-06-30T00:32:34.130989Z  INFO mq_bench::roles::subscriber: Connected via transport engine=Redis
2026-06-30T00:32:34.131840Z  INFO mq_bench::roles::subscriber: Subscribed to key expression key=topic_4
2026-06-30T00:32:40.799341Z  INFO mq_bench::roles::subscriber: Starting subscriber engine=Redis key=topic_4 endpoint=None crash_enabled=false
2026-06-30T00:32:40.799413Z  INFO mq_bench::roles::subscriber: Connected via transport engine=Redis
2026-06-30T00:32:40.800271Z  INFO mq_bench::roles::subscriber: Subscribed to key expression key=topic_4
2026-06-30T00:32:47.467598Z  INFO mq_bench::roles::subscriber: Starting subscriber engine=Redis key=topic_4 endpoint=None crash_enabled=false
2026-06-30T00:32:47.467670Z  INFO mq_bench::roles::subscriber: Connected via transport engine=Redis
2026-06-30T00:32:47.468716Z  INFO mq_bench::roles::subscriber: Subscribed to key expression key=topic_4
