mq-bench starting with run_id: auto
Writing CSV output to: artifacts/fanout_bursty_20260630_003147_redis_p64_s1000_u10_bursty/fanout_singlesite/sub_0_1.csv
2026-06-30T00:31:47.308444Z  INFO mq_bench::roles::subscriber: Starting subscriber engine=Redis key=topic_0 endpoint=None crash_enabled=false
2026-06-30T00:31:47.308618Z  INFO mq_bench::roles::subscriber: Connected via transport engine=Redis
2026-06-30T00:31:47.309449Z  INFO mq_bench::roles::subscriber: Subscribed to key expression key=topic_0
2026-06-30T00:31:53.976386Z  INFO mq_bench::roles::subscriber: Starting subscriber engine=Redis key=topic_0 endpoint=None crash_enabled=false
2026-06-30T00:31:53.976521Z  INFO mq_bench::roles::subscriber: Connected via transport engine=Redis
2026-06-30T00:31:53.977511Z  INFO mq_bench::roles::subscriber: Subscribed to key expression key=topic_0
2026-06-30T00:32:00.644396Z  INFO mq_bench::roles::subscriber: Starting subscriber engine=Redis key=topic_0 endpoint=None crash_enabled=false
2026-06-30T00:32:00.644456Z  INFO mq_bench::roles::subscriber: Connected via transport engine=Redis
2026-06-30T00:32:00.645625Z  INFO mq_bench::roles::subscriber: Subscribed to key expression key=topic_0
2026-06-30T00:32:07.311801Z  INFO mq_bench::roles::subscriber: Starting subscriber engine=Redis key=topic_0 endpoint=None crash_enabled=false
2026-06-30T00:32:07.311919Z  INFO mq_bench::roles::subscriber: Connected via transport engine=Redis
2026-06-30T00:32:07.312756Z  INFO mq_bench::roles::subscriber: Subscribed to key expression key=topic_0
2026-06-30T00:32:13.979929Z  INFO mq_bench::roles::subscriber: Starting subscriber engine=Redis key=topic_0 endpoint=None crash_enabled=false
2026-06-30T00:32:13.979995Z  INFO mq_bench::roles::subscriber: Connected via transport engine=Redis
2026-06-30T00:32:13.980809Z  INFO mq_bench::roles::subscriber: Subscribed to key expression key=topic_0
2026-06-30T00:32:20.647463Z  INFO mq_bench::roles::subscriber: Starting subscriber engine=Redis key=topic_0 endpoint=None crash_enabled=false
2026-06-30T00:32:20.647520Z  INFO mq_bench::roles::subscriber: Connected via transport engine=Redis
2026-06-30T00:32:20.654577Z  INFO mq_bench::roles::subscriber: Subscribed to key expression key=topic_0
2026-06-30T00:32:27.315410Z  INFO mq_bench::roles::subscriber: Starting subscriber engine=Redis key=topic_0 endpoint=None crash_enabled=false
2026-06-30T00:32:27.315470Z  INFO mq_bench::roles::subscriber: Connected via transport engine=Redis
2026-06-30T00:32:27.316372Z  INFO mq_bench::roles::subscriber: Subscribed to key expression key=topic_0
2026-06-30T00:32:33.983073Z  INFO mq_bench::roles::subscriber: Starting subscriber engine=Redis key=topic_0 endpoint=None crash_enabled=false
2026-06-30T00:32:33.983129Z  INFO mq_bench::roles::subscriber: Connected via transport engine=Redis
2026-06-30T00:32:33.984024Z  INFO mq_bench::roles::subscriber: Subscribed to key expression key=topic_0
2026-06-30T00:32:40.650795Z  INFO mq_bench::roles::subscriber: Starting subscriber engine=Redis key=topic_0 endpoint=None crash_enabled=false
2026-06-30T00:32:40.650849Z  INFO mq_bench::roles::subscriber: Connected via transport engine=Redis
2026-06-30T00:32:40.651757Z  INFO mq_bench::roles::subscriber: Subscribed to key expression key=topic_0
2026-06-30T00:32:47.319199Z  INFO mq_bench::roles::subscriber: Starting subscriber engine=Redis key=topic_0 endpoint=None crash_enabled=false
2026-06-30T00:32:47.319348Z  INFO mq_bench::roles::subscriber: Connected via transport engine=Redis
2026-06-30T00:32:47.320250Z  INFO mq_bench::roles::subscriber: Subscribed to key expression key=topic_0
