mq-bench starting with run_id: auto
Writing CSV output to: artifacts/fanout_bursty_20260630_003147_redis_p64_s1000_u10_bursty/fanout_singlesite/sub_8_4.csv
2026-06-30T00:31:47.626314Z  INFO mq_bench::roles::subscriber: Starting subscriber engine=Redis key=topic_8 endpoint=None crash_enabled=false
2026-06-30T00:31:47.626520Z  INFO mq_bench::roles::subscriber: Connected via transport engine=Redis
2026-06-30T00:31:47.627353Z  INFO mq_bench::roles::subscriber: Subscribed to key expression key=topic_8
2026-06-30T00:31:54.293688Z  INFO mq_bench::roles::subscriber: Starting subscriber engine=Redis key=topic_8 endpoint=None crash_enabled=false
2026-06-30T00:31:54.293808Z  INFO mq_bench::roles::subscriber: Connected via transport engine=Redis
2026-06-30T00:31:54.294643Z  INFO mq_bench::roles::subscriber: Subscribed to key expression key=topic_8
2026-06-30T00:32:00.961589Z  INFO mq_bench::roles::subscriber: Starting subscriber engine=Redis key=topic_8 endpoint=None crash_enabled=false
2026-06-30T00:32:00.961648Z  INFO mq_bench::roles::subscriber: Connected via transport engine=Redis
2026-06-30T00:32:00.962528Z  INFO mq_bench::roles::subscriber: Subscribed to key expression key=topic_8
2026-06-30T00:32:07.629809Z  INFO mq_bench::roles::subscriber: Starting subscriber engine=Redis key=topic_8 endpoint=None crash_enabled=false
2026-06-30T00:32:07.629919Z  INFO mq_bench::roles::subscriber: Connected via transport engine=Redis
2026-06-30T00:32:07.630708Z  INFO mq_bench::roles::subscriber: Subscribed to key expression key=topic_8
2026-06-30T00:32:14.297803Z  INFO mq_bench::roles::subscriber: Starting subscriber engine=Redis key=topic_8 endpoint=None crash_enabled=false
2026-06-30T00:32:14.297861Z  INFO mq_bench::roles::subscriber: Connected via transport engine=Redis
2026-06-30T00:32:14.298682Z  INFO mq_bench::roles::subscriber: Subscribed to key expression key=topic_8
2026-06-30T00:32:20.966001Z  INFO mq_bench::roles::subscriber: Starting subscriber engine=Redis key=topic_8 endpoint=None crash_enabled=false
2026-06-30T00:32:20.966069Z  INFO mq_bench::roles::subscriber: Connected via transport engine=Redis
2026-06-30T00:32:20.966838Z  INFO mq_bench::roles::subscriber: Subscribed to key expression key=topic_8
2026-06-30T00:32:27.633465Z  INFO mq_bench::roles::subscriber: Starting subscriber engine=Redis key=topic_8 endpoint=None crash_enabled=false
2026-06-30T00:32:27.633520Z  INFO mq_bench::roles::subscriber: Connected via transport engine=Redis
2026-06-30T00:32:27.634318Z  INFO mq_bench::roles::subscriber: Subscribed to key expression key=topic_8
2026-06-30T00:32:34.300929Z  INFO mq_bench::roles::subscriber: Starting subscriber engine=Redis key=topic_8 endpoint=None crash_enabled=false
2026-06-30T00:32:34.300979Z  INFO mq_bench::roles::subscriber: Connected via transport engine=Redis
2026-06-30T00:32:34.301767Z  INFO mq_bench::roles::subscriber: Subscribed to key expression key=topic_8
2026-06-30T00:32:40.969296Z  INFO mq_bench::roles::subscriber: Starting subscriber engine=Redis key=topic_8 endpoint=None crash_enabled=false
2026-06-30T00:32:40.969379Z  INFO mq_bench::roles::subscriber: Connected via transport engine=Redis
2026-06-30T00:32:40.970175Z  INFO mq_bench::roles::subscriber: Subscribed to key expression key=topic_8
2026-06-30T00:32:47.636384Z  INFO mq_bench::roles::subscriber: Starting subscriber engine=Redis key=topic_8 endpoint=None crash_enabled=false
2026-06-30T00:32:47.636495Z  INFO mq_bench::roles::subscriber: Connected via transport engine=Redis
2026-06-30T00:32:47.637308Z  INFO mq_bench::roles::subscriber: Subscribed to key expression key=topic_8
