mq-bench starting with run_id: auto
Writing CSV output to: artifacts/fanout_bursty_20260630_003147_redis_p64_s1000_u10_bursty/fanout_singlesite/sub_1_3.csv
2026-06-30T00:31:47.353766Z  INFO mq_bench::roles::subscriber: Starting subscriber engine=Redis key=topic_1 endpoint=None crash_enabled=false
2026-06-30T00:31:47.353821Z  INFO mq_bench::roles::subscriber: Connected via transport engine=Redis
2026-06-30T00:31:47.354533Z  INFO mq_bench::roles::subscriber: Subscribed to key expression key=topic_1
2026-06-30T00:31:54.021579Z  INFO mq_bench::roles::subscriber: Starting subscriber engine=Redis key=topic_1 endpoint=None crash_enabled=false
2026-06-30T00:31:54.021696Z  INFO mq_bench::roles::subscriber: Connected via transport engine=Redis
2026-06-30T00:31:54.022607Z  INFO mq_bench::roles::subscriber: Subscribed to key expression key=topic_1
2026-06-30T00:32:00.689348Z  INFO mq_bench::roles::subscriber: Starting subscriber engine=Redis key=topic_1 endpoint=None crash_enabled=false
2026-06-30T00:32:00.689402Z  INFO mq_bench::roles::subscriber: Connected via transport engine=Redis
2026-06-30T00:32:00.690317Z  INFO mq_bench::roles::subscriber: Subscribed to key expression key=topic_1
2026-06-30T00:32:07.356823Z  INFO mq_bench::roles::subscriber: Starting subscriber engine=Redis key=topic_1 endpoint=None crash_enabled=false
2026-06-30T00:32:07.356940Z  INFO mq_bench::roles::subscriber: Connected via transport engine=Redis
2026-06-30T00:32:07.357809Z  INFO mq_bench::roles::subscriber: Subscribed to key expression key=topic_1
2026-06-30T00:32:14.024848Z  INFO mq_bench::roles::subscriber: Starting subscriber engine=Redis key=topic_1 endpoint=None crash_enabled=false
2026-06-30T00:32:14.024914Z  INFO mq_bench::roles::subscriber: Connected via transport engine=Redis
2026-06-30T00:32:14.025727Z  INFO mq_bench::roles::subscriber: Subscribed to key expression key=topic_1
2026-06-30T00:32:20.692756Z  INFO mq_bench::roles::subscriber: Starting subscriber engine=Redis key=topic_1 endpoint=None crash_enabled=false
2026-06-30T00:32:20.692829Z  INFO mq_bench::roles::subscriber: Connected via transport engine=Redis
2026-06-30T00:32:20.693626Z  INFO mq_bench::roles::subscriber: Subscribed to key expression key=topic_1
2026-06-30T00:32:27.361088Z  INFO mq_bench::roles::subscriber: Starting subscriber engine=Redis key=topic_1 endpoint=None crash_enabled=false
2026-06-30T00:32:27.361230Z  INFO mq_bench::roles::subscriber: Connected via transport engine=Redis
2026-06-30T00:32:27.362041Z  INFO mq_bench::roles::subscriber: Subscribed to key expression key=topic_1
2026-06-30T00:32:34.028576Z  INFO mq_bench::roles::subscriber: Starting subscriber engine=Redis key=topic_1 endpoint=None crash_enabled=false
2026-06-30T00:32:34.028629Z  INFO mq_bench::roles::subscriber: Connected via transport engine=Redis
2026-06-30T00:32:34.029423Z  INFO mq_bench::roles::subscriber: Subscribed to key expression key=topic_1
2026-06-30T00:32:40.696154Z  INFO mq_bench::roles::subscriber: Starting subscriber engine=Redis key=topic_1 endpoint=None crash_enabled=false
2026-06-30T00:32:40.696241Z  INFO mq_bench::roles::subscriber: Connected via transport engine=Redis
2026-06-30T00:32:40.697047Z  INFO mq_bench::roles::subscriber: Subscribed to key expression key=topic_1
2026-06-30T00:32:47.363987Z  INFO mq_bench::roles::subscriber: Starting subscriber engine=Redis key=topic_1 endpoint=None crash_enabled=false
2026-06-30T00:32:47.364047Z  INFO mq_bench::roles::subscriber: Connected via transport engine=Redis
2026-06-30T00:32:47.364885Z  INFO mq_bench::roles::subscriber: Subscribed to key expression key=topic_1
