mq-bench starting with run_id: auto
Writing CSV output to: artifacts/fanout_bursty_20260630_003147_redis_p64_s1000_u10_bursty/fanout_singlesite/sub_0_2.csv
2026-06-30T00:31:47.313284Z  INFO mq_bench::roles::subscriber: Starting subscriber engine=Redis key=topic_0 endpoint=None crash_enabled=false
2026-06-30T00:31:47.313349Z  INFO mq_bench::roles::subscriber: Connected via transport engine=Redis
2026-06-30T00:31:47.314159Z  INFO mq_bench::roles::subscriber: Subscribed to key expression key=topic_0
2026-06-30T00:31:53.981452Z  INFO mq_bench::roles::subscriber: Starting subscriber engine=Redis key=topic_0 endpoint=None crash_enabled=false
2026-06-30T00:31:53.981582Z  INFO mq_bench::roles::subscriber: Connected via transport engine=Redis
2026-06-30T00:31:53.982503Z  INFO mq_bench::roles::subscriber: Subscribed to key expression key=topic_0
2026-06-30T00:32:00.649354Z  INFO mq_bench::roles::subscriber: Starting subscriber engine=Redis key=topic_0 endpoint=None crash_enabled=false
2026-06-30T00:32:00.649409Z  INFO mq_bench::roles::subscriber: Connected via transport engine=Redis
2026-06-30T00:32:00.650321Z  INFO mq_bench::roles::subscriber: Subscribed to key expression key=topic_0
2026-06-30T00:32:07.317727Z  INFO mq_bench::roles::subscriber: Starting subscriber engine=Redis key=topic_0 endpoint=None crash_enabled=false
2026-06-30T00:32:07.317838Z  INFO mq_bench::roles::subscriber: Connected via transport engine=Redis
2026-06-30T00:32:07.318674Z  INFO mq_bench::roles::subscriber: Subscribed to key expression key=topic_0
2026-06-30T00:32:13.985956Z  INFO mq_bench::roles::subscriber: Starting subscriber engine=Redis key=topic_0 endpoint=None crash_enabled=false
2026-06-30T00:32:13.986020Z  INFO mq_bench::roles::subscriber: Connected via transport engine=Redis
2026-06-30T00:32:13.986897Z  INFO mq_bench::roles::subscriber: Subscribed to key expression key=topic_0
2026-06-30T00:32:20.653545Z  INFO mq_bench::roles::subscriber: Starting subscriber engine=Redis key=topic_0 endpoint=None crash_enabled=false
2026-06-30T00:32:20.653615Z  INFO mq_bench::roles::subscriber: Connected via transport engine=Redis
2026-06-30T00:32:20.654540Z  INFO mq_bench::roles::subscriber: Subscribed to key expression key=topic_0
2026-06-30T00:32:27.321249Z  INFO mq_bench::roles::subscriber: Starting subscriber engine=Redis key=topic_0 endpoint=None crash_enabled=false
2026-06-30T00:32:27.321359Z  INFO mq_bench::roles::subscriber: Connected via transport engine=Redis
2026-06-30T00:32:27.323329Z  INFO mq_bench::roles::subscriber: Subscribed to key expression key=topic_0
2026-06-30T00:32:33.989798Z  INFO mq_bench::roles::subscriber: Starting subscriber engine=Redis key=topic_0 endpoint=None crash_enabled=false
2026-06-30T00:32:33.989867Z  INFO mq_bench::roles::subscriber: Connected via transport engine=Redis
2026-06-30T00:32:33.990770Z  INFO mq_bench::roles::subscriber: Subscribed to key expression key=topic_0
2026-06-30T00:32:40.657151Z  INFO mq_bench::roles::subscriber: Starting subscriber engine=Redis key=topic_0 endpoint=None crash_enabled=false
2026-06-30T00:32:40.657195Z  INFO mq_bench::roles::subscriber: Connected via transport engine=Redis
2026-06-30T00:32:40.658095Z  INFO mq_bench::roles::subscriber: Subscribed to key expression key=topic_0
2026-06-30T00:32:47.324254Z  INFO mq_bench::roles::subscriber: Starting subscriber engine=Redis key=topic_0 endpoint=None crash_enabled=false
2026-06-30T00:32:47.324305Z  INFO mq_bench::roles::subscriber: Connected via transport engine=Redis
2026-06-30T00:32:47.325110Z  INFO mq_bench::roles::subscriber: Subscribed to key expression key=topic_0
