mq-bench starting with run_id: auto
Writing CSV output to: artifacts/fanout_bursty_20260630_003147_redis_p64_s1000_u10_bursty/fanout_singlesite/sub_0_0.csv
2026-06-30T00:31:47.301676Z  INFO mq_bench::roles::subscriber: Starting subscriber engine=Redis key=topic_0 endpoint=None crash_enabled=false
2026-06-30T00:31:47.301935Z  INFO mq_bench::roles::subscriber: Connected via transport engine=Redis
2026-06-30T00:31:47.303281Z  INFO mq_bench::roles::subscriber: Subscribed to key expression key=topic_0
2026-06-30T00:31:53.970371Z  INFO mq_bench::roles::subscriber: Starting subscriber engine=Redis key=topic_0 endpoint=None crash_enabled=false
2026-06-30T00:31:53.970502Z  INFO mq_bench::roles::subscriber: Connected via transport engine=Redis
2026-06-30T00:31:53.971752Z  INFO mq_bench::roles::subscriber: Subscribed to key expression key=topic_0
2026-06-30T00:32:00.637888Z  INFO mq_bench::roles::subscriber: Starting subscriber engine=Redis key=topic_0 endpoint=None crash_enabled=false
2026-06-30T00:32:00.637943Z  INFO mq_bench::roles::subscriber: Connected via transport engine=Redis
2026-06-30T00:32:00.640408Z  INFO mq_bench::roles::subscriber: Subscribed to key expression key=topic_0
2026-06-30T00:32:07.305869Z  INFO mq_bench::roles::subscriber: Starting subscriber engine=Redis key=topic_0 endpoint=None crash_enabled=false
2026-06-30T00:32:07.305987Z  INFO mq_bench::roles::subscriber: Connected via transport engine=Redis
2026-06-30T00:32:07.307170Z  INFO mq_bench::roles::subscriber: Subscribed to key expression key=topic_0
2026-06-30T00:32:13.974074Z  INFO mq_bench::roles::subscriber: Starting subscriber engine=Redis key=topic_0 endpoint=None crash_enabled=false
2026-06-30T00:32:13.974154Z  INFO mq_bench::roles::subscriber: Connected via transport engine=Redis
2026-06-30T00:32:13.975323Z  INFO mq_bench::roles::subscriber: Subscribed to key expression key=topic_0
2026-06-30T00:32:20.641739Z  INFO mq_bench::roles::subscriber: Starting subscriber engine=Redis key=topic_0 endpoint=None crash_enabled=false
2026-06-30T00:32:20.641804Z  INFO mq_bench::roles::subscriber: Connected via transport engine=Redis
2026-06-30T00:32:20.642904Z  INFO mq_bench::roles::subscriber: Subscribed to key expression key=topic_0
2026-06-30T00:32:27.309455Z  INFO mq_bench::roles::subscriber: Starting subscriber engine=Redis key=topic_0 endpoint=None crash_enabled=false
2026-06-30T00:32:27.309513Z  INFO mq_bench::roles::subscriber: Connected via transport engine=Redis
2026-06-30T00:32:27.310594Z  INFO mq_bench::roles::subscriber: Subscribed to key expression key=topic_0
2026-06-30T00:32:33.977085Z  INFO mq_bench::roles::subscriber: Starting subscriber engine=Redis key=topic_0 endpoint=None crash_enabled=false
2026-06-30T00:32:33.977141Z  INFO mq_bench::roles::subscriber: Connected via transport engine=Redis
2026-06-30T00:32:33.978513Z  INFO mq_bench::roles::subscriber: Subscribed to key expression key=topic_0
2026-06-30T00:32:40.645094Z  INFO mq_bench::roles::subscriber: Starting subscriber engine=Redis key=topic_0 endpoint=None crash_enabled=false
2026-06-30T00:32:40.645145Z  INFO mq_bench::roles::subscriber: Connected via transport engine=Redis
2026-06-30T00:32:40.646308Z  INFO mq_bench::roles::subscriber: Subscribed to key expression key=topic_0
2026-06-30T00:32:47.312600Z  INFO mq_bench::roles::subscriber: Starting subscriber engine=Redis key=topic_0 endpoint=None crash_enabled=false
2026-06-30T00:32:47.312658Z  INFO mq_bench::roles::subscriber: Connected via transport engine=Redis
2026-06-30T00:32:47.314044Z  INFO mq_bench::roles::subscriber: Subscribed to key expression key=topic_0
