mq-bench starting with run_id: auto
Writing CSV output to: artifacts/fanout_bursty_20260630_003147_redis_p64_s1000_u10_bursty/fanout_singlesite/sub_1_6.csv
2026-06-30T00:31:47.364991Z  INFO mq_bench::roles::subscriber: Starting subscriber engine=Redis key=topic_1 endpoint=None crash_enabled=false
2026-06-30T00:31:47.365050Z  INFO mq_bench::roles::subscriber: Connected via transport engine=Redis
2026-06-30T00:31:47.365817Z  INFO mq_bench::roles::subscriber: Subscribed to key expression key=topic_1
2026-06-30T00:31:54.032685Z  INFO mq_bench::roles::subscriber: Starting subscriber engine=Redis key=topic_1 endpoint=None crash_enabled=false
2026-06-30T00:31:54.032808Z  INFO mq_bench::roles::subscriber: Connected via transport engine=Redis
2026-06-30T00:31:54.033652Z  INFO mq_bench::roles::subscriber: Subscribed to key expression key=topic_1
2026-06-30T00:32:00.700444Z  INFO mq_bench::roles::subscriber: Starting subscriber engine=Redis key=topic_1 endpoint=None crash_enabled=false
2026-06-30T00:32:00.700493Z  INFO mq_bench::roles::subscriber: Connected via transport engine=Redis
2026-06-30T00:32:00.701305Z  INFO mq_bench::roles::subscriber: Subscribed to key expression key=topic_1
2026-06-30T00:32:07.367723Z  INFO mq_bench::roles::subscriber: Starting subscriber engine=Redis key=topic_1 endpoint=None crash_enabled=false
2026-06-30T00:32:07.367830Z  INFO mq_bench::roles::subscriber: Connected via transport engine=Redis
2026-06-30T00:32:07.368599Z  INFO mq_bench::roles::subscriber: Subscribed to key expression key=topic_1
2026-06-30T00:32:14.034856Z  INFO mq_bench::roles::subscriber: Starting subscriber engine=Redis key=topic_1 endpoint=None crash_enabled=false
2026-06-30T00:32:14.034914Z  INFO mq_bench::roles::subscriber: Connected via transport engine=Redis
2026-06-30T00:32:14.035700Z  INFO mq_bench::roles::subscriber: Subscribed to key expression key=topic_1
2026-06-30T00:32:20.703273Z  INFO mq_bench::roles::subscriber: Starting subscriber engine=Redis key=topic_1 endpoint=None crash_enabled=false
2026-06-30T00:32:20.703392Z  INFO mq_bench::roles::subscriber: Connected via transport engine=Redis
2026-06-30T00:32:20.704196Z  INFO mq_bench::roles::subscriber: Subscribed to key expression key=topic_1
2026-06-30T00:32:27.371039Z  INFO mq_bench::roles::subscriber: Starting subscriber engine=Redis key=topic_1 endpoint=None crash_enabled=false
2026-06-30T00:32:27.371088Z  INFO mq_bench::roles::subscriber: Connected via transport engine=Redis
2026-06-30T00:32:27.371890Z  INFO mq_bench::roles::subscriber: Subscribed to key expression key=topic_1
2026-06-30T00:32:34.038565Z  INFO mq_bench::roles::subscriber: Starting subscriber engine=Redis key=topic_1 endpoint=None crash_enabled=false
2026-06-30T00:32:34.038621Z  INFO mq_bench::roles::subscriber: Connected via transport engine=Redis
2026-06-30T00:32:34.039600Z  INFO mq_bench::roles::subscriber: Subscribed to key expression key=topic_1
2026-06-30T00:32:40.706194Z  INFO mq_bench::roles::subscriber: Starting subscriber engine=Redis key=topic_1 endpoint=None crash_enabled=false
2026-06-30T00:32:40.706303Z  INFO mq_bench::roles::subscriber: Connected via transport engine=Redis
2026-06-30T00:32:40.707088Z  INFO mq_bench::roles::subscriber: Subscribed to key expression key=topic_1
2026-06-30T00:32:47.374252Z  INFO mq_bench::roles::subscriber: Starting subscriber engine=Redis key=topic_1 endpoint=None crash_enabled=false
2026-06-30T00:32:47.374313Z  INFO mq_bench::roles::subscriber: Connected via transport engine=Redis
2026-06-30T00:32:47.375239Z  INFO mq_bench::roles::subscriber: Subscribed to key expression key=topic_1
