mq-bench starting with run_id: auto
Writing CSV output to: artifacts/fanout_bursty_20260630_003147_redis_p64_s1000_u10_bursty/fanout_singlesite/sub_2_6.csv
2026-06-30T00:31:47.405433Z  INFO mq_bench::roles::subscriber: Starting subscriber engine=Redis key=topic_2 endpoint=None crash_enabled=false
2026-06-30T00:31:47.405507Z  INFO mq_bench::roles::subscriber: Connected via transport engine=Redis
2026-06-30T00:31:47.407117Z  INFO mq_bench::roles::subscriber: Subscribed to key expression key=topic_2
2026-06-30T00:31:54.073390Z  INFO mq_bench::roles::subscriber: Starting subscriber engine=Redis key=topic_2 endpoint=None crash_enabled=false
2026-06-30T00:31:54.073458Z  INFO mq_bench::roles::subscriber: Connected via transport engine=Redis
2026-06-30T00:31:54.074306Z  INFO mq_bench::roles::subscriber: Subscribed to key expression key=topic_2
2026-06-30T00:32:00.741271Z  INFO mq_bench::roles::subscriber: Starting subscriber engine=Redis key=topic_2 endpoint=None crash_enabled=false
2026-06-30T00:32:00.741335Z  INFO mq_bench::roles::subscriber: Connected via transport engine=Redis
2026-06-30T00:32:00.742369Z  INFO mq_bench::roles::subscriber: Subscribed to key expression key=topic_2
2026-06-30T00:32:07.409936Z  INFO mq_bench::roles::subscriber: Starting subscriber engine=Redis key=topic_2 endpoint=None crash_enabled=false
2026-06-30T00:32:07.410065Z  INFO mq_bench::roles::subscriber: Connected via transport engine=Redis
2026-06-30T00:32:07.410919Z  INFO mq_bench::roles::subscriber: Subscribed to key expression key=topic_2
2026-06-30T00:32:14.078006Z  INFO mq_bench::roles::subscriber: Starting subscriber engine=Redis key=topic_2 endpoint=None crash_enabled=false
2026-06-30T00:32:14.078079Z  INFO mq_bench::roles::subscriber: Connected via transport engine=Redis
2026-06-30T00:32:14.079033Z  INFO mq_bench::roles::subscriber: Subscribed to key expression key=topic_2
2026-06-30T00:32:20.745690Z  INFO mq_bench::roles::subscriber: Starting subscriber engine=Redis key=topic_2 endpoint=None crash_enabled=false
2026-06-30T00:32:20.745758Z  INFO mq_bench::roles::subscriber: Connected via transport engine=Redis
2026-06-30T00:32:20.746644Z  INFO mq_bench::roles::subscriber: Subscribed to key expression key=topic_2
2026-06-30T00:32:27.413424Z  INFO mq_bench::roles::subscriber: Starting subscriber engine=Redis key=topic_2 endpoint=None crash_enabled=false
2026-06-30T00:32:27.413485Z  INFO mq_bench::roles::subscriber: Connected via transport engine=Redis
2026-06-30T00:32:27.414749Z  INFO mq_bench::roles::subscriber: Subscribed to key expression key=topic_2
2026-06-30T00:32:34.081412Z  INFO mq_bench::roles::subscriber: Starting subscriber engine=Redis key=topic_2 endpoint=None crash_enabled=false
2026-06-30T00:32:34.081473Z  INFO mq_bench::roles::subscriber: Connected via transport engine=Redis
2026-06-30T00:32:34.082419Z  INFO mq_bench::roles::subscriber: Subscribed to key expression key=topic_2
2026-06-30T00:32:40.749133Z  INFO mq_bench::roles::subscriber: Starting subscriber engine=Redis key=topic_2 endpoint=None crash_enabled=false
2026-06-30T00:32:40.749189Z  INFO mq_bench::roles::subscriber: Connected via transport engine=Redis
2026-06-30T00:32:40.750046Z  INFO mq_bench::roles::subscriber: Subscribed to key expression key=topic_2
2026-06-30T00:32:47.416494Z  INFO mq_bench::roles::subscriber: Starting subscriber engine=Redis key=topic_2 endpoint=None crash_enabled=false
2026-06-30T00:32:47.416563Z  INFO mq_bench::roles::subscriber: Connected via transport engine=Redis
2026-06-30T00:32:47.417406Z  INFO mq_bench::roles::subscriber: Subscribed to key expression key=topic_2
