mq-bench starting with run_id: auto
Writing CSV output to: artifacts/fanout_bursty_20260630_003147_redis_p64_s1000_u10_bursty/fanout_singlesite/sub_1_4.csv
2026-06-30T00:31:47.356832Z  INFO mq_bench::roles::subscriber: Starting subscriber engine=Redis key=topic_1 endpoint=None crash_enabled=false
2026-06-30T00:31:47.356888Z  INFO mq_bench::roles::subscriber: Connected via transport engine=Redis
2026-06-30T00:31:47.357599Z  INFO mq_bench::roles::subscriber: Subscribed to key expression key=topic_1
2026-06-30T00:31:54.023903Z  INFO mq_bench::roles::subscriber: Starting subscriber engine=Redis key=topic_1 endpoint=None crash_enabled=false
2026-06-30T00:31:54.024017Z  INFO mq_bench::roles::subscriber: Connected via transport engine=Redis
2026-06-30T00:31:54.024878Z  INFO mq_bench::roles::subscriber: Subscribed to key expression key=topic_1
2026-06-30T00:32:00.690910Z  INFO mq_bench::roles::subscriber: Starting subscriber engine=Redis key=topic_1 endpoint=None crash_enabled=false
2026-06-30T00:32:00.690961Z  INFO mq_bench::roles::subscriber: Connected via transport engine=Redis
2026-06-30T00:32:00.691789Z  INFO mq_bench::roles::subscriber: Subscribed to key expression key=topic_1
2026-06-30T00:32:07.358503Z  INFO mq_bench::roles::subscriber: Starting subscriber engine=Redis key=topic_1 endpoint=None crash_enabled=false
2026-06-30T00:32:07.358606Z  INFO mq_bench::roles::subscriber: Connected via transport engine=Redis
2026-06-30T00:32:07.359410Z  INFO mq_bench::roles::subscriber: Subscribed to key expression key=topic_1
2026-06-30T00:32:14.026605Z  INFO mq_bench::roles::subscriber: Starting subscriber engine=Redis key=topic_1 endpoint=None crash_enabled=false
2026-06-30T00:32:14.026712Z  INFO mq_bench::roles::subscriber: Connected via transport engine=Redis
2026-06-30T00:32:14.027532Z  INFO mq_bench::roles::subscriber: Subscribed to key expression key=topic_1
2026-06-30T00:32:20.694546Z  INFO mq_bench::roles::subscriber: Starting subscriber engine=Redis key=topic_1 endpoint=None crash_enabled=false
2026-06-30T00:32:20.694598Z  INFO mq_bench::roles::subscriber: Connected via transport engine=Redis
2026-06-30T00:32:20.695473Z  INFO mq_bench::roles::subscriber: Subscribed to key expression key=topic_1
2026-06-30T00:32:27.362097Z  INFO mq_bench::roles::subscriber: Starting subscriber engine=Redis key=topic_1 endpoint=None crash_enabled=false
2026-06-30T00:32:27.362147Z  INFO mq_bench::roles::subscriber: Connected via transport engine=Redis
2026-06-30T00:32:27.362990Z  INFO mq_bench::roles::subscriber: Subscribed to key expression key=topic_1
2026-06-30T00:32:34.030343Z  INFO mq_bench::roles::subscriber: Starting subscriber engine=Redis key=topic_1 endpoint=None crash_enabled=false
2026-06-30T00:32:34.030391Z  INFO mq_bench::roles::subscriber: Connected via transport engine=Redis
2026-06-30T00:32:34.031248Z  INFO mq_bench::roles::subscriber: Subscribed to key expression key=topic_1
2026-06-30T00:32:40.698668Z  INFO mq_bench::roles::subscriber: Starting subscriber engine=Redis key=topic_1 endpoint=None crash_enabled=false
2026-06-30T00:32:40.698717Z  INFO mq_bench::roles::subscriber: Connected via transport engine=Redis
2026-06-30T00:32:40.699569Z  INFO mq_bench::roles::subscriber: Subscribed to key expression key=topic_1
2026-06-30T00:32:47.366737Z  INFO mq_bench::roles::subscriber: Starting subscriber engine=Redis key=topic_1 endpoint=None crash_enabled=false
2026-06-30T00:32:47.366789Z  INFO mq_bench::roles::subscriber: Connected via transport engine=Redis
2026-06-30T00:32:47.367632Z  INFO mq_bench::roles::subscriber: Subscribed to key expression key=topic_1
