mq-bench starting with run_id: auto
Writing CSV output to: artifacts/fanout_bursty_20260630_003147_redis_p64_s1000_u10_bursty/fanout_singlesite/sub_3_6.csv
2026-06-30T00:31:47.440316Z  INFO mq_bench::roles::subscriber: Starting subscriber engine=Redis key=topic_3 endpoint=None crash_enabled=false
2026-06-30T00:31:47.440373Z  INFO mq_bench::roles::subscriber: Connected via transport engine=Redis
2026-06-30T00:31:47.441161Z  INFO mq_bench::roles::subscriber: Subscribed to key expression key=topic_3
2026-06-30T00:31:54.108062Z  INFO mq_bench::roles::subscriber: Starting subscriber engine=Redis key=topic_3 endpoint=None crash_enabled=false
2026-06-30T00:31:54.108190Z  INFO mq_bench::roles::subscriber: Connected via transport engine=Redis
2026-06-30T00:31:54.109101Z  INFO mq_bench::roles::subscriber: Subscribed to key expression key=topic_3
2026-06-30T00:32:00.775138Z  INFO mq_bench::roles::subscriber: Starting subscriber engine=Redis key=topic_3 endpoint=None crash_enabled=false
2026-06-30T00:32:00.775197Z  INFO mq_bench::roles::subscriber: Connected via transport engine=Redis
2026-06-30T00:32:00.776071Z  INFO mq_bench::roles::subscriber: Subscribed to key expression key=topic_3
2026-06-30T00:32:07.442543Z  INFO mq_bench::roles::subscriber: Starting subscriber engine=Redis key=topic_3 endpoint=None crash_enabled=false
2026-06-30T00:32:07.442592Z  INFO mq_bench::roles::subscriber: Connected via transport engine=Redis
2026-06-30T00:32:07.443466Z  INFO mq_bench::roles::subscriber: Subscribed to key expression key=topic_3
2026-06-30T00:32:14.110739Z  INFO mq_bench::roles::subscriber: Starting subscriber engine=Redis key=topic_3 endpoint=None crash_enabled=false
2026-06-30T00:32:14.110797Z  INFO mq_bench::roles::subscriber: Connected via transport engine=Redis
2026-06-30T00:32:14.111611Z  INFO mq_bench::roles::subscriber: Subscribed to key expression key=topic_3
2026-06-30T00:32:20.778279Z  INFO mq_bench::roles::subscriber: Starting subscriber engine=Redis key=topic_3 endpoint=None crash_enabled=false
2026-06-30T00:32:20.778353Z  INFO mq_bench::roles::subscriber: Connected via transport engine=Redis
2026-06-30T00:32:20.779165Z  INFO mq_bench::roles::subscriber: Subscribed to key expression key=topic_3
2026-06-30T00:32:27.446868Z  INFO mq_bench::roles::subscriber: Starting subscriber engine=Redis key=topic_3 endpoint=None crash_enabled=false
2026-06-30T00:32:27.446915Z  INFO mq_bench::roles::subscriber: Connected via transport engine=Redis
2026-06-30T00:32:27.447752Z  INFO mq_bench::roles::subscriber: Subscribed to key expression key=topic_3
2026-06-30T00:32:34.114434Z  INFO mq_bench::roles::subscriber: Starting subscriber engine=Redis key=topic_3 endpoint=None crash_enabled=false
2026-06-30T00:32:34.114491Z  INFO mq_bench::roles::subscriber: Connected via transport engine=Redis
2026-06-30T00:32:34.115324Z  INFO mq_bench::roles::subscriber: Subscribed to key expression key=topic_3
2026-06-30T00:32:40.782097Z  INFO mq_bench::roles::subscriber: Starting subscriber engine=Redis key=topic_3 endpoint=None crash_enabled=false
2026-06-30T00:32:40.782171Z  INFO mq_bench::roles::subscriber: Connected via transport engine=Redis
2026-06-30T00:32:40.783095Z  INFO mq_bench::roles::subscriber: Subscribed to key expression key=topic_3
2026-06-30T00:32:47.449562Z  INFO mq_bench::roles::subscriber: Starting subscriber engine=Redis key=topic_3 endpoint=None crash_enabled=false
2026-06-30T00:32:47.449670Z  INFO mq_bench::roles::subscriber: Connected via transport engine=Redis
2026-06-30T00:32:47.450520Z  INFO mq_bench::roles::subscriber: Subscribed to key expression key=topic_3
