mq-bench starting with run_id: auto
Writing CSV output to: artifacts/fanout_bursty_20260630_003147_redis_p64_s1000_u10_bursty/fanout_singlesite/sub_6_1.csv
2026-06-30T00:31:47.535824Z  INFO mq_bench::roles::subscriber: Starting subscriber engine=Redis key=topic_6 endpoint=None crash_enabled=false
2026-06-30T00:31:47.535887Z  INFO mq_bench::roles::subscriber: Connected via transport engine=Redis
2026-06-30T00:31:47.536724Z  INFO mq_bench::roles::subscriber: Subscribed to key expression key=topic_6
2026-06-30T00:31:54.203359Z  INFO mq_bench::roles::subscriber: Starting subscriber engine=Redis key=topic_6 endpoint=None crash_enabled=false
2026-06-30T00:31:54.203490Z  INFO mq_bench::roles::subscriber: Connected via transport engine=Redis
2026-06-30T00:31:54.204370Z  INFO mq_bench::roles::subscriber: Subscribed to key expression key=topic_6
2026-06-30T00:32:00.871144Z  INFO mq_bench::roles::subscriber: Starting subscriber engine=Redis key=topic_6 endpoint=None crash_enabled=false
2026-06-30T00:32:00.871294Z  INFO mq_bench::roles::subscriber: Connected via transport engine=Redis
2026-06-30T00:32:00.872155Z  INFO mq_bench::roles::subscriber: Subscribed to key expression key=topic_6
2026-06-30T00:32:07.539274Z  INFO mq_bench::roles::subscriber: Starting subscriber engine=Redis key=topic_6 endpoint=None crash_enabled=false
2026-06-30T00:32:07.539392Z  INFO mq_bench::roles::subscriber: Connected via transport engine=Redis
2026-06-30T00:32:07.540422Z  INFO mq_bench::roles::subscriber: Subscribed to key expression key=topic_6
2026-06-30T00:32:14.206537Z  INFO mq_bench::roles::subscriber: Starting subscriber engine=Redis key=topic_6 endpoint=None crash_enabled=false
2026-06-30T00:32:14.206593Z  INFO mq_bench::roles::subscriber: Connected via transport engine=Redis
2026-06-30T00:32:14.207380Z  INFO mq_bench::roles::subscriber: Subscribed to key expression key=topic_6
2026-06-30T00:32:20.874739Z  INFO mq_bench::roles::subscriber: Starting subscriber engine=Redis key=topic_6 endpoint=None crash_enabled=false
2026-06-30T00:32:20.874810Z  INFO mq_bench::roles::subscriber: Connected via transport engine=Redis
2026-06-30T00:32:20.875612Z  INFO mq_bench::roles::subscriber: Subscribed to key expression key=topic_6
2026-06-30T00:32:27.542407Z  INFO mq_bench::roles::subscriber: Starting subscriber engine=Redis key=topic_6 endpoint=None crash_enabled=false
2026-06-30T00:32:27.542459Z  INFO mq_bench::roles::subscriber: Connected via transport engine=Redis
2026-06-30T00:32:27.543285Z  INFO mq_bench::roles::subscriber: Subscribed to key expression key=topic_6
2026-06-30T00:32:34.209538Z  INFO mq_bench::roles::subscriber: Starting subscriber engine=Redis key=topic_6 endpoint=None crash_enabled=false
2026-06-30T00:32:34.209592Z  INFO mq_bench::roles::subscriber: Connected via transport engine=Redis
2026-06-30T00:32:34.211417Z  INFO mq_bench::roles::subscriber: Subscribed to key expression key=topic_6
2026-06-30T00:32:40.877834Z  INFO mq_bench::roles::subscriber: Starting subscriber engine=Redis key=topic_6 endpoint=None crash_enabled=false
2026-06-30T00:32:40.877888Z  INFO mq_bench::roles::subscriber: Connected via transport engine=Redis
2026-06-30T00:32:40.878726Z  INFO mq_bench::roles::subscriber: Subscribed to key expression key=topic_6
2026-06-30T00:32:47.545778Z  INFO mq_bench::roles::subscriber: Starting subscriber engine=Redis key=topic_6 endpoint=None crash_enabled=false
2026-06-30T00:32:47.545832Z  INFO mq_bench::roles::subscriber: Connected via transport engine=Redis
2026-06-30T00:32:47.546697Z  INFO mq_bench::roles::subscriber: Subscribed to key expression key=topic_6
