mq-bench starting with run_id: auto
Writing CSV output to: artifacts/fanout_bursty_20260630_003147_redis_p64_s1000_u10_bursty/fanout_singlesite/sub_6_3.csv
2026-06-30T00:31:47.543573Z  INFO mq_bench::roles::subscriber: Starting subscriber engine=Redis key=topic_6 endpoint=None crash_enabled=false
2026-06-30T00:31:47.543726Z  INFO mq_bench::roles::subscriber: Connected via transport engine=Redis
2026-06-30T00:31:47.544526Z  INFO mq_bench::roles::subscriber: Subscribed to key expression key=topic_6
2026-06-30T00:31:54.211831Z  INFO mq_bench::roles::subscriber: Starting subscriber engine=Redis key=topic_6 endpoint=None crash_enabled=false
2026-06-30T00:31:54.211894Z  INFO mq_bench::roles::subscriber: Connected via transport engine=Redis
2026-06-30T00:31:54.212860Z  INFO mq_bench::roles::subscriber: Subscribed to key expression key=topic_6
2026-06-30T00:32:00.878899Z  INFO mq_bench::roles::subscriber: Starting subscriber engine=Redis key=topic_6 endpoint=None crash_enabled=false
2026-06-30T00:32:00.878958Z  INFO mq_bench::roles::subscriber: Connected via transport engine=Redis
2026-06-30T00:32:00.879766Z  INFO mq_bench::roles::subscriber: Subscribed to key expression key=topic_6
2026-06-30T00:32:07.545876Z  INFO mq_bench::roles::subscriber: Starting subscriber engine=Redis key=topic_6 endpoint=None crash_enabled=false
2026-06-30T00:32:07.545977Z  INFO mq_bench::roles::subscriber: Connected via transport engine=Redis
2026-06-30T00:32:07.546821Z  INFO mq_bench::roles::subscriber: Subscribed to key expression key=topic_6
2026-06-30T00:32:14.212968Z  INFO mq_bench::roles::subscriber: Starting subscriber engine=Redis key=topic_6 endpoint=None crash_enabled=false
2026-06-30T00:32:14.213034Z  INFO mq_bench::roles::subscriber: Connected via transport engine=Redis
2026-06-30T00:32:14.213817Z  INFO mq_bench::roles::subscriber: Subscribed to key expression key=topic_6
2026-06-30T00:32:20.880770Z  INFO mq_bench::roles::subscriber: Starting subscriber engine=Redis key=topic_6 endpoint=None crash_enabled=false
2026-06-30T00:32:20.880841Z  INFO mq_bench::roles::subscriber: Connected via transport engine=Redis
2026-06-30T00:32:20.881667Z  INFO mq_bench::roles::subscriber: Subscribed to key expression key=topic_6
2026-06-30T00:32:27.548239Z  INFO mq_bench::roles::subscriber: Starting subscriber engine=Redis key=topic_6 endpoint=None crash_enabled=false
2026-06-30T00:32:27.548309Z  INFO mq_bench::roles::subscriber: Connected via transport engine=Redis
2026-06-30T00:32:27.549086Z  INFO mq_bench::roles::subscriber: Subscribed to key expression key=topic_6
2026-06-30T00:32:34.216386Z  INFO mq_bench::roles::subscriber: Starting subscriber engine=Redis key=topic_6 endpoint=None crash_enabled=false
2026-06-30T00:32:34.216444Z  INFO mq_bench::roles::subscriber: Connected via transport engine=Redis
2026-06-30T00:32:34.217307Z  INFO mq_bench::roles::subscriber: Subscribed to key expression key=topic_6
2026-06-30T00:32:40.884673Z  INFO mq_bench::roles::subscriber: Starting subscriber engine=Redis key=topic_6 endpoint=None crash_enabled=false
2026-06-30T00:32:40.884753Z  INFO mq_bench::roles::subscriber: Connected via transport engine=Redis
2026-06-30T00:32:40.885496Z  INFO mq_bench::roles::subscriber: Subscribed to key expression key=topic_6
2026-06-30T00:32:47.552663Z  INFO mq_bench::roles::subscriber: Starting subscriber engine=Redis key=topic_6 endpoint=None crash_enabled=false
2026-06-30T00:32:47.552708Z  INFO mq_bench::roles::subscriber: Connected via transport engine=Redis
2026-06-30T00:32:47.553520Z  INFO mq_bench::roles::subscriber: Subscribed to key expression key=topic_6
