mq-bench starting with run_id: auto
Writing CSV output to: artifacts/fanout_bursty_20260630_003147_redis_p64_s1000_u10_bursty/fanout_singlesite/sub_9_9.csv
2026-06-30T00:31:47.684490Z  INFO mq_bench::roles::subscriber: Starting subscriber engine=Redis key=topic_9 endpoint=None crash_enabled=false
2026-06-30T00:31:47.684540Z  INFO mq_bench::roles::subscriber: Connected via transport engine=Redis
2026-06-30T00:31:47.685258Z  INFO mq_bench::roles::subscriber: Subscribed to key expression key=topic_9
2026-06-30T00:31:54.353116Z  INFO mq_bench::roles::subscriber: Starting subscriber engine=Redis key=topic_9 endpoint=None crash_enabled=false
2026-06-30T00:31:54.353259Z  INFO mq_bench::roles::subscriber: Connected via transport engine=Redis
2026-06-30T00:31:54.354001Z  INFO mq_bench::roles::subscriber: Subscribed to key expression key=topic_9
2026-06-30T00:32:01.020933Z  INFO mq_bench::roles::subscriber: Starting subscriber engine=Redis key=topic_9 endpoint=None crash_enabled=false
2026-06-30T00:32:01.020986Z  INFO mq_bench::roles::subscriber: Connected via transport engine=Redis
2026-06-30T00:32:01.021851Z  INFO mq_bench::roles::subscriber: Subscribed to key expression key=topic_9
2026-06-30T00:32:07.689102Z  INFO mq_bench::roles::subscriber: Starting subscriber engine=Redis key=topic_9 endpoint=None crash_enabled=false
2026-06-30T00:32:07.689249Z  INFO mq_bench::roles::subscriber: Connected via transport engine=Redis
2026-06-30T00:32:07.690242Z  INFO mq_bench::roles::subscriber: Subscribed to key expression key=topic_9
2026-06-30T00:32:14.356286Z  INFO mq_bench::roles::subscriber: Starting subscriber engine=Redis key=topic_9 endpoint=None crash_enabled=false
2026-06-30T00:32:14.356346Z  INFO mq_bench::roles::subscriber: Connected via transport engine=Redis
2026-06-30T00:32:14.357197Z  INFO mq_bench::roles::subscriber: Subscribed to key expression key=topic_9
2026-06-30T00:32:21.023630Z  INFO mq_bench::roles::subscriber: Starting subscriber engine=Redis key=topic_9 endpoint=None crash_enabled=false
2026-06-30T00:32:21.023690Z  INFO mq_bench::roles::subscriber: Connected via transport engine=Redis
2026-06-30T00:32:21.024504Z  INFO mq_bench::roles::subscriber: Subscribed to key expression key=topic_9
2026-06-30T00:32:27.691281Z  INFO mq_bench::roles::subscriber: Starting subscriber engine=Redis key=topic_9 endpoint=None crash_enabled=false
2026-06-30T00:32:27.691407Z  INFO mq_bench::roles::subscriber: Connected via transport engine=Redis
2026-06-30T00:32:27.692255Z  INFO mq_bench::roles::subscriber: Subscribed to key expression key=topic_9
2026-06-30T00:32:34.358569Z  INFO mq_bench::roles::subscriber: Starting subscriber engine=Redis key=topic_9 endpoint=None crash_enabled=false
2026-06-30T00:32:34.358633Z  INFO mq_bench::roles::subscriber: Connected via transport engine=Redis
2026-06-30T00:32:34.359445Z  INFO mq_bench::roles::subscriber: Subscribed to key expression key=topic_9
2026-06-30T00:32:41.026794Z  INFO mq_bench::roles::subscriber: Starting subscriber engine=Redis key=topic_9 endpoint=None crash_enabled=false
2026-06-30T00:32:41.026853Z  INFO mq_bench::roles::subscriber: Connected via transport engine=Redis
2026-06-30T00:32:41.027683Z  INFO mq_bench::roles::subscriber: Subscribed to key expression key=topic_9
2026-06-30T00:32:47.694764Z  INFO mq_bench::roles::subscriber: Starting subscriber engine=Redis key=topic_9 endpoint=None crash_enabled=false
2026-06-30T00:32:47.694819Z  INFO mq_bench::roles::subscriber: Connected via transport engine=Redis
2026-06-30T00:32:47.695623Z  INFO mq_bench::roles::subscriber: Subscribed to key expression key=topic_9
