mq-bench starting with run_id: auto
Writing CSV output to: artifacts/fanout_bursty_20260630_003147_redis_p64_s1000_u10_bursty/fanout_singlesite/sub_4_3.csv
2026-06-30T00:31:47.466194Z  INFO mq_bench::roles::subscriber: Starting subscriber engine=Redis key=topic_4 endpoint=None crash_enabled=false
2026-06-30T00:31:47.466355Z  INFO mq_bench::roles::subscriber: Connected via transport engine=Redis
2026-06-30T00:31:47.467212Z  INFO mq_bench::roles::subscriber: Subscribed to key expression key=topic_4
2026-06-30T00:31:54.134377Z  INFO mq_bench::roles::subscriber: Starting subscriber engine=Redis key=topic_4 endpoint=None crash_enabled=false
2026-06-30T00:31:54.134439Z  INFO mq_bench::roles::subscriber: Connected via transport engine=Redis
2026-06-30T00:31:54.135264Z  INFO mq_bench::roles::subscriber: Subscribed to key expression key=topic_4
2026-06-30T00:32:00.802372Z  INFO mq_bench::roles::subscriber: Starting subscriber engine=Redis key=topic_4 endpoint=None crash_enabled=false
2026-06-30T00:32:00.802444Z  INFO mq_bench::roles::subscriber: Connected via transport engine=Redis
2026-06-30T00:32:00.803259Z  INFO mq_bench::roles::subscriber: Subscribed to key expression key=topic_4
2026-06-30T00:32:07.469937Z  INFO mq_bench::roles::subscriber: Starting subscriber engine=Redis key=topic_4 endpoint=None crash_enabled=false
2026-06-30T00:32:07.470051Z  INFO mq_bench::roles::subscriber: Connected via transport engine=Redis
2026-06-30T00:32:07.470924Z  INFO mq_bench::roles::subscriber: Subscribed to key expression key=topic_4
2026-06-30T00:32:14.137852Z  INFO mq_bench::roles::subscriber: Starting subscriber engine=Redis key=topic_4 endpoint=None crash_enabled=false
2026-06-30T00:32:14.137918Z  INFO mq_bench::roles::subscriber: Connected via transport engine=Redis
2026-06-30T00:32:14.138748Z  INFO mq_bench::roles::subscriber: Subscribed to key expression key=topic_4
2026-06-30T00:32:20.806034Z  INFO mq_bench::roles::subscriber: Starting subscriber engine=Redis key=topic_4 endpoint=None crash_enabled=false
2026-06-30T00:32:20.806088Z  INFO mq_bench::roles::subscriber: Connected via transport engine=Redis
2026-06-30T00:32:20.806894Z  INFO mq_bench::roles::subscriber: Subscribed to key expression key=topic_4
2026-06-30T00:32:27.473476Z  INFO mq_bench::roles::subscriber: Starting subscriber engine=Redis key=topic_4 endpoint=None crash_enabled=false
2026-06-30T00:32:27.473587Z  INFO mq_bench::roles::subscriber: Connected via transport engine=Redis
2026-06-30T00:32:27.474467Z  INFO mq_bench::roles::subscriber: Subscribed to key expression key=topic_4
2026-06-30T00:32:34.140947Z  INFO mq_bench::roles::subscriber: Starting subscriber engine=Redis key=topic_4 endpoint=None crash_enabled=false
2026-06-30T00:32:34.141009Z  INFO mq_bench::roles::subscriber: Connected via transport engine=Redis
2026-06-30T00:32:34.141856Z  INFO mq_bench::roles::subscriber: Subscribed to key expression key=topic_4
2026-06-30T00:32:40.808540Z  INFO mq_bench::roles::subscriber: Starting subscriber engine=Redis key=topic_4 endpoint=None crash_enabled=false
2026-06-30T00:32:40.808600Z  INFO mq_bench::roles::subscriber: Connected via transport engine=Redis
2026-06-30T00:32:40.809392Z  INFO mq_bench::roles::subscriber: Subscribed to key expression key=topic_4
2026-06-30T00:32:47.475599Z  INFO mq_bench::roles::subscriber: Starting subscriber engine=Redis key=topic_4 endpoint=None crash_enabled=false
2026-06-30T00:32:47.475647Z  INFO mq_bench::roles::subscriber: Connected via transport engine=Redis
2026-06-30T00:32:47.476480Z  INFO mq_bench::roles::subscriber: Subscribed to key expression key=topic_4
