mq-bench starting with run_id: auto
Writing CSV output to: artifacts/fanout_bursty_20260630_003147_redis_p64_s1000_u10_bursty/fanout_singlesite/sub_9_2.csv
2026-06-30T00:31:47.657026Z  INFO mq_bench::roles::subscriber: Starting subscriber engine=Redis key=topic_9 endpoint=None crash_enabled=false
2026-06-30T00:31:47.657088Z  INFO mq_bench::roles::subscriber: Connected via transport engine=Redis
2026-06-30T00:31:47.658308Z  INFO mq_bench::roles::subscriber: Subscribed to key expression key=topic_9
2026-06-30T00:31:54.325296Z  INFO mq_bench::roles::subscriber: Starting subscriber engine=Redis key=topic_9 endpoint=None crash_enabled=false
2026-06-30T00:31:54.325392Z  INFO mq_bench::roles::subscriber: Connected via transport engine=Redis
2026-06-30T00:31:54.326266Z  INFO mq_bench::roles::subscriber: Subscribed to key expression key=topic_9
2026-06-30T00:32:00.992583Z  INFO mq_bench::roles::subscriber: Starting subscriber engine=Redis key=topic_9 endpoint=None crash_enabled=false
2026-06-30T00:32:00.992633Z  INFO mq_bench::roles::subscriber: Connected via transport engine=Redis
2026-06-30T00:32:00.993425Z  INFO mq_bench::roles::subscriber: Subscribed to key expression key=topic_9
2026-06-30T00:32:07.660124Z  INFO mq_bench::roles::subscriber: Starting subscriber engine=Redis key=topic_9 endpoint=None crash_enabled=false
2026-06-30T00:32:07.660257Z  INFO mq_bench::roles::subscriber: Connected via transport engine=Redis
2026-06-30T00:32:07.661128Z  INFO mq_bench::roles::subscriber: Subscribed to key expression key=topic_9
2026-06-30T00:32:14.328087Z  INFO mq_bench::roles::subscriber: Starting subscriber engine=Redis key=topic_9 endpoint=None crash_enabled=false
2026-06-30T00:32:14.328144Z  INFO mq_bench::roles::subscriber: Connected via transport engine=Redis
2026-06-30T00:32:14.328973Z  INFO mq_bench::roles::subscriber: Subscribed to key expression key=topic_9
2026-06-30T00:32:20.996229Z  INFO mq_bench::roles::subscriber: Starting subscriber engine=Redis key=topic_9 endpoint=None crash_enabled=false
2026-06-30T00:32:20.996295Z  INFO mq_bench::roles::subscriber: Connected via transport engine=Redis
2026-06-30T00:32:20.997155Z  INFO mq_bench::roles::subscriber: Subscribed to key expression key=topic_9
2026-06-30T00:32:27.663664Z  INFO mq_bench::roles::subscriber: Starting subscriber engine=Redis key=topic_9 endpoint=None crash_enabled=false
2026-06-30T00:32:27.663713Z  INFO mq_bench::roles::subscriber: Connected via transport engine=Redis
2026-06-30T00:32:27.664528Z  INFO mq_bench::roles::subscriber: Subscribed to key expression key=topic_9
2026-06-30T00:32:34.331005Z  INFO mq_bench::roles::subscriber: Starting subscriber engine=Redis key=topic_9 endpoint=None crash_enabled=false
2026-06-30T00:32:34.331062Z  INFO mq_bench::roles::subscriber: Connected via transport engine=Redis
2026-06-30T00:32:34.331882Z  INFO mq_bench::roles::subscriber: Subscribed to key expression key=topic_9
2026-06-30T00:32:40.999430Z  INFO mq_bench::roles::subscriber: Starting subscriber engine=Redis key=topic_9 endpoint=None crash_enabled=false
2026-06-30T00:32:40.999523Z  INFO mq_bench::roles::subscriber: Connected via transport engine=Redis
2026-06-30T00:32:41.000411Z  INFO mq_bench::roles::subscriber: Subscribed to key expression key=topic_9
2026-06-30T00:32:47.666736Z  INFO mq_bench::roles::subscriber: Starting subscriber engine=Redis key=topic_9 endpoint=None crash_enabled=false
2026-06-30T00:32:47.666792Z  INFO mq_bench::roles::subscriber: Connected via transport engine=Redis
2026-06-30T00:32:47.667552Z  INFO mq_bench::roles::subscriber: Subscribed to key expression key=topic_9
