mq-bench starting with run_id: auto
Writing CSV output to: artifacts/fanout_bursty_20260630_003147_redis_p64_s1000_u10_bursty/fanout_singlesite/sub_5_5.csv
2026-06-30T00:31:47.512827Z  INFO mq_bench::roles::subscriber: Starting subscriber engine=Redis key=topic_5 endpoint=None crash_enabled=false
2026-06-30T00:31:47.512880Z  INFO mq_bench::roles::subscriber: Connected via transport engine=Redis
2026-06-30T00:31:47.513760Z  INFO mq_bench::roles::subscriber: Subscribed to key expression key=topic_5
2026-06-30T00:31:54.180998Z  INFO mq_bench::roles::subscriber: Starting subscriber engine=Redis key=topic_5 endpoint=None crash_enabled=false
2026-06-30T00:31:54.181135Z  INFO mq_bench::roles::subscriber: Connected via transport engine=Redis
2026-06-30T00:31:54.182265Z  INFO mq_bench::roles::subscriber: Subscribed to key expression key=topic_5
2026-06-30T00:32:00.848122Z  INFO mq_bench::roles::subscriber: Starting subscriber engine=Redis key=topic_5 endpoint=None crash_enabled=false
2026-06-30T00:32:00.848187Z  INFO mq_bench::roles::subscriber: Connected via transport engine=Redis
2026-06-30T00:32:00.849117Z  INFO mq_bench::roles::subscriber: Subscribed to key expression key=topic_5
2026-06-30T00:32:07.515976Z  INFO mq_bench::roles::subscriber: Starting subscriber engine=Redis key=topic_5 endpoint=None crash_enabled=false
2026-06-30T00:32:07.516013Z  INFO mq_bench::roles::subscriber: Connected via transport engine=Redis
2026-06-30T00:32:07.516887Z  INFO mq_bench::roles::subscriber: Subscribed to key expression key=topic_5
2026-06-30T00:32:14.183614Z  INFO mq_bench::roles::subscriber: Starting subscriber engine=Redis key=topic_5 endpoint=None crash_enabled=false
2026-06-30T00:32:14.183686Z  INFO mq_bench::roles::subscriber: Connected via transport engine=Redis
2026-06-30T00:32:14.184612Z  INFO mq_bench::roles::subscriber: Subscribed to key expression key=topic_5
2026-06-30T00:32:20.851831Z  INFO mq_bench::roles::subscriber: Starting subscriber engine=Redis key=topic_5 endpoint=None crash_enabled=false
2026-06-30T00:32:20.851888Z  INFO mq_bench::roles::subscriber: Connected via transport engine=Redis
2026-06-30T00:32:20.852868Z  INFO mq_bench::roles::subscriber: Subscribed to key expression key=topic_5
2026-06-30T00:32:27.519476Z  INFO mq_bench::roles::subscriber: Starting subscriber engine=Redis key=topic_5 endpoint=None crash_enabled=false
2026-06-30T00:32:27.519594Z  INFO mq_bench::roles::subscriber: Connected via transport engine=Redis
2026-06-30T00:32:27.520464Z  INFO mq_bench::roles::subscriber: Subscribed to key expression key=topic_5
2026-06-30T00:32:34.187196Z  INFO mq_bench::roles::subscriber: Starting subscriber engine=Redis key=topic_5 endpoint=None crash_enabled=false
2026-06-30T00:32:34.187275Z  INFO mq_bench::roles::subscriber: Connected via transport engine=Redis
2026-06-30T00:32:34.188106Z  INFO mq_bench::roles::subscriber: Subscribed to key expression key=topic_5
2026-06-30T00:32:40.854869Z  INFO mq_bench::roles::subscriber: Starting subscriber engine=Redis key=topic_5 endpoint=None crash_enabled=false
2026-06-30T00:32:40.854966Z  INFO mq_bench::roles::subscriber: Connected via transport engine=Redis
2026-06-30T00:32:40.855807Z  INFO mq_bench::roles::subscriber: Subscribed to key expression key=topic_5
2026-06-30T00:32:47.522231Z  INFO mq_bench::roles::subscriber: Starting subscriber engine=Redis key=topic_5 endpoint=None crash_enabled=false
2026-06-30T00:32:47.522292Z  INFO mq_bench::roles::subscriber: Connected via transport engine=Redis
2026-06-30T00:32:47.523115Z  INFO mq_bench::roles::subscriber: Subscribed to key expression key=topic_5
