mq-bench starting with run_id: auto
Writing CSV output to: artifacts/fanout_bursty_20260630_003147_redis_p64_s1000_u10_bursty/fanout_singlesite/sub_8_2.csv
2026-06-30T00:31:47.617540Z  INFO mq_bench::roles::subscriber: Starting subscriber engine=Redis key=topic_8 endpoint=None crash_enabled=false
2026-06-30T00:31:47.617600Z  INFO mq_bench::roles::subscriber: Connected via transport engine=Redis
2026-06-30T00:31:47.618416Z  INFO mq_bench::roles::subscriber: Subscribed to key expression key=topic_8
2026-06-30T00:31:54.285240Z  INFO mq_bench::roles::subscriber: Starting subscriber engine=Redis key=topic_8 endpoint=None crash_enabled=false
2026-06-30T00:31:54.285377Z  INFO mq_bench::roles::subscriber: Connected via transport engine=Redis
2026-06-30T00:31:54.286175Z  INFO mq_bench::roles::subscriber: Subscribed to key expression key=topic_8
2026-06-30T00:32:00.953231Z  INFO mq_bench::roles::subscriber: Starting subscriber engine=Redis key=topic_8 endpoint=None crash_enabled=false
2026-06-30T00:32:00.953294Z  INFO mq_bench::roles::subscriber: Connected via transport engine=Redis
2026-06-30T00:32:00.954074Z  INFO mq_bench::roles::subscriber: Subscribed to key expression key=topic_8
2026-06-30T00:32:07.620539Z  INFO mq_bench::roles::subscriber: Starting subscriber engine=Redis key=topic_8 endpoint=None crash_enabled=false
2026-06-30T00:32:07.620651Z  INFO mq_bench::roles::subscriber: Connected via transport engine=Redis
2026-06-30T00:32:07.621511Z  INFO mq_bench::roles::subscriber: Subscribed to key expression key=topic_8
2026-06-30T00:32:14.287604Z  INFO mq_bench::roles::subscriber: Starting subscriber engine=Redis key=topic_8 endpoint=None crash_enabled=false
2026-06-30T00:32:14.287675Z  INFO mq_bench::roles::subscriber: Connected via transport engine=Redis
2026-06-30T00:32:14.288510Z  INFO mq_bench::roles::subscriber: Subscribed to key expression key=topic_8
2026-06-30T00:32:20.955681Z  INFO mq_bench::roles::subscriber: Starting subscriber engine=Redis key=topic_8 endpoint=None crash_enabled=false
2026-06-30T00:32:20.955737Z  INFO mq_bench::roles::subscriber: Connected via transport engine=Redis
2026-06-30T00:32:20.956612Z  INFO mq_bench::roles::subscriber: Subscribed to key expression key=topic_8
2026-06-30T00:32:27.624121Z  INFO mq_bench::roles::subscriber: Starting subscriber engine=Redis key=topic_8 endpoint=None crash_enabled=false
2026-06-30T00:32:27.624179Z  INFO mq_bench::roles::subscriber: Connected via transport engine=Redis
2026-06-30T00:32:27.625017Z  INFO mq_bench::roles::subscriber: Subscribed to key expression key=topic_8
2026-06-30T00:32:34.291577Z  INFO mq_bench::roles::subscriber: Starting subscriber engine=Redis key=topic_8 endpoint=None crash_enabled=false
2026-06-30T00:32:34.291661Z  INFO mq_bench::roles::subscriber: Connected via transport engine=Redis
2026-06-30T00:32:34.292484Z  INFO mq_bench::roles::subscriber: Subscribed to key expression key=topic_8
2026-06-30T00:32:40.960071Z  INFO mq_bench::roles::subscriber: Starting subscriber engine=Redis key=topic_8 endpoint=None crash_enabled=false
2026-06-30T00:32:40.960129Z  INFO mq_bench::roles::subscriber: Connected via transport engine=Redis
2026-06-30T00:32:40.961001Z  INFO mq_bench::roles::subscriber: Subscribed to key expression key=topic_8
2026-06-30T00:32:47.628231Z  INFO mq_bench::roles::subscriber: Starting subscriber engine=Redis key=topic_8 endpoint=None crash_enabled=false
2026-06-30T00:32:47.628278Z  INFO mq_bench::roles::subscriber: Connected via transport engine=Redis
2026-06-30T00:32:47.629059Z  INFO mq_bench::roles::subscriber: Subscribed to key expression key=topic_8
