mq-bench starting with run_id: auto
Writing CSV output to: artifacts/fanout_bursty_20260630_003147_redis_p64_s1000_u10_bursty/fanout_singlesite/sub_1_1.csv
2026-06-30T00:31:47.345383Z  INFO mq_bench::roles::subscriber: Starting subscriber engine=Redis key=topic_1 endpoint=None crash_enabled=false
2026-06-30T00:31:47.345439Z  INFO mq_bench::roles::subscriber: Connected via transport engine=Redis
2026-06-30T00:31:47.346153Z  INFO mq_bench::roles::subscriber: Subscribed to key expression key=topic_1
2026-06-30T00:31:54.013139Z  INFO mq_bench::roles::subscriber: Starting subscriber engine=Redis key=topic_1 endpoint=None crash_enabled=false
2026-06-30T00:31:54.013283Z  INFO mq_bench::roles::subscriber: Connected via transport engine=Redis
2026-06-30T00:31:54.014051Z  INFO mq_bench::roles::subscriber: Subscribed to key expression key=topic_1
2026-06-30T00:32:00.681047Z  INFO mq_bench::roles::subscriber: Starting subscriber engine=Redis key=topic_1 endpoint=None crash_enabled=false
2026-06-30T00:32:00.681080Z  INFO mq_bench::roles::subscriber: Connected via transport engine=Redis
2026-06-30T00:32:00.681877Z  INFO mq_bench::roles::subscriber: Subscribed to key expression key=topic_1
2026-06-30T00:32:07.348274Z  INFO mq_bench::roles::subscriber: Starting subscriber engine=Redis key=topic_1 endpoint=None crash_enabled=false
2026-06-30T00:32:07.348387Z  INFO mq_bench::roles::subscriber: Connected via transport engine=Redis
2026-06-30T00:32:07.349345Z  INFO mq_bench::roles::subscriber: Subscribed to key expression key=topic_1
2026-06-30T00:32:14.015500Z  INFO mq_bench::roles::subscriber: Starting subscriber engine=Redis key=topic_1 endpoint=None crash_enabled=false
2026-06-30T00:32:14.015553Z  INFO mq_bench::roles::subscriber: Connected via transport engine=Redis
2026-06-30T00:32:14.016404Z  INFO mq_bench::roles::subscriber: Subscribed to key expression key=topic_1
2026-06-30T00:32:20.683796Z  INFO mq_bench::roles::subscriber: Starting subscriber engine=Redis key=topic_1 endpoint=None crash_enabled=false
2026-06-30T00:32:20.683846Z  INFO mq_bench::roles::subscriber: Connected via transport engine=Redis
2026-06-30T00:32:20.684665Z  INFO mq_bench::roles::subscriber: Subscribed to key expression key=topic_1
2026-06-30T00:32:27.351385Z  INFO mq_bench::roles::subscriber: Starting subscriber engine=Redis key=topic_1 endpoint=None crash_enabled=false
2026-06-30T00:32:27.351481Z  INFO mq_bench::roles::subscriber: Connected via transport engine=Redis
2026-06-30T00:32:27.352243Z  INFO mq_bench::roles::subscriber: Subscribed to key expression key=topic_1
2026-06-30T00:32:34.018887Z  INFO mq_bench::roles::subscriber: Starting subscriber engine=Redis key=topic_1 endpoint=None crash_enabled=false
2026-06-30T00:32:34.018946Z  INFO mq_bench::roles::subscriber: Connected via transport engine=Redis
2026-06-30T00:32:34.020644Z  INFO mq_bench::roles::subscriber: Subscribed to key expression key=topic_1
2026-06-30T00:32:40.686256Z  INFO mq_bench::roles::subscriber: Starting subscriber engine=Redis key=topic_1 endpoint=None crash_enabled=false
2026-06-30T00:32:40.686304Z  INFO mq_bench::roles::subscriber: Connected via transport engine=Redis
2026-06-30T00:32:40.687094Z  INFO mq_bench::roles::subscriber: Subscribed to key expression key=topic_1
2026-06-30T00:32:47.353303Z  INFO mq_bench::roles::subscriber: Starting subscriber engine=Redis key=topic_1 endpoint=None crash_enabled=false
2026-06-30T00:32:47.353362Z  INFO mq_bench::roles::subscriber: Connected via transport engine=Redis
2026-06-30T00:32:47.354241Z  INFO mq_bench::roles::subscriber: Subscribed to key expression key=topic_1
