mq-bench starting with run_id: auto
Writing CSV output to: artifacts/fanout_bursty_20260630_003147_redis_p64_s1000_u10_bursty/fanout_singlesite/sub_1_8.csv
2026-06-30T00:31:47.372571Z  INFO mq_bench::roles::subscriber: Starting subscriber engine=Redis key=topic_1 endpoint=None crash_enabled=false
2026-06-30T00:31:47.372709Z  INFO mq_bench::roles::subscriber: Connected via transport engine=Redis
2026-06-30T00:31:47.373508Z  INFO mq_bench::roles::subscriber: Subscribed to key expression key=topic_1
2026-06-30T00:31:54.040293Z  INFO mq_bench::roles::subscriber: Starting subscriber engine=Redis key=topic_1 endpoint=None crash_enabled=false
2026-06-30T00:31:54.040427Z  INFO mq_bench::roles::subscriber: Connected via transport engine=Redis
2026-06-30T00:31:54.046479Z  INFO mq_bench::roles::subscriber: Subscribed to key expression key=topic_1
2026-06-30T00:32:00.707406Z  INFO mq_bench::roles::subscriber: Starting subscriber engine=Redis key=topic_1 endpoint=None crash_enabled=false
2026-06-30T00:32:00.707465Z  INFO mq_bench::roles::subscriber: Connected via transport engine=Redis
2026-06-30T00:32:00.708269Z  INFO mq_bench::roles::subscriber: Subscribed to key expression key=topic_1
2026-06-30T00:32:07.374502Z  INFO mq_bench::roles::subscriber: Starting subscriber engine=Redis key=topic_1 endpoint=None crash_enabled=false
2026-06-30T00:32:07.374554Z  INFO mq_bench::roles::subscriber: Connected via transport engine=Redis
2026-06-30T00:32:07.375469Z  INFO mq_bench::roles::subscriber: Subscribed to key expression key=topic_1
2026-06-30T00:32:14.042347Z  INFO mq_bench::roles::subscriber: Starting subscriber engine=Redis key=topic_1 endpoint=None crash_enabled=false
2026-06-30T00:32:14.042411Z  INFO mq_bench::roles::subscriber: Connected via transport engine=Redis
2026-06-30T00:32:14.043259Z  INFO mq_bench::roles::subscriber: Subscribed to key expression key=topic_1
2026-06-30T00:32:20.709599Z  INFO mq_bench::roles::subscriber: Starting subscriber engine=Redis key=topic_1 endpoint=None crash_enabled=false
2026-06-30T00:32:20.709653Z  INFO mq_bench::roles::subscriber: Connected via transport engine=Redis
2026-06-30T00:32:20.710464Z  INFO mq_bench::roles::subscriber: Subscribed to key expression key=topic_1
2026-06-30T00:32:27.378039Z  INFO mq_bench::roles::subscriber: Starting subscriber engine=Redis key=topic_1 endpoint=None crash_enabled=false
2026-06-30T00:32:27.378167Z  INFO mq_bench::roles::subscriber: Connected via transport engine=Redis
2026-06-30T00:32:27.379047Z  INFO mq_bench::roles::subscriber: Subscribed to key expression key=topic_1
2026-06-30T00:32:34.045390Z  INFO mq_bench::roles::subscriber: Starting subscriber engine=Redis key=topic_1 endpoint=None crash_enabled=false
2026-06-30T00:32:34.045513Z  INFO mq_bench::roles::subscriber: Connected via transport engine=Redis
2026-06-30T00:32:34.046320Z  INFO mq_bench::roles::subscriber: Subscribed to key expression key=topic_1
2026-06-30T00:32:40.712726Z  INFO mq_bench::roles::subscriber: Starting subscriber engine=Redis key=topic_1 endpoint=None crash_enabled=false
2026-06-30T00:32:40.712776Z  INFO mq_bench::roles::subscriber: Connected via transport engine=Redis
2026-06-30T00:32:40.713566Z  INFO mq_bench::roles::subscriber: Subscribed to key expression key=topic_1
2026-06-30T00:32:47.380722Z  INFO mq_bench::roles::subscriber: Starting subscriber engine=Redis key=topic_1 endpoint=None crash_enabled=false
2026-06-30T00:32:47.380772Z  INFO mq_bench::roles::subscriber: Connected via transport engine=Redis
2026-06-30T00:32:47.381552Z  INFO mq_bench::roles::subscriber: Subscribed to key expression key=topic_1
