nohup: ignoring input
[22:18:35] Fan-out steady-load benchmark -> /home/cc/projects/mq-bench/results/fanout_steady_load_20260701_221835
[22:18:35] Current ulimit -n is 300000. Attempting to raise to 1048576...
[22:18:35] WARN: Failed to raise ulimit to 1048576. Trying 65536...
[22:18:35] Success: ulimit -n is now 65536
[22:18:35] Resolved: SUMMARY_CSV=/home/cc/projects/mq-bench/results/fanout_steady_load_20260701_221835/raw_data/summary.csv | PLOTS_DIR=/home/cc/projects/mq-bench/results/fanout_steady_load_20260701_221835/plots | RAW_DIR=/home/cc/projects/mq-bench/results/fanout_steady_load_20260701_221835/raw_data
[22:18:35] Resolved payload (bytes): 1024
[22:18:35] Subscriber sweep: 8000 9000 10000
[22:18:35] Publisher mode: fixed | pubs=1 | rate_per_pub=100/s
[22:18:35] Starting services: router1
[22:18:35] Cleaning up orphan mq-bench processes...
[22:18:36] [remote] ubuntu@192.168.0.245: cd /home/ubuntu && docker compose down
[22:18:37] Waiting 10s for connections to settle...
[22:18:47] [remote] ubuntu@192.168.0.245: cd /home/ubuntu && docker compose up -d router1
 Network ubuntu_default Creating 
 Network ubuntu_default Created 
 Container router1 Creating 
 Container router1 Created 
 Container router1 Starting 
 Container router1 Started 
[22:18:53] Waiting for 192.168.0.245:7447...
[22:18:53] Port 192.168.0.245:7447 is open.
[22:18:53] Run: transport=zenoh subs=8000 pubs=1 payload=1024B publish_rate=100/s delivery_rate=800000/s
[22:18:53] Starting remote stats collector on ubuntu@192.168.0.245 for 140s...
[run_fanout] Run ID: fanout_steady_20260701_221853_zenoh_p1024_s8000_u1_r100 | ENGINE=zenoh | PUBS=1 SUBS=8000 SUB_RAMP_UP_SECS=60 RATE=100 DURATION=120s
[monitor] Capturing docker stats for: router1 → artifacts/fanout_steady_20260701_221853_zenoh_p1024_s8000_u1_r100/fanout_singlesite/docker_stats.csv
[monitor] Skipping unknown container 'router1'
[monitor] No valid containers found to monitor
Starting 8000 subscribers → bench/topic (aggregated CSV)
[sub] zenoh → bench/topic (subs=8000, ramp_up=60s, fast_count=0, latency_sample_rate=1000)
[cmd] ./target/release/mq-bench --snapshot-interval 1 sub --engine zenoh --endpoint tcp/192.168.0.245:7447 --expr bench/topic --subscribers 8000 --ramp-up-secs 60 --csv artifacts/fanout_steady_20260701_221853_zenoh_p1024_s8000_u1_r100/fanout_singlesite/sub_agg.csv 
       1>artifacts/fanout_steady_20260701_221853_zenoh_p1024_s8000_u1_r100/fanout_singlesite/sub.log 2>&1 &
[sub] Waiting 60s for subscriber ramp-up before starting publishers
Running 1 publishers → bench/topic (rate=100)
[pub] zenoh → bench/topic (payload=1024, rate=100, dur=120s)
[cmd] ./target/release/mq-bench --snapshot-interval 1 pub --engine zenoh --endpoint tcp/192.168.0.245:7447 --topic-prefix bench/topic --publishers 1 --payload 1024 --rate 100 --duration 120 --csv artifacts/fanout_steady_20260701_221853_zenoh_p1024_s8000_u1_r100/fanout_singlesite/pub_0.csv 
       1>artifacts/fanout_steady_20260701_221853_zenoh_p1024_s8000_u1_r100/fanout_singlesite/pub_0.log 2>&1 &
[watch] printing status every 1s...
[status] PUB sent=0 tps=0 (pubs=1) | SUB recv=0 itps=0.00 p99=0.00ms conn=0/0.00,0.00,0,7128,7128,7128,0,0,0,0,0,0,0,0,0,0.00,0
[status] PUB sent=102 tps=102 (pubs=1) | SUB recv=326799 itps=326804.28 p99=454.30ms conn=543162367/386732381.83,80486769.79,326799,7248,7248,7249,0,0,0,0,0,0,372768767,511967231,527695871,386732381.83,326799
[status] PUB sent=202 tps=101 (pubs=1) | SUB recv=995659 itps=668868.65 p99=621.81ms conn=691535871/535502491.90,117330555.67,995659,7372,7372,7372,0,0,0,0,0,0,608698367,662700031,673710079,608190234.04,668860
[status] PUB sent=302 tps=101 (pubs=1) | SUB recv=1555791 itps=560094.04 p99=706.74ms conn=868745215/602711980.11,131732242.78,1555791,7495,7495,7496,0,0,0,0,0,0,722993151,774897663,826802175,722179769.52,560132
[status] PUB sent=402 tps=101 (pubs=1) | SUB recv=1855594 itps=299598.72 p99=743.97ms conn=1468006399/668072350.91,200228365.88,1855594,7619,7619,7619,0,0,0,0,0,0,951058431,1368391679,1452277759,1007252001.00,299803
[status] PUB sent=502 tps=100 (pubs=1) | SUB recv=2482115 itps=626861.95 p99=1509.95ms conn=1710227455/911801125.18,454042442.97,2482115,7742,7742,7742,0,0,0,0,0,0,1636827135,1674575871,1685061631,1633663043.89,626521
[status] PUB sent=602 tps=100 (pubs=1) | SUB recv=3147702 itps=665791.75 p99=1660.94ms conn=1844445183/1092789191.20,533837736.20,3147702,7867,7867,7867,0,0,0,0,0,0,1772093439,1819279359,1829765119,1767732051.38,665587
[status] PUB sent=702 tps=100 (pubs=1) | SUB recv=3565756 itps=417898.55 p99=1753.22ms conn=2279604223/1185550226.62,563526969.15,3565756,7988,7988,7988,0,0,0,0,0,0,1864368127,2138046463,2250244095,1883986545.17,418054
[status] PUB sent=802 tps=100 (pubs=1) | SUB recv=3809985 itps=244306.92 p99=1776.29ms conn=3036676095/1285303413.23,666642872.68,3809985,8000,8000,8000,0,0,0,0,0,0,2810183679,2938109951,2967470079,2741705084.11,244229
[status] PUB sent=902 tps=100 (pubs=1) | SUB recv=4313217 itps=503275.75 p99=1821.38ms conn=3445620735/1509703706.14,880913200.97,4313217,8000,8000,8000,0,0,0,0,0,0,3254779903,3368026111,3384803327,3208645247.95,503232
[status] PUB sent=1002 tps=100 (pubs=1) | SUB recv=4662516 itps=349264.61 p99=1932.53ms conn=4150263807/1652765661.91,986060879.25,4662516,8000,8000,8000,0,0,0,0,0,0,3359637503,3800039423,3883925503,3419324569.05,349299
[status] PUB sent=1102 tps=100 (pubs=1) | SUB recv=5240192 itps=577728.99 p99=3055.55ms conn=4408213503/1931275762.69,1221262033.99,5240192,8000,8000,8000,0,0,0,0,0,0,4188012543,4232052735,4244635647,4179175625.27,577676
[status] PUB sent=1202 tps=100 (pubs=1) | SUB recv=5976777 itps=736593.64 p99=3368.03ms conn=4567597055/2213381351.05,1369031684.50,5976777,8000,8000,8000,0,0,0,0,0,0,4223664127,4307550207,4324327423,4220328882.33,736585
[status] PUB sent=1302 tps=100 (pubs=1) | SUB recv=6747229 itps=770445.87 p99=4175.43ms conn=5343543295/2448347428.66,1445315440.09,6747229,8000,8000,8000,0,0,0,0,0,0,4265607167,4362076159,4454350847,4271095436.88,770452
[status] PUB sent=1402 tps=100 (pubs=1) | SUB recv=7451176 itps=703918.32 p99=4211.08ms conn=5343543295/2627764356.99,1483513935.81,7451176,8000,8000,8000,0,0,0,0,0,0,4357881855,4466933759,4487905279,4347449364.39,703947
[status] PUB sent=1502 tps=100 (pubs=1) | SUB recv=8169600 itps=718434.00 p99=4250.93ms conn=5343543295/2790070151.55,1510265819.78,8169600,8000,8000,8000,0,0,0,0,0,0,4496293887,4567597055,4580179967,4473434071.82,718424
[status] PUB sent=1602 tps=100 (pubs=1) | SUB recv=8979343 itps=809752.34 p99=4299.16ms conn=5343543295/2934358437.32,1511928924.73,8979343,8000,8000,8000,0,0,0,0,0,0,4357881855,4546625535,4575985663,4390101283.50,809743
[status] PUB sent=1702 tps=100 (pubs=1) | SUB recv=9829848 itps=849922.94 p99=4315.94ms conn=5343543295/3054093091.53,1496527052.25,9829848,8000,8000,8000,0,0,0,0,0,0,4320133119,4374659071,4391436287,4318210914.57,850505
[status] PUB sent=1802 tps=100 (pubs=1) | SUB recv=10466966 itps=637173.54 p99=4324.33ms conn=5343543295/3131298333.02,1481739134.28,10466966,8000,8000,8000,0,0,0,0,0,0,4315938815,4466933759,4487905279,4322468239.85,637118
[status] PUB sent=1902 tps=100 (pubs=1) | SUB recv=11259475 itps=792351.21 p99=4349.49ms conn=5343543295/3224791087.59,1468531963.38,11259475,8000,8000,8000,0,0,0,0,0,0,4462739455,4529848319,4546625535,4459585245.55,792509
[status] PUB sent=2002 tps=100 (pubs=1) | SUB recv=11890119 itps=631154.89 p99=4370.46ms conn=5343543295/3297542275.30,1461931763.92,11890119,8000,8000,8000,0,0,0,0,0,0,4580179967,4756340735,4777312255,4596437022.84,630644
[status] PUB sent=2102 tps=100 (pubs=1) | SUB recv=12594804 itps=704686.25 p99=4408.21ms conn=5343543295/3378973222.84,1459374634.06,12594804,8000,8000,8000,0,0,0,0,0,0,4752146431,4861198335,4877975551,4752954017.88,704685
[status] PUB sent=2202 tps=100 (pubs=1) | SUB recv=13329237 itps=734286.13 p99=4450.16ms conn=5343543295/3459571511.66,1457363000.39,13329237,8000,8000,8000,0,0,0,0,0,0,4844421119,4907335679,4924112895,4841752936.66,734433
[status] PUB sent=2302 tps=100 (pubs=1) | SUB recv=13602519 itps=273331.83 p99=4466.93ms conn=5570035711/3491568905.84,1460091154.57,13602519,8000,8000,8000,0,0,0,0,0,0,4961861631,5486149631,5549064191,5052230970.67,273282
[status] PUB sent=2402 tps=100 (pubs=1) | SUB recv=13733005 itps=130488.20 p99=4471.13ms conn=6408896511/3515260561.95,1473322014.90,13733005,8000,8000,8000,0,0,0,0,0,0,5985271807,6366953471,6400507903,5984998329.32,130486
[status] PUB sent=2502 tps=100 (pubs=1) | SUB recv=14381795 itps=648693.51 p99=4504.68ms conn=6765412351/3650173066.89,1567876325.73,14381795,8000,8000,8000,0,0,0,0,0,0,6517948415,6610223103,6631194623,6505880005.89,648790
[status] PUB sent=2602 tps=100 (pubs=1) | SUB recv=15224186 itps=841879.34 p99=4555.01ms conn=6949961727/3811810150.96,1663832777.04,15224186,8000,8000,8000,0,0,0,0,0,0,6572474367,6631194623,6647971839,6571373592.92,842391
[status] PUB sent=2702 tps=100 (pubs=1) | SUB recv=15842818 itps=618726.40 p99=4697.62ms conn=7046430719/3923739065.22,1723000978.73,15842818,8000,8000,8000,0,0,0,0,0,0,6668943359,6798966783,6819938303,6678246768.49,618632
[status] PUB sent=2802 tps=100 (pubs=1) | SUB recv=16524506 itps=682102.02 p99=4785.70ms conn=7134511103/4045806494.03,1786805366.14,16524506,8000,8000,8000,0,0,0,0,0,0,6895435775,6949961727,6966738943,6882723174.85,681688
[status] PUB sent=2902 tps=100 (pubs=1) | SUB recv=17228273 itps=703272.52 p99=4844.42ms conn=7226785791/4166697627.64,1845388205.20,17228273,8000,8000,8000,0,0,0,0,0,0,7004487679,7063207935,7084179455,7005231208.58,703767
[status] PUB sent=3002 tps=100 (pubs=1) | SUB recv=17892888 itps=664569.32 p99=4940.89ms conn=7457472511/4276970180.99,1895853412.85,17892888,8000,8000,8000,0,0,0,0,0,0,7138705407,7214202879,7243563007,7135475712.19,664615
[status] PUB sent=3102 tps=100 (pubs=1) | SUB recv=18632347 itps=740014.72 p99=6480.20ms conn=7486832639/4396011293.88,1947966293.94,18632347,8000,8000,8000,0,0,0,0,0,0,7277117439,7348420607,7369392127,7276481070.10,739459
[status] PUB sent=3202 tps=100 (pubs=1) | SUB recv=19497877 itps=865544.43 p99=6568.28ms conn=7746879487/4522052216.15,1992048245.79,19497877,8000,8000,8000,0,0,0,0,0,0,7235174399,7331643391,7381975039,7235347191.58,865530
[status] PUB sent=3302 tps=100 (pubs=1) | SUB recv=20004826 itps=506912.06 p99=6597.64ms conn=8396996607/4592263256.28,2014434976.40,20004826,8000,8000,8000,0,0,0,0,0,0,7235174399,7558135807,7776239615,7292665514.42,506949
[status] PUB sent=3402 tps=100 (pubs=1) | SUB recv=20512903 itps=507975.68 p99=6639.58ms conn=9269411839/4668472930.50,2046105497.08,20512903,8000,8000,8000,0,0,0,0,0,0,7646216191,7876902911,8141144063,7669122974.37,508077
[status] PUB sent=3502 tps=100 (pubs=1) | SUB recv=20945108 itps=432206.55 p99=6740.25ms conn=10066329599/4739329456.63,2083041660.18,20945108,8000,8000,8000,0,0,0,0,0,0,8053063679,8359247871,8833204223,8102254567.18,432205
[status] PUB sent=3602 tps=100 (pubs=1) | SUB recv=21360196 itps=415073.95 p99=6866.08ms conn=10905190399/4814446253.48,2130787549.71,21360196,8000,8000,8000,0,0,0,0,0,0,8598323199,8841592831,9470738431,8604797751.60,415088
[status] PUB sent=3702 tps=100 (pubs=1) | SUB recv=21779775 itps=419618.32 p99=6916.41ms conn=11702108159/4898209864.44,2193361981.68,21779775,8000,8000,8000,0,0,0,0,0,0,9177137151,9361686527,10166992895,9162501327.33,419579
[status] PUB sent=3802 tps=100 (pubs=1) | SUB recv=22161562 itps=381691.90 p99=6970.93ms conn=12591300607/4978876697.68,2258321144.79,22161562,8000,8000,8000,0,0,0,0,0,0,9537847295,9915334655,10208935935,9580671620.26,381787
[status] PUB sent=3902 tps=100 (pubs=1) | SUB recv=22526716 itps=365149.33 p99=7008.68ms conn=14034141183/5062214345.07,2332566280.16,22526716,8000,8000,8000,0,0,0,0,0,0,10108272639,10653532159,11274289151,10120059636.54,365154
[status] PUB sent=4002 tps=100 (pubs=1) | SUB recv=22874732 itps=348172.54 p99=7050.63ms conn=14839447551/5147036396.43,2413504076.06,22874732,8000,8000,8000,0,0,0,0,0,0,10619977727,10989076479,11601444863,10637480115.46,348016
[status] PUB sent=4102 tps=100 (pubs=1) | SUB recv=23280753 itps=406035.56 p99=7113.54ms conn=15586033663/5225582767.31,2466833672.71,23280753,8000,8000,8000,0,0,0,0,0,0,9328132095,11660165119,12574523391,9650790290.10,406021
[status] PUB sent=4202 tps=100 (pubs=1) | SUB recv=23658459 itps=377659.52 p99=7147.09ms conn=16525557759/5298500404.96,2514199945.52,23658459,8000,8000,8000,0,0,0,0,0,0,9722396671,9982443519,13069451263,9792941879.01,377706
[status] PUB sent=4301 tps=100 (pubs=1) | SUB recv=24071049 itps=412580.35 p99=7180.65ms conn=17079205887/5383489550.27,2574767504.97,24071049,8000,8000,8000,0,0,0,0,0,0,10234101759,10452205567,10745806847,10256880107.15,412590
[status] PUB sent=4402 tps=100 (pubs=1) | SUB recv=24423059 itps=352023.52 p99=7205.81ms conn=17683185663/5460704917.44,2634987650.25,24423059,8000,8000,8000,0,0,0,0,0,0,10804527103,11072962559,11324620799,10740824478.11,352010
[status] PUB sent=4502 tps=100 (pubs=1) | SUB recv=24690003 itps=266971.62 p99=7222.59ms conn=18505269247/5525841805.24,2694020528.13,24690003,8000,8000,8000,0,0,0,0,0,0,11551113215,11769217023,12155092991,11485301669.41,266944
[status] PUB sent=4602 tps=100 (pubs=1) | SUB recv=25012852 itps=322838.36 p99=7239.37ms conn=18505269247/5607853795.88,2771174909.73,25012852,8000,8000,8000,0,0,0,0,0,0,11836325887,12356419583,12608077823,11879752717.17,322849
[status] PUB sent=4702 tps=100 (pubs=1) | SUB recv=25275851 itps=262822.36 p99=7256.15ms conn=18505269247/5680217189.43,2845785116.93,25275851,8000,8000,8000,0,0,0,0,0,0,12532580351,13136560127,13463715839,12562429110.30,262999
[status] PUB sent=4802 tps=100 (pubs=1) | SUB recv=25428426 itps=152652.59 p99=7264.53ms conn=19562233855/5726825860.83,2900234889.48,25428426,8000,8000,8000,0,0,0,0,0,0,13354663935,14277410815,14914945023,13448102830.29,152575
[status] PUB sent=4902 tps=100 (pubs=1) | SUB recv=25699559 itps=271184.37 p99=7281.31ms conn=19562233855/5817270814.94,3014960287.87,25699559,8000,8000,8000,0,0,0,0,0,0,14294188031,14461960191,14738784255,14299723421.75,271133
[status] PUB sent=5002 tps=100 (pubs=1) | SUB recv=26063891 itps=364334.22 p99=7306.48ms conn=19562233855/5940723738.37,3168372783.01,26063891,8000,8000,8000,0,0,0,0,0,0,14671675391,15007219711,15250489343,14648950546.74,364332
[status] PUB sent=5102 tps=100 (pubs=1) | SUB recv=26356236 itps=292345.72 p99=7348.42ms conn=19562233855/6042249302.70,3293547877.78,26356236,8000,8000,8000,0,0,0,0,0,0,15040774143,15720251391,16164847615,15093716720.95,292345
[status] PUB sent=5202 tps=100 (pubs=1) | SUB recv=26599685 itps=243379.39 p99=7507.80ms conn=19562233855/6132515505.00,3410654912.85,26599685,8000,8000,8000,0,0,0,0,0,0,15820914687,16869490687,17263755263,15904900401.43,243449
[status] PUB sent=5302 tps=100 (pubs=1) | SUB recv=26867012 itps=267349.09 p99=7587.50ms conn=24276631551/6239868663.00,3558858924.01,26867012,8000,8000,8000,0,0,0,0,0,0,16894656511,17716740095,18152947711,16921768309.05,267327
[status] PUB sent=5402 tps=100 (pubs=1) | SUB recv=27197648 itps=330628.48 p99=7755.27ms conn=24276631551/6375237616.46,3741863990.63,27197648,8000,8000,8000,0,0,0,0,0,0,17364418559,17767071743,18522046463,17375126609.13,330636
[status] PUB sent=5502 tps=100 (pubs=1) | SUB recv=28068445 itps=448930.30 p99=8464.11ms conn=24276631551/6710597380.02,4134698220.71,28068445,8000,8000,8000,0,0,0,0,0,0,16508780543,18169724927,18555600895,16598284989.37,448889
[status] PUB sent=5702 tps=100 (pubs=1) | SUB recv=28408375 itps=339843.53 p99=8774.48ms conn=24276631551/6833618105.04,4259460406.92,28408375,8000,8000,8000,0,0,0,0,0,0,16894656511,17481859071,19528679423,16991593141.81,339930
[status] PUB sent=5802 tps=100 (pubs=1) | SUB recv=28698826 itps=290478.79 p99=9068.09ms conn=24276631551/6942593724.63,4372929168.11,28698826,8000,8000,8000,0,0,0,0,0,0,17548967935,18136170495,18807259135,17601259961.29,290451
[status] PUB sent=5902 tps=100 (pubs=1) | SUB recv=29126267 itps=427441.98 p99=9244.25ms conn=24276631551/7107656649.63,4546682066.40,29126267,8000,8000,8000,0,0,0,0,0,0,18169724927,18387828735,19193135103,18190150288.96,427441
[status] PUB sent=6002 tps=100 (pubs=1) | SUB recv=29581570 itps=455252.14 p99=9453.96ms conn=24276631551/7284006590.04,4726957083.18,29581570,8000,8000,8000,0,0,0,0,0,0,18589155327,18807259135,19025362943,18565319143.96,455303
[status] PUB sent=6102 tps=100 (pubs=1) | SUB recv=29914932 itps=333453.94 p99=9579.79ms conn=24276631551/7408710736.61,4848723680.38,29914932,8000,8000,8000,0,0,0,0,0,0,18891145215,19461570559,19797114879,18474592393.75,333362
[status] PUB sent=6202 tps=100 (pubs=1) | SUB recv=30230998 itps=316066.94 p99=9764.34ms conn=24947720191/7487364631.27,4894971170.74,30230998,8000,8000,8000,0,0,0,0,0,0,13144948735,20350763007,20753416191,14931777856.00,316066
[status] PUB sent=6302 tps=100 (pubs=1) | SUB recv=30489256 itps=258043.48 p99=9890.17ms conn=24947720191/7542088509.23,4912600213.87,30489256,8000,8000,8000,0,0,0,0,0,0,13555990527,20468203519,21592276991,13947920837.03,258258
[status] PUB sent=6402 tps=100 (pubs=1) | SUB recv=30840821 itps=351828.73 p99=10158.60ms conn=24947720191/7621209062.29,4941688056.72,30840821,8000,8000,8000,0,0,0,0,0,0,14285799423,14629732351,22179479551,14482889824.44,351565
[status] PUB sent=6502 tps=100 (pubs=1) | SUB recv=31278056 itps=436965.54 p99=10326.40ms conn=24947720191/7719786127.17,4976519321.89,31278056,8000,8000,8000,0,0,0,0,0,0,14646509567,15032385535,15267266559,14673020915.25,437235
[status] PUB sent=6602 tps=100 (pubs=1) | SUB recv=31576595 itps=298611.12 p99=10427.00ms conn=25568477183/7789872722.57,5004767722.02,31576595,8000,8000,8000,0,0,0,0,0,0,15040774143,15703474175,16047407103,15132874661.17,298539
[status] PUB sent=6702 tps=100 (pubs=1) | SUB recv=31810758 itps=234068.15 p99=10569.60ms conn=26608664575/7848855162.59,5033291390.86,31810758,8000,8000,8000,0,0,0,0,0,0,15753805823,16483614719,16903045119,15802565272.98,234163
[status] PUB sent=6802 tps=100 (pubs=1) | SUB recv=32044082 itps=233480.22 p99=10762.60ms conn=27430748159/7912287899.61,5069622840.06,32044082,8000,8000,8000,0,0,0,0,0,0,16441671679,17532190719,18136170495,16560534315.67,233324
[status] PUB sent=6902 tps=100 (pubs=1) | SUB recv=32272652 itps=228569.77 p99=10896.80ms conn=27548188671/7979918823.73,5115069396.01,32272652,8000,8000,8000,0,0,0,0,0,0,17330864127,18572378111,19176357887,17461350674.21,228570
[status] PUB sent=7002 tps=100 (pubs=1) | SUB recv=32540712 itps=268063.47 p99=11190.40ms conn=28705816575/8063302668.49,5175736316.89,32540712,8000,8000,8000,0,0,0,0,0,0,17968398335,19176357887,19746783231,18102166372.52,268060
[status] PUB sent=7102 tps=100 (pubs=1) | SUB recv=32832674 itps=291904.71 p99=11618.20ms conn=30081548287/8140153268.18,5221670477.38,32832674,8000,8000,8000,0,0,0,0,0,0,18287165439,19881000959,20468203519,16705559832.51,291962
[status] PUB sent=7202 tps=100 (pubs=1) | SUB recv=33240801 itps=408017.54 p99=12096.40ms conn=30618419199/8221812089.57,5244875926.69,33240801,8000,8000,8000,0,0,0,0,0,0,14235467775,20283654143,21105737727,14791035547.24,408127
[status] PUB sent=7302 tps=100 (pubs=1) | SUB recv=33855031 itps=614503.90 p99=12935.20ms conn=31893487615/8344358497.32,5278963740.57,33855031,8000,8000,8000,0,0,0,0,0,0,14654898175,15418261503,22749904895,14976305411.47,614230
[status] PUB sent=7402 tps=100 (pubs=1) | SUB recv=34309830 itps=454889.84 p99=13488.90ms conn=31927042047/8431163960.44,5297364417.90,34309830,8000,8000,8000,0,0,0,0,0,0,14864613375,15124660223,15401484287,14892923210.34,454799
[status] PUB sent=7502 tps=100 (pubs=1) | SUB recv=34686659 itps=376819.52 p99=13908.30ms conn=31927042047/8505859696.70,5316618050.26,34686659,8000,8000,8000,0,0,0,0,0,0,15267266559,15804137471,16122904575,15306817194.17,376829
[status] PUB sent=7602 tps=100 (pubs=1) | SUB recv=34993762 itps=307044.01 p99=14126.40ms conn=31927042047/8570390423.24,5337634722.40,34993762,8000,8000,8000,0,0,0,0,0,0,15778971647,16508780543,16986931199,15859004687.60,307103
[status] PUB sent=7702 tps=100 (pubs=1) | SUB recv=35230912 itps=237123.47 p99=14227.10ms conn=31927042047/8624852484.44,5360876321.40,35230912,8000,8000,8000,0,0,0,0,0,0,16584278015,17548967935,18052284415,16661253106.90,237150
[status] PUB sent=7802 tps=100 (pubs=1) | SUB recv=35479454 itps=248501.78 p99=14294.20ms conn=31927042047/8686434726.25,5392465863.60,35479454,8000,8000,8000,0,0,0,0,0,0,17297309695,18488492031,19075694591,17415738192.03,248542
[status] PUB sent=7902 tps=100 (pubs=1) | SUB recv=35823296 itps=344010.43 p99=14369.70ms conn=31927042047/8776775502.02,5444787986.61,35823296,8000,8000,8000,0,0,0,0,0,0,18035507199,19109249023,19696451583,18098619251.24,343842
[status] PUB sent=8002 tps=100 (pubs=1) | SUB recv=36204409 itps=381111.74 p99=14478.70ms conn=31927042047/8875679971.55,5500620624.04,36204409,8000,8000,8000,0,0,0,0,0,0,18203279359,19327352831,20367540223,18172355990.85,381113
[status] PUB sent=8102 tps=100 (pubs=1) | SUB recv=36638815 itps=434359.25 p99=14587.80ms conn=31927042047/8986841638.09,5561555159.14,36638815,8000,8000,8000,0,0,0,0,0,0,18152947711,18522046463,20552089599,18251314136.89,434406
[status] PUB sent=8202 tps=100 (pubs=1) | SUB recv=36719101 itps=80222.44 p99=14613.00ms conn=31927042047/9007630052.33,5573202809.57,36719101,8000,8000,8000,0,0,0,0,0,0,18454937599,18773704703,18924699647,18494500283.93,80286
[status] PUB sent=8302 tps=100 (pubs=1) | SUB recv=36719101 itps=0.00 p99=14613.00ms conn=31927042047/9007630052.33,5573202809.57,36719101,8000,8000,8000,0,0,0,0,0,0,0,0,0,0.00,0
[status] PUB sent=8402 tps=100 (pubs=1) | SUB recv=36719101 itps=0.00 p99=14613.00ms conn=31927042047/9007630052.33,5573202809.57,36719101,8000,8000,8000,0,0,0,0,0,0,0,0,0,0.00,0
[status] PUB sent=8502 tps=100 (pubs=1) | SUB recv=36719101 itps=0.00 p99=14613.00ms conn=31927042047/9007630052.33,5573202809.57,36719101,8000,8000,8000,0,0,0,0,0,0,0,0,0,0.00,0
[status] PUB sent=8602 tps=100 (pubs=1) | SUB recv=36719101 itps=0.00 p99=14613.00ms conn=31927042047/9007630052.33,5573202809.57,36719101,8000,8000,8000,0,0,0,0,0,0,0,0,0,0.00,0
[status] PUB sent=8701 tps=100 (pubs=1) | SUB recv=36719101 itps=0.00 p99=14613.00ms conn=31927042047/9007630052.33,5573202809.57,36719101,8000,8000,8000,0,0,0,0,0,0,0,0,0,0.00,0
[status] PUB sent=8802 tps=100 (pubs=1) | SUB recv=36719101 itps=0.00 p99=14613.00ms conn=31927042047/9007630052.33,5573202809.57,36719101,8000,8000,8000,0,0,0,0,0,0,0,0,0,0.00,0
[status] PUB sent=8902 tps=100 (pubs=1) | SUB recv=36996428 itps=277337.02 p99=14663.30ms conn=31927042047/9125068103.29,5714826197.75,36996428,8000,8000,8000,0,0,0,0,0,0,24813502463,25887244287,26105348095,24674292139.92,277327
[status] PUB sent=9002 tps=100 (pubs=1) | SUB recv=37392663 itps=396131.16 p99=14713.60ms conn=31927042047/9297680081.89,5924886462.37,37392663,8000,8000,8000,0,0,0,0,0,0,25534922751,26776436735,27044872191,25414445734.75,396235
[status] PUB sent=9102 tps=100 (pubs=1) | SUB recv=37824746 itps=431806.39 p99=14780.70ms conn=32447135743/9492975427.76,6165665488.64,37824746,8000,8000,8000,0,0,0,0,0,0,26541555711,27833401343,28168945663,26393925137.92,432083
[status] PUB sent=9202 tps=100 (pubs=1) | SUB recv=38592810 itps=768609.15 p99=14965.30ms conn=40567308287/9853788385.39,6610271808.08,38592810,8000,8000,8000,0,0,0,0,0,0,27732738047,29175578623,30031216639,27622696283.36,768064
[status] PUB sent=9302 tps=100 (pubs=1) | SUB recv=39416814 itps=823898.73 p99=15309.20ms conn=40567308287/10209024302.84,6979292261.61,39416811,8000,8000,8000,0,0,0,0,0,0,26709327871,28403826687,28974252031,26846810261.06,824001
[status] PUB sent=9402 tps=100 (pubs=1) | SUB recv=40216361 itps=799669.42 p99=15762.20ms conn=40567308287/10548171162.52,7309415414.27,40216361,8000,8000,8000,0,0,0,0,0,0,26977763327,28974252031,29527900159,27267685476.06,799550
[status] PUB sent=9502 tps=100 (pubs=1) | SUB recv=40564197 itps=347863.58 p99=16030.60ms conn=40567308287/10690828610.49,7438158055.42,40564197,8000,8000,8000,0,0,0,0,0,0,27044872191,28823257087,29779558399,27184703387.13,347836
[status] PUB sent=9602 tps=100 (pubs=1) | SUB recv=40980764 itps=416537.16 p99=16299.10ms conn=40567308287/10863091750.44,7593115887.63,40980764,8000,8000,8000,0,0,0,0,0,0,27531411455,28185722879,30014439423,27637622485.70,416567
[status] PUB sent=9702 tps=100 (pubs=1) | SUB recv=41380840 itps=400146.91 p99=16500.40ms conn=40567308287/11029625385.27,7742083243.68,41380840,8000,8000,8000,0,0,0,0,0,0,28034727935,28353495039,29762781183,28088073247.97,400076
[status] PUB sent=9802 tps=100 (pubs=1) | SUB recv=41809414 itps=428609.37 p99=16651.40ms conn=40567308287/11208978385.05,7901408872.21,41809414,8000,8000,8000,0,0,0,0,0,0,28538044415,28789702655,29561454591,28526355984.29,428574
[status] PUB sent=9902 tps=100 (pubs=1) | SUB recv=42162037 itps=352595.22 p99=16827.50ms conn=40567308287/11358115112.81,8034189649.53,42162037,8000,8000,8000,0,0,0,0,0,0,29041360895,29494345727,30182211583,29040793762.22,352623
[status] PUB sent=10002 tps=100 (pubs=1) | SUB recv=42484853 itps=322737.35 p99=16953.40ms conn=40567308287/11496686371.55,8158864386.58,42484853,8000,8000,8000,0,0,0,0,0,0,29561454591,30148657151,31406948351,29595066062.67,322816
[status] PUB sent=10102 tps=100 (pubs=1) | SUB recv=42806217 itps=321476.89 p99=17121.10ms conn=40567308287/11638180400.20,8289508830.59,42806217,8000,8000,8000,0,0,0,0,0,0,30333206527,31104958463,32564576255,30343925310.69,321364
[status] PUB sent=10202 tps=100 (pubs=1) | SUB recv=43190319 itps=383732.60 p99=17280.50ms conn=40567308287/11808059344.40,8445253619.29,43190319,8000,8000,8000,0,0,0,0,0,0,30719082495,31021072383,32463912959,30740204839.81,384102
[status] PUB sent=10302 tps=100 (pubs=1) | SUB recv=43562137 itps=371844.44 p99=17481.90ms conn=40567308287/11974289198.10,8597953278.68,43562137,8000,8000,8000,0,0,0,0,0,0,31188844543,31591497727,33302773759,31283522233.00,371818
[status] PUB sent=10402 tps=100 (pubs=1) | SUB recv=43994290 itps=432429.50 p99=17632.90ms conn=40567308287/12168601562.80,8775273348.69,43994290,8000,8000,8000,0,0,0,0,0,0,31708938239,32027705343,33017561087,31755789091.16,432153
[status] PUB sent=10502 tps=100 (pubs=1) | SUB recv=44357400 itps=363043.82 p99=17750.30ms conn=40567308287/12332705996.09,8924040731.84,44357400,8000,8000,8000,0,0,0,0,0,0,32212254719,32648462335,33034338303,32215545985.53,363110
[status] PUB sent=10602 tps=100 (pubs=1) | SUB recv=44685809 itps=328271.63 p99=17817.40ms conn=40567308287/12483075343.70,9061355507.63,44685809,8000,8000,8000,0,0,0,0,0,0,32749125631,33386659839,33957085183,32793095165.20,328409
[status] PUB sent=10702 tps=100 (pubs=1) | SUB recv=44930785 itps=244983.79 p99=17884.50ms conn=41842376703/12597621221.56,9168160957.58,44930785,8000,8000,8000,0,0,0,0,0,0,33420214271,34309406719,35467034623,33491811754.90,244976
[status] PUB sent=10802 tps=100 (pubs=1) | SUB recv=45230664 itps=300055.35 p99=17968.40ms conn=41842376703/12740656120.20,9304024041.19,45230664,8000,8000,8000,0,0,0,0,0,0,34074525695,35131490303,36104568831,34171534167.26,299879
[status] PUB sent=10902 tps=100 (pubs=1) | SUB recv=45531692 itps=301029.58 p99=18035.50ms conn=43855642623/12886955555.45,9445157362.71,45531692,8000,8000,8000,0,0,0,0,0,0,34762391551,36104568831,37144756223,34869032303.86,301028
[status] PUB sent=11002 tps=100 (pubs=1) | SUB recv=46299119 itps=437161.01 p99=18186.50ms conn=43855642623/13264819020.76,9808548520.21,46299119,8000,8000,8000,0,0,0,0,0,0,35869687807,36339449855,37748735999,35922254095.10,437179
[status] PUB sent=11202 tps=100 (pubs=1) | SUB recv=46607421 itps=308413.50 p99=18270.40ms conn=43855642623/13416406675.63,9950995487.93,46607421,8000,8000,8000,0,0,0,0,0,0,36171677695,36440113151,36742103039,36181016934.18,308302
[status] PUB sent=11302 tps=100 (pubs=1) | SUB recv=46607421 itps=0.00 p99=18270.40ms conn=43855642623/13416406675.63,9950995487.93,46607421,8000,8000,8000,0,0,0,0,0,0,0,0,0,0.00,0
[status] PUB sent=11402 tps=100 (pubs=1) | SUB recv=46607421 itps=0.00 p99=18270.40ms conn=43855642623/13416406675.63,9950995487.93,46607421,8000,8000,8000,0,0,0,0,0,0,0,0,0,0.00,0
[status] PUB sent=11502 tps=100 (pubs=1) | SUB recv=46607421 itps=0.00 p99=18270.40ms conn=43855642623/13416406675.63,9950995487.93,46607421,8000,8000,8000,0,0,0,0,0,0,0,0,0,0.00,0
[status] PUB sent=11602 tps=100 (pubs=1) | SUB recv=46865430 itps=257967.62 p99=18320.70ms conn=43855642623/13553855182.01,10096821721.54,46865430,8000,8000,8000,0,0,0,0,0,0,39493566463,40533753855,41271951359,38382913093.64,258009
[status] PUB sent=11702 tps=100 (pubs=1) | SUB recv=47363008 itps=497526.42 p99=18454.90ms conn=44728057855/13808557559.02,10351959387.98,47363008,8000,8000,8000,0,0,0,0,0,0,40030437375,41204842495,41506832383,37798236404.04,497578
[status] PUB sent=11802 tps=100 (pubs=1) | SUB recv=47855702 itps=492810.77 p99=18689.80ms conn=46305116159/14061228262.13,10601691326.66,47855702,8000,8000,8000,0,0,0,0,0,0,41003515903,42144366591,42479910911,38350634126.17,492694
[status] PUB sent=11902 tps=100 (pubs=1) | SUB recv=48364721 itps=508771.85 p99=19025.40ms conn=50130321407/14323397983.72,10858351059.29,48364721,8000,8000,8000,0,0,0,0,0,0,41909485567,43419435007,43989860351,38971428941.00,509019

=== Summary (fanout_steady_20260701_221853_zenoh_p1024_s8000_u1_r100) ===
Publishers: 1 | Subscribers: 8000
=== Summary ===
Publisher: sent=12002 total_tps=100.02 connections=1 active=1
Subscriber: recv=49397541 total_tps=411785.00 p50=4777.31ms p95=11676.90ms p99=24964.50ms connections=50130321407 active=14748299675.78,11140109875.42,49397542,8000,8000,8000,0,0,0,0,0,0,33504100351,42983227391,43721424895,34645505279.53,1032821
Fanout run complete. Artifacts at artifacts/fanout_steady_20260701_221853_zenoh_p1024_s8000_u1_r100/fanout_singlesite
Stopping subscribers (2010131) and publishers (2010316)
[22:21:55] Sleeping 65s between runs...
[22:23:00] Full restarting services: router1
[22:23:00] Cleaning up orphan mq-bench processes...
[22:23:01] [remote] ubuntu@192.168.0.245: cd /home/ubuntu && docker compose down
 Container router1 Stopping 
 Container router1 Stopped 
 Container router1 Removing 
 Container router1 Removed 
 Network ubuntu_default Removing 
 Network ubuntu_default Removed 
[22:23:13] Waiting 10s for connections to settle...
[22:23:23] [remote] ubuntu@192.168.0.245: cd /home/ubuntu && docker compose up -d router1
 Network ubuntu_default Creating 
 Network ubuntu_default Created 
 Container router1 Creating 
 Container router1 Created 
 Container router1 Starting 
 Container router1 Started 
[22:23:29] Waiting for 192.168.0.245:7447...
[22:23:29] Port 192.168.0.245:7447 is open.
[22:23:29] Run: transport=zenoh subs=9000 pubs=1 payload=1024B publish_rate=100/s delivery_rate=900000/s
[22:23:29] Starting remote stats collector on ubuntu@192.168.0.245 for 140s...
[run_fanout] Run ID: fanout_steady_20260701_222329_zenoh_p1024_s9000_u1_r100 | ENGINE=zenoh | PUBS=1 SUBS=9000 SUB_RAMP_UP_SECS=60 RATE=100 DURATION=120s
[monitor] Capturing docker stats for: router1 → artifacts/fanout_steady_20260701_222329_zenoh_p1024_s9000_u1_r100/fanout_singlesite/docker_stats.csv
[monitor] Skipping unknown container 'router1'
[monitor] No valid containers found to monitor
Starting 9000 subscribers → bench/topic (aggregated CSV)
[sub] zenoh → bench/topic (subs=9000, ramp_up=60s, fast_count=0, latency_sample_rate=1000)
[cmd] ./target/release/mq-bench --snapshot-interval 1 sub --engine zenoh --endpoint tcp/192.168.0.245:7447 --expr bench/topic --subscribers 9000 --ramp-up-secs 60 --csv artifacts/fanout_steady_20260701_222329_zenoh_p1024_s9000_u1_r100/fanout_singlesite/sub_agg.csv 
       1>artifacts/fanout_steady_20260701_222329_zenoh_p1024_s9000_u1_r100/fanout_singlesite/sub.log 2>&1 &
[sub] Waiting 60s for subscriber ramp-up before starting publishers
Running 1 publishers → bench/topic (rate=100)
[pub] zenoh → bench/topic (payload=1024, rate=100, dur=120s)
[cmd] ./target/release/mq-bench --snapshot-interval 1 pub --engine zenoh --endpoint tcp/192.168.0.245:7447 --topic-prefix bench/topic --publishers 1 --payload 1024 --rate 100 --duration 120 --csv artifacts/fanout_steady_20260701_222329_zenoh_p1024_s9000_u1_r100/fanout_singlesite/pub_0.csv 
       1>artifacts/fanout_steady_20260701_222329_zenoh_p1024_s9000_u1_r100/fanout_singlesite/pub_0.log 2>&1 &
[watch] printing status every 1s...
[status] PUB sent=0 tps=0 (pubs=1) | SUB recv=0 itps=0.00 p99=0.00ms conn=0/0.00,0.00,0,7880,7880,7880,0,0,0,0,0,0,0,0,0,0.00,0
[status] PUB sent=102 tps=102 (pubs=1) | SUB recv=445321 itps=445587.38 p99=396.36ms conn=476053503/362123957.69,52675061.82,445321,8015,8015,8016,0,0,0,0,0,0,370671615,433324031,452984831,362123957.69,445321
[status] PUB sent=202 tps=101 (pubs=1) | SUB recv=1023358 itps=578117.20 p99=594.02ms conn=746061823/480411319.27,127882521.65,1023358,8154,8154,8154,0,0,0,0,0,0,578289663,705167359,724566015,571540167.67,578037
[status] PUB sent=302 tps=101 (pubs=1) | SUB recv=1402487 itps=379141.11 p99=742.39ms conn=1263534079/603943755.20,248343762.38,1402487,8291,8291,8292,0,0,0,0,0,0,854589439,1234173951,1248854015,937386743.13,379129
[status] PUB sent=402 tps=101 (pubs=1) | SUB recv=1882045 itps=479557.13 p99=1269.83ms conn=1719664639/828923853.12,443803808.81,1882045,8430,8430,8431,0,0,0,0,0,0,1474297855,1666187263,1700790271,1486887358.25,479558
[status] PUB sent=502 tps=100 (pubs=1) | SUB recv=2303247 itps=421065.67 p99=1520.44ms conn=2195718143/1030521573.34,588348993.71,2303247,8569,8569,8569,0,0,0,0,0,0,1887436799,2149580799,2170552319,1931314972.59,421202
[status] PUB sent=601 tps=100 (pubs=1) | SUB recv=2745680 itps=442375.13 p99=1866.47ms conn=2701131775/1261242376.96,755032673.97,2745680,8707,8707,8708,0,0,0,0,0,0,2472542207,2663383039,2688548863,2462344009.89,442433
[status] PUB sent=702 tps=100 (pubs=1) | SUB recv=3286746 itps=541199.93 p99=2405.43ms conn=3099590655/1527634272.69,915716515.86,3286746,8845,8845,8845,0,0,0,0,0,0,2868903935,3063939071,3082813439,2879459928.46,541066
[status] PUB sent=802 tps=100 (pubs=1) | SUB recv=3891388 itps=604685.77 p99=2831.16ms conn=3407871999/1788178987.42,1038683285.06,3891388,8983,8983,8983,0,0,0,0,0,0,3206545407,3363831807,3386900479,3204462174.77,604642
[status] PUB sent=902 tps=100 (pubs=1) | SUB recv=4605687 itps=714392.62 p99=3118.47ms conn=4011851775/2054803480.50,1139917126.64,4605687,9000,9000,9000,0,0,0,0,0,0,3512729599,3598712831,3617587199,3507331557.55,714299
[status] PUB sent=1002 tps=100 (pubs=1) | SUB recv=5228864 itps=623178.96 p99=3399.48ms conn=4011851775/2252860412.12,1198458520.41,5228864,9000,9000,9000,0,0,0,0,0,0,3663724543,3890216959,3913285631,3716631114.87,623177
[status] PUB sent=1102 tps=100 (pubs=1) | SUB recv=5837765 itps=608909.72 p99=3546.28ms conn=4261412863/2440435684.98,1261099227.30,5837765,9000,9000,9000,0,0,0,0,0,0,4097835007,4227858431,4246732799,4051215748.63,608901
[status] PUB sent=1202 tps=100 (pubs=1) | SUB recv=6391729 itps=553902.69 p99=3613.39ms conn=4693426175/2609744528.52,1325164059.61,6391729,9000,9000,9000,0,0,0,0,0,0,4391436287,4580179967,4601151487,4393949352.33,553964
[status] PUB sent=1302 tps=100 (pubs=1) | SUB recv=6868115 itps=476436.59 p99=3869.25ms conn=5138022399/2766973595.92,1402642588.34,6868115,9000,9000,9000,0,0,0,0,0,0,4827643903,5087690751,5104467967,4876535148.35,476386
[status] PUB sent=1402 tps=100 (pubs=1) | SUB recv=7573098 itps=704970.96 p99=4169.14ms conn=5460983807/2989616876.78,1505905241.47,7573098,9000,9000,9000,0,0,0,0,0,0,5133828095,5289017343,5309988863,5158661601.15,704983
[status] PUB sent=1502 tps=100 (pubs=1) | SUB recv=8317831 itps=744692.75 p99=4508.88ms conn=5515509759/3202151356.82,1588800158.59,8317831,9000,9000,9000,0,0,0,0,0,0,5360320511,5456789503,5486149631,5363388264.15,744733
[status] PUB sent=1602 tps=100 (pubs=1) | SUB recv=8788067 itps=470077.47 p99=4810.87ms conn=5951717375/3334959420.56,1643968815.25,8788067,9000,9000,9000,0,0,0,0,0,0,5729419263,5884608511,5926551551,5684152229.43,470236
[status] PUB sent=1702 tps=100 (pubs=1) | SUB recv=9309218 itps=521363.01 p99=5087.69ms conn=6400507903/3491015332.19,1721260021.18,9309218,9000,9000,9000,0,0,0,0,0,0,6106906623,6345981951,6371147775,6122555532.94,521151
[status] PUB sent=1802 tps=100 (pubs=1) | SUB recv=10000025 itps=690630.55 p99=5268.05ms conn=6887047167/3695099919.84,1822002951.80,10000025,9000,9000,9000,0,0,0,0,0,0,6425673727,6585057279,6610223103,6445315127.34,690807
[status] PUB sent=1902 tps=100 (pubs=1) | SUB recv=10442997 itps=443084.74 p99=5339.35ms conn=7210008575/3829911230.64,1894644641.28,10442997,9000,9000,9000,0,0,0,0,0,0,6908018687,7008681983,7075790847,6873255907.63,442972
[status] PUB sent=2002 tps=100 (pubs=1) | SUB recv=10578815 itps=135805.53 p99=5360.32ms conn=7952400383/3877386299.53,1928121240.68,10578815,9000,9000,9000,0,0,0,0,0,0,7528775679,7910457343,7939817471,7527727212.09,135818
[status] PUB sent=2102 tps=100 (pubs=1) | SUB recv=10716763 itps=137915.75 p99=5377.10ms conn=8799649791/3935247996.45,1981743872.97,10716763,9000,9000,9000,0,0,0,0,0,0,8371830783,8757706751,8791261183,8372486573.47,137948
[status] PUB sent=2202 tps=100 (pubs=1) | SUB recv=11182618 itps=465806.76 p99=5481.96ms conn=9613344767/4154155837.35,2206008884.27,11182618,9000,9000,9000,0,0,0,0,0,0,9219080191,9277800447,9319743487,9190022039.84,465855
[status] PUB sent=2302 tps=100 (pubs=1) | SUB recv=11808880 itps=626371.91 p99=5997.85ms conn=9789505535/4436732858.64,2456538880.11,11808880,9000,9000,9000,0,0,0,0,0,0,9487515647,9604956159,9621733375,9482465930.00,626262
[status] PUB sent=2402 tps=100 (pubs=1) | SUB recv=12563121 itps=754328.76 p99=6379.54ms conn=9965666303/4749178351.42,2683447056.03,12563121,9000,9000,9000,0,0,0,0,0,0,9638510591,9730785279,9764339711,9641025030.09,754241
[status] PUB sent=2502 tps=100 (pubs=1) | SUB recv=13282714 itps=719688.95 p99=6580.86ms conn=10326376447/5025970871.89,2854567257.43,13282708,9000,9000,9000,0,0,0,0,0,0,9865003007,9940500479,10015997951,9858434391.28,719587
[status] PUB sent=2602 tps=100 (pubs=1) | SUB recv=14034160 itps=751451.93 p99=7621.05ms conn=10393485311/5292555992.36,2994753911.65,14034160,9000,9000,9000,0,0,0,0,0,0,10007609343,10083106815,10116661247,10004729640.61,751452
[status] PUB sent=2702 tps=100 (pubs=1) | SUB recv=14621462 itps=587290.26 p99=9219.08ms conn=10619977727/5496688657.28,3099093887.31,14621462,9000,9000,9000,0,0,0,0,0,0,10410262527,10494148607,10502537215,10374639831.97,587302
[status] PUB sent=2802 tps=100 (pubs=1) | SUB recv=15195960 itps=574492.18 p99=9445.57ms conn=10880024575/5688163783.99,3189782940.75,15195960,9000,9000,9000,0,0,0,0,0,0,10552868863,10762584063,10812915711,10561368371.39,574498
[status] PUB sent=2902 tps=100 (pubs=1) | SUB recv=15861643 itps=665276.46 p99=9596.57ms conn=11232346111/5911616588.99,3299646214.59,15861643,9000,9000,9000,0,0,0,0,0,0,11031019519,11098128383,11123294207,11012512791.47,665683
[status] PUB sent=3002 tps=100 (pubs=1) | SUB recv=16387092 itps=525624.93 p99=9663.68ms conn=12029263871/6082398972.44,3379273350.09,16387092,9000,9000,9000,0,0,0,0,0,0,11265900543,11450449919,11492392959,11237778841.59,525449
[status] PUB sent=3101 tps=100 (pubs=1) | SUB recv=17061296 itps=674291.69 p99=9839.84ms conn=12029263871/6301499285.51,3483570162.44,17061296,9000,9000,9000,0,0,0,0,0,0,11609833471,11760828415,11777605631,11626915609.98,674204
[status] PUB sent=3202 tps=100 (pubs=1) | SUB recv=17773569 itps=712377.43 p99=9948.89ms conn=12163481599/6524487904.24,3583329693.71,17773569,9000,9000,9000,0,0,0,0,0,0,11895046143,11970543615,11995709439,11865803423.28,712273
[status] PUB sent=3302 tps=100 (pubs=1) | SUB recv=18393810 itps=620255.96 p99=10032.80ms conn=12935233535/6713092546.26,3664312599.53,18393810,9000,9000,9000,0,0,0,0,0,0,12171870207,12280922111,12306087935,12117729806.21,620241
[status] PUB sent=3402 tps=100 (pubs=1) | SUB recv=19063533 itps=669723.79 p99=10032.80ms conn=13396606975/6813703672.99,3653043293.80,19063533,9000,9000,9000,0,0,0,0,0,0,8480882687,12465471487,12490637311,9576968409.11,669723
[status] PUB sent=3502 tps=100 (pubs=1) | SUB recv=19825163 itps=761322.06 p99=9999.22ms conn=13396606975/6880650202.33,3597835571.99,19825163,9000,9000,9000,0,0,0,0,0,0,8547991551,8673820671,8707375103,8556316039.13,761630
[status] PUB sent=3601 tps=100 (pubs=1) | SUB recv=20446657 itps=621741.63 p99=9982.44ms conn=13396606975/6937311927.20,3557189502.88,20446657,9000,9000,9000,0,0,0,0,0,0,8724152319,8942256127,8975810559,8744775766.77,621494
[status] PUB sent=3702 tps=100 (pubs=1) | SUB recv=21098769 itps=651900.26 p99=9940.50ms conn=13396606975/7005374437.87,3522501547.31,21098769,9000,9000,9000,0,0,0,0,0,0,9185525759,9261023231,9277800447,9139441607.62,652112
[status] PUB sent=3802 tps=100 (pubs=1) | SUB recv=21731801 itps=632990.20 p99=9906.95ms conn=13396606975/7075687728.26,3494522405.97,21731801,9000,9000,9000,0,0,0,0,0,0,9445572607,9554624511,9579790335,9419208863.87,633032
[status] PUB sent=3902 tps=100 (pubs=1) | SUB recv=22375309 itps=643677.46 p99=9873.39ms conn=13396606975/7149941357.09,3470884701.31,22375309,9000,9000,9000,0,0,0,0,0,0,9630121983,9823059967,9839837183,9657548232.74,643508
[status] PUB sent=4002 tps=100 (pubs=1) | SUB recv=22523697 itps=148406.54 p99=9890.17ms conn=13396606975/7170019477.66,3468268986.14,22523697,9000,9000,9000,0,0,0,0,0,0,10183770111,10611589119,10653532159,10197583377.29,148388
[status] PUB sent=4102 tps=100 (pubs=1) | SUB recv=22659679 itps=135981.60 p99=9915.33ms conn=13396606975/7193473547.89,3471048477.57,22659679,9000,9000,9000,0,0,0,0,0,0,11081351167,11458838527,11500781567,11078343392.26,135982
[status] PUB sent=4202 tps=100 (pubs=1) | SUB recv=23220461 itps=560607.44 p99=9999.22ms conn=13396606975/7304958511.26,3501361826.37,23220461,9000,9000,9000,0,0,0,0,0,0,11819548671,11895046143,11920211967,11809763378.76,560782
[status] PUB sent=4302 tps=100 (pubs=1) | SUB recv=23951051 itps=730746.98 p99=10049.60ms conn=13396606975/7400861933.06,3492295767.30,23951051,9000,9000,9000,0,0,0,0,0,0,10074718207,11987320831,12012486655,10448976013.05,730590
[status] PUB sent=4402 tps=100 (pubs=1) | SUB recv=24532523 itps=581048.52 p99=10108.30ms conn=13396606975/7468017211.00,3477504102.59,24532523,9000,9000,9000,0,0,0,0,0,0,10217324543,10435428351,10468982783,10234168439.30,581472
[status] PUB sent=4502 tps=100 (pubs=1) | SUB recv=25237898 itps=705900.61 p99=10250.90ms conn=13396606975/7553437311.20,3465389471.22,25237898,9000,9000,9000,0,0,0,0,0,0,10519314431,10645143551,10678697983,10524297595.17,705375
[status] PUB sent=4602 tps=100 (pubs=1) | SUB recv=25523938 itps=285988.45 p99=10318.00ms conn=13396606975/7592840296.05,3465853552.90,25523938,9000,9000,9000,0,0,0,0,0,0,11182014463,11358175231,11374952447,11069446758.43,286040
[status] PUB sent=4702 tps=100 (pubs=1) | SUB recv=25675345 itps=151432.28 p99=10368.30ms conn=13396606975/7617176344.80,3470091101.90,25675345,9000,9000,9000,0,0,0,0,0,0,11710496767,12138315775,12180258815,11719706607.13,151407
[status] PUB sent=4802 tps=100 (pubs=1) | SUB recv=26355307 itps=679640.45 p99=10460.60ms conn=13396606975/7739562658.41,3506645682.83,26355307,9000,9000,9000,0,0,0,0,0,0,12373196799,12465471487,12490637311,12360866238.83,679962
[status] PUB sent=4902 tps=100 (pubs=1) | SUB recv=27039317 itps=684230.09 p99=10519.30ms conn=13396606975/7861351949.16,3543622951.36,27039317,9000,9000,9000,0,0,0,0,0,0,12582911999,12708741119,12750684159,12553964845.47,684010
[status] PUB sent=5002 tps=100 (pubs=1) | SUB recv=27766675 itps=727469.37 p99=10628.40ms conn=13396606975/7990810276.95,3584892474.01,27766675,9000,9000,9000,0,0,0,0,0,0,12809404415,12901679103,12943622143,12803385051.92,727358
[status] PUB sent=5102 tps=100 (pubs=1) | SUB recv=28468048 itps=701250.31 p99=10989.10ms conn=13698596863/8113792774.28,3624061123.63,28468048,9000,9000,9000,0,0,0,0,0,0,13010731007,13119782911,13153337343,12982550246.00,701373
[status] PUB sent=5202 tps=100 (pubs=1) | SUB recv=29145002 itps=676748.56 p99=11081.40ms conn=13933477887/8231046050.48,3661568296.55,29145002,9000,9000,9000,0,0,0,0,0,0,13153337343,13304332287,13413384191,13161915644.08,676954
[status] PUB sent=5302 tps=100 (pubs=1) | SUB recv=29552678 itps=407914.67 p99=11257.50ms conn=14722007039/8305822110.90,3690826900.14,29552678,9000,9000,9000,0,0,0,0,0,0,13673431039,13866369023,14034141183,13651607564.22,407676
[status] PUB sent=5402 tps=100 (pubs=1) | SUB recv=30150981 itps=598101.23 p99=11450.40ms conn=15384707071/8419470448.11,3740332813.09,30150981,9000,9000,9000,0,0,0,0,0,0,14034141183,14201913343,14310965247,14033035338.83,598303
[status] PUB sent=5502 tps=100 (pubs=1) | SUB recv=30597955 itps=447054.77 p99=11593.10ms conn=16441671679/8506335211.33,3780909904.37,30597955,9000,9000,9000,0,0,0,0,0,0,14352908287,14763950079,15032385535,14365865800.35,446974
[status] PUB sent=5602 tps=100 (pubs=1) | SUB recv=31233012 itps=270525.71 p99=11744.10ms conn=17800626175/8641750029.60,3859094986.00,31233012,9000,9000,9000,0,0,0,0,0,0,15510536191,16273899519,16735272959,15570602644.72,270518
[status] PUB sent=5802 tps=100 (pubs=1) | SUB recv=31463010 itps=229987.97 p99=11777.60ms conn=19495124991/8698581933.73,3901780740.32,31463010,9000,9000,9000,0,0,0,0,0,0,16357785599,17381195775,17817403391,16416177493.85,229998
[status] PUB sent=5902 tps=100 (pubs=1) | SUB recv=31715564 itps=252560.78 p99=11802.80ms conn=20015218687/8766705448.30,3960146100.63,31715564,9000,9000,9000,0,0,0,0,0,0,17154703359,18303942655,18740150271,17253487760.46,252554
[status] PUB sent=6002 tps=100 (pubs=1) | SUB recv=31715564 itps=252560.78 p99=11802.80ms conn=20015218687/8766705448.30,3960146100.63,31715564,9000,9000,9000,0,0,0,0,0,0,17154703359,18303942655,18740150271,17253487760.46,252554
[status] PUB sent=6102 tps=100 (pubs=1) | SUB recv=32516348 itps=466436.94 p99=11911.80ms conn=21374173183/8995377466.95,4167902781.40,32516348,9000,9000,9000,0,0,0,0,0,0,18270388223,18589155327,19511902207,18271665584.35,466497
[status] PUB sent=6202 tps=100 (pubs=1) | SUB recv=32869448 itps=353103.15 p99=11945.40ms conn=22582132735/9101079390.09,4267823532.91,32869448,9000,9000,9000,0,0,0,0,0,0,18824036351,19142803455,19428016127,18834980598.96,353100
[status] PUB sent=6302 tps=100 (pubs=1) | SUB recv=33275565 itps=406170.50 p99=11987.30ms conn=23303553023/9226790663.24,4389956230.32,33275565,9000,9000,9000,0,0,0,0,0,0,19344130047,19763560447,20166213631,19401346655.77,406117
[status] PUB sent=6402 tps=100 (pubs=1) | SUB recv=33605477 itps=329744.48 p99=12197.00ms conn=24092082175/9331905893.23,4494208768.68,33605477,9000,9000,9000,0,0,0,0,0,0,19864223743,20434649087,20887633919,19934032121.00,329912
[status] PUB sent=6502 tps=100 (pubs=1) | SUB recv=33875904 itps=270453.36 p99=12247.40ms conn=24964497407/9422310352.56,4588436356.55,33875904,9000,9000,9000,0,0,0,0,0,0,20602421247,21390950399,22095593471,20656709944.59,270427
[status] PUB sent=6602 tps=100 (pubs=1) | SUB recv=34155091 itps=279184.47 p99=12306.10ms conn=26038239231/9520601325.11,4696326337.11,34155091,9000,9000,9000,0,0,0,0,0,0,21357395967,22330474495,23018340351,21447000298.33,279187
[status] PUB sent=6702 tps=100 (pubs=1) | SUB recv=34424799 itps=269611.61 p99=12364.80ms conn=26491224063/9620250060.57,4810655174.28,34424799,9000,9000,9000,0,0,0,0,0,0,22112370687,23219666943,24494735359,22239496162.51,269708
[status] PUB sent=6802 tps=100 (pubs=1) | SUB recv=34844707 itps=420160.47 p99=12415.10ms conn=27632074751/9778121604.89,4990752522.62,34844707,9000,9000,9000,0,0,0,0,0,0,22749904895,22951231487,23873978367,22720709460.47,419908
[status] PUB sent=6902 tps=100 (pubs=1) | SUB recv=35210163 itps=365487.82 p99=12457.10ms conn=27850178559/9917047182.19,5146812547.07,35210163,9000,9000,9000,0,0,0,0,0,0,23152558079,23504879615,23722983423,23163022171.60,365456
[status] PUB sent=7002 tps=100 (pubs=1) | SUB recv=35526768 itps=316615.16 p99=12524.20ms conn=27850178559/10040843586.23,5287600724.56,35526768,9000,9000,9000,0,0,0,0,0,0,23773315071,24326963199,24612175871,23808445376.90,316605
[status] PUB sent=7102 tps=100 (pubs=1) | SUB recv=35898484 itps=371759.74 p99=12650.00ms conn=28001173503/10190000206.75,5458594759.77,35898484,9000,9000,9000,0,0,0,0,0,0,24494735359,24880611327,25283264511,24445648747.20,371716
[status] PUB sent=7202 tps=100 (pubs=1) | SUB recv=36168429 itps=269670.89 p99=12750.70ms conn=28722593791/10301569953.27,5588369364.44,36168429,9000,9000,9000,0,0,0,0,0,0,25149046783,25652363263,26189234175,25138609944.21,269945
[status] PUB sent=7302 tps=100 (pubs=1) | SUB recv=36449972 itps=281760.34 p99=12792.60ms conn=31524388863/10421469815.31,5730322737.96,36449972,9000,9000,9000,0,0,0,0,0,0,25786580991,26508001279,27279753215,25824408789.36,281543
[status] PUB sent=7402 tps=100 (pubs=1) | SUB recv=36721854 itps=271666.47 p99=12834.60ms conn=31524388863/10541279429.34,5875318132.47,36721854,9000,9000,9000,0,0,0,0,0,0,26575110143,27531411455,28202500095,26603604543.66,271882
[status] PUB sent=7502 tps=100 (pubs=1) | SUB recv=37111417 itps=389929.58 p99=12884.90ms conn=31524388863/10715862112.89,6085369011.09,37111417,9000,9000,9000,0,0,0,0,0,0,27128758271,27967619071,28890365951,27172763348.44,389563
[status] PUB sent=7602 tps=100 (pubs=1) | SUB recv=37337832 itps=226275.28 p99=12935.20ms conn=31524388863/10817832805.88,6205791305.76,37337832,9000,9000,9000,0,0,0,0,0,0,27497857023,27665629183,28957474815,27531729453.58,226415
[status] PUB sent=7702 tps=100 (pubs=1) | SUB recv=37337832 itps=0.00 p99=12935.20ms conn=31524388863/10817832805.88,6205791305.76,37337832,9000,9000,9000,0,0,0,0,0,0,0,0,0,0.00,0
[status] PUB sent=7802 tps=100 (pubs=1) | SUB recv=37839586 itps=501886.73 p99=13069.50ms conn=32145145855/11061798215.40,6514022358.80,37839586,9000,9000,9000,0,0,0,0,0,0,29209133055,29880221695,30433869823,29216390853.55,501754
[status] PUB sent=7902 tps=100 (pubs=1) | SUB recv=38361478 itps=521849.01 p99=13144.90ms conn=36003905535/11317858126.01,6827303137.78,38361478,9000,9000,9000,0,0,0,0,0,0,29880221695,30635196415,30970740735,29883387025.58,521892
[status] PUB sent=8002 tps=100 (pubs=1) | SUB recv=38791049 itps=429556.64 p99=13287.60ms conn=36003905535/11527215602.70,7071883294.02,38791049,9000,9000,9000,0,0,0,0,0,0,30182211583,30870077439,31205621759,30223222168.06,429571
[status] PUB sent=8102 tps=100 (pubs=1) | SUB recv=39188465 itps=397471.10 p99=13698.60ms conn=37916508159/11722633664.31,7296132409.72,39188465,9000,9000,9000,0,0,0,0,0,0,30735859711,31541166079,32463912959,30797033294.31,397416
[status] PUB sent=8202 tps=100 (pubs=1) | SUB recv=39536744 itps=348157.32 p99=13933.50ms conn=38956695551/11895952334.81,7493097079.68,39536744,9000,9000,9000,0,0,0,0,0,0,31323062271,32312918015,33252442111,31397824835.47,348279
[status] PUB sent=8302 tps=100 (pubs=1) | SUB recv=39892731 itps=356175.82 p99=14067.70ms conn=38956695551/12075866281.09,7696908505.54,39892731,9000,9000,9000,0,0,0,0,0,0,31994150911,33067892735,34024194047,32057527510.31,355987
[status] PUB sent=8402 tps=100 (pubs=1) | SUB recv=40241250 itps=348529.68 p99=14185.10ms conn=38956695551/12253109207.10,7894688460.03,40241250,9000,9000,9000,0,0,0,0,0,0,32497467391,32866566143,34040971263,32540968317.37,348519
[status] PUB sent=8502 tps=100 (pubs=1) | SUB recv=40644622 itps=403151.79 p99=14453.60ms conn=38956695551/12459725874.51,8121996370.70,40644622,9000,9000,9000,0,0,0,0,0,0,33051115519,33369882623,33621540863,33072244758.44,403372
[status] PUB sent=8602 tps=100 (pubs=1) | SUB recv=40923964 itps=279285.75 p99=14688.50ms conn=38956695551/12604670848.18,8281055995.20,40923964,9000,9000,9000,0,0,0,0,0,0,33604763647,34426847231,37278973951,33694351832.50,279342
[status] PUB sent=8702 tps=100 (pubs=1) | SUB recv=41215427 itps=291691.01 p99=15116.30ms conn=40131100671/12757963335.89,8449343898.01,41215427,9000,9000,9000,0,0,0,0,0,0,34259075071,34930163711,35399925759,34281574390.29,291463
[status] PUB sent=8802 tps=100 (pubs=1) | SUB recv=41462823 itps=247369.63 p99=15544.10ms conn=40131100671/12890905115.07,8597172689.72,41462823,9000,9000,9000,0,0,0,0,0,0,34930163711,36003905535,36540776447,35038604329.54,247396
[status] PUB sent=8902 tps=100 (pubs=1) | SUB recv=41692796 itps=229997.48 p99=16089.40ms conn=42513465343/13018254469.22,8742409640.39,41692796,9000,9000,9000,0,0,0,0,0,0,35903242239,36976984063,38788923391,35978618208.81,229973
[status] PUB sent=9002 tps=100 (pubs=1) | SUB recv=41932976 itps=240179.58 p99=16760.40ms conn=44056969215/13153553182.72,8897829119.74,41932976,9000,9000,9000,0,0,0,0,0,0,36574330879,37748735999,38386270207,36640028580.22,240180
[status] PUB sent=9102 tps=100 (pubs=1) | SUB recv=42193364 itps=260346.66 p99=17414.80ms conn=44660948991/13302949336.64,9070773095.96,42193364,9000,9000,9000,0,0,0,0,0,0,37278973951,38486933503,39191576575,37361759024.78,260388
[status] PUB sent=9202 tps=100 (pubs=1) | SUB recv=42511732 itps=318316.11 p99=17783.80ms conn=44660948991/13488568557.83,9286062535.13,42511732,9000,9000,9000,0,0,0,0,0,0,38017171455,39258685439,39929774079,38088714819.47,318368
[status] PUB sent=9302 tps=100 (pubs=1) | SUB recv=42718720 itps=206901.14 p99=17985.20ms conn=44660948991/13611142587.91,9428759762.91,42718720,9000,9000,9000,0,0,0,0,0,0,38520487935,40399536127,41137733631,38785714624.21,206988
[status] PUB sent=9402 tps=100 (pubs=1) | SUB recv=42729414 itps=10700.39 p99=18002.00ms conn=46707769343/13617967937.80,9437455954.20,42729414,9000,9000,9000,0,0,0,0,0,0,40869298175,42110812159,44493176831,40882809059.13,10694
[status] PUB sent=9502 tps=100 (pubs=1) | SUB recv=43082571 itps=353198.19 p99=18320.70ms conn=46707769343/13837831695.37,9704873269.10,43082571,9000,9000,9000,0,0,0,0,0,0,40433090559,40634417151,40701526015,40439738272.40,353157
[status] PUB sent=9602 tps=100 (pubs=1) | SUB recv=43476506 itps=393839.20 p99=18723.40ms conn=46707769343/14084104912.07,9998229553.25,43476499,9000,9000,9000,0,0,0,0,0,0,41070624767,41204842495,41305505791,41018172415.98,393928
[status] PUB sent=9702 tps=100 (pubs=1) | SUB recv=43908592 itps=432114.00 p99=19260.20ms conn=46707769343/14352524074.50,10306821419.80,43908592,9000,9000,9000,0,0,0,0,0,0,41339060223,41708158975,41976594431,41360426185.81,432093
[status] PUB sent=9801 tps=100 (pubs=1) | SUB recv=44197200 itps=288592.43 p99=19495.10ms conn=46707769343/14532791395.87,10511018041.55,44197200,9000,9000,9000,0,0,0,0,0,0,41943039999,42580574207,42849009663,41958518558.29,288608
[status] PUB sent=9902 tps=100 (pubs=1) | SUB recv=44479238 itps=282053.71 p99=19780.30ms conn=46707769343/14710594154.73,10711484954.19,44479238,9000,9000,9000,0,0,0,0,0,0,42513465343,43318771711,43721424895,42573449848.69,282038
[status] PUB sent=10002 tps=100 (pubs=1) | SUB recv=44716107 itps=236696.27 p99=20132.70ms conn=46707769343/14862920130.75,10885144259.15,44716107,9000,9000,9000,0,0,0,0,0,0,43419435007,44392513535,44761612287,43466677232.70,236869
[status] PUB sent=10101 tps=100 (pubs=1) | SUB recv=44958832 itps=242825.71 p99=20568.90ms conn=49291460607/15021467437.75,11067012197.42,44958832,9000,9000,9000,0,0,0,0,0,0,44191186943,45197819903,45600473087,44229906387.70,242725
[status] PUB sent=10202 tps=100 (pubs=1) | SUB recv=45218339 itps=259595.30 p99=21223.20ms conn=49794777087/15192964689.91,11263778638.06,45218339,9000,9000,9000,0,0,0,0,0,0,44795166719,46036680703,46506442751,44904364184.24,259507
[status] PUB sent=10302 tps=100 (pubs=1) | SUB recv=45519387 itps=300886.24 p99=21776.80ms conn=50398756863/15394485974.80,11495001183.71,45519387,9000,9000,9000,0,0,0,0,0,0,45566918655,46808432639,47412412415,45663605104.01,301048
[status] PUB sent=10402 tps=100 (pubs=1) | SUB recv=45883607 itps=364401.98 p99=22447.90ms conn=50398756863/15639907205.66,11773517074.54,45883607,9000,9000,9000,0,0,0,0,0,0,46204452863,47546630143,48117055487,46312094306.32,364220
[status] PUB sent=10502 tps=100 (pubs=1) | SUB recv=46271491 itps=388001.63 p99=22817.00ms conn=50398756863/15856747761.38,11967267030.83,46271491,9000,9000,9000,0,0,0,0,0,0,37111201791,46741323775,48620371967,41507269154.60,387884
[status] PUB sent=10602 tps=100 (pubs=1) | SUB recv=46639357 itps=367858.28 p99=23135.80ms conn=50667192319/16027687726.21,12073532827.48,46639357,9000,9000,9000,0,0,0,0,0,0,37480300543,37681627135,37748735999,37529123151.96,367866
[status] PUB sent=10702 tps=100 (pubs=1) | SUB recv=46989833 itps=350420.87 p99=23538.40ms conn=50667192319/16191549285.62,12176056364.02,46989833,9000,9000,9000,0,0,0,0,0,0,37983617023,38285606911,38453379071,37997315637.43,350476
[status] PUB sent=10802 tps=100 (pubs=1) | SUB recv=47369697 itps=379615.47 p99=24142.40ms conn=50667192319/16370761274.41,12289860343.96,47369697,9000,9000,9000,0,0,0,0,0,0,38520487935,38889586687,39225131007,38539593868.31,379864
[status] PUB sent=10902 tps=100 (pubs=1) | SUB recv=47726084 itps=356426.34 p99=24561.80ms conn=50667192319/16540523204.84,12399346177.92,47726084,9000,9000,9000,0,0,0,0,0,0,39090913279,39627784191,39996882943,39104677360.03,356387
[status] PUB sent=11001 tps=100 (pubs=1) | SUB recv=47977929 itps=252034.79 p99=25065.20ms conn=50667192319/16662578617.19,12480411209.17,47977929,9000,9000,9000,0,0,0,0,0,0,39795556351,40500199423,41037070335,39792785141.90,251845
[status] PUB sent=11101 tps=100 (pubs=1) | SUB recv=48535541 itps=282162.47 p99=25400.70ms conn=56170119167/16816296469.69,12554073627.76,48535541,9000,9000,9000,0,0,0,0,0,0,17431527423,42345693183,42781900799,23366677182.53,282217
[status] PUB sent=11302 tps=100 (pubs=1) | SUB recv=48890200 itps=354814.01 p99=25266.50ms conn=56170119167/16842559903.75,12528081469.83,48890200,9000,9000,9000,0,0,0,0,0,0,18035507199,42714791935,43419435007,20436744684.84,354659
[status] PUB sent=11402 tps=100 (pubs=1) | SUB recv=49304526 itps=414307.26 p99=25081.90ms conn=56170119167/16856955398.61,12477182664.72,49304526,9000,9000,9000,0,0,0,0,0,0,18421383167,18790481919,19042140159,18555614481.33,414326
[status] PUB sent=11502 tps=100 (pubs=1) | SUB recv=49632972 itps=328420.21 p99=24847.10ms conn=56170119167/16871609438.42,12437564186.72,49632972,9000,9000,9000,0,0,0,0,0,0,18991808511,19545456639,19847446527,19071394142.53,328446
[status] PUB sent=11602 tps=100 (pubs=1) | SUB recv=49968130 itps=335140.45 p99=24595.40ms conn=56170119167/16890306297.38,12398278086.08,49968130,9000,9000,9000,0,0,0,0,0,0,19545456639,20233322495,20652752895,19659091996.04,335158
[status] PUB sent=11702 tps=100 (pubs=1) | SUB recv=50211077 itps=242872.18 p99=24545.10ms conn=56170119167/16908423442.04,12372145388.14,50211077,9000,9000,9000,0,0,0,0,0,0,20367540223,21407727615,22162702335,20634667600.36,242947
[status] PUB sent=11802 tps=100 (pubs=1) | SUB recv=50507519 itps=296472.10 p99=24478.00ms conn=56170119167/16934460180.76,12341713309.33,50507519,9000,9000,9000,0,0,0,0,0,0,21088960511,22112370687,22984785919,21344539361.26,296442
[status] PUB sent=11902 tps=100 (pubs=1) | SUB recv=50748731 itps=241237.79 p99=24343.70ms conn=56170119167/16958670359.73,12318264721.61,50748731,9000,9000,9000,0,0,0,0,0,0,21776826367,22951231487,23756537855,22028053617.76,241212
[status] PUB sent=12002 tps=100 (pubs=1) | SUB recv=51138067 itps=389510.61 p99=24176.00ms conn=56170119167/17002123904.16,12282341159.36,51138067,9000,9000,9000,0,0,0,0,0,0,22481469439,23571988479,24343740415,22666157636.46,389336
[status] PUB sent=12002 tps=99 (pubs=1) | SUB recv=51556327 itps=418166.58 p99=24058.50ms conn=56170119167/17051508494.88,12244830005.46,51556327,9000,9000,9000,0,0,0,0,0,0,23035117567,23404216319,24830279679,23089457400.64,418260
[status] PUB sent=12002 tps=98 (pubs=1) | SUB recv=51860454 itps=303947.85 p99=23857.20ms conn=56170119167/17088671717.87,12218614398.83,51860454,9000,9000,9000,0,0,0,0,0,0,23370661887,23555211263,23672651775,23388669011.34,304127
[status] PUB sent=12002 tps=98 (pubs=1) | SUB recv=52043542 itps=183220.92 p99=24092.10ms conn=56170119167/17114372382.84,12204781202.34,52043542,9000,9000,9000,0,0,0,0,0,0,24410849279,24830279679,24964497407,24394194946.15,183088
[status] PUB sent=12002 tps=97 (pubs=1) | SUB recv=52584699 itps=540978.95 p99=24494.70ms conn=56170119167/17193872806.53,12166922423.44,52584699,9000,9000,9000,0,0,0,0,0,0,24847056895,25467813887,25652363263,24839498085.22,541157
[status] PUB sent=12002 tps=96 (pubs=1) | SUB recv=53123465 itps=538852.33 p99=24779.90ms conn=56170119167/17277026968.93,12133016240.29,53123465,9000,9000,9000,0,0,0,0,0,0,25350373375,26038239231,26608664575,25393048768.39,538766
[status] PUB sent=12002 tps=95 (pubs=1) | SUB recv=53469026 itps=345660.81 p99=25014.80ms conn=56170119167/17331723511.70,12112786266.75,53469026,9000,9000,9000,0,0,0,0,0,0,25635586047,26575110143,27179089919,25740281986.43,345561
[status] PUB sent=12002 tps=95 (pubs=1) | SUB recv=53753400 itps=284290.39 p99=25182.60ms conn=56170119167/17380581729.04,12099308426.56,53753400,9000,9000,9000,0,0,0,0,0,0,26508001279,27548188671,28152168447,26567080119.83,284374

=== Summary (fanout_steady_20260701_222329_zenoh_p1024_s9000_u1_r100) ===
Publishers: 1 | Subscribers: 9000
=== Summary ===
Publisher: sent=12002 total_tps=94.51 connections=1 active=1
Subscriber: recv=54129727 total_tps=422996.31 p50=9244.25ms p95=12708.70ms p99=25350.40ms connections=56170119167 active=17448341618.35,12084381381.85,54129727,9000,9000,9000,0,0,0,0,0,0,27044872191,27799846911,28772925439,27126957380.68,376327
Fanout run complete. Artifacts at artifacts/fanout_steady_20260701_222329_zenoh_p1024_s9000_u1_r100/fanout_singlesite
Stopping subscribers (2011853) and publishers (2012053)
[22:26:38] Sleeping 65s between runs...
[22:27:43] Full restarting services: router1
[22:27:43] Cleaning up orphan mq-bench processes...
[22:27:45] [remote] ubuntu@192.168.0.245: cd /home/ubuntu && docker compose down
 Container router1 Stopping 
 Container router1 Stopped 
 Container router1 Removing 
 Container router1 Removed 
 Network ubuntu_default Removing 
 Network ubuntu_default Removed 
[22:27:56] Waiting 10s for connections to settle...
[22:28:06] [remote] ubuntu@192.168.0.245: cd /home/ubuntu && docker compose up -d router1
 Network ubuntu_default Creating 
 Network ubuntu_default Created 
 Container router1 Creating 
 Container router1 Created 
 Container router1 Starting 
 Container router1 Started 
[22:28:12] Waiting for 192.168.0.245:7447...
[22:28:12] Port 192.168.0.245:7447 is open.
[22:28:12] Run: transport=zenoh subs=10000 pubs=1 payload=1024B publish_rate=100/s delivery_rate=1000000/s
[22:28:12] Starting remote stats collector on ubuntu@192.168.0.245 for 140s...
[run_fanout] Run ID: fanout_steady_20260701_222812_zenoh_p1024_s10000_u1_r100 | ENGINE=zenoh | PUBS=1 SUBS=10000 SUB_RAMP_UP_SECS=60 RATE=100 DURATION=120s
[monitor] Capturing docker stats for: router1 → artifacts/fanout_steady_20260701_222812_zenoh_p1024_s10000_u1_r100/fanout_singlesite/docker_stats.csv
[monitor] Skipping unknown container 'router1'
[monitor] No valid containers found to monitor
Starting 10000 subscribers → bench/topic (aggregated CSV)
[sub] zenoh → bench/topic (subs=10000, ramp_up=60s, fast_count=0, latency_sample_rate=1000)
[cmd] ./target/release/mq-bench --snapshot-interval 1 sub --engine zenoh --endpoint tcp/192.168.0.245:7447 --expr bench/topic --subscribers 10000 --ramp-up-secs 60 --csv artifacts/fanout_steady_20260701_222812_zenoh_p1024_s10000_u1_r100/fanout_singlesite/sub_agg.csv 
       1>artifacts/fanout_steady_20260701_222812_zenoh_p1024_s10000_u1_r100/fanout_singlesite/sub.log 2>&1 &
[sub] Waiting 60s for subscriber ramp-up before starting publishers
Running 1 publishers → bench/topic (rate=100)
[pub] zenoh → bench/topic (payload=1024, rate=100, dur=120s)
[cmd] ./target/release/mq-bench --snapshot-interval 1 pub --engine zenoh --endpoint tcp/192.168.0.245:7447 --topic-prefix bench/topic --publishers 1 --payload 1024 --rate 100 --duration 120 --csv artifacts/fanout_steady_20260701_222812_zenoh_p1024_s10000_u1_r100/fanout_singlesite/pub_0.csv 
       1>artifacts/fanout_steady_20260701_222812_zenoh_p1024_s10000_u1_r100/fanout_singlesite/pub_0.log 2>&1 &
[watch] printing status every 1s...
[status] PUB sent=0 tps=0 (pubs=1) | SUB recv=0 itps=0.00 p99=0.00ms conn=0/0.00,0.00,0,8595,8595,8598,0,0,0,0,0,0,0,0,0,0.00,0
[status] PUB sent=102 tps=102 (pubs=1) | SUB recv=339413 itps=339613.65 p99=553.12ms conn=662175743/424442047.81,140496471.12,339413,8741,8741,8741,0,0,0,0,0,0,454295551,611319807,632815615,424442047.81,339413
[status] PUB sent=202 tps=101 (pubs=1) | SUB recv=826979 itps=487572.21 p99=869.79ms conn=1069547519/654309324.36,233245855.52,826979,8883,8883,8884,0,0,0,0,0,0,834666495,998768639,1041760255,814328566.75,487566
[status] PUB sent=302 tps=101 (pubs=1) | SUB recv=1406264 itps=579316.94 p99=1139.80ms conn=1430257663/869695107.41,318583837.58,1406264,9026,9026,9026,0,0,0,0,0,0,1172307967,1370488831,1407188991,1177176777.88,579285
[status] PUB sent=402 tps=101 (pubs=1) | SUB recv=1862455 itps=456169.39 p99=1389.36ms conn=1937768447/1050931410.17,429547453.82,1862455,9169,9169,9169,0,0,0,0,0,0,1578106879,1875902463,1910505471,1609614260.26,456191
[status] PUB sent=501 tps=100 (pubs=1) | SUB recv=2343045 itps=480466.90 p99=1767.90ms conn=2409627647/1264208297.09,572149432.13,2343045,9311,9311,9311,0,0,0,0,0,0,2077229055,2357198847,2386558975,2090731122.03,480590
[status] PUB sent=602 tps=100 (pubs=1) | SUB recv=2484851 itps=141860.04 p99=1894.78ms conn=3229614079/1346211583.37,651193398.01,2484851,9453,9453,9454,0,0,0,0,0,0,2667577343,3170893823,3217031167,2701142897.24,141806
[status] PUB sent=702 tps=100 (pubs=1) | SUB recv=2591933 itps=107057.28 p99=1938.82ms conn=4120903679/1442301598.18,789649749.63,2591933,9595,9595,9596,0,0,0,0,0,0,3674210303,4072669183,4112515071,3672082228.01,107082
[status] PUB sent=802 tps=100 (pubs=1) | SUB recv=2926112 itps=334196.88 p99=2160.07ms conn=4798283775/1786813241.69,1215567963.86,2926112,9738,9738,9739,0,0,0,0,0,0,4399824895,4764729343,4777312255,4458887482.43,334179
[status] PUB sent=902 tps=100 (pubs=1) | SUB recv=3399873 itps=473837.81 p99=3770.68ms conn=5293211647/2234464510.98,1584990577.61,3399873,9881,9881,9881,0,0,0,0,0,0,4940890111,5221908479,5268045823,4999313772.30,473761
[status] PUB sent=1002 tps=100 (pubs=1) | SUB recv=3954928 itps=555018.56 p99=4831.84ms conn=5771362303/2695517572.53,1861118590.00,3954928,10000,10000,10000,0,0,0,0,0,0,5519704063,5712642047,5742002175,5519601411.97,555055
[status] PUB sent=1102 tps=100 (pubs=1) | SUB recv=4527169 itps=572291.06 p99=5272.24ms conn=6081740799/3087715234.77,2022377457.20,4527169,10000,10000,10000,0,0,0,0,0,0,5779750911,6014631935,6052380671,5798310099.39,572241
[status] PUB sent=1202 tps=100 (pubs=1) | SUB recv=5020183 itps=492991.76 p99=5582.62ms conn=6576668671/3398630414.94,2139660307.73,5020183,10000,10000,10000,0,0,0,0,0,0,6203375615,6501171199,6543114239,6253651905.86,493014
