mq-bench starting with run_id: auto
Writing CSV output to: artifacts/fanout_bursty_20260930_212347_nats_p64_s1000_u10_bursty/fanout_singlesite/sub_5_7.csv
2026-09-30T21:23:48.138508Z  INFO mq_bench::roles::subscriber: Starting subscriber engine=Nats key=topic_5 endpoint=None crash_enabled=false
2026-09-30T21:23:48.138573Z  INFO mq_bench::roles::subscriber: Connected via transport engine=Nats
2026-09-30T21:23:48.143965Z  INFO async_nats::connector: connected successfully server=4222 max_payload=10485760
2026-09-30T21:23:48.144005Z  INFO mq_bench::roles::subscriber: Subscribed to key expression key=topic_5
2026-09-30T21:23:48.144011Z  INFO async_nats: event: connected
2026-09-30T21:23:54.806591Z  INFO mq_bench::roles::subscriber: Starting subscriber engine=Nats key=topic_5 endpoint=None crash_enabled=false
2026-09-30T21:23:54.806633Z  INFO mq_bench::roles::subscriber: Connected via transport engine=Nats
2026-09-30T21:23:54.808910Z  INFO async_nats::connector: connected successfully server=4222 max_payload=10485760
2026-09-30T21:23:54.809007Z  INFO mq_bench::roles::subscriber: Subscribed to key expression key=topic_5
2026-09-30T21:23:54.809012Z  INFO async_nats: event: connected
2026-09-30T21:24:01.474482Z  INFO mq_bench::roles::subscriber: Starting subscriber engine=Nats key=topic_5 endpoint=None crash_enabled=false
2026-09-30T21:24:01.474519Z  INFO mq_bench::roles::subscriber: Connected via transport engine=Nats
2026-09-30T21:24:01.476647Z  INFO async_nats::connector: connected successfully server=4222 max_payload=10485760
2026-09-30T21:24:01.476714Z  INFO mq_bench::roles::subscriber: Subscribed to key expression key=topic_5
2026-09-30T21:24:01.476720Z  INFO async_nats: event: connected
2026-09-30T21:24:08.143222Z  INFO mq_bench::roles::subscriber: Starting subscriber engine=Nats key=topic_5 endpoint=None crash_enabled=false
2026-09-30T21:24:08.143287Z  INFO mq_bench::roles::subscriber: Connected via transport engine=Nats
2026-09-30T21:24:08.145551Z  INFO async_nats::connector: connected successfully server=4222 max_payload=10485760
2026-09-30T21:24:08.145637Z  INFO async_nats: event: connected
2026-09-30T21:24:08.145637Z  INFO mq_bench::roles::subscriber: Subscribed to key expression key=topic_5
2026-09-30T21:24:14.810635Z  INFO mq_bench::roles::subscriber: Starting subscriber engine=Nats key=topic_5 endpoint=None crash_enabled=false
2026-09-30T21:24:14.810688Z  INFO mq_bench::roles::subscriber: Connected via transport engine=Nats
2026-09-30T21:24:14.813020Z  INFO async_nats::connector: connected successfully server=4222 max_payload=10485760
2026-09-30T21:24:14.813101Z  INFO mq_bench::roles::subscriber: Subscribed to key expression key=topic_5
2026-09-30T21:24:14.813107Z  INFO async_nats: event: connected
2026-09-30T21:24:21.478258Z  INFO mq_bench::roles::subscriber: Starting subscriber engine=Nats key=topic_5 endpoint=None crash_enabled=false
2026-09-30T21:24:21.478299Z  INFO mq_bench::roles::subscriber: Connected via transport engine=Nats
2026-09-30T21:24:21.480514Z  INFO async_nats::connector: connected successfully server=4222 max_payload=10485760
2026-09-30T21:24:21.480608Z  INFO async_nats: event: connected
2026-09-30T21:24:21.480612Z  INFO mq_bench::roles::subscriber: Subscribed to key expression key=topic_5
2026-09-30T21:24:28.145698Z  INFO mq_bench::roles::subscriber: Starting subscriber engine=Nats key=topic_5 endpoint=None crash_enabled=false
2026-09-30T21:24:28.145739Z  INFO mq_bench::roles::subscriber: Connected via transport engine=Nats
2026-09-30T21:24:28.147905Z  INFO async_nats::connector: connected successfully server=4222 max_payload=10485760
2026-09-30T21:24:28.147995Z  INFO mq_bench::roles::subscriber: Subscribed to key expression key=topic_5
2026-09-30T21:24:28.148002Z  INFO async_nats: event: connected
2026-09-30T21:24:34.813544Z  INFO mq_bench::roles::subscriber: Starting subscriber engine=Nats key=topic_5 endpoint=None crash_enabled=false
2026-09-30T21:24:34.813587Z  INFO mq_bench::roles::subscriber: Connected via transport engine=Nats
2026-09-30T21:24:34.815679Z  INFO async_nats::connector: connected successfully server=4222 max_payload=10485760
2026-09-30T21:24:34.815776Z  INFO mq_bench::roles::subscriber: Subscribed to key expression key=topic_5
2026-09-30T21:24:34.815780Z  INFO async_nats: event: connected
2026-09-30T21:24:41.481886Z  INFO mq_bench::roles::subscriber: Starting subscriber engine=Nats key=topic_5 endpoint=None crash_enabled=false
2026-09-30T21:24:41.481957Z  INFO mq_bench::roles::subscriber: Connected via transport engine=Nats
2026-09-30T21:24:41.484266Z  INFO async_nats::connector: connected successfully server=4222 max_payload=10485760
2026-09-30T21:24:41.484351Z  INFO mq_bench::roles::subscriber: Subscribed to key expression key=topic_5
2026-09-30T21:24:41.484354Z  INFO async_nats: event: connected
2026-09-30T21:24:48.149691Z  INFO mq_bench::roles::subscriber: Starting subscriber engine=Nats key=topic_5 endpoint=None crash_enabled=false
2026-09-30T21:24:48.149730Z  INFO mq_bench::roles::subscriber: Connected via transport engine=Nats
2026-09-30T21:24:48.151968Z  INFO async_nats::connector: connected successfully server=4222 max_payload=10485760
2026-09-30T21:24:48.152055Z  INFO async_nats: event: connected
2026-09-30T21:24:48.152059Z  INFO mq_bench::roles::subscriber: Subscribed to key expression key=topic_5
