mq-bench starting with run_id: auto
Writing CSV output to: artifacts/fanout_bursty_20260930_212347_nats_p64_s1000_u10_bursty/fanout_singlesite/sub_1_4.csv
2026-09-30T21:23:47.980762Z  INFO mq_bench::roles::subscriber: Starting subscriber engine=Nats key=topic_1 endpoint=None crash_enabled=false
2026-09-30T21:23:47.980804Z  INFO mq_bench::roles::subscriber: Connected via transport engine=Nats
2026-09-30T21:23:47.982989Z  INFO async_nats::connector: connected successfully server=4222 max_payload=10485760
2026-09-30T21:23:47.983119Z  INFO mq_bench::roles::subscriber: Subscribed to key expression key=topic_1
2026-09-30T21:23:47.983128Z  INFO async_nats: event: connected
2026-09-30T21:23:54.649136Z  INFO mq_bench::roles::subscriber: Starting subscriber engine=Nats key=topic_1 endpoint=None crash_enabled=false
2026-09-30T21:23:54.649198Z  INFO mq_bench::roles::subscriber: Connected via transport engine=Nats
2026-09-30T21:23:54.651722Z  INFO async_nats::connector: connected successfully server=4222 max_payload=10485760
2026-09-30T21:23:54.651805Z  INFO mq_bench::roles::subscriber: Subscribed to key expression key=topic_1
2026-09-30T21:23:54.651815Z  INFO async_nats: event: connected
2026-09-30T21:24:01.316390Z  INFO mq_bench::roles::subscriber: Starting subscriber engine=Nats key=topic_1 endpoint=None crash_enabled=false
2026-09-30T21:24:01.316436Z  INFO mq_bench::roles::subscriber: Connected via transport engine=Nats
2026-09-30T21:24:01.318660Z  INFO async_nats::connector: connected successfully server=4222 max_payload=10485760
2026-09-30T21:24:01.318741Z  INFO mq_bench::roles::subscriber: Subscribed to key expression key=topic_1
2026-09-30T21:24:01.318745Z  INFO async_nats: event: connected
2026-09-30T21:24:07.983571Z  INFO mq_bench::roles::subscriber: Starting subscriber engine=Nats key=topic_1 endpoint=None crash_enabled=false
2026-09-30T21:24:07.983624Z  INFO mq_bench::roles::subscriber: Connected via transport engine=Nats
2026-09-30T21:24:07.985702Z  INFO async_nats::connector: connected successfully server=4222 max_payload=10485760
2026-09-30T21:24:07.985796Z  INFO mq_bench::roles::subscriber: Subscribed to key expression key=topic_1
2026-09-30T21:24:07.985801Z  INFO async_nats: event: connected
2026-09-30T21:24:14.650520Z  INFO mq_bench::roles::subscriber: Starting subscriber engine=Nats key=topic_1 endpoint=None crash_enabled=false
2026-09-30T21:24:14.650565Z  INFO mq_bench::roles::subscriber: Connected via transport engine=Nats
2026-09-30T21:24:14.652770Z  INFO async_nats::connector: connected successfully server=4222 max_payload=10485760
2026-09-30T21:24:14.652853Z  INFO mq_bench::roles::subscriber: Subscribed to key expression key=topic_1
2026-09-30T21:24:14.652860Z  INFO async_nats: event: connected
2026-09-30T21:24:21.318413Z  INFO mq_bench::roles::subscriber: Starting subscriber engine=Nats key=topic_1 endpoint=None crash_enabled=false
2026-09-30T21:24:21.318456Z  INFO mq_bench::roles::subscriber: Connected via transport engine=Nats
2026-09-30T21:24:21.320783Z  INFO async_nats::connector: connected successfully server=4222 max_payload=10485760
2026-09-30T21:24:21.320868Z  INFO mq_bench::roles::subscriber: Subscribed to key expression key=topic_1
2026-09-30T21:24:21.320876Z  INFO async_nats: event: connected
2026-09-30T21:24:27.985610Z  INFO mq_bench::roles::subscriber: Starting subscriber engine=Nats key=topic_1 endpoint=None crash_enabled=false
2026-09-30T21:24:27.985653Z  INFO mq_bench::roles::subscriber: Connected via transport engine=Nats
2026-09-30T21:24:27.988003Z  INFO async_nats::connector: connected successfully server=4222 max_payload=10485760
2026-09-30T21:24:27.988083Z  INFO mq_bench::roles::subscriber: Subscribed to key expression key=topic_1
2026-09-30T21:24:27.988094Z  INFO async_nats: event: connected
2026-09-30T21:24:34.653980Z  INFO mq_bench::roles::subscriber: Starting subscriber engine=Nats key=topic_1 endpoint=None crash_enabled=false
2026-09-30T21:24:34.654019Z  INFO mq_bench::roles::subscriber: Connected via transport engine=Nats
2026-09-30T21:24:34.656285Z  INFO async_nats::connector: connected successfully server=4222 max_payload=10485760
2026-09-30T21:24:34.656393Z  INFO mq_bench::roles::subscriber: Subscribed to key expression key=topic_1
2026-09-30T21:24:34.656400Z  INFO async_nats: event: connected
2026-09-30T21:24:41.321936Z  INFO mq_bench::roles::subscriber: Starting subscriber engine=Nats key=topic_1 endpoint=None crash_enabled=false
2026-09-30T21:24:41.321977Z  INFO mq_bench::roles::subscriber: Connected via transport engine=Nats
2026-09-30T21:24:41.324340Z  INFO async_nats::connector: connected successfully server=4222 max_payload=10485760
2026-09-30T21:24:41.324434Z  INFO mq_bench::roles::subscriber: Subscribed to key expression key=topic_1
2026-09-30T21:24:41.324440Z  INFO async_nats: event: connected
2026-09-30T21:24:47.989457Z  INFO mq_bench::roles::subscriber: Starting subscriber engine=Nats key=topic_1 endpoint=None crash_enabled=false
2026-09-30T21:24:47.989506Z  INFO mq_bench::roles::subscriber: Connected via transport engine=Nats
2026-09-30T21:24:47.991725Z  INFO async_nats::connector: connected successfully server=4222 max_payload=10485760
2026-09-30T21:24:47.991826Z  INFO mq_bench::roles::subscriber: Subscribed to key expression key=topic_1
2026-09-30T21:24:47.991827Z  INFO async_nats: event: connected
