mq-bench starting with run_id: auto
Writing CSV output to: artifacts/fanout_bursty_20260930_212347_nats_p64_s1000_u10_bursty/fanout_singlesite/sub_6_5.csv
2026-09-30T21:23:48.168751Z  INFO mq_bench::roles::subscriber: Starting subscriber engine=Nats key=topic_6 endpoint=None crash_enabled=false
2026-09-30T21:23:48.168905Z  INFO mq_bench::roles::subscriber: Connected via transport engine=Nats
2026-09-30T21:23:48.171005Z  INFO async_nats::connector: connected successfully server=4222 max_payload=10485760
2026-09-30T21:23:48.171041Z  INFO mq_bench::roles::subscriber: Subscribed to key expression key=topic_6
2026-09-30T21:23:48.171041Z  INFO async_nats: event: connected
2026-09-30T21:23:54.835817Z  INFO mq_bench::roles::subscriber: Starting subscriber engine=Nats key=topic_6 endpoint=None crash_enabled=false
2026-09-30T21:23:54.835862Z  INFO mq_bench::roles::subscriber: Connected via transport engine=Nats
2026-09-30T21:23:54.838109Z  INFO async_nats::connector: connected successfully server=4222 max_payload=10485760
2026-09-30T21:23:54.838193Z  INFO mq_bench::roles::subscriber: Subscribed to key expression key=topic_6
2026-09-30T21:23:54.838197Z  INFO async_nats: event: connected
2026-09-30T21:24:01.502891Z  INFO mq_bench::roles::subscriber: Starting subscriber engine=Nats key=topic_6 endpoint=None crash_enabled=false
2026-09-30T21:24:01.502958Z  INFO mq_bench::roles::subscriber: Connected via transport engine=Nats
2026-09-30T21:24:01.505022Z  INFO async_nats::connector: connected successfully server=4222 max_payload=10485760
2026-09-30T21:24:01.505112Z  INFO mq_bench::roles::subscriber: Subscribed to key expression key=topic_6
2026-09-30T21:24:01.505112Z  INFO async_nats: event: connected
2026-09-30T21:24:08.170594Z  INFO mq_bench::roles::subscriber: Starting subscriber engine=Nats key=topic_6 endpoint=None crash_enabled=false
2026-09-30T21:24:08.170643Z  INFO mq_bench::roles::subscriber: Connected via transport engine=Nats
2026-09-30T21:24:08.173479Z  INFO async_nats::connector: connected successfully server=4222 max_payload=10485760
2026-09-30T21:24:08.173555Z  INFO mq_bench::roles::subscriber: Subscribed to key expression key=topic_6
2026-09-30T21:24:08.173559Z  INFO async_nats: event: connected
2026-09-30T21:24:14.838426Z  INFO mq_bench::roles::subscriber: Starting subscriber engine=Nats key=topic_6 endpoint=None crash_enabled=false
2026-09-30T21:24:14.838494Z  INFO mq_bench::roles::subscriber: Connected via transport engine=Nats
2026-09-30T21:24:14.840775Z  INFO async_nats::connector: connected successfully server=4222 max_payload=10485760
2026-09-30T21:24:14.840853Z  INFO mq_bench::roles::subscriber: Subscribed to key expression key=topic_6
2026-09-30T21:24:14.840860Z  INFO async_nats: event: connected
2026-09-30T21:24:21.507038Z  INFO mq_bench::roles::subscriber: Starting subscriber engine=Nats key=topic_6 endpoint=None crash_enabled=false
2026-09-30T21:24:21.507078Z  INFO mq_bench::roles::subscriber: Connected via transport engine=Nats
2026-09-30T21:24:21.509241Z  INFO async_nats::connector: connected successfully server=4222 max_payload=10485760
2026-09-30T21:24:21.509363Z  INFO async_nats: event: connected
2026-09-30T21:24:21.509367Z  INFO mq_bench::roles::subscriber: Subscribed to key expression key=topic_6
2026-09-30T21:24:28.174902Z  INFO mq_bench::roles::subscriber: Starting subscriber engine=Nats key=topic_6 endpoint=None crash_enabled=false
2026-09-30T21:24:28.174977Z  INFO mq_bench::roles::subscriber: Connected via transport engine=Nats
2026-09-30T21:24:28.177086Z  INFO async_nats::connector: connected successfully server=4222 max_payload=10485760
2026-09-30T21:24:28.177174Z  INFO mq_bench::roles::subscriber: Subscribed to key expression key=topic_6
2026-09-30T21:24:28.177181Z  INFO async_nats: event: connected
2026-09-30T21:24:34.842714Z  INFO mq_bench::roles::subscriber: Starting subscriber engine=Nats key=topic_6 endpoint=None crash_enabled=false
2026-09-30T21:24:34.842760Z  INFO mq_bench::roles::subscriber: Connected via transport engine=Nats
2026-09-30T21:24:34.845488Z  INFO async_nats::connector: connected successfully server=4222 max_payload=10485760
2026-09-30T21:24:34.845592Z  INFO mq_bench::roles::subscriber: Subscribed to key expression key=topic_6
2026-09-30T21:24:34.845594Z  INFO async_nats: event: connected
2026-09-30T21:24:41.510775Z  INFO mq_bench::roles::subscriber: Starting subscriber engine=Nats key=topic_6 endpoint=None crash_enabled=false
2026-09-30T21:24:41.510817Z  INFO mq_bench::roles::subscriber: Connected via transport engine=Nats
2026-09-30T21:24:41.513042Z  INFO async_nats::connector: connected successfully server=4222 max_payload=10485760
2026-09-30T21:24:41.513118Z  INFO mq_bench::roles::subscriber: Subscribed to key expression key=topic_6
2026-09-30T21:24:41.513124Z  INFO async_nats: event: connected
2026-09-30T21:24:48.178380Z  INFO mq_bench::roles::subscriber: Starting subscriber engine=Nats key=topic_6 endpoint=None crash_enabled=false
2026-09-30T21:24:48.178427Z  INFO mq_bench::roles::subscriber: Connected via transport engine=Nats
2026-09-30T21:24:48.180705Z  INFO async_nats::connector: connected successfully server=4222 max_payload=10485760
2026-09-30T21:24:48.180844Z  INFO async_nats: event: connected
2026-09-30T21:24:48.180845Z  INFO mq_bench::roles::subscriber: Subscribed to key expression key=topic_6
