mq-bench starting with run_id: auto
Writing CSV output to: artifacts/fanout_bursty_20260930_212347_nats_p64_s1000_u10_bursty/fanout_singlesite/sub_1_8.csv
2026-09-30T21:23:47.994897Z  INFO mq_bench::roles::subscriber: Starting subscriber engine=Nats key=topic_1 endpoint=None crash_enabled=false
2026-09-30T21:23:47.994963Z  INFO mq_bench::roles::subscriber: Connected via transport engine=Nats
2026-09-30T21:23:47.996901Z  INFO async_nats::connector: connected successfully server=4222 max_payload=10485760
2026-09-30T21:23:47.996942Z  INFO mq_bench::roles::subscriber: Subscribed to key expression key=topic_1
2026-09-30T21:23:47.996944Z  INFO async_nats: event: connected
2026-09-30T21:23:54.663520Z  INFO mq_bench::roles::subscriber: Starting subscriber engine=Nats key=topic_1 endpoint=None crash_enabled=false
2026-09-30T21:23:54.663566Z  INFO mq_bench::roles::subscriber: Connected via transport engine=Nats
2026-09-30T21:23:54.665897Z  INFO async_nats::connector: connected successfully server=4222 max_payload=10485760
2026-09-30T21:23:54.666023Z  INFO mq_bench::roles::subscriber: Subscribed to key expression key=topic_1
2026-09-30T21:23:54.666028Z  INFO async_nats: event: connected
2026-09-30T21:24:01.330932Z  INFO mq_bench::roles::subscriber: Starting subscriber engine=Nats key=topic_1 endpoint=None crash_enabled=false
2026-09-30T21:24:01.330976Z  INFO mq_bench::roles::subscriber: Connected via transport engine=Nats
2026-09-30T21:24:01.333222Z  INFO async_nats::connector: connected successfully server=4222 max_payload=10485760
2026-09-30T21:24:01.333302Z  INFO mq_bench::roles::subscriber: Subscribed to key expression key=topic_1
2026-09-30T21:24:01.333308Z  INFO async_nats: event: connected
2026-09-30T21:24:07.999460Z  INFO mq_bench::roles::subscriber: Starting subscriber engine=Nats key=topic_1 endpoint=None crash_enabled=false
2026-09-30T21:24:07.999524Z  INFO mq_bench::roles::subscriber: Connected via transport engine=Nats
2026-09-30T21:24:08.001644Z  INFO async_nats::connector: connected successfully server=4222 max_payload=10485760
2026-09-30T21:24:08.001731Z  INFO mq_bench::roles::subscriber: Subscribed to key expression key=topic_1
2026-09-30T21:24:08.001737Z  INFO async_nats: event: connected
2026-09-30T21:24:14.667064Z  INFO mq_bench::roles::subscriber: Starting subscriber engine=Nats key=topic_1 endpoint=None crash_enabled=false
2026-09-30T21:24:14.667108Z  INFO mq_bench::roles::subscriber: Connected via transport engine=Nats
2026-09-30T21:24:14.669420Z  INFO async_nats::connector: connected successfully server=4222 max_payload=10485760
2026-09-30T21:24:14.669526Z  INFO async_nats: event: connected
2026-09-30T21:24:14.669530Z  INFO mq_bench::roles::subscriber: Subscribed to key expression key=topic_1
2026-09-30T21:24:21.335263Z  INFO mq_bench::roles::subscriber: Starting subscriber engine=Nats key=topic_1 endpoint=None crash_enabled=false
2026-09-30T21:24:21.335319Z  INFO mq_bench::roles::subscriber: Connected via transport engine=Nats
2026-09-30T21:24:21.337569Z  INFO async_nats::connector: connected successfully server=4222 max_payload=10485760
2026-09-30T21:24:21.337682Z  INFO async_nats: event: connected
2026-09-30T21:24:21.337684Z  INFO mq_bench::roles::subscriber: Subscribed to key expression key=topic_1
2026-09-30T21:24:28.003263Z  INFO mq_bench::roles::subscriber: Starting subscriber engine=Nats key=topic_1 endpoint=None crash_enabled=false
2026-09-30T21:24:28.003304Z  INFO mq_bench::roles::subscriber: Connected via transport engine=Nats
2026-09-30T21:24:28.005777Z  INFO async_nats::connector: connected successfully server=4222 max_payload=10485760
2026-09-30T21:24:28.005882Z  INFO mq_bench::roles::subscriber: Subscribed to key expression key=topic_1
2026-09-30T21:24:28.005883Z  INFO async_nats: event: connected
2026-09-30T21:24:34.670889Z  INFO mq_bench::roles::subscriber: Starting subscriber engine=Nats key=topic_1 endpoint=None crash_enabled=false
2026-09-30T21:24:34.670957Z  INFO mq_bench::roles::subscriber: Connected via transport engine=Nats
2026-09-30T21:24:34.673165Z  INFO async_nats::connector: connected successfully server=4222 max_payload=10485760
2026-09-30T21:24:34.673268Z  INFO mq_bench::roles::subscriber: Subscribed to key expression key=topic_1
2026-09-30T21:24:34.673277Z  INFO async_nats: event: connected
2026-09-30T21:24:41.339113Z  INFO mq_bench::roles::subscriber: Starting subscriber engine=Nats key=topic_1 endpoint=None crash_enabled=false
2026-09-30T21:24:41.339151Z  INFO mq_bench::roles::subscriber: Connected via transport engine=Nats
2026-09-30T21:24:41.341296Z  INFO async_nats::connector: connected successfully server=4222 max_payload=10485760
2026-09-30T21:24:41.341419Z  INFO async_nats: event: connected
2026-09-30T21:24:41.341421Z  INFO mq_bench::roles::subscriber: Subscribed to key expression key=topic_1
2026-09-30T21:24:48.006862Z  INFO mq_bench::roles::subscriber: Starting subscriber engine=Nats key=topic_1 endpoint=None crash_enabled=false
2026-09-30T21:24:48.006903Z  INFO mq_bench::roles::subscriber: Connected via transport engine=Nats
2026-09-30T21:24:48.009097Z  INFO async_nats::connector: connected successfully server=4222 max_payload=10485760
2026-09-30T21:24:48.009188Z  INFO async_nats: event: connected
2026-09-30T21:24:48.009192Z  INFO mq_bench::roles::subscriber: Subscribed to key expression key=topic_1
