mq-bench starting with run_id: auto
Writing CSV output to: artifacts/fanout_bursty_20260930_212347_nats_p64_s1000_u10_bursty/fanout_singlesite/sub_8_2.csv
2026-09-30T21:23:48.233689Z  INFO mq_bench::roles::subscriber: Starting subscriber engine=Nats key=topic_8 endpoint=None crash_enabled=false
2026-09-30T21:23:48.233735Z  INFO mq_bench::roles::subscriber: Connected via transport engine=Nats
2026-09-30T21:23:48.235824Z  INFO async_nats::connector: connected successfully server=4222 max_payload=10485760
2026-09-30T21:23:48.235856Z  INFO mq_bench::roles::subscriber: Subscribed to key expression key=topic_8
2026-09-30T21:23:48.235861Z  INFO async_nats: event: connected
2026-09-30T21:23:54.902154Z  INFO mq_bench::roles::subscriber: Starting subscriber engine=Nats key=topic_8 endpoint=None crash_enabled=false
2026-09-30T21:23:54.902228Z  INFO mq_bench::roles::subscriber: Connected via transport engine=Nats
2026-09-30T21:23:54.904416Z  INFO async_nats::connector: connected successfully server=4222 max_payload=10485760
2026-09-30T21:23:54.904520Z  INFO mq_bench::roles::subscriber: Subscribed to key expression key=topic_8
2026-09-30T21:23:54.904526Z  INFO async_nats: event: connected
2026-09-30T21:24:01.570265Z  INFO mq_bench::roles::subscriber: Starting subscriber engine=Nats key=topic_8 endpoint=None crash_enabled=false
2026-09-30T21:24:01.570305Z  INFO mq_bench::roles::subscriber: Connected via transport engine=Nats
2026-09-30T21:24:01.572609Z  INFO async_nats::connector: connected successfully server=4222 max_payload=10485760
2026-09-30T21:24:01.572682Z  INFO mq_bench::roles::subscriber: Subscribed to key expression key=topic_8
2026-09-30T21:24:01.572690Z  INFO async_nats: event: connected
2026-09-30T21:24:08.237547Z  INFO mq_bench::roles::subscriber: Starting subscriber engine=Nats key=topic_8 endpoint=None crash_enabled=false
2026-09-30T21:24:08.237589Z  INFO mq_bench::roles::subscriber: Connected via transport engine=Nats
2026-09-30T21:24:08.239741Z  INFO async_nats::connector: connected successfully server=4222 max_payload=10485760
2026-09-30T21:24:08.239817Z  INFO mq_bench::roles::subscriber: Subscribed to key expression key=topic_8
2026-09-30T21:24:08.239823Z  INFO async_nats: event: connected
2026-09-30T21:24:14.905438Z  INFO mq_bench::roles::subscriber: Starting subscriber engine=Nats key=topic_8 endpoint=None crash_enabled=false
2026-09-30T21:24:14.905481Z  INFO mq_bench::roles::subscriber: Connected via transport engine=Nats
2026-09-30T21:24:14.907683Z  INFO async_nats::connector: connected successfully server=4222 max_payload=10485760
2026-09-30T21:24:14.907776Z  INFO async_nats: event: connected
2026-09-30T21:24:14.907776Z  INFO mq_bench::roles::subscriber: Subscribed to key expression key=topic_8
2026-09-30T21:24:21.573061Z  INFO mq_bench::roles::subscriber: Starting subscriber engine=Nats key=topic_8 endpoint=None crash_enabled=false
2026-09-30T21:24:21.573104Z  INFO mq_bench::roles::subscriber: Connected via transport engine=Nats
2026-09-30T21:24:21.575192Z  INFO async_nats::connector: connected successfully server=4222 max_payload=10485760
2026-09-30T21:24:21.575271Z  INFO mq_bench::roles::subscriber: Subscribed to key expression key=topic_8
2026-09-30T21:24:21.575276Z  INFO async_nats: event: connected
2026-09-30T21:24:28.241308Z  INFO mq_bench::roles::subscriber: Starting subscriber engine=Nats key=topic_8 endpoint=None crash_enabled=false
2026-09-30T21:24:28.241351Z  INFO mq_bench::roles::subscriber: Connected via transport engine=Nats
2026-09-30T21:24:28.243434Z  INFO async_nats::connector: connected successfully server=4222 max_payload=10485760
2026-09-30T21:24:28.243523Z  INFO mq_bench::roles::subscriber: Subscribed to key expression key=topic_8
2026-09-30T21:24:28.243527Z  INFO async_nats: event: connected
2026-09-30T21:24:34.909430Z  INFO mq_bench::roles::subscriber: Starting subscriber engine=Nats key=topic_8 endpoint=None crash_enabled=false
2026-09-30T21:24:34.909471Z  INFO mq_bench::roles::subscriber: Connected via transport engine=Nats
2026-09-30T21:24:34.912106Z  INFO async_nats::connector: connected successfully server=4222 max_payload=10485760
2026-09-30T21:24:34.912202Z  INFO mq_bench::roles::subscriber: Subscribed to key expression key=topic_8
2026-09-30T21:24:34.912207Z  INFO async_nats: event: connected
2026-09-30T21:24:41.576697Z  INFO mq_bench::roles::subscriber: Starting subscriber engine=Nats key=topic_8 endpoint=None crash_enabled=false
2026-09-30T21:24:41.576738Z  INFO mq_bench::roles::subscriber: Connected via transport engine=Nats
2026-09-30T21:24:41.579006Z  INFO async_nats::connector: connected successfully server=4222 max_payload=10485760
2026-09-30T21:24:41.579093Z  INFO mq_bench::roles::subscriber: Subscribed to key expression key=topic_8
2026-09-30T21:24:41.579097Z  INFO async_nats: event: connected
2026-09-30T21:24:48.244752Z  INFO mq_bench::roles::subscriber: Starting subscriber engine=Nats key=topic_8 endpoint=None crash_enabled=false
2026-09-30T21:24:48.244814Z  INFO mq_bench::roles::subscriber: Connected via transport engine=Nats
2026-09-30T21:24:48.247048Z  INFO async_nats::connector: connected successfully server=4222 max_payload=10485760
2026-09-30T21:24:48.247139Z  INFO async_nats: event: connected
2026-09-30T21:24:48.247139Z  INFO mq_bench::roles::subscriber: Subscribed to key expression key=topic_8
