mq-bench starting with run_id: auto
Writing CSV output to: artifacts/fanout_bursty_20260930_212347_nats_p64_s1000_u10_bursty/fanout_singlesite/sub_0_4.csv
2026-09-30T21:23:47.944053Z  INFO mq_bench::roles::subscriber: Starting subscriber engine=Nats key=topic_0 endpoint=None crash_enabled=false
2026-09-30T21:23:47.944104Z  INFO mq_bench::roles::subscriber: Connected via transport engine=Nats
2026-09-30T21:23:47.946796Z  INFO async_nats::connector: connected successfully server=4222 max_payload=10485760
2026-09-30T21:23:47.946838Z  INFO async_nats: event: connected
2026-09-30T21:23:47.946845Z  INFO mq_bench::roles::subscriber: Subscribed to key expression key=topic_0
2026-09-30T21:23:54.612682Z  INFO mq_bench::roles::subscriber: Starting subscriber engine=Nats key=topic_0 endpoint=None crash_enabled=false
2026-09-30T21:23:54.612739Z  INFO mq_bench::roles::subscriber: Connected via transport engine=Nats
2026-09-30T21:23:54.615209Z  INFO async_nats::connector: connected successfully server=4222 max_payload=10485760
2026-09-30T21:23:54.615294Z  INFO mq_bench::roles::subscriber: Subscribed to key expression key=topic_0
2026-09-30T21:23:54.615298Z  INFO async_nats: event: connected
2026-09-30T21:24:01.280686Z  INFO mq_bench::roles::subscriber: Starting subscriber engine=Nats key=topic_0 endpoint=None crash_enabled=false
2026-09-30T21:24:01.280735Z  INFO mq_bench::roles::subscriber: Connected via transport engine=Nats
2026-09-30T21:24:01.283158Z  INFO async_nats::connector: connected successfully server=4222 max_payload=10485760
2026-09-30T21:24:01.283247Z  INFO mq_bench::roles::subscriber: Subscribed to key expression key=topic_0
2026-09-30T21:24:01.283252Z  INFO async_nats: event: connected
2026-09-30T21:24:07.948615Z  INFO mq_bench::roles::subscriber: Starting subscriber engine=Nats key=topic_0 endpoint=None crash_enabled=false
2026-09-30T21:24:07.948719Z  INFO mq_bench::roles::subscriber: Connected via transport engine=Nats
2026-09-30T21:24:07.950972Z  INFO async_nats::connector: connected successfully server=4222 max_payload=10485760
2026-09-30T21:24:07.951061Z  INFO async_nats: event: connected
2026-09-30T21:24:07.951062Z  INFO mq_bench::roles::subscriber: Subscribed to key expression key=topic_0
2026-09-30T21:24:14.615991Z  INFO mq_bench::roles::subscriber: Starting subscriber engine=Nats key=topic_0 endpoint=None crash_enabled=false
2026-09-30T21:24:14.616038Z  INFO mq_bench::roles::subscriber: Connected via transport engine=Nats
2026-09-30T21:24:14.618398Z  INFO async_nats::connector: connected successfully server=4222 max_payload=10485760
2026-09-30T21:24:14.618487Z  INFO async_nats: event: connected
2026-09-30T21:24:14.618491Z  INFO mq_bench::roles::subscriber: Subscribed to key expression key=topic_0
2026-09-30T21:24:21.283059Z  INFO mq_bench::roles::subscriber: Starting subscriber engine=Nats key=topic_0 endpoint=None crash_enabled=false
2026-09-30T21:24:21.283106Z  INFO mq_bench::roles::subscriber: Connected via transport engine=Nats
2026-09-30T21:24:21.285684Z  INFO async_nats::connector: connected successfully server=4222 max_payload=10485760
2026-09-30T21:24:21.285796Z  INFO async_nats: event: connected
2026-09-30T21:24:21.285800Z  INFO mq_bench::roles::subscriber: Subscribed to key expression key=topic_0
2026-09-30T21:24:27.951735Z  INFO mq_bench::roles::subscriber: Starting subscriber engine=Nats key=topic_0 endpoint=None crash_enabled=false
2026-09-30T21:24:27.951795Z  INFO mq_bench::roles::subscriber: Connected via transport engine=Nats
2026-09-30T21:24:27.954095Z  INFO async_nats::connector: connected successfully server=4222 max_payload=10485760
2026-09-30T21:24:27.954191Z  INFO async_nats: event: connected
2026-09-30T21:24:27.954192Z  INFO mq_bench::roles::subscriber: Subscribed to key expression key=topic_0
2026-09-30T21:24:34.619142Z  INFO mq_bench::roles::subscriber: Starting subscriber engine=Nats key=topic_0 endpoint=None crash_enabled=false
2026-09-30T21:24:34.619190Z  INFO mq_bench::roles::subscriber: Connected via transport engine=Nats
2026-09-30T21:24:34.621635Z  INFO async_nats::connector: connected successfully server=4222 max_payload=10485760
2026-09-30T21:24:34.621743Z  INFO mq_bench::roles::subscriber: Subscribed to key expression key=topic_0
2026-09-30T21:24:34.621750Z  INFO async_nats: event: connected
2026-09-30T21:24:41.287102Z  INFO mq_bench::roles::subscriber: Starting subscriber engine=Nats key=topic_0 endpoint=None crash_enabled=false
2026-09-30T21:24:41.287141Z  INFO mq_bench::roles::subscriber: Connected via transport engine=Nats
2026-09-30T21:24:41.289509Z  INFO async_nats::connector: connected successfully server=4222 max_payload=10485760
2026-09-30T21:24:41.289605Z  INFO async_nats: event: connected
2026-09-30T21:24:41.289609Z  INFO mq_bench::roles::subscriber: Subscribed to key expression key=topic_0
2026-09-30T21:24:47.954829Z  INFO mq_bench::roles::subscriber: Starting subscriber engine=Nats key=topic_0 endpoint=None crash_enabled=false
2026-09-30T21:24:47.954877Z  INFO mq_bench::roles::subscriber: Connected via transport engine=Nats
2026-09-30T21:24:47.957252Z  INFO async_nats::connector: connected successfully server=4222 max_payload=10485760
2026-09-30T21:24:47.957359Z  INFO async_nats: event: connected
2026-09-30T21:24:47.957366Z  INFO mq_bench::roles::subscriber: Subscribed to key expression key=topic_0
