mq-bench starting with run_id: auto
Writing CSV output to: artifacts/fanout_bursty_20260930_212347_nats_p64_s1000_u10_bursty/fanout_singlesite/sub_8_4.csv
2026-09-30T21:23:48.241286Z  INFO mq_bench::roles::subscriber: Starting subscriber engine=Nats key=topic_8 endpoint=None crash_enabled=false
2026-09-30T21:23:48.241335Z  INFO mq_bench::roles::subscriber: Connected via transport engine=Nats
2026-09-30T21:23:48.243442Z  INFO async_nats::connector: connected successfully server=4222 max_payload=10485760
2026-09-30T21:23:48.243478Z  INFO mq_bench::roles::subscriber: Subscribed to key expression key=topic_8
2026-09-30T21:23:48.243479Z  INFO async_nats: event: connected
2026-09-30T21:23:54.908762Z  INFO mq_bench::roles::subscriber: Starting subscriber engine=Nats key=topic_8 endpoint=None crash_enabled=false
2026-09-30T21:23:54.908812Z  INFO mq_bench::roles::subscriber: Connected via transport engine=Nats
2026-09-30T21:23:54.911169Z  INFO async_nats::connector: connected successfully server=4222 max_payload=10485760
2026-09-30T21:23:54.911251Z  INFO mq_bench::roles::subscriber: Subscribed to key expression key=topic_8
2026-09-30T21:23:54.911255Z  INFO async_nats: event: connected
2026-09-30T21:24:01.576804Z  INFO mq_bench::roles::subscriber: Starting subscriber engine=Nats key=topic_8 endpoint=None crash_enabled=false
2026-09-30T21:24:01.576858Z  INFO mq_bench::roles::subscriber: Connected via transport engine=Nats
2026-09-30T21:24:01.579110Z  INFO async_nats::connector: connected successfully server=4222 max_payload=10485760
2026-09-30T21:24:01.579190Z  INFO mq_bench::roles::subscriber: Subscribed to key expression key=topic_8
2026-09-30T21:24:01.579199Z  INFO async_nats: event: connected
2026-09-30T21:24:08.244546Z  INFO mq_bench::roles::subscriber: Starting subscriber engine=Nats key=topic_8 endpoint=None crash_enabled=false
2026-09-30T21:24:08.244588Z  INFO mq_bench::roles::subscriber: Connected via transport engine=Nats
2026-09-30T21:24:08.246756Z  INFO async_nats::connector: connected successfully server=4222 max_payload=10485760
2026-09-30T21:24:08.246839Z  INFO mq_bench::roles::subscriber: Subscribed to key expression key=topic_8
2026-09-30T21:24:08.246843Z  INFO async_nats: event: connected
2026-09-30T21:24:14.912786Z  INFO mq_bench::roles::subscriber: Starting subscriber engine=Nats key=topic_8 endpoint=None crash_enabled=false
2026-09-30T21:24:14.912845Z  INFO mq_bench::roles::subscriber: Connected via transport engine=Nats
2026-09-30T21:24:14.915020Z  INFO async_nats::connector: connected successfully server=4222 max_payload=10485760
2026-09-30T21:24:14.915100Z  INFO mq_bench::roles::subscriber: Subscribed to key expression key=topic_8
2026-09-30T21:24:14.915106Z  INFO async_nats: event: connected
2026-09-30T21:24:21.580534Z  INFO mq_bench::roles::subscriber: Starting subscriber engine=Nats key=topic_8 endpoint=None crash_enabled=false
2026-09-30T21:24:21.580577Z  INFO mq_bench::roles::subscriber: Connected via transport engine=Nats
2026-09-30T21:24:21.582797Z  INFO async_nats::connector: connected successfully server=4222 max_payload=10485760
2026-09-30T21:24:21.582882Z  INFO mq_bench::roles::subscriber: Subscribed to key expression key=topic_8
2026-09-30T21:24:21.582886Z  INFO async_nats: event: connected
2026-09-30T21:24:28.248863Z  INFO mq_bench::roles::subscriber: Starting subscriber engine=Nats key=topic_8 endpoint=None crash_enabled=false
2026-09-30T21:24:28.248910Z  INFO mq_bench::roles::subscriber: Connected via transport engine=Nats
2026-09-30T21:24:28.251085Z  INFO async_nats::connector: connected successfully server=4222 max_payload=10485760
2026-09-30T21:24:28.251169Z  INFO async_nats: event: connected
2026-09-30T21:24:28.251173Z  INFO mq_bench::roles::subscriber: Subscribed to key expression key=topic_8
2026-09-30T21:24:34.916455Z  INFO mq_bench::roles::subscriber: Starting subscriber engine=Nats key=topic_8 endpoint=None crash_enabled=false
2026-09-30T21:24:34.916495Z  INFO mq_bench::roles::subscriber: Connected via transport engine=Nats
2026-09-30T21:24:34.918798Z  INFO async_nats::connector: connected successfully server=4222 max_payload=10485760
2026-09-30T21:24:34.918903Z  INFO async_nats: event: connected
2026-09-30T21:24:34.918904Z  INFO mq_bench::roles::subscriber: Subscribed to key expression key=topic_8
2026-09-30T21:24:41.584160Z  INFO mq_bench::roles::subscriber: Starting subscriber engine=Nats key=topic_8 endpoint=None crash_enabled=false
2026-09-30T21:24:41.584202Z  INFO mq_bench::roles::subscriber: Connected via transport engine=Nats
2026-09-30T21:24:41.586359Z  INFO async_nats::connector: connected successfully server=4222 max_payload=10485760
2026-09-30T21:24:41.586451Z  INFO mq_bench::roles::subscriber: Subscribed to key expression key=topic_8
2026-09-30T21:24:41.586455Z  INFO async_nats: event: connected
2026-09-30T21:24:48.251769Z  INFO mq_bench::roles::subscriber: Starting subscriber engine=Nats key=topic_8 endpoint=None crash_enabled=false
2026-09-30T21:24:48.251810Z  INFO mq_bench::roles::subscriber: Connected via transport engine=Nats
2026-09-30T21:24:48.253975Z  INFO async_nats::connector: connected successfully server=4222 max_payload=10485760
2026-09-30T21:24:48.254053Z  INFO mq_bench::roles::subscriber: Subscribed to key expression key=topic_8
2026-09-30T21:24:48.254056Z  INFO async_nats: event: connected
