mq-bench starting with run_id: auto
Writing CSV output to: artifacts/fanout_bursty_20260930_212347_nats_p64_s1000_u10_bursty/fanout_singlesite/sub_0_5.csv
2026-09-30T21:23:47.948167Z  INFO mq_bench::roles::subscriber: Starting subscriber engine=Nats key=topic_0 endpoint=None crash_enabled=false
2026-09-30T21:23:47.948214Z  INFO mq_bench::roles::subscriber: Connected via transport engine=Nats
2026-09-30T21:23:47.950368Z  INFO async_nats::connector: connected successfully server=4222 max_payload=10485760
2026-09-30T21:23:47.950410Z  INFO mq_bench::roles::subscriber: Subscribed to key expression key=topic_0
2026-09-30T21:23:47.950415Z  INFO async_nats: event: connected
2026-09-30T21:23:54.616468Z  INFO mq_bench::roles::subscriber: Starting subscriber engine=Nats key=topic_0 endpoint=None crash_enabled=false
2026-09-30T21:23:54.616528Z  INFO mq_bench::roles::subscriber: Connected via transport engine=Nats
2026-09-30T21:23:54.618772Z  INFO async_nats::connector: connected successfully server=4222 max_payload=10485760
2026-09-30T21:23:54.618852Z  INFO mq_bench::roles::subscriber: Subscribed to key expression key=topic_0
2026-09-30T21:23:54.618857Z  INFO async_nats: event: connected
2026-09-30T21:24:01.284219Z  INFO mq_bench::roles::subscriber: Starting subscriber engine=Nats key=topic_0 endpoint=None crash_enabled=false
2026-09-30T21:24:01.284258Z  INFO mq_bench::roles::subscriber: Connected via transport engine=Nats
2026-09-30T21:24:01.286685Z  INFO async_nats::connector: connected successfully server=4222 max_payload=10485760
2026-09-30T21:24:01.286769Z  INFO mq_bench::roles::subscriber: Subscribed to key expression key=topic_0
2026-09-30T21:24:01.286772Z  INFO async_nats: event: connected
2026-09-30T21:24:07.951526Z  INFO mq_bench::roles::subscriber: Starting subscriber engine=Nats key=topic_0 endpoint=None crash_enabled=false
2026-09-30T21:24:07.951576Z  INFO mq_bench::roles::subscriber: Connected via transport engine=Nats
2026-09-30T21:24:07.953687Z  INFO async_nats::connector: connected successfully server=4222 max_payload=10485760
2026-09-30T21:24:07.953767Z  INFO mq_bench::roles::subscriber: Subscribed to key expression key=topic_0
2026-09-30T21:24:07.953771Z  INFO async_nats: event: connected
2026-09-30T21:24:14.619465Z  INFO mq_bench::roles::subscriber: Starting subscriber engine=Nats key=topic_0 endpoint=None crash_enabled=false
2026-09-30T21:24:14.619504Z  INFO mq_bench::roles::subscriber: Connected via transport engine=Nats
2026-09-30T21:24:14.621728Z  INFO async_nats::connector: connected successfully server=4222 max_payload=10485760
2026-09-30T21:24:14.621820Z  INFO mq_bench::roles::subscriber: Subscribed to key expression key=topic_0
2026-09-30T21:24:14.621823Z  INFO async_nats: event: connected
2026-09-30T21:24:21.286639Z  INFO mq_bench::roles::subscriber: Starting subscriber engine=Nats key=topic_0 endpoint=None crash_enabled=false
2026-09-30T21:24:21.286681Z  INFO mq_bench::roles::subscriber: Connected via transport engine=Nats
2026-09-30T21:24:21.294355Z  INFO async_nats::connector: connected successfully server=4222 max_payload=10485760
2026-09-30T21:24:21.294432Z  INFO mq_bench::roles::subscriber: Subscribed to key expression key=topic_0
2026-09-30T21:24:21.294436Z  INFO async_nats: event: connected
2026-09-30T21:24:27.953956Z  INFO mq_bench::roles::subscriber: Starting subscriber engine=Nats key=topic_0 endpoint=None crash_enabled=false
2026-09-30T21:24:27.954003Z  INFO mq_bench::roles::subscriber: Connected via transport engine=Nats
2026-09-30T21:24:27.956439Z  INFO async_nats::connector: connected successfully server=4222 max_payload=10485760
2026-09-30T21:24:27.956515Z  INFO mq_bench::roles::subscriber: Subscribed to key expression key=topic_0
2026-09-30T21:24:27.956523Z  INFO async_nats: event: connected
2026-09-30T21:24:34.622349Z  INFO mq_bench::roles::subscriber: Starting subscriber engine=Nats key=topic_0 endpoint=None crash_enabled=false
2026-09-30T21:24:34.622400Z  INFO mq_bench::roles::subscriber: Connected via transport engine=Nats
2026-09-30T21:24:34.624639Z  INFO async_nats::connector: connected successfully server=4222 max_payload=10485760
2026-09-30T21:24:34.624747Z  INFO mq_bench::roles::subscriber: Subscribed to key expression key=topic_0
2026-09-30T21:24:34.624752Z  INFO async_nats: event: connected
2026-09-30T21:24:41.289563Z  INFO mq_bench::roles::subscriber: Starting subscriber engine=Nats key=topic_0 endpoint=None crash_enabled=false
2026-09-30T21:24:41.289610Z  INFO mq_bench::roles::subscriber: Connected via transport engine=Nats
2026-09-30T21:24:41.291826Z  INFO async_nats::connector: connected successfully server=4222 max_payload=10485760
2026-09-30T21:24:41.291933Z  INFO mq_bench::roles::subscriber: Subscribed to key expression key=topic_0
2026-09-30T21:24:41.291946Z  INFO async_nats: event: connected
2026-09-30T21:24:47.956761Z  INFO mq_bench::roles::subscriber: Starting subscriber engine=Nats key=topic_0 endpoint=None crash_enabled=false
2026-09-30T21:24:47.956828Z  INFO mq_bench::roles::subscriber: Connected via transport engine=Nats
2026-09-30T21:24:47.959052Z  INFO async_nats::connector: connected successfully server=4222 max_payload=10485760
2026-09-30T21:24:47.959138Z  INFO async_nats: event: connected
2026-09-30T21:24:47.959147Z  INFO mq_bench::roles::subscriber: Subscribed to key expression key=topic_0
