mq-bench starting with run_id: auto
Writing CSV output to: artifacts/fanout_bursty_20260930_212347_nats_p64_s1000_u10_bursty/fanout_singlesite/sub_6_3.csv
2026-09-30T21:23:48.161452Z  INFO mq_bench::roles::subscriber: Starting subscriber engine=Nats key=topic_6 endpoint=None crash_enabled=false
2026-09-30T21:23:48.161578Z  INFO mq_bench::roles::subscriber: Connected via transport engine=Nats
2026-09-30T21:23:48.163633Z  INFO async_nats::connector: connected successfully server=4222 max_payload=10485760
2026-09-30T21:23:48.163679Z  INFO mq_bench::roles::subscriber: Subscribed to key expression key=topic_6
2026-09-30T21:23:48.163683Z  INFO async_nats: event: connected
2026-09-30T21:23:54.828722Z  INFO mq_bench::roles::subscriber: Starting subscriber engine=Nats key=topic_6 endpoint=None crash_enabled=false
2026-09-30T21:23:54.828779Z  INFO mq_bench::roles::subscriber: Connected via transport engine=Nats
2026-09-30T21:23:54.830981Z  INFO async_nats::connector: connected successfully server=4222 max_payload=10485760
2026-09-30T21:23:54.831069Z  INFO mq_bench::roles::subscriber: Subscribed to key expression key=topic_6
2026-09-30T21:23:54.831076Z  INFO async_nats: event: connected
2026-09-30T21:24:01.496964Z  INFO mq_bench::roles::subscriber: Starting subscriber engine=Nats key=topic_6 endpoint=None crash_enabled=false
2026-09-30T21:24:01.497008Z  INFO mq_bench::roles::subscriber: Connected via transport engine=Nats
2026-09-30T21:24:01.499164Z  INFO async_nats::connector: connected successfully server=4222 max_payload=10485760
2026-09-30T21:24:01.499339Z  INFO mq_bench::roles::subscriber: Subscribed to key expression key=topic_6
2026-09-30T21:24:01.499348Z  INFO async_nats: event: connected
2026-09-30T21:24:08.164977Z  INFO mq_bench::roles::subscriber: Starting subscriber engine=Nats key=topic_6 endpoint=None crash_enabled=false
2026-09-30T21:24:08.165038Z  INFO mq_bench::roles::subscriber: Connected via transport engine=Nats
2026-09-30T21:24:08.167508Z  INFO async_nats::connector: connected successfully server=4222 max_payload=10485760
2026-09-30T21:24:08.167577Z  INFO mq_bench::roles::subscriber: Subscribed to key expression key=topic_6
2026-09-30T21:24:08.167588Z  INFO async_nats: event: connected
2026-09-30T21:24:14.833359Z  INFO mq_bench::roles::subscriber: Starting subscriber engine=Nats key=topic_6 endpoint=None crash_enabled=false
2026-09-30T21:24:14.833408Z  INFO mq_bench::roles::subscriber: Connected via transport engine=Nats
2026-09-30T21:24:14.838488Z  INFO async_nats::connector: connected successfully server=4222 max_payload=10485760
2026-09-30T21:24:14.838579Z  INFO mq_bench::roles::subscriber: Subscribed to key expression key=topic_6
2026-09-30T21:24:14.838585Z  INFO async_nats: event: connected
2026-09-30T21:24:21.501033Z  INFO mq_bench::roles::subscriber: Starting subscriber engine=Nats key=topic_6 endpoint=None crash_enabled=false
2026-09-30T21:24:21.501084Z  INFO mq_bench::roles::subscriber: Connected via transport engine=Nats
2026-09-30T21:24:21.503282Z  INFO async_nats::connector: connected successfully server=4222 max_payload=10485760
2026-09-30T21:24:21.503382Z  INFO async_nats: event: connected
2026-09-30T21:24:21.503383Z  INFO mq_bench::roles::subscriber: Subscribed to key expression key=topic_6
2026-09-30T21:24:28.169144Z  INFO mq_bench::roles::subscriber: Starting subscriber engine=Nats key=topic_6 endpoint=None crash_enabled=false
2026-09-30T21:24:28.169200Z  INFO mq_bench::roles::subscriber: Connected via transport engine=Nats
2026-09-30T21:24:28.171442Z  INFO async_nats::connector: connected successfully server=4222 max_payload=10485760
2026-09-30T21:24:28.171528Z  INFO mq_bench::roles::subscriber: Subscribed to key expression key=topic_6
2026-09-30T21:24:28.171533Z  INFO async_nats: event: connected
2026-09-30T21:24:34.836478Z  INFO mq_bench::roles::subscriber: Starting subscriber engine=Nats key=topic_6 endpoint=None crash_enabled=false
2026-09-30T21:24:34.836516Z  INFO mq_bench::roles::subscriber: Connected via transport engine=Nats
2026-09-30T21:24:34.838636Z  INFO async_nats::connector: connected successfully server=4222 max_payload=10485760
2026-09-30T21:24:34.838741Z  INFO async_nats: event: connected
2026-09-30T21:24:34.838744Z  INFO mq_bench::roles::subscriber: Subscribed to key expression key=topic_6
2026-09-30T21:24:41.504276Z  INFO mq_bench::roles::subscriber: Starting subscriber engine=Nats key=topic_6 endpoint=None crash_enabled=false
2026-09-30T21:24:41.504318Z  INFO mq_bench::roles::subscriber: Connected via transport engine=Nats
2026-09-30T21:24:41.506549Z  INFO async_nats::connector: connected successfully server=4222 max_payload=10485760
2026-09-30T21:24:41.506645Z  INFO async_nats: event: connected
2026-09-30T21:24:41.506645Z  INFO mq_bench::roles::subscriber: Subscribed to key expression key=topic_6
2026-09-30T21:24:48.172417Z  INFO mq_bench::roles::subscriber: Starting subscriber engine=Nats key=topic_6 endpoint=None crash_enabled=false
2026-09-30T21:24:48.172453Z  INFO mq_bench::roles::subscriber: Connected via transport engine=Nats
2026-09-30T21:24:48.174732Z  INFO async_nats::connector: connected successfully server=4222 max_payload=10485760
2026-09-30T21:24:48.174813Z  INFO mq_bench::roles::subscriber: Subscribed to key expression key=topic_6
2026-09-30T21:24:48.174818Z  INFO async_nats: event: connected
