mq-bench starting with run_id: auto
Writing CSV output to: artifacts/fanout_bursty_20260930_212347_nats_p64_s1000_u10_bursty/fanout_singlesite/sub_4_0.csv
2026-09-30T21:23:48.075504Z  INFO mq_bench::roles::subscriber: Starting subscriber engine=Nats key=topic_4 endpoint=None crash_enabled=false
2026-09-30T21:23:48.075548Z  INFO mq_bench::roles::subscriber: Connected via transport engine=Nats
2026-09-30T21:23:48.078125Z  INFO async_nats::connector: connected successfully server=4222 max_payload=10485760
2026-09-30T21:23:48.078265Z  INFO async_nats: event: connected
2026-09-30T21:23:48.078265Z  INFO mq_bench::roles::subscriber: Subscribed to key expression key=topic_4
2026-09-30T21:23:54.743070Z  INFO mq_bench::roles::subscriber: Starting subscriber engine=Nats key=topic_4 endpoint=None crash_enabled=false
2026-09-30T21:23:54.743117Z  INFO mq_bench::roles::subscriber: Connected via transport engine=Nats
2026-09-30T21:23:54.745372Z  INFO async_nats::connector: connected successfully server=4222 max_payload=10485760
2026-09-30T21:23:54.745458Z  INFO mq_bench::roles::subscriber: Subscribed to key expression key=topic_4
2026-09-30T21:23:54.745463Z  INFO async_nats: event: connected
2026-09-30T21:24:01.410386Z  INFO mq_bench::roles::subscriber: Starting subscriber engine=Nats key=topic_4 endpoint=None crash_enabled=false
2026-09-30T21:24:01.410429Z  INFO mq_bench::roles::subscriber: Connected via transport engine=Nats
2026-09-30T21:24:01.412684Z  INFO async_nats::connector: connected successfully server=4222 max_payload=10485760
2026-09-30T21:24:01.412760Z  INFO mq_bench::roles::subscriber: Subscribed to key expression key=topic_4
2026-09-30T21:24:01.412768Z  INFO async_nats: event: connected
2026-09-30T21:24:08.077291Z  INFO mq_bench::roles::subscriber: Starting subscriber engine=Nats key=topic_4 endpoint=None crash_enabled=false
2026-09-30T21:24:08.077346Z  INFO mq_bench::roles::subscriber: Connected via transport engine=Nats
2026-09-30T21:24:08.079576Z  INFO async_nats::connector: connected successfully server=4222 max_payload=10485760
2026-09-30T21:24:08.079683Z  INFO mq_bench::roles::subscriber: Subscribed to key expression key=topic_4
2026-09-30T21:24:08.079680Z  INFO async_nats: event: connected
2026-09-30T21:24:14.744742Z  INFO mq_bench::roles::subscriber: Starting subscriber engine=Nats key=topic_4 endpoint=None crash_enabled=false
2026-09-30T21:24:14.744782Z  INFO mq_bench::roles::subscriber: Connected via transport engine=Nats
2026-09-30T21:24:14.747141Z  INFO async_nats::connector: connected successfully server=4222 max_payload=10485760
2026-09-30T21:24:14.747230Z  INFO async_nats: event: connected
2026-09-30T21:24:14.747232Z  INFO mq_bench::roles::subscriber: Subscribed to key expression key=topic_4
2026-09-30T21:24:21.412637Z  INFO mq_bench::roles::subscriber: Starting subscriber engine=Nats key=topic_4 endpoint=None crash_enabled=false
2026-09-30T21:24:21.412706Z  INFO mq_bench::roles::subscriber: Connected via transport engine=Nats
2026-09-30T21:24:21.414992Z  INFO async_nats::connector: connected successfully server=4222 max_payload=10485760
2026-09-30T21:24:21.415082Z  INFO mq_bench::roles::subscriber: Subscribed to key expression key=topic_4
2026-09-30T21:24:21.415091Z  INFO async_nats: event: connected
2026-09-30T21:24:28.080989Z  INFO mq_bench::roles::subscriber: Starting subscriber engine=Nats key=topic_4 endpoint=None crash_enabled=false
2026-09-30T21:24:28.081034Z  INFO mq_bench::roles::subscriber: Connected via transport engine=Nats
2026-09-30T21:24:28.083108Z  INFO async_nats::connector: connected successfully server=4222 max_payload=10485760
2026-09-30T21:24:28.083235Z  INFO async_nats: event: connected
2026-09-30T21:24:28.083251Z  INFO mq_bench::roles::subscriber: Subscribed to key expression key=topic_4
2026-09-30T21:24:34.749354Z  INFO mq_bench::roles::subscriber: Starting subscriber engine=Nats key=topic_4 endpoint=None crash_enabled=false
2026-09-30T21:24:34.749397Z  INFO mq_bench::roles::subscriber: Connected via transport engine=Nats
2026-09-30T21:24:34.751544Z  INFO async_nats::connector: connected successfully server=4222 max_payload=10485760
2026-09-30T21:24:34.751635Z  INFO mq_bench::roles::subscriber: Subscribed to key expression key=topic_4
2026-09-30T21:24:34.751639Z  INFO async_nats: event: connected
2026-09-30T21:24:41.417196Z  INFO mq_bench::roles::subscriber: Starting subscriber engine=Nats key=topic_4 endpoint=None crash_enabled=false
2026-09-30T21:24:41.417234Z  INFO mq_bench::roles::subscriber: Connected via transport engine=Nats
2026-09-30T21:24:41.419344Z  INFO async_nats::connector: connected successfully server=4222 max_payload=10485760
2026-09-30T21:24:41.419433Z  INFO mq_bench::roles::subscriber: Subscribed to key expression key=topic_4
2026-09-30T21:24:41.419437Z  INFO async_nats: event: connected
2026-09-30T21:24:48.084853Z  INFO mq_bench::roles::subscriber: Starting subscriber engine=Nats key=topic_4 endpoint=None crash_enabled=false
2026-09-30T21:24:48.084892Z  INFO mq_bench::roles::subscriber: Connected via transport engine=Nats
2026-09-30T21:24:48.087114Z  INFO async_nats::connector: connected successfully server=4222 max_payload=10485760
2026-09-30T21:24:48.087196Z  INFO mq_bench::roles::subscriber: Subscribed to key expression key=topic_4
2026-09-30T21:24:48.087201Z  INFO async_nats: event: connected
