mq-bench starting with run_id: auto
Writing CSV output to: artifacts/fanout_bursty_20260930_212347_nats_p64_s1000_u10_bursty/fanout_singlesite/sub_3_1.csv
2026-09-30T21:23:48.042516Z  INFO mq_bench::roles::subscriber: Starting subscriber engine=Nats key=topic_3 endpoint=None crash_enabled=false
2026-09-30T21:23:48.042559Z  INFO mq_bench::roles::subscriber: Connected via transport engine=Nats
2026-09-30T21:23:48.044602Z  INFO async_nats::connector: connected successfully server=4222 max_payload=10485760
2026-09-30T21:23:48.044634Z  INFO mq_bench::roles::subscriber: Subscribed to key expression key=topic_3
2026-09-30T21:23:48.044638Z  INFO async_nats: event: connected
2026-09-30T21:23:54.710170Z  INFO mq_bench::roles::subscriber: Starting subscriber engine=Nats key=topic_3 endpoint=None crash_enabled=false
2026-09-30T21:23:54.710209Z  INFO mq_bench::roles::subscriber: Connected via transport engine=Nats
2026-09-30T21:23:54.712401Z  INFO async_nats::connector: connected successfully server=4222 max_payload=10485760
2026-09-30T21:23:54.712480Z  INFO mq_bench::roles::subscriber: Subscribed to key expression key=topic_3
2026-09-30T21:23:54.712494Z  INFO async_nats: event: connected
2026-09-30T21:24:01.377455Z  INFO mq_bench::roles::subscriber: Starting subscriber engine=Nats key=topic_3 endpoint=None crash_enabled=false
2026-09-30T21:24:01.377512Z  INFO mq_bench::roles::subscriber: Connected via transport engine=Nats
2026-09-30T21:24:01.379809Z  INFO async_nats::connector: connected successfully server=4222 max_payload=10485760
2026-09-30T21:24:01.379889Z  INFO async_nats: event: connected
2026-09-30T21:24:01.379888Z  INFO mq_bench::roles::subscriber: Subscribed to key expression key=topic_3
2026-09-30T21:24:08.045413Z  INFO mq_bench::roles::subscriber: Starting subscriber engine=Nats key=topic_3 endpoint=None crash_enabled=false
2026-09-30T21:24:08.045465Z  INFO mq_bench::roles::subscriber: Connected via transport engine=Nats
2026-09-30T21:24:08.047698Z  INFO async_nats::connector: connected successfully server=4222 max_payload=10485760
2026-09-30T21:24:08.047797Z  INFO mq_bench::roles::subscriber: Subscribed to key expression key=topic_3
2026-09-30T21:24:08.047800Z  INFO async_nats: event: connected
2026-09-30T21:24:14.712654Z  INFO mq_bench::roles::subscriber: Starting subscriber engine=Nats key=topic_3 endpoint=None crash_enabled=false
2026-09-30T21:24:14.712694Z  INFO mq_bench::roles::subscriber: Connected via transport engine=Nats
2026-09-30T21:24:14.714895Z  INFO async_nats::connector: connected successfully server=4222 max_payload=10485760
2026-09-30T21:24:14.714994Z  INFO mq_bench::roles::subscriber: Subscribed to key expression key=topic_3
2026-09-30T21:24:14.714996Z  INFO async_nats: event: connected
2026-09-30T21:24:21.381374Z  INFO mq_bench::roles::subscriber: Starting subscriber engine=Nats key=topic_3 endpoint=None crash_enabled=false
2026-09-30T21:24:21.381409Z  INFO mq_bench::roles::subscriber: Connected via transport engine=Nats
2026-09-30T21:24:21.383759Z  INFO async_nats::connector: connected successfully server=4222 max_payload=10485760
2026-09-30T21:24:21.383838Z  INFO mq_bench::roles::subscriber: Subscribed to key expression key=topic_3
2026-09-30T21:24:21.383842Z  INFO async_nats: event: connected
2026-09-30T21:24:28.049063Z  INFO mq_bench::roles::subscriber: Starting subscriber engine=Nats key=topic_3 endpoint=None crash_enabled=false
2026-09-30T21:24:28.049107Z  INFO mq_bench::roles::subscriber: Connected via transport engine=Nats
2026-09-30T21:24:28.051185Z  INFO async_nats::connector: connected successfully server=4222 max_payload=10485760
2026-09-30T21:24:28.051268Z  INFO mq_bench::roles::subscriber: Subscribed to key expression key=topic_3
2026-09-30T21:24:28.051272Z  INFO async_nats: event: connected
2026-09-30T21:24:34.716482Z  INFO mq_bench::roles::subscriber: Starting subscriber engine=Nats key=topic_3 endpoint=None crash_enabled=false
2026-09-30T21:24:34.716526Z  INFO mq_bench::roles::subscriber: Connected via transport engine=Nats
2026-09-30T21:24:34.718698Z  INFO async_nats::connector: connected successfully server=4222 max_payload=10485760
2026-09-30T21:24:34.718802Z  INFO mq_bench::roles::subscriber: Subscribed to key expression key=topic_3
2026-09-30T21:24:34.718805Z  INFO async_nats: event: connected
2026-09-30T21:24:41.383539Z  INFO mq_bench::roles::subscriber: Starting subscriber engine=Nats key=topic_3 endpoint=None crash_enabled=false
2026-09-30T21:24:41.383578Z  INFO mq_bench::roles::subscriber: Connected via transport engine=Nats
2026-09-30T21:24:41.385736Z  INFO async_nats::connector: connected successfully server=4222 max_payload=10485760
2026-09-30T21:24:41.385813Z  INFO mq_bench::roles::subscriber: Subscribed to key expression key=topic_3
2026-09-30T21:24:41.385818Z  INFO async_nats: event: connected
2026-09-30T21:24:48.051123Z  INFO mq_bench::roles::subscriber: Starting subscriber engine=Nats key=topic_3 endpoint=None crash_enabled=false
2026-09-30T21:24:48.051166Z  INFO mq_bench::roles::subscriber: Connected via transport engine=Nats
2026-09-30T21:24:48.053359Z  INFO async_nats::connector: connected successfully server=4222 max_payload=10485760
2026-09-30T21:24:48.053470Z  INFO async_nats: event: connected
2026-09-30T21:24:48.053473Z  INFO mq_bench::roles::subscriber: Subscribed to key expression key=topic_3
