mq-bench starting with run_id: auto
Writing CSV output to: artifacts/fanout_bursty_20260930_212347_nats_p64_s1000_u10_bursty/fanout_singlesite/sub_9_6.csv
2026-09-30T21:23:48.286572Z  INFO mq_bench::roles::subscriber: Starting subscriber engine=Nats key=topic_9 endpoint=None crash_enabled=false
2026-09-30T21:23:48.286623Z  INFO mq_bench::roles::subscriber: Connected via transport engine=Nats
2026-09-30T21:23:48.288805Z  INFO async_nats::connector: connected successfully server=4222 max_payload=10485760
2026-09-30T21:23:48.288845Z  INFO async_nats: event: connected
2026-09-30T21:23:48.288845Z  INFO mq_bench::roles::subscriber: Subscribed to key expression key=topic_9
2026-09-30T21:23:54.954414Z  INFO mq_bench::roles::subscriber: Starting subscriber engine=Nats key=topic_9 endpoint=None crash_enabled=false
2026-09-30T21:23:54.954481Z  INFO mq_bench::roles::subscriber: Connected via transport engine=Nats
2026-09-30T21:23:54.956720Z  INFO async_nats::connector: connected successfully server=4222 max_payload=10485760
2026-09-30T21:23:54.956809Z  INFO mq_bench::roles::subscriber: Subscribed to key expression key=topic_9
2026-09-30T21:23:54.956817Z  INFO async_nats: event: connected
2026-09-30T21:24:01.622123Z  INFO mq_bench::roles::subscriber: Starting subscriber engine=Nats key=topic_9 endpoint=None crash_enabled=false
2026-09-30T21:24:01.622166Z  INFO mq_bench::roles::subscriber: Connected via transport engine=Nats
2026-09-30T21:24:01.624303Z  INFO async_nats::connector: connected successfully server=4222 max_payload=10485760
2026-09-30T21:24:01.624395Z  INFO mq_bench::roles::subscriber: Subscribed to key expression key=topic_9
2026-09-30T21:24:01.624395Z  INFO async_nats: event: connected
2026-09-30T21:24:08.289440Z  INFO mq_bench::roles::subscriber: Starting subscriber engine=Nats key=topic_9 endpoint=None crash_enabled=false
2026-09-30T21:24:08.289482Z  INFO mq_bench::roles::subscriber: Connected via transport engine=Nats
2026-09-30T21:24:08.291633Z  INFO async_nats::connector: connected successfully server=4222 max_payload=10485760
2026-09-30T21:24:08.291712Z  INFO mq_bench::roles::subscriber: Subscribed to key expression key=topic_9
2026-09-30T21:24:08.291723Z  INFO async_nats: event: connected
2026-09-30T21:24:14.956443Z  INFO mq_bench::roles::subscriber: Starting subscriber engine=Nats key=topic_9 endpoint=None crash_enabled=false
2026-09-30T21:24:14.956481Z  INFO mq_bench::roles::subscriber: Connected via transport engine=Nats
2026-09-30T21:24:14.958742Z  INFO async_nats::connector: connected successfully server=4222 max_payload=10485760
2026-09-30T21:24:14.958834Z  INFO mq_bench::roles::subscriber: Subscribed to key expression key=topic_9
2026-09-30T21:24:14.958840Z  INFO async_nats: event: connected
2026-09-30T21:24:21.623622Z  INFO mq_bench::roles::subscriber: Starting subscriber engine=Nats key=topic_9 endpoint=None crash_enabled=false
2026-09-30T21:24:21.623665Z  INFO mq_bench::roles::subscriber: Connected via transport engine=Nats
2026-09-30T21:24:21.625835Z  INFO async_nats::connector: connected successfully server=4222 max_payload=10485760
2026-09-30T21:24:21.625941Z  INFO async_nats: event: connected
2026-09-30T21:24:21.625949Z  INFO mq_bench::roles::subscriber: Subscribed to key expression key=topic_9
2026-09-30T21:24:28.291772Z  INFO mq_bench::roles::subscriber: Starting subscriber engine=Nats key=topic_9 endpoint=None crash_enabled=false
2026-09-30T21:24:28.291811Z  INFO mq_bench::roles::subscriber: Connected via transport engine=Nats
2026-09-30T21:24:28.293909Z  INFO async_nats::connector: connected successfully server=4222 max_payload=10485760
2026-09-30T21:24:28.294023Z  INFO mq_bench::roles::subscriber: Subscribed to key expression key=topic_9
2026-09-30T21:24:28.294029Z  INFO async_nats: event: connected
2026-09-30T21:24:34.960073Z  INFO mq_bench::roles::subscriber: Starting subscriber engine=Nats key=topic_9 endpoint=None crash_enabled=false
2026-09-30T21:24:34.960119Z  INFO mq_bench::roles::subscriber: Connected via transport engine=Nats
2026-09-30T21:24:34.962325Z  INFO async_nats::connector: connected successfully server=4222 max_payload=10485760
2026-09-30T21:24:34.962424Z  INFO mq_bench::roles::subscriber: Subscribed to key expression key=topic_9
2026-09-30T21:24:34.962430Z  INFO async_nats: event: connected
2026-09-30T21:24:41.628065Z  INFO mq_bench::roles::subscriber: Starting subscriber engine=Nats key=topic_9 endpoint=None crash_enabled=false
2026-09-30T21:24:41.628126Z  INFO mq_bench::roles::subscriber: Connected via transport engine=Nats
2026-09-30T21:24:41.630759Z  INFO async_nats::connector: connected successfully server=4222 max_payload=10485760
2026-09-30T21:24:41.630841Z  INFO mq_bench::roles::subscriber: Subscribed to key expression key=topic_9
2026-09-30T21:24:41.630844Z  INFO async_nats: event: connected
2026-09-30T21:24:48.296124Z  INFO mq_bench::roles::subscriber: Starting subscriber engine=Nats key=topic_9 endpoint=None crash_enabled=false
2026-09-30T21:24:48.296165Z  INFO mq_bench::roles::subscriber: Connected via transport engine=Nats
2026-09-30T21:24:48.298433Z  INFO async_nats::connector: connected successfully server=4222 max_payload=10485760
2026-09-30T21:24:48.298519Z  INFO mq_bench::roles::subscriber: Subscribed to key expression key=topic_9
2026-09-30T21:24:48.298526Z  INFO async_nats: event: connected
