mq-bench starting with run_id: auto
Writing CSV output to: artifacts/fanout_bursty_20260930_212347_nats_p64_s1000_u10_bursty/fanout_singlesite/sub_2_3.csv
2026-09-30T21:23:48.013050Z  INFO mq_bench::roles::subscriber: Starting subscriber engine=Nats key=topic_2 endpoint=None crash_enabled=false
2026-09-30T21:23:48.013093Z  INFO mq_bench::roles::subscriber: Connected via transport engine=Nats
2026-09-30T21:23:48.015196Z  INFO async_nats::connector: connected successfully server=4222 max_payload=10485760
2026-09-30T21:23:48.015318Z  INFO mq_bench::roles::subscriber: Subscribed to key expression key=topic_2
2026-09-30T21:23:48.015319Z  INFO async_nats: event: connected
2026-09-30T21:23:54.681192Z  INFO mq_bench::roles::subscriber: Starting subscriber engine=Nats key=topic_2 endpoint=None crash_enabled=false
2026-09-30T21:23:54.681241Z  INFO mq_bench::roles::subscriber: Connected via transport engine=Nats
2026-09-30T21:23:54.684362Z  INFO async_nats::connector: connected successfully server=4222 max_payload=10485760
2026-09-30T21:23:54.684445Z  INFO mq_bench::roles::subscriber: Subscribed to key expression key=topic_2
2026-09-30T21:23:54.684449Z  INFO async_nats: event: connected
2026-09-30T21:24:01.349372Z  INFO mq_bench::roles::subscriber: Starting subscriber engine=Nats key=topic_2 endpoint=None crash_enabled=false
2026-09-30T21:24:01.349427Z  INFO mq_bench::roles::subscriber: Connected via transport engine=Nats
2026-09-30T21:24:01.351764Z  INFO async_nats::connector: connected successfully server=4222 max_payload=10485760
2026-09-30T21:24:01.351848Z  INFO mq_bench::roles::subscriber: Subscribed to key expression key=topic_2
2026-09-30T21:24:01.351851Z  INFO async_nats: event: connected
2026-09-30T21:24:08.016746Z  INFO mq_bench::roles::subscriber: Starting subscriber engine=Nats key=topic_2 endpoint=None crash_enabled=false
2026-09-30T21:24:08.016786Z  INFO mq_bench::roles::subscriber: Connected via transport engine=Nats
2026-09-30T21:24:08.019143Z  INFO async_nats::connector: connected successfully server=4222 max_payload=10485760
2026-09-30T21:24:08.019225Z  INFO mq_bench::roles::subscriber: Subscribed to key expression key=topic_2
2026-09-30T21:24:08.019230Z  INFO async_nats: event: connected
2026-09-30T21:24:14.683737Z  INFO mq_bench::roles::subscriber: Starting subscriber engine=Nats key=topic_2 endpoint=None crash_enabled=false
2026-09-30T21:24:14.683780Z  INFO mq_bench::roles::subscriber: Connected via transport engine=Nats
2026-09-30T21:24:14.685984Z  INFO async_nats::connector: connected successfully server=4222 max_payload=10485760
2026-09-30T21:24:14.686077Z  INFO async_nats: event: connected
2026-09-30T21:24:14.686080Z  INFO mq_bench::roles::subscriber: Subscribed to key expression key=topic_2
2026-09-30T21:24:21.351201Z  INFO mq_bench::roles::subscriber: Starting subscriber engine=Nats key=topic_2 endpoint=None crash_enabled=false
2026-09-30T21:24:21.351242Z  INFO mq_bench::roles::subscriber: Connected via transport engine=Nats
2026-09-30T21:24:21.353508Z  INFO async_nats::connector: connected successfully server=4222 max_payload=10485760
2026-09-30T21:24:21.353591Z  INFO mq_bench::roles::subscriber: Subscribed to key expression key=topic_2
2026-09-30T21:24:21.353591Z  INFO async_nats: event: connected
2026-09-30T21:24:28.019317Z  INFO mq_bench::roles::subscriber: Starting subscriber engine=Nats key=topic_2 endpoint=None crash_enabled=false
2026-09-30T21:24:28.019357Z  INFO mq_bench::roles::subscriber: Connected via transport engine=Nats
2026-09-30T21:24:28.021568Z  INFO async_nats::connector: connected successfully server=4222 max_payload=10485760
2026-09-30T21:24:28.021668Z  INFO async_nats: event: connected
2026-09-30T21:24:28.021672Z  INFO mq_bench::roles::subscriber: Subscribed to key expression key=topic_2
2026-09-30T21:24:34.687413Z  INFO mq_bench::roles::subscriber: Starting subscriber engine=Nats key=topic_2 endpoint=None crash_enabled=false
2026-09-30T21:24:34.687477Z  INFO mq_bench::roles::subscriber: Connected via transport engine=Nats
2026-09-30T21:24:34.689730Z  INFO async_nats::connector: connected successfully server=4222 max_payload=10485760
2026-09-30T21:24:34.689831Z  INFO mq_bench::roles::subscriber: Subscribed to key expression key=topic_2
2026-09-30T21:24:34.689835Z  INFO async_nats: event: connected
2026-09-30T21:24:41.355073Z  INFO mq_bench::roles::subscriber: Starting subscriber engine=Nats key=topic_2 endpoint=None crash_enabled=false
2026-09-30T21:24:41.355117Z  INFO mq_bench::roles::subscriber: Connected via transport engine=Nats
2026-09-30T21:24:41.357330Z  INFO async_nats::connector: connected successfully server=4222 max_payload=10485760
2026-09-30T21:24:41.357415Z  INFO mq_bench::roles::subscriber: Subscribed to key expression key=topic_2
2026-09-30T21:24:41.357418Z  INFO async_nats: event: connected
2026-09-30T21:24:48.023378Z  INFO mq_bench::roles::subscriber: Starting subscriber engine=Nats key=topic_2 endpoint=None crash_enabled=false
2026-09-30T21:24:48.023420Z  INFO mq_bench::roles::subscriber: Connected via transport engine=Nats
2026-09-30T21:24:48.025822Z  INFO async_nats::connector: connected successfully server=4222 max_payload=10485760
2026-09-30T21:24:48.025900Z  INFO mq_bench::roles::subscriber: Subscribed to key expression key=topic_2
2026-09-30T21:24:48.025904Z  INFO async_nats: event: connected
