mq-bench starting with run_id: auto
Writing CSV output to: artifacts/fanout_bursty_20260930_212347_nats_p64_s1000_u10_bursty/fanout_singlesite/sub_5_8.csv
2026-09-30T21:23:48.142294Z  INFO mq_bench::roles::subscriber: Starting subscriber engine=Nats key=topic_5 endpoint=None crash_enabled=false
2026-09-30T21:23:48.142341Z  INFO mq_bench::roles::subscriber: Connected via transport engine=Nats
2026-09-30T21:23:48.144583Z  INFO async_nats::connector: connected successfully server=4222 max_payload=10485760
2026-09-30T21:23:48.144623Z  INFO mq_bench::roles::subscriber: Subscribed to key expression key=topic_5
2026-09-30T21:23:48.144627Z  INFO async_nats: event: connected
2026-09-30T21:23:54.809626Z  INFO mq_bench::roles::subscriber: Starting subscriber engine=Nats key=topic_5 endpoint=None crash_enabled=false
2026-09-30T21:23:54.809684Z  INFO mq_bench::roles::subscriber: Connected via transport engine=Nats
2026-09-30T21:23:54.811788Z  INFO async_nats::connector: connected successfully server=4222 max_payload=10485760
2026-09-30T21:23:54.811838Z  INFO mq_bench::roles::subscriber: Subscribed to key expression key=topic_5
2026-09-30T21:23:54.811848Z  INFO async_nats: event: connected
2026-09-30T21:24:01.477553Z  INFO mq_bench::roles::subscriber: Starting subscriber engine=Nats key=topic_5 endpoint=None crash_enabled=false
2026-09-30T21:24:01.477597Z  INFO mq_bench::roles::subscriber: Connected via transport engine=Nats
2026-09-30T21:24:01.479713Z  INFO async_nats::connector: connected successfully server=4222 max_payload=10485760
2026-09-30T21:24:01.479786Z  INFO mq_bench::roles::subscriber: Subscribed to key expression key=topic_5
2026-09-30T21:24:01.479796Z  INFO async_nats: event: connected
2026-09-30T21:24:08.145714Z  INFO mq_bench::roles::subscriber: Starting subscriber engine=Nats key=topic_5 endpoint=None crash_enabled=false
2026-09-30T21:24:08.145757Z  INFO mq_bench::roles::subscriber: Connected via transport engine=Nats
2026-09-30T21:24:08.147974Z  INFO async_nats::connector: connected successfully server=4222 max_payload=10485760
2026-09-30T21:24:08.148069Z  INFO mq_bench::roles::subscriber: Subscribed to key expression key=topic_5
2026-09-30T21:24:08.148073Z  INFO async_nats: event: connected
2026-09-30T21:24:14.813507Z  INFO mq_bench::roles::subscriber: Starting subscriber engine=Nats key=topic_5 endpoint=None crash_enabled=false
2026-09-30T21:24:14.813549Z  INFO mq_bench::roles::subscriber: Connected via transport engine=Nats
2026-09-30T21:24:14.815922Z  INFO async_nats::connector: connected successfully server=4222 max_payload=10485760
2026-09-30T21:24:14.816002Z  INFO mq_bench::roles::subscriber: Subscribed to key expression key=topic_5
2026-09-30T21:24:14.816008Z  INFO async_nats: event: connected
2026-09-30T21:24:21.481415Z  INFO mq_bench::roles::subscriber: Starting subscriber engine=Nats key=topic_5 endpoint=None crash_enabled=false
2026-09-30T21:24:21.481462Z  INFO mq_bench::roles::subscriber: Connected via transport engine=Nats
2026-09-30T21:24:21.483670Z  INFO async_nats::connector: connected successfully server=4222 max_payload=10485760
2026-09-30T21:24:21.483746Z  INFO mq_bench::roles::subscriber: Subscribed to key expression key=topic_5
2026-09-30T21:24:21.483752Z  INFO async_nats: event: connected
2026-09-30T21:24:28.149966Z  INFO mq_bench::roles::subscriber: Starting subscriber engine=Nats key=topic_5 endpoint=None crash_enabled=false
2026-09-30T21:24:28.150026Z  INFO mq_bench::roles::subscriber: Connected via transport engine=Nats
2026-09-30T21:24:28.152136Z  INFO async_nats::connector: connected successfully server=4222 max_payload=10485760
2026-09-30T21:24:28.152213Z  INFO mq_bench::roles::subscriber: Subscribed to key expression key=topic_5
2026-09-30T21:24:28.152218Z  INFO async_nats: event: connected
2026-09-30T21:24:34.817240Z  INFO mq_bench::roles::subscriber: Starting subscriber engine=Nats key=topic_5 endpoint=None crash_enabled=false
2026-09-30T21:24:34.817282Z  INFO mq_bench::roles::subscriber: Connected via transport engine=Nats
2026-09-30T21:24:34.819382Z  INFO async_nats::connector: connected successfully server=4222 max_payload=10485760
2026-09-30T21:24:34.819489Z  INFO mq_bench::roles::subscriber: Subscribed to key expression key=topic_5
2026-09-30T21:24:34.819495Z  INFO async_nats: event: connected
2026-09-30T21:24:41.484741Z  INFO mq_bench::roles::subscriber: Starting subscriber engine=Nats key=topic_5 endpoint=None crash_enabled=false
2026-09-30T21:24:41.484783Z  INFO mq_bench::roles::subscriber: Connected via transport engine=Nats
2026-09-30T21:24:41.487026Z  INFO async_nats::connector: connected successfully server=4222 max_payload=10485760
2026-09-30T21:24:41.487113Z  INFO mq_bench::roles::subscriber: Subscribed to key expression key=topic_5
2026-09-30T21:24:41.487120Z  INFO async_nats: event: connected
2026-09-30T21:24:48.152977Z  INFO mq_bench::roles::subscriber: Starting subscriber engine=Nats key=topic_5 endpoint=None crash_enabled=false
2026-09-30T21:24:48.153017Z  INFO mq_bench::roles::subscriber: Connected via transport engine=Nats
2026-09-30T21:24:48.155271Z  INFO async_nats::connector: connected successfully server=4222 max_payload=10485760
2026-09-30T21:24:48.155345Z  INFO mq_bench::roles::subscriber: Subscribed to key expression key=topic_5
2026-09-30T21:24:48.155350Z  INFO async_nats: event: connected
