mq-bench starting with run_id: auto
Writing CSV output to: artifacts/fanout_bursty_20260930_212347_nats_p64_s1000_u10_bursty/fanout_singlesite/sub_0_8.csv
2026-09-30T21:23:47.958457Z  INFO mq_bench::roles::subscriber: Starting subscriber engine=Nats key=topic_0 endpoint=None crash_enabled=false
2026-09-30T21:23:47.958497Z  INFO mq_bench::roles::subscriber: Connected via transport engine=Nats
2026-09-30T21:23:47.960785Z  INFO async_nats::connector: connected successfully server=4222 max_payload=10485760
2026-09-30T21:23:47.960834Z  INFO mq_bench::roles::subscriber: Subscribed to key expression key=topic_0
2026-09-30T21:23:47.960839Z  INFO async_nats: event: connected
2026-09-30T21:23:54.626238Z  INFO mq_bench::roles::subscriber: Starting subscriber engine=Nats key=topic_0 endpoint=None crash_enabled=false
2026-09-30T21:23:54.626330Z  INFO mq_bench::roles::subscriber: Connected via transport engine=Nats
2026-09-30T21:23:54.628688Z  INFO async_nats::connector: connected successfully server=4222 max_payload=10485760
2026-09-30T21:23:54.628779Z  INFO mq_bench::roles::subscriber: Subscribed to key expression key=topic_0
2026-09-30T21:23:54.628785Z  INFO async_nats: event: connected
2026-09-30T21:24:01.293536Z  INFO mq_bench::roles::subscriber: Starting subscriber engine=Nats key=topic_0 endpoint=None crash_enabled=false
2026-09-30T21:24:01.293578Z  INFO mq_bench::roles::subscriber: Connected via transport engine=Nats
2026-09-30T21:24:01.296758Z  INFO async_nats::connector: connected successfully server=4222 max_payload=10485760
2026-09-30T21:24:01.296829Z  INFO mq_bench::roles::subscriber: Subscribed to key expression key=topic_0
2026-09-30T21:24:01.296838Z  INFO async_nats: event: connected
2026-09-30T21:24:07.961434Z  INFO mq_bench::roles::subscriber: Starting subscriber engine=Nats key=topic_0 endpoint=None crash_enabled=false
2026-09-30T21:24:07.961485Z  INFO mq_bench::roles::subscriber: Connected via transport engine=Nats
2026-09-30T21:24:07.963622Z  INFO async_nats::connector: connected successfully server=4222 max_payload=10485760
2026-09-30T21:24:07.963714Z  INFO mq_bench::roles::subscriber: Subscribed to key expression key=topic_0
2026-09-30T21:24:07.963721Z  INFO async_nats: event: connected
2026-09-30T21:24:14.629100Z  INFO mq_bench::roles::subscriber: Starting subscriber engine=Nats key=topic_0 endpoint=None crash_enabled=false
2026-09-30T21:24:14.629147Z  INFO mq_bench::roles::subscriber: Connected via transport engine=Nats
2026-09-30T21:24:14.631384Z  INFO async_nats::connector: connected successfully server=4222 max_payload=10485760
2026-09-30T21:24:14.631478Z  INFO async_nats: event: connected
2026-09-30T21:24:14.631478Z  INFO mq_bench::roles::subscriber: Subscribed to key expression key=topic_0
2026-09-30T21:24:21.296158Z  INFO mq_bench::roles::subscriber: Starting subscriber engine=Nats key=topic_0 endpoint=None crash_enabled=false
2026-09-30T21:24:21.296225Z  INFO mq_bench::roles::subscriber: Connected via transport engine=Nats
2026-09-30T21:24:21.298513Z  INFO async_nats::connector: connected successfully server=4222 max_payload=10485760
2026-09-30T21:24:21.298594Z  INFO mq_bench::roles::subscriber: Subscribed to key expression key=topic_0
2026-09-30T21:24:21.298600Z  INFO async_nats: event: connected
2026-09-30T21:24:27.963622Z  INFO mq_bench::roles::subscriber: Starting subscriber engine=Nats key=topic_0 endpoint=None crash_enabled=false
2026-09-30T21:24:27.963669Z  INFO mq_bench::roles::subscriber: Connected via transport engine=Nats
2026-09-30T21:24:27.965924Z  INFO async_nats::connector: connected successfully server=4222 max_payload=10485760
2026-09-30T21:24:27.966010Z  INFO mq_bench::roles::subscriber: Subscribed to key expression key=topic_0
2026-09-30T21:24:27.966014Z  INFO async_nats: event: connected
2026-09-30T21:24:34.631747Z  INFO mq_bench::roles::subscriber: Starting subscriber engine=Nats key=topic_0 endpoint=None crash_enabled=false
2026-09-30T21:24:34.631789Z  INFO mq_bench::roles::subscriber: Connected via transport engine=Nats
2026-09-30T21:24:34.634007Z  INFO async_nats::connector: connected successfully server=4222 max_payload=10485760
2026-09-30T21:24:34.634113Z  INFO mq_bench::roles::subscriber: Subscribed to key expression key=topic_0
2026-09-30T21:24:34.634117Z  INFO async_nats: event: connected
2026-09-30T21:24:41.299985Z  INFO mq_bench::roles::subscriber: Starting subscriber engine=Nats key=topic_0 endpoint=None crash_enabled=false
2026-09-30T21:24:41.300033Z  INFO mq_bench::roles::subscriber: Connected via transport engine=Nats
2026-09-30T21:24:41.301238Z  INFO async_nats::connector: connected successfully server=4222 max_payload=10485760
2026-09-30T21:24:41.301306Z  INFO mq_bench::roles::subscriber: Subscribed to key expression key=topic_0
2026-09-30T21:24:41.301313Z  INFO async_nats: event: connected
2026-09-30T21:24:47.968113Z  INFO mq_bench::roles::subscriber: Starting subscriber engine=Nats key=topic_0 endpoint=None crash_enabled=false
2026-09-30T21:24:47.968158Z  INFO mq_bench::roles::subscriber: Connected via transport engine=Nats
2026-09-30T21:24:47.970419Z  INFO async_nats::connector: connected successfully server=4222 max_payload=10485760
2026-09-30T21:24:47.970509Z  INFO mq_bench::roles::subscriber: Subscribed to key expression key=topic_0
2026-09-30T21:24:47.970514Z  INFO async_nats: event: connected
