mq-bench starting with run_id: auto
Writing CSV output to: artifacts/fanout_bursty_20260930_212347_nats_p64_s1000_u10_bursty/fanout_singlesite/sub_7_7.csv
2026-09-30T21:23:48.214164Z  INFO mq_bench::roles::subscriber: Starting subscriber engine=Nats key=topic_7 endpoint=None crash_enabled=false
2026-09-30T21:23:48.214218Z  INFO mq_bench::roles::subscriber: Connected via transport engine=Nats
2026-09-30T21:23:48.216572Z  INFO async_nats::connector: connected successfully server=4222 max_payload=10485760
2026-09-30T21:23:48.216613Z  INFO mq_bench::roles::subscriber: Subscribed to key expression key=topic_7
2026-09-30T21:23:48.216615Z  INFO async_nats: event: connected
2026-09-30T21:23:54.881830Z  INFO mq_bench::roles::subscriber: Starting subscriber engine=Nats key=topic_7 endpoint=None crash_enabled=false
2026-09-30T21:23:54.881892Z  INFO mq_bench::roles::subscriber: Connected via transport engine=Nats
2026-09-30T21:23:54.884183Z  INFO async_nats::connector: connected successfully server=4222 max_payload=10485760
2026-09-30T21:23:54.884262Z  INFO mq_bench::roles::subscriber: Subscribed to key expression key=topic_7
2026-09-30T21:23:54.884267Z  INFO async_nats: event: connected
2026-09-30T21:24:01.549668Z  INFO mq_bench::roles::subscriber: Starting subscriber engine=Nats key=topic_7 endpoint=None crash_enabled=false
2026-09-30T21:24:01.549711Z  INFO mq_bench::roles::subscriber: Connected via transport engine=Nats
2026-09-30T21:24:01.551878Z  INFO async_nats::connector: connected successfully server=4222 max_payload=10485760
2026-09-30T21:24:01.551958Z  INFO mq_bench::roles::subscriber: Subscribed to key expression key=topic_7
2026-09-30T21:24:01.551967Z  INFO async_nats: event: connected
2026-09-30T21:24:08.217895Z  INFO mq_bench::roles::subscriber: Starting subscriber engine=Nats key=topic_7 endpoint=None crash_enabled=false
2026-09-30T21:24:08.217975Z  INFO mq_bench::roles::subscriber: Connected via transport engine=Nats
2026-09-30T21:24:08.220253Z  INFO async_nats::connector: connected successfully server=4222 max_payload=10485760
2026-09-30T21:24:08.220342Z  INFO mq_bench::roles::subscriber: Subscribed to key expression key=topic_7
2026-09-30T21:24:08.220347Z  INFO async_nats: event: connected
2026-09-30T21:24:14.885410Z  INFO mq_bench::roles::subscriber: Starting subscriber engine=Nats key=topic_7 endpoint=None crash_enabled=false
2026-09-30T21:24:14.885451Z  INFO mq_bench::roles::subscriber: Connected via transport engine=Nats
2026-09-30T21:24:14.887549Z  INFO async_nats::connector: connected successfully server=4222 max_payload=10485760
2026-09-30T21:24:14.887641Z  INFO async_nats: event: connected
2026-09-30T21:24:14.887643Z  INFO mq_bench::roles::subscriber: Subscribed to key expression key=topic_7
2026-09-30T21:24:21.552395Z  INFO mq_bench::roles::subscriber: Starting subscriber engine=Nats key=topic_7 endpoint=None crash_enabled=false
2026-09-30T21:24:21.552435Z  INFO mq_bench::roles::subscriber: Connected via transport engine=Nats
2026-09-30T21:24:21.554730Z  INFO async_nats::connector: connected successfully server=4222 max_payload=10485760
2026-09-30T21:24:21.554822Z  INFO mq_bench::roles::subscriber: Subscribed to key expression key=topic_7
2026-09-30T21:24:21.554828Z  INFO async_nats: event: connected
2026-09-30T21:24:28.220020Z  INFO mq_bench::roles::subscriber: Starting subscriber engine=Nats key=topic_7 endpoint=None crash_enabled=false
2026-09-30T21:24:28.220058Z  INFO mq_bench::roles::subscriber: Connected via transport engine=Nats
2026-09-30T21:24:28.222141Z  INFO async_nats::connector: connected successfully server=4222 max_payload=10485760
2026-09-30T21:24:28.222234Z  INFO mq_bench::roles::subscriber: Subscribed to key expression key=topic_7
2026-09-30T21:24:28.222238Z  INFO async_nats: event: connected
2026-09-30T21:24:34.888192Z  INFO mq_bench::roles::subscriber: Starting subscriber engine=Nats key=topic_7 endpoint=None crash_enabled=false
2026-09-30T21:24:34.888232Z  INFO mq_bench::roles::subscriber: Connected via transport engine=Nats
2026-09-30T21:24:34.890606Z  INFO async_nats::connector: connected successfully server=4222 max_payload=10485760
2026-09-30T21:24:34.890709Z  INFO async_nats: event: connected
2026-09-30T21:24:34.890711Z  INFO mq_bench::roles::subscriber: Subscribed to key expression key=topic_7
2026-09-30T21:24:41.556253Z  INFO mq_bench::roles::subscriber: Starting subscriber engine=Nats key=topic_7 endpoint=None crash_enabled=false
2026-09-30T21:24:41.556293Z  INFO mq_bench::roles::subscriber: Connected via transport engine=Nats
2026-09-30T21:24:41.558498Z  INFO async_nats::connector: connected successfully server=4222 max_payload=10485760
2026-09-30T21:24:41.558581Z  INFO mq_bench::roles::subscriber: Subscribed to key expression key=topic_7
2026-09-30T21:24:41.558588Z  INFO async_nats: event: connected
2026-09-30T21:24:48.223814Z  INFO mq_bench::roles::subscriber: Starting subscriber engine=Nats key=topic_7 endpoint=None crash_enabled=false
2026-09-30T21:24:48.223852Z  INFO mq_bench::roles::subscriber: Connected via transport engine=Nats
2026-09-30T21:24:48.226095Z  INFO async_nats::connector: connected successfully server=4222 max_payload=10485760
2026-09-30T21:24:48.226180Z  INFO mq_bench::roles::subscriber: Subscribed to key expression key=topic_7
2026-09-30T21:24:48.226184Z  INFO async_nats: event: connected
