mq-bench starting with run_id: auto
Writing CSV output to: artifacts/fanout_bursty_20260930_212347_nats_p64_s1000_u10_bursty/fanout_singlesite/sub_7_4.csv
2026-09-30T21:23:48.203115Z  INFO mq_bench::roles::subscriber: Starting subscriber engine=Nats key=topic_7 endpoint=None crash_enabled=false
2026-09-30T21:23:48.203160Z  INFO mq_bench::roles::subscriber: Connected via transport engine=Nats
2026-09-30T21:23:48.205347Z  INFO async_nats::connector: connected successfully server=4222 max_payload=10485760
2026-09-30T21:23:48.205378Z  INFO mq_bench::roles::subscriber: Subscribed to key expression key=topic_7
2026-09-30T21:23:48.205385Z  INFO async_nats: event: connected
2026-09-30T21:23:54.871563Z  INFO mq_bench::roles::subscriber: Starting subscriber engine=Nats key=topic_7 endpoint=None crash_enabled=false
2026-09-30T21:23:54.871608Z  INFO mq_bench::roles::subscriber: Connected via transport engine=Nats
2026-09-30T21:23:54.873791Z  INFO async_nats::connector: connected successfully server=4222 max_payload=10485760
2026-09-30T21:23:54.873858Z  INFO mq_bench::roles::subscriber: Subscribed to key expression key=topic_7
2026-09-30T21:23:54.873867Z  INFO async_nats: event: connected
2026-09-30T21:24:01.539726Z  INFO mq_bench::roles::subscriber: Starting subscriber engine=Nats key=topic_7 endpoint=None crash_enabled=false
2026-09-30T21:24:01.539784Z  INFO mq_bench::roles::subscriber: Connected via transport engine=Nats
2026-09-30T21:24:01.542087Z  INFO async_nats::connector: connected successfully server=4222 max_payload=10485760
2026-09-30T21:24:01.542173Z  INFO mq_bench::roles::subscriber: Subscribed to key expression key=topic_7
2026-09-30T21:24:01.542178Z  INFO async_nats: event: connected
2026-09-30T21:24:08.206765Z  INFO mq_bench::roles::subscriber: Starting subscriber engine=Nats key=topic_7 endpoint=None crash_enabled=false
2026-09-30T21:24:08.206821Z  INFO mq_bench::roles::subscriber: Connected via transport engine=Nats
2026-09-30T21:24:08.209100Z  INFO async_nats::connector: connected successfully server=4222 max_payload=10485760
2026-09-30T21:24:08.209180Z  INFO mq_bench::roles::subscriber: Subscribed to key expression key=topic_7
2026-09-30T21:24:08.209186Z  INFO async_nats: event: connected
2026-09-30T21:24:14.873799Z  INFO mq_bench::roles::subscriber: Starting subscriber engine=Nats key=topic_7 endpoint=None crash_enabled=false
2026-09-30T21:24:14.873839Z  INFO mq_bench::roles::subscriber: Connected via transport engine=Nats
2026-09-30T21:24:14.876032Z  INFO async_nats::connector: connected successfully server=4222 max_payload=10485760
2026-09-30T21:24:14.876129Z  INFO mq_bench::roles::subscriber: Subscribed to key expression key=topic_7
2026-09-30T21:24:14.876132Z  INFO async_nats: event: connected
2026-09-30T21:24:21.541589Z  INFO mq_bench::roles::subscriber: Starting subscriber engine=Nats key=topic_7 endpoint=None crash_enabled=false
2026-09-30T21:24:21.541632Z  INFO mq_bench::roles::subscriber: Connected via transport engine=Nats
2026-09-30T21:24:21.543855Z  INFO async_nats::connector: connected successfully server=4222 max_payload=10485760
2026-09-30T21:24:21.543963Z  INFO mq_bench::roles::subscriber: Subscribed to key expression key=topic_7
2026-09-30T21:24:21.543966Z  INFO async_nats: event: connected
2026-09-30T21:24:28.208824Z  INFO mq_bench::roles::subscriber: Starting subscriber engine=Nats key=topic_7 endpoint=None crash_enabled=false
2026-09-30T21:24:28.208863Z  INFO mq_bench::roles::subscriber: Connected via transport engine=Nats
2026-09-30T21:24:28.210954Z  INFO async_nats::connector: connected successfully server=4222 max_payload=10485760
2026-09-30T21:24:28.211046Z  INFO mq_bench::roles::subscriber: Subscribed to key expression key=topic_7
2026-09-30T21:24:28.211051Z  INFO async_nats: event: connected
2026-09-30T21:24:34.876028Z  INFO mq_bench::roles::subscriber: Starting subscriber engine=Nats key=topic_7 endpoint=None crash_enabled=false
2026-09-30T21:24:34.876070Z  INFO mq_bench::roles::subscriber: Connected via transport engine=Nats
2026-09-30T21:24:34.878329Z  INFO async_nats::connector: connected successfully server=4222 max_payload=10485760
2026-09-30T21:24:34.878446Z  INFO mq_bench::roles::subscriber: Subscribed to key expression key=topic_7
2026-09-30T21:24:34.878451Z  INFO async_nats: event: connected
2026-09-30T21:24:41.543818Z  INFO mq_bench::roles::subscriber: Starting subscriber engine=Nats key=topic_7 endpoint=None crash_enabled=false
2026-09-30T21:24:41.543857Z  INFO mq_bench::roles::subscriber: Connected via transport engine=Nats
2026-09-30T21:24:41.546154Z  INFO async_nats::connector: connected successfully server=4222 max_payload=10485760
2026-09-30T21:24:41.546250Z  INFO async_nats: event: connected
2026-09-30T21:24:41.546252Z  INFO mq_bench::roles::subscriber: Subscribed to key expression key=topic_7
2026-09-30T21:24:48.210839Z  INFO mq_bench::roles::subscriber: Starting subscriber engine=Nats key=topic_7 endpoint=None crash_enabled=false
2026-09-30T21:24:48.210879Z  INFO mq_bench::roles::subscriber: Connected via transport engine=Nats
2026-09-30T21:24:48.213188Z  INFO async_nats::connector: connected successfully server=4222 max_payload=10485760
2026-09-30T21:24:48.213283Z  INFO mq_bench::roles::subscriber: Subscribed to key expression key=topic_7
2026-09-30T21:24:48.213288Z  INFO async_nats: event: connected
