mq-bench starting with run_id: auto
Writing CSV output to: artifacts/fanout_bursty_20260930_212347_nats_p64_s1000_u10_bursty/fanout_singlesite/sub_2_5.csv
2026-09-30T21:23:48.020678Z  INFO mq_bench::roles::subscriber: Starting subscriber engine=Nats key=topic_2 endpoint=None crash_enabled=false
2026-09-30T21:23:48.020728Z  INFO mq_bench::roles::subscriber: Connected via transport engine=Nats
2026-09-30T21:23:48.022862Z  INFO async_nats::connector: connected successfully server=4222 max_payload=10485760
2026-09-30T21:23:48.022894Z  INFO mq_bench::roles::subscriber: Subscribed to key expression key=topic_2
2026-09-30T21:23:48.022899Z  INFO async_nats: event: connected
2026-09-30T21:23:54.688743Z  INFO mq_bench::roles::subscriber: Starting subscriber engine=Nats key=topic_2 endpoint=None crash_enabled=false
2026-09-30T21:23:54.688802Z  INFO mq_bench::roles::subscriber: Connected via transport engine=Nats
2026-09-30T21:23:54.691268Z  INFO async_nats::connector: connected successfully server=4222 max_payload=10485760
2026-09-30T21:23:54.691371Z  INFO mq_bench::roles::subscriber: Subscribed to key expression key=topic_2
2026-09-30T21:23:54.691377Z  INFO async_nats: event: connected
2026-09-30T21:24:01.356869Z  INFO mq_bench::roles::subscriber: Starting subscriber engine=Nats key=topic_2 endpoint=None crash_enabled=false
2026-09-30T21:24:01.356948Z  INFO mq_bench::roles::subscriber: Connected via transport engine=Nats
2026-09-30T21:24:01.359400Z  INFO async_nats::connector: connected successfully server=4222 max_payload=10485760
2026-09-30T21:24:01.359480Z  INFO mq_bench::roles::subscriber: Subscribed to key expression key=topic_2
2026-09-30T21:24:01.359486Z  INFO async_nats: event: connected
2026-09-30T21:24:08.024560Z  INFO mq_bench::roles::subscriber: Starting subscriber engine=Nats key=topic_2 endpoint=None crash_enabled=false
2026-09-30T21:24:08.024607Z  INFO mq_bench::roles::subscriber: Connected via transport engine=Nats
2026-09-30T21:24:08.026842Z  INFO async_nats::connector: connected successfully server=4222 max_payload=10485760
2026-09-30T21:24:08.026935Z  INFO async_nats: event: connected
2026-09-30T21:24:08.026941Z  INFO mq_bench::roles::subscriber: Subscribed to key expression key=topic_2
2026-09-30T21:24:14.692579Z  INFO mq_bench::roles::subscriber: Starting subscriber engine=Nats key=topic_2 endpoint=None crash_enabled=false
2026-09-30T21:24:14.692622Z  INFO mq_bench::roles::subscriber: Connected via transport engine=Nats
2026-09-30T21:24:14.694857Z  INFO async_nats::connector: connected successfully server=4222 max_payload=10485760
2026-09-30T21:24:14.694973Z  INFO mq_bench::roles::subscriber: Subscribed to key expression key=topic_2
2026-09-30T21:24:14.694980Z  INFO async_nats: event: connected
2026-09-30T21:24:21.360843Z  INFO mq_bench::roles::subscriber: Starting subscriber engine=Nats key=topic_2 endpoint=None crash_enabled=false
2026-09-30T21:24:21.360890Z  INFO mq_bench::roles::subscriber: Connected via transport engine=Nats
2026-09-30T21:24:21.363142Z  INFO async_nats::connector: connected successfully server=4222 max_payload=10485760
2026-09-30T21:24:21.363232Z  INFO mq_bench::roles::subscriber: Subscribed to key expression key=topic_2
2026-09-30T21:24:21.363236Z  INFO async_nats: event: connected
2026-09-30T21:24:28.029070Z  INFO mq_bench::roles::subscriber: Starting subscriber engine=Nats key=topic_2 endpoint=None crash_enabled=false
2026-09-30T21:24:28.029108Z  INFO mq_bench::roles::subscriber: Connected via transport engine=Nats
2026-09-30T21:24:28.030362Z  INFO async_nats::connector: connected successfully server=4222 max_payload=10485760
2026-09-30T21:24:28.030450Z  INFO mq_bench::roles::subscriber: Subscribed to key expression key=topic_2
2026-09-30T21:24:28.030455Z  INFO async_nats: event: connected
2026-09-30T21:24:34.696774Z  INFO mq_bench::roles::subscriber: Starting subscriber engine=Nats key=topic_2 endpoint=None crash_enabled=false
2026-09-30T21:24:34.696851Z  INFO mq_bench::roles::subscriber: Connected via transport engine=Nats
2026-09-30T21:24:34.699007Z  INFO async_nats::connector: connected successfully server=4222 max_payload=10485760
2026-09-30T21:24:34.699115Z  INFO mq_bench::roles::subscriber: Subscribed to key expression key=topic_2
2026-09-30T21:24:34.699120Z  INFO async_nats: event: connected
2026-09-30T21:24:41.365142Z  INFO mq_bench::roles::subscriber: Starting subscriber engine=Nats key=topic_2 endpoint=None crash_enabled=false
2026-09-30T21:24:41.365184Z  INFO mq_bench::roles::subscriber: Connected via transport engine=Nats
2026-09-30T21:24:41.367898Z  INFO async_nats::connector: connected successfully server=4222 max_payload=10485760
2026-09-30T21:24:41.368012Z  INFO mq_bench::roles::subscriber: Subscribed to key expression key=topic_2
2026-09-30T21:24:41.368016Z  INFO async_nats: event: connected
2026-09-30T21:24:48.032477Z  INFO mq_bench::roles::subscriber: Starting subscriber engine=Nats key=topic_2 endpoint=None crash_enabled=false
2026-09-30T21:24:48.032518Z  INFO mq_bench::roles::subscriber: Connected via transport engine=Nats
2026-09-30T21:24:48.034777Z  INFO async_nats::connector: connected successfully server=4222 max_payload=10485760
2026-09-30T21:24:48.034857Z  INFO mq_bench::roles::subscriber: Subscribed to key expression key=topic_2
2026-09-30T21:24:48.034859Z  INFO async_nats: event: connected
