mq-bench starting with run_id: auto
Writing CSV output to: artifacts/fanout_bursty_20260930_212347_nats_p64_s1000_u10_bursty/fanout_singlesite/sub_3_2.csv
2026-09-30T21:23:48.046778Z  INFO mq_bench::roles::subscriber: Starting subscriber engine=Nats key=topic_3 endpoint=None crash_enabled=false
2026-09-30T21:23:48.046918Z  INFO mq_bench::roles::subscriber: Connected via transport engine=Nats
2026-09-30T21:23:48.048869Z  INFO async_nats::connector: connected successfully server=4222 max_payload=10485760
2026-09-30T21:23:48.048905Z  INFO mq_bench::roles::subscriber: Subscribed to key expression key=topic_3
2026-09-30T21:23:48.048908Z  INFO async_nats: event: connected
2026-09-30T21:23:54.714732Z  INFO mq_bench::roles::subscriber: Starting subscriber engine=Nats key=topic_3 endpoint=None crash_enabled=false
2026-09-30T21:23:54.714790Z  INFO mq_bench::roles::subscriber: Connected via transport engine=Nats
2026-09-30T21:23:54.717236Z  INFO async_nats::connector: connected successfully server=4222 max_payload=10485760
2026-09-30T21:23:54.717324Z  INFO mq_bench::roles::subscriber: Subscribed to key expression key=topic_3
2026-09-30T21:23:54.717327Z  INFO async_nats: event: connected
2026-09-30T21:24:01.382774Z  INFO mq_bench::roles::subscriber: Starting subscriber engine=Nats key=topic_3 endpoint=None crash_enabled=false
2026-09-30T21:24:01.382824Z  INFO mq_bench::roles::subscriber: Connected via transport engine=Nats
2026-09-30T21:24:01.385220Z  INFO async_nats::connector: connected successfully server=4222 max_payload=10485760
2026-09-30T21:24:01.385298Z  INFO mq_bench::roles::subscriber: Subscribed to key expression key=topic_3
2026-09-30T21:24:01.385301Z  INFO async_nats: event: connected
2026-09-30T21:24:08.051296Z  INFO mq_bench::roles::subscriber: Starting subscriber engine=Nats key=topic_3 endpoint=None crash_enabled=false
2026-09-30T21:24:08.051342Z  INFO mq_bench::roles::subscriber: Connected via transport engine=Nats
2026-09-30T21:24:08.053553Z  INFO async_nats::connector: connected successfully server=4222 max_payload=10485760
2026-09-30T21:24:08.053639Z  INFO async_nats: event: connected
2026-09-30T21:24:08.053639Z  INFO mq_bench::roles::subscriber: Subscribed to key expression key=topic_3
2026-09-30T21:24:14.719154Z  INFO mq_bench::roles::subscriber: Starting subscriber engine=Nats key=topic_3 endpoint=None crash_enabled=false
2026-09-30T21:24:14.719203Z  INFO mq_bench::roles::subscriber: Connected via transport engine=Nats
2026-09-30T21:24:14.720375Z  INFO async_nats::connector: connected successfully server=4222 max_payload=10485760
2026-09-30T21:24:14.720452Z  INFO mq_bench::roles::subscriber: Subscribed to key expression key=topic_3
2026-09-30T21:24:14.720459Z  INFO async_nats: event: connected
2026-09-30T21:24:21.387290Z  INFO mq_bench::roles::subscriber: Starting subscriber engine=Nats key=topic_3 endpoint=None crash_enabled=false
2026-09-30T21:24:21.387342Z  INFO mq_bench::roles::subscriber: Connected via transport engine=Nats
2026-09-30T21:24:21.389496Z  INFO async_nats::connector: connected successfully server=4222 max_payload=10485760
2026-09-30T21:24:21.389575Z  INFO mq_bench::roles::subscriber: Subscribed to key expression key=topic_3
2026-09-30T21:24:21.389583Z  INFO async_nats: event: connected
2026-09-30T21:24:28.055033Z  INFO mq_bench::roles::subscriber: Starting subscriber engine=Nats key=topic_3 endpoint=None crash_enabled=false
2026-09-30T21:24:28.055078Z  INFO mq_bench::roles::subscriber: Connected via transport engine=Nats
2026-09-30T21:24:28.057307Z  INFO async_nats::connector: connected successfully server=4222 max_payload=10485760
2026-09-30T21:24:28.057400Z  INFO mq_bench::roles::subscriber: Subscribed to key expression key=topic_3
2026-09-30T21:24:28.057404Z  INFO async_nats: event: connected
2026-09-30T21:24:34.722864Z  INFO mq_bench::roles::subscriber: Starting subscriber engine=Nats key=topic_3 endpoint=None crash_enabled=false
2026-09-30T21:24:34.722940Z  INFO mq_bench::roles::subscriber: Connected via transport engine=Nats
2026-09-30T21:24:34.725095Z  INFO async_nats::connector: connected successfully server=4222 max_payload=10485760
2026-09-30T21:24:34.725201Z  INFO async_nats: event: connected
2026-09-30T21:24:34.725203Z  INFO mq_bench::roles::subscriber: Subscribed to key expression key=topic_3
2026-09-30T21:24:41.391176Z  INFO mq_bench::roles::subscriber: Starting subscriber engine=Nats key=topic_3 endpoint=None crash_enabled=false
2026-09-30T21:24:41.391216Z  INFO mq_bench::roles::subscriber: Connected via transport engine=Nats
2026-09-30T21:24:41.393414Z  INFO async_nats::connector: connected successfully server=4222 max_payload=10485760
2026-09-30T21:24:41.393496Z  INFO mq_bench::roles::subscriber: Subscribed to key expression key=topic_3
2026-09-30T21:24:41.393501Z  INFO async_nats: event: connected
2026-09-30T21:24:48.058902Z  INFO mq_bench::roles::subscriber: Starting subscriber engine=Nats key=topic_3 endpoint=None crash_enabled=false
2026-09-30T21:24:48.058966Z  INFO mq_bench::roles::subscriber: Connected via transport engine=Nats
2026-09-30T21:24:48.061226Z  INFO async_nats::connector: connected successfully server=4222 max_payload=10485760
2026-09-30T21:24:48.061319Z  INFO mq_bench::roles::subscriber: Subscribed to key expression key=topic_3
2026-09-30T21:24:48.061323Z  INFO async_nats: event: connected
