mq-bench starting with run_id: auto
Writing CSV output to: artifacts/fanout_bursty_20260930_212347_nats_p64_s1000_u10_bursty/fanout_singlesite/sub_7_0.csv
2026-09-30T21:23:48.188288Z  INFO mq_bench::roles::subscriber: Starting subscriber engine=Nats key=topic_7 endpoint=None crash_enabled=false
2026-09-30T21:23:48.188333Z  INFO mq_bench::roles::subscriber: Connected via transport engine=Nats
2026-09-30T21:23:48.190547Z  INFO async_nats::connector: connected successfully server=4222 max_payload=10485760
2026-09-30T21:23:48.190582Z  INFO mq_bench::roles::subscriber: Subscribed to key expression key=topic_7
2026-09-30T21:23:48.190588Z  INFO async_nats: event: connected
2026-09-30T21:23:54.855505Z  INFO mq_bench::roles::subscriber: Starting subscriber engine=Nats key=topic_7 endpoint=None crash_enabled=false
2026-09-30T21:23:54.855575Z  INFO mq_bench::roles::subscriber: Connected via transport engine=Nats
2026-09-30T21:23:54.857887Z  INFO async_nats::connector: connected successfully server=4222 max_payload=10485760
2026-09-30T21:23:54.858001Z  INFO mq_bench::roles::subscriber: Subscribed to key expression key=topic_7
2026-09-30T21:23:54.858005Z  INFO async_nats: event: connected
2026-09-30T21:24:01.523995Z  INFO mq_bench::roles::subscriber: Starting subscriber engine=Nats key=topic_7 endpoint=None crash_enabled=false
2026-09-30T21:24:01.524040Z  INFO mq_bench::roles::subscriber: Connected via transport engine=Nats
2026-09-30T21:24:01.526157Z  INFO async_nats::connector: connected successfully server=4222 max_payload=10485760
2026-09-30T21:24:01.526231Z  INFO mq_bench::roles::subscriber: Subscribed to key expression key=topic_7
2026-09-30T21:24:01.526240Z  INFO async_nats: event: connected
2026-09-30T21:24:08.191529Z  INFO mq_bench::roles::subscriber: Starting subscriber engine=Nats key=topic_7 endpoint=None crash_enabled=false
2026-09-30T21:24:08.191595Z  INFO mq_bench::roles::subscriber: Connected via transport engine=Nats
2026-09-30T21:24:08.193866Z  INFO async_nats::connector: connected successfully server=4222 max_payload=10485760
2026-09-30T21:24:08.193955Z  INFO mq_bench::roles::subscriber: Subscribed to key expression key=topic_7
2026-09-30T21:24:08.193959Z  INFO async_nats: event: connected
2026-09-30T21:24:14.859423Z  INFO mq_bench::roles::subscriber: Starting subscriber engine=Nats key=topic_7 endpoint=None crash_enabled=false
2026-09-30T21:24:14.859481Z  INFO mq_bench::roles::subscriber: Connected via transport engine=Nats
2026-09-30T21:24:14.861684Z  INFO async_nats::connector: connected successfully server=4222 max_payload=10485760
2026-09-30T21:24:14.861772Z  INFO mq_bench::roles::subscriber: Subscribed to key expression key=topic_7
2026-09-30T21:24:14.861775Z  INFO async_nats: event: connected
2026-09-30T21:24:21.527988Z  INFO mq_bench::roles::subscriber: Starting subscriber engine=Nats key=topic_7 endpoint=None crash_enabled=false
2026-09-30T21:24:21.528027Z  INFO mq_bench::roles::subscriber: Connected via transport engine=Nats
2026-09-30T21:24:21.530172Z  INFO async_nats::connector: connected successfully server=4222 max_payload=10485760
2026-09-30T21:24:21.530258Z  INFO async_nats: event: connected
2026-09-30T21:24:21.530259Z  INFO mq_bench::roles::subscriber: Subscribed to key expression key=topic_7
2026-09-30T21:24:28.195592Z  INFO mq_bench::roles::subscriber: Starting subscriber engine=Nats key=topic_7 endpoint=None crash_enabled=false
2026-09-30T21:24:28.195633Z  INFO mq_bench::roles::subscriber: Connected via transport engine=Nats
2026-09-30T21:24:28.197718Z  INFO async_nats::connector: connected successfully server=4222 max_payload=10485760
2026-09-30T21:24:28.197808Z  INFO mq_bench::roles::subscriber: Subscribed to key expression key=topic_7
2026-09-30T21:24:28.197812Z  INFO async_nats: event: connected
2026-09-30T21:24:34.863203Z  INFO mq_bench::roles::subscriber: Starting subscriber engine=Nats key=topic_7 endpoint=None crash_enabled=false
2026-09-30T21:24:34.863246Z  INFO mq_bench::roles::subscriber: Connected via transport engine=Nats
2026-09-30T21:24:34.865499Z  INFO async_nats::connector: connected successfully server=4222 max_payload=10485760
2026-09-30T21:24:34.865601Z  INFO async_nats: event: connected
2026-09-30T21:24:34.865604Z  INFO mq_bench::roles::subscriber: Subscribed to key expression key=topic_7
2026-09-30T21:24:41.530152Z  INFO mq_bench::roles::subscriber: Starting subscriber engine=Nats key=topic_7 endpoint=None crash_enabled=false
2026-09-30T21:24:41.530200Z  INFO mq_bench::roles::subscriber: Connected via transport engine=Nats
2026-09-30T21:24:41.532376Z  INFO async_nats::connector: connected successfully server=4222 max_payload=10485760
2026-09-30T21:24:41.532469Z  INFO mq_bench::roles::subscriber: Subscribed to key expression key=topic_7
2026-09-30T21:24:41.532470Z  INFO async_nats: event: connected
2026-09-30T21:24:48.197313Z  INFO mq_bench::roles::subscriber: Starting subscriber engine=Nats key=topic_7 endpoint=None crash_enabled=false
2026-09-30T21:24:48.197358Z  INFO mq_bench::roles::subscriber: Connected via transport engine=Nats
2026-09-30T21:24:48.199667Z  INFO async_nats::connector: connected successfully server=4222 max_payload=10485760
2026-09-30T21:24:48.199766Z  INFO mq_bench::roles::subscriber: Subscribed to key expression key=topic_7
2026-09-30T21:24:48.199769Z  INFO async_nats: event: connected
