mq-bench starting with run_id: auto
Writing CSV output to: artifacts/fanout_bursty_20260930_212347_nats_p64_s1000_u10_bursty/fanout_singlesite/sub_6_7.csv
2026-09-30T21:23:48.176993Z  INFO mq_bench::roles::subscriber: Starting subscriber engine=Nats key=topic_6 endpoint=None crash_enabled=false
2026-09-30T21:23:48.177038Z  INFO mq_bench::roles::subscriber: Connected via transport engine=Nats
2026-09-30T21:23:48.181075Z  INFO async_nats::connector: connected successfully server=4222 max_payload=10485760
2026-09-30T21:23:48.181116Z  INFO mq_bench::roles::subscriber: Subscribed to key expression key=topic_6
2026-09-30T21:23:48.181119Z  INFO async_nats: event: connected
2026-09-30T21:23:54.844435Z  INFO mq_bench::roles::subscriber: Starting subscriber engine=Nats key=topic_6 endpoint=None crash_enabled=false
2026-09-30T21:23:54.844481Z  INFO mq_bench::roles::subscriber: Connected via transport engine=Nats
2026-09-30T21:23:54.846750Z  INFO async_nats::connector: connected successfully server=4222 max_payload=10485760
2026-09-30T21:23:54.846839Z  INFO mq_bench::roles::subscriber: Subscribed to key expression key=topic_6
2026-09-30T21:23:54.846844Z  INFO async_nats: event: connected
2026-09-30T21:24:01.511535Z  INFO mq_bench::roles::subscriber: Starting subscriber engine=Nats key=topic_6 endpoint=None crash_enabled=false
2026-09-30T21:24:01.511573Z  INFO mq_bench::roles::subscriber: Connected via transport engine=Nats
2026-09-30T21:24:01.513760Z  INFO async_nats::connector: connected successfully server=4222 max_payload=10485760
2026-09-30T21:24:01.513852Z  INFO mq_bench::roles::subscriber: Subscribed to key expression key=topic_6
2026-09-30T21:24:01.513853Z  INFO async_nats: event: connected
2026-09-30T21:24:08.178508Z  INFO mq_bench::roles::subscriber: Starting subscriber engine=Nats key=topic_6 endpoint=None crash_enabled=false
2026-09-30T21:24:08.178569Z  INFO mq_bench::roles::subscriber: Connected via transport engine=Nats
2026-09-30T21:24:08.184514Z  INFO async_nats::connector: connected successfully server=4222 max_payload=10485760
2026-09-30T21:24:08.184612Z  INFO mq_bench::roles::subscriber: Subscribed to key expression key=topic_6
2026-09-30T21:24:08.184618Z  INFO async_nats: event: connected
2026-09-30T21:24:14.845809Z  INFO mq_bench::roles::subscriber: Starting subscriber engine=Nats key=topic_6 endpoint=None crash_enabled=false
2026-09-30T21:24:14.845854Z  INFO mq_bench::roles::subscriber: Connected via transport engine=Nats
2026-09-30T21:24:14.848389Z  INFO async_nats::connector: connected successfully server=4222 max_payload=10485760
2026-09-30T21:24:14.848473Z  INFO mq_bench::roles::subscriber: Subscribed to key expression key=topic_6
2026-09-30T21:24:14.848479Z  INFO async_nats: event: connected
2026-09-30T21:24:21.514103Z  INFO mq_bench::roles::subscriber: Starting subscriber engine=Nats key=topic_6 endpoint=None crash_enabled=false
2026-09-30T21:24:21.514146Z  INFO mq_bench::roles::subscriber: Connected via transport engine=Nats
2026-09-30T21:24:21.516292Z  INFO async_nats::connector: connected successfully server=4222 max_payload=10485760
2026-09-30T21:24:21.516372Z  INFO mq_bench::roles::subscriber: Subscribed to key expression key=topic_6
2026-09-30T21:24:21.516376Z  INFO async_nats: event: connected
2026-09-30T21:24:28.182147Z  INFO mq_bench::roles::subscriber: Starting subscriber engine=Nats key=topic_6 endpoint=None crash_enabled=false
2026-09-30T21:24:28.182187Z  INFO mq_bench::roles::subscriber: Connected via transport engine=Nats
2026-09-30T21:24:28.184284Z  INFO async_nats::connector: connected successfully server=4222 max_payload=10485760
2026-09-30T21:24:28.184376Z  INFO mq_bench::roles::subscriber: Subscribed to key expression key=topic_6
2026-09-30T21:24:28.184380Z  INFO async_nats: event: connected
2026-09-30T21:24:34.849554Z  INFO mq_bench::roles::subscriber: Starting subscriber engine=Nats key=topic_6 endpoint=None crash_enabled=false
2026-09-30T21:24:34.849611Z  INFO mq_bench::roles::subscriber: Connected via transport engine=Nats
2026-09-30T21:24:34.851882Z  INFO async_nats::connector: connected successfully server=4222 max_payload=10485760
2026-09-30T21:24:34.852012Z  INFO mq_bench::roles::subscriber: Subscribed to key expression key=topic_6
2026-09-30T21:24:34.852017Z  INFO async_nats: event: connected
2026-09-30T21:24:41.516563Z  INFO mq_bench::roles::subscriber: Starting subscriber engine=Nats key=topic_6 endpoint=None crash_enabled=false
2026-09-30T21:24:41.516602Z  INFO mq_bench::roles::subscriber: Connected via transport engine=Nats
2026-09-30T21:24:41.518830Z  INFO async_nats::connector: connected successfully server=4222 max_payload=10485760
2026-09-30T21:24:41.518936Z  INFO async_nats: event: connected
2026-09-30T21:24:41.518950Z  INFO mq_bench::roles::subscriber: Subscribed to key expression key=topic_6
2026-09-30T21:24:48.183666Z  INFO mq_bench::roles::subscriber: Starting subscriber engine=Nats key=topic_6 endpoint=None crash_enabled=false
2026-09-30T21:24:48.183706Z  INFO mq_bench::roles::subscriber: Connected via transport engine=Nats
2026-09-30T21:24:48.186147Z  INFO async_nats::connector: connected successfully server=4222 max_payload=10485760
2026-09-30T21:24:48.186226Z  INFO mq_bench::roles::subscriber: Subscribed to key expression key=topic_6
2026-09-30T21:24:48.186230Z  INFO async_nats: event: connected
