mq-bench starting with run_id: auto
Writing CSV output to: artifacts/fanout_bursty_20260930_212347_nats_p64_s1000_u10_bursty/fanout_singlesite/sub_4_1.csv
2026-09-30T21:23:48.079044Z  INFO mq_bench::roles::subscriber: Starting subscriber engine=Nats key=topic_4 endpoint=None crash_enabled=false
2026-09-30T21:23:48.079094Z  INFO mq_bench::roles::subscriber: Connected via transport engine=Nats
2026-09-30T21:23:48.082025Z  INFO async_nats::connector: connected successfully server=4222 max_payload=10485760
2026-09-30T21:23:48.082062Z  INFO mq_bench::roles::subscriber: Subscribed to key expression key=topic_4
2026-09-30T21:23:48.082064Z  INFO async_nats: event: connected
2026-09-30T21:23:54.747210Z  INFO mq_bench::roles::subscriber: Starting subscriber engine=Nats key=topic_4 endpoint=None crash_enabled=false
2026-09-30T21:23:54.747261Z  INFO mq_bench::roles::subscriber: Connected via transport engine=Nats
2026-09-30T21:23:54.749534Z  INFO async_nats::connector: connected successfully server=4222 max_payload=10485760
2026-09-30T21:23:54.749614Z  INFO mq_bench::roles::subscriber: Subscribed to key expression key=topic_4
2026-09-30T21:23:54.749623Z  INFO async_nats: event: connected
2026-09-30T21:24:01.415652Z  INFO mq_bench::roles::subscriber: Starting subscriber engine=Nats key=topic_4 endpoint=None crash_enabled=false
2026-09-30T21:24:01.415719Z  INFO mq_bench::roles::subscriber: Connected via transport engine=Nats
2026-09-30T21:24:01.417880Z  INFO async_nats::connector: connected successfully server=4222 max_payload=10485760
2026-09-30T21:24:01.417980Z  INFO mq_bench::roles::subscriber: Subscribed to key expression key=topic_4
2026-09-30T21:24:01.417985Z  INFO async_nats: event: connected
2026-09-30T21:24:08.083322Z  INFO mq_bench::roles::subscriber: Starting subscriber engine=Nats key=topic_4 endpoint=None crash_enabled=false
2026-09-30T21:24:08.083364Z  INFO mq_bench::roles::subscriber: Connected via transport engine=Nats
2026-09-30T21:24:08.085545Z  INFO async_nats::connector: connected successfully server=4222 max_payload=10485760
2026-09-30T21:24:08.085630Z  INFO async_nats: event: connected
2026-09-30T21:24:08.085631Z  INFO mq_bench::roles::subscriber: Subscribed to key expression key=topic_4
2026-09-30T21:24:14.751340Z  INFO mq_bench::roles::subscriber: Starting subscriber engine=Nats key=topic_4 endpoint=None crash_enabled=false
2026-09-30T21:24:14.751406Z  INFO mq_bench::roles::subscriber: Connected via transport engine=Nats
2026-09-30T21:24:14.753622Z  INFO async_nats::connector: connected successfully server=4222 max_payload=10485760
2026-09-30T21:24:14.753703Z  INFO mq_bench::roles::subscriber: Subscribed to key expression key=topic_4
2026-09-30T21:24:14.753710Z  INFO async_nats: event: connected
2026-09-30T21:24:21.419379Z  INFO mq_bench::roles::subscriber: Starting subscriber engine=Nats key=topic_4 endpoint=None crash_enabled=false
2026-09-30T21:24:21.419415Z  INFO mq_bench::roles::subscriber: Connected via transport engine=Nats
2026-09-30T21:24:21.421606Z  INFO async_nats::connector: connected successfully server=4222 max_payload=10485760
2026-09-30T21:24:21.421692Z  INFO mq_bench::roles::subscriber: Subscribed to key expression key=topic_4
2026-09-30T21:24:21.421694Z  INFO async_nats: event: connected
2026-09-30T21:24:28.087463Z  INFO mq_bench::roles::subscriber: Starting subscriber engine=Nats key=topic_4 endpoint=None crash_enabled=false
2026-09-30T21:24:28.087507Z  INFO mq_bench::roles::subscriber: Connected via transport engine=Nats
2026-09-30T21:24:28.089673Z  INFO async_nats::connector: connected successfully server=4222 max_payload=10485760
2026-09-30T21:24:28.089751Z  INFO mq_bench::roles::subscriber: Subscribed to key expression key=topic_4
2026-09-30T21:24:28.089753Z  INFO async_nats: event: connected
2026-09-30T21:24:34.755413Z  INFO mq_bench::roles::subscriber: Starting subscriber engine=Nats key=topic_4 endpoint=None crash_enabled=false
2026-09-30T21:24:34.755454Z  INFO mq_bench::roles::subscriber: Connected via transport engine=Nats
2026-09-30T21:24:34.757661Z  INFO async_nats::connector: connected successfully server=4222 max_payload=10485760
2026-09-30T21:24:34.757770Z  INFO async_nats: event: connected
2026-09-30T21:24:34.757770Z  INFO mq_bench::roles::subscriber: Subscribed to key expression key=topic_4
2026-09-30T21:24:41.423357Z  INFO mq_bench::roles::subscriber: Starting subscriber engine=Nats key=topic_4 endpoint=None crash_enabled=false
2026-09-30T21:24:41.423404Z  INFO mq_bench::roles::subscriber: Connected via transport engine=Nats
2026-09-30T21:24:41.425537Z  INFO async_nats::connector: connected successfully server=4222 max_payload=10485760
2026-09-30T21:24:41.425620Z  INFO mq_bench::roles::subscriber: Subscribed to key expression key=topic_4
2026-09-30T21:24:41.425623Z  INFO async_nats: event: connected
2026-09-30T21:24:48.090975Z  INFO mq_bench::roles::subscriber: Starting subscriber engine=Nats key=topic_4 endpoint=None crash_enabled=false
2026-09-30T21:24:48.091014Z  INFO mq_bench::roles::subscriber: Connected via transport engine=Nats
2026-09-30T21:24:48.093352Z  INFO async_nats::connector: connected successfully server=4222 max_payload=10485760
2026-09-30T21:24:48.093442Z  INFO mq_bench::roles::subscriber: Subscribed to key expression key=topic_4
2026-09-30T21:24:48.093445Z  INFO async_nats: event: connected
