mq-bench starting with run_id: auto
Writing CSV output to: artifacts/fanout_bursty_20260930_212347_nats_p64_s1000_u10_bursty/fanout_singlesite/sub_9_8.csv
2026-09-30T21:23:48.294106Z  INFO mq_bench::roles::subscriber: Starting subscriber engine=Nats key=topic_9 endpoint=None crash_enabled=false
2026-09-30T21:23:48.294149Z  INFO mq_bench::roles::subscriber: Connected via transport engine=Nats
2026-09-30T21:23:48.296409Z  INFO async_nats::connector: connected successfully server=4222 max_payload=10485760
2026-09-30T21:23:48.296446Z  INFO mq_bench::roles::subscriber: Subscribed to key expression key=topic_9
2026-09-30T21:23:48.296448Z  INFO async_nats: event: connected
2026-09-30T21:23:54.961980Z  INFO mq_bench::roles::subscriber: Starting subscriber engine=Nats key=topic_9 endpoint=None crash_enabled=false
2026-09-30T21:23:54.962044Z  INFO mq_bench::roles::subscriber: Connected via transport engine=Nats
2026-09-30T21:23:54.964256Z  INFO async_nats::connector: connected successfully server=4222 max_payload=10485760
2026-09-30T21:23:54.964344Z  INFO mq_bench::roles::subscriber: Subscribed to key expression key=topic_9
2026-09-30T21:23:54.964349Z  INFO async_nats: event: connected
2026-09-30T21:24:01.630550Z  INFO mq_bench::roles::subscriber: Starting subscriber engine=Nats key=topic_9 endpoint=None crash_enabled=false
2026-09-30T21:24:01.630590Z  INFO mq_bench::roles::subscriber: Connected via transport engine=Nats
2026-09-30T21:24:01.632941Z  INFO async_nats::connector: connected successfully server=4222 max_payload=10485760
2026-09-30T21:24:01.633016Z  INFO mq_bench::roles::subscriber: Subscribed to key expression key=topic_9
2026-09-30T21:24:01.633018Z  INFO async_nats: event: connected
2026-09-30T21:24:08.298666Z  INFO mq_bench::roles::subscriber: Starting subscriber engine=Nats key=topic_9 endpoint=None crash_enabled=false
2026-09-30T21:24:08.298720Z  INFO mq_bench::roles::subscriber: Connected via transport engine=Nats
2026-09-30T21:24:08.300863Z  INFO async_nats::connector: connected successfully server=4222 max_payload=10485760
2026-09-30T21:24:08.300951Z  INFO mq_bench::roles::subscriber: Subscribed to key expression key=topic_9
2026-09-30T21:24:08.300956Z  INFO async_nats: event: connected
2026-09-30T21:24:14.965855Z  INFO mq_bench::roles::subscriber: Starting subscriber engine=Nats key=topic_9 endpoint=None crash_enabled=false
2026-09-30T21:24:14.965896Z  INFO mq_bench::roles::subscriber: Connected via transport engine=Nats
2026-09-30T21:24:14.968173Z  INFO async_nats::connector: connected successfully server=4222 max_payload=10485760
2026-09-30T21:24:14.968253Z  INFO mq_bench::roles::subscriber: Subscribed to key expression key=topic_9
2026-09-30T21:24:14.968259Z  INFO async_nats: event: connected
2026-09-30T21:24:21.633683Z  INFO mq_bench::roles::subscriber: Starting subscriber engine=Nats key=topic_9 endpoint=None crash_enabled=false
2026-09-30T21:24:21.633725Z  INFO mq_bench::roles::subscriber: Connected via transport engine=Nats
2026-09-30T21:24:21.636038Z  INFO async_nats::connector: connected successfully server=4222 max_payload=10485760
2026-09-30T21:24:21.636121Z  INFO mq_bench::roles::subscriber: Subscribed to key expression key=topic_9
2026-09-30T21:24:21.636122Z  INFO async_nats: event: connected
2026-09-30T21:24:28.300884Z  INFO mq_bench::roles::subscriber: Starting subscriber engine=Nats key=topic_9 endpoint=None crash_enabled=false
2026-09-30T21:24:28.300959Z  INFO mq_bench::roles::subscriber: Connected via transport engine=Nats
2026-09-30T21:24:28.303085Z  INFO async_nats::connector: connected successfully server=4222 max_payload=10485760
2026-09-30T21:24:28.303163Z  INFO async_nats: event: connected
2026-09-30T21:24:28.303166Z  INFO mq_bench::roles::subscriber: Subscribed to key expression key=topic_9
2026-09-30T21:24:34.968507Z  INFO mq_bench::roles::subscriber: Starting subscriber engine=Nats key=topic_9 endpoint=None crash_enabled=false
2026-09-30T21:24:34.968550Z  INFO mq_bench::roles::subscriber: Connected via transport engine=Nats
2026-09-30T21:24:34.970800Z  INFO async_nats::connector: connected successfully server=4222 max_payload=10485760
2026-09-30T21:24:34.970903Z  INFO async_nats: event: connected
2026-09-30T21:24:34.970905Z  INFO mq_bench::roles::subscriber: Subscribed to key expression key=topic_9
2026-09-30T21:24:41.635777Z  INFO mq_bench::roles::subscriber: Starting subscriber engine=Nats key=topic_9 endpoint=None crash_enabled=false
2026-09-30T21:24:41.635817Z  INFO mq_bench::roles::subscriber: Connected via transport engine=Nats
2026-09-30T21:24:41.638164Z  INFO async_nats::connector: connected successfully server=4222 max_payload=10485760
2026-09-30T21:24:41.638251Z  INFO mq_bench::roles::subscriber: Subscribed to key expression key=topic_9
2026-09-30T21:24:41.638255Z  INFO async_nats: event: connected
2026-09-30T21:24:48.302833Z  INFO mq_bench::roles::subscriber: Starting subscriber engine=Nats key=topic_9 endpoint=None crash_enabled=false
2026-09-30T21:24:48.302873Z  INFO mq_bench::roles::subscriber: Connected via transport engine=Nats
2026-09-30T21:24:48.305077Z  INFO async_nats::connector: connected successfully server=4222 max_payload=10485760
2026-09-30T21:24:48.305166Z  INFO async_nats: event: connected
2026-09-30T21:24:48.305168Z  INFO mq_bench::roles::subscriber: Subscribed to key expression key=topic_9
