mq-bench starting with run_id: auto
Writing CSV output to: artifacts/fanout_bursty_20260930_212347_nats_p64_s1000_u10_bursty/fanout_singlesite/sub_6_6.csv
2026-09-30T21:23:48.173187Z  INFO mq_bench::roles::subscriber: Starting subscriber engine=Nats key=topic_6 endpoint=None crash_enabled=false
2026-09-30T21:23:48.173231Z  INFO mq_bench::roles::subscriber: Connected via transport engine=Nats
2026-09-30T21:23:48.175696Z  INFO async_nats::connector: connected successfully server=4222 max_payload=10485760
2026-09-30T21:23:48.175735Z  INFO mq_bench::roles::subscriber: Subscribed to key expression key=topic_6
2026-09-30T21:23:48.175737Z  INFO async_nats: event: connected
2026-09-30T21:23:54.840182Z  INFO mq_bench::roles::subscriber: Starting subscriber engine=Nats key=topic_6 endpoint=None crash_enabled=false
2026-09-30T21:23:54.840231Z  INFO mq_bench::roles::subscriber: Connected via transport engine=Nats
2026-09-30T21:23:54.842527Z  INFO async_nats::connector: connected successfully server=4222 max_payload=10485760
2026-09-30T21:23:54.842607Z  INFO async_nats: event: connected
2026-09-30T21:23:54.842609Z  INFO mq_bench::roles::subscriber: Subscribed to key expression key=topic_6
2026-09-30T21:24:01.507389Z  INFO mq_bench::roles::subscriber: Starting subscriber engine=Nats key=topic_6 endpoint=None crash_enabled=false
2026-09-30T21:24:01.507460Z  INFO mq_bench::roles::subscriber: Connected via transport engine=Nats
2026-09-30T21:24:01.509603Z  INFO async_nats::connector: connected successfully server=4222 max_payload=10485760
2026-09-30T21:24:01.509694Z  INFO async_nats: event: connected
2026-09-30T21:24:01.509696Z  INFO mq_bench::roles::subscriber: Subscribed to key expression key=topic_6
2026-09-30T21:24:08.174954Z  INFO mq_bench::roles::subscriber: Starting subscriber engine=Nats key=topic_6 endpoint=None crash_enabled=false
2026-09-30T21:24:08.174971Z  INFO mq_bench::roles::subscriber: Connected via transport engine=Nats
2026-09-30T21:24:08.177247Z  INFO async_nats::connector: connected successfully server=4222 max_payload=10485760
2026-09-30T21:24:08.177323Z  INFO async_nats: event: connected
2026-09-30T21:24:08.177328Z  INFO mq_bench::roles::subscriber: Subscribed to key expression key=topic_6
2026-09-30T21:24:14.842461Z  INFO mq_bench::roles::subscriber: Starting subscriber engine=Nats key=topic_6 endpoint=None crash_enabled=false
2026-09-30T21:24:14.842507Z  INFO mq_bench::roles::subscriber: Connected via transport engine=Nats
2026-09-30T21:24:14.844754Z  INFO async_nats::connector: connected successfully server=4222 max_payload=10485760
2026-09-30T21:24:14.844838Z  INFO mq_bench::roles::subscriber: Subscribed to key expression key=topic_6
2026-09-30T21:24:14.844843Z  INFO async_nats: event: connected
2026-09-30T21:24:21.510324Z  INFO mq_bench::roles::subscriber: Starting subscriber engine=Nats key=topic_6 endpoint=None crash_enabled=false
2026-09-30T21:24:21.510376Z  INFO mq_bench::roles::subscriber: Connected via transport engine=Nats
2026-09-30T21:24:21.512527Z  INFO async_nats::connector: connected successfully server=4222 max_payload=10485760
2026-09-30T21:24:21.512624Z  INFO async_nats: event: connected
2026-09-30T21:24:21.512624Z  INFO mq_bench::roles::subscriber: Subscribed to key expression key=topic_6
2026-09-30T21:24:28.178246Z  INFO mq_bench::roles::subscriber: Starting subscriber engine=Nats key=topic_6 endpoint=None crash_enabled=false
2026-09-30T21:24:28.178305Z  INFO mq_bench::roles::subscriber: Connected via transport engine=Nats
2026-09-30T21:24:28.180404Z  INFO async_nats::connector: connected successfully server=4222 max_payload=10485760
2026-09-30T21:24:28.180495Z  INFO mq_bench::roles::subscriber: Subscribed to key expression key=topic_6
2026-09-30T21:24:28.180500Z  INFO async_nats: event: connected
2026-09-30T21:24:34.846933Z  INFO mq_bench::roles::subscriber: Starting subscriber engine=Nats key=topic_6 endpoint=None crash_enabled=false
2026-09-30T21:24:34.846977Z  INFO mq_bench::roles::subscriber: Connected via transport engine=Nats
2026-09-30T21:24:34.849334Z  INFO async_nats::connector: connected successfully server=4222 max_payload=10485760
2026-09-30T21:24:34.849434Z  INFO mq_bench::roles::subscriber: Subscribed to key expression key=topic_6
2026-09-30T21:24:34.849438Z  INFO async_nats: event: connected
2026-09-30T21:24:41.514496Z  INFO mq_bench::roles::subscriber: Starting subscriber engine=Nats key=topic_6 endpoint=None crash_enabled=false
2026-09-30T21:24:41.514540Z  INFO mq_bench::roles::subscriber: Connected via transport engine=Nats
2026-09-30T21:24:41.516736Z  INFO async_nats::connector: connected successfully server=4222 max_payload=10485760
2026-09-30T21:24:41.516811Z  INFO mq_bench::roles::subscriber: Subscribed to key expression key=topic_6
2026-09-30T21:24:41.516813Z  INFO async_nats: event: connected
2026-09-30T21:24:48.182489Z  INFO mq_bench::roles::subscriber: Starting subscriber engine=Nats key=topic_6 endpoint=None crash_enabled=false
2026-09-30T21:24:48.182532Z  INFO mq_bench::roles::subscriber: Connected via transport engine=Nats
2026-09-30T21:24:48.184740Z  INFO async_nats::connector: connected successfully server=4222 max_payload=10485760
2026-09-30T21:24:48.184827Z  INFO mq_bench::roles::subscriber: Subscribed to key expression key=topic_6
2026-09-30T21:24:48.184832Z  INFO async_nats: event: connected
