mq-bench starting with run_id: auto
Writing CSV output to: artifacts/fanout_bursty_20260929_202415_mqtt_mosquitto_p64_s1000_u10_bursty/fanout_singlesite/sub_3_8.csv
2026-09-29T20:24:16.118330Z  INFO mq_bench::roles::subscriber: Starting subscriber engine=Mqtt key=topic_3 endpoint=None crash_enabled=false
2026-09-29T20:24:16.118381Z  INFO mq_bench::roles::subscriber: Connected via transport engine=Mqtt
2026-09-29T20:24:16.119147Z  INFO mq_bench::roles::subscriber: Subscribed to key expression key=topic_3
2026-09-29T20:24:22.785286Z  INFO mq_bench::roles::subscriber: Starting subscriber engine=Mqtt key=topic_3 endpoint=None crash_enabled=false
2026-09-29T20:24:22.785368Z  INFO mq_bench::roles::subscriber: Connected via transport engine=Mqtt
2026-09-29T20:24:22.786291Z  INFO mq_bench::roles::subscriber: Subscribed to key expression key=topic_3
2026-09-29T20:24:29.453021Z  INFO mq_bench::roles::subscriber: Starting subscriber engine=Mqtt key=topic_3 endpoint=None crash_enabled=false
2026-09-29T20:24:29.453102Z  INFO mq_bench::roles::subscriber: Connected via transport engine=Mqtt
2026-09-29T20:24:29.454003Z  INFO mq_bench::roles::subscriber: Subscribed to key expression key=topic_3
2026-09-29T20:24:36.120372Z  INFO mq_bench::roles::subscriber: Starting subscriber engine=Mqtt key=topic_3 endpoint=None crash_enabled=false
2026-09-29T20:24:36.120463Z  INFO mq_bench::roles::subscriber: Connected via transport engine=Mqtt
2026-09-29T20:24:36.121305Z  INFO mq_bench::roles::subscriber: Subscribed to key expression key=topic_3
2026-09-29T20:24:42.787349Z  INFO mq_bench::roles::subscriber: Starting subscriber engine=Mqtt key=topic_3 endpoint=None crash_enabled=false
2026-09-29T20:24:42.787386Z  INFO mq_bench::roles::subscriber: Connected via transport engine=Mqtt
2026-09-29T20:24:42.788200Z  INFO mq_bench::roles::subscriber: Subscribed to key expression key=topic_3
2026-09-29T20:24:49.454451Z  INFO mq_bench::roles::subscriber: Starting subscriber engine=Mqtt key=topic_3 endpoint=None crash_enabled=false
2026-09-29T20:24:49.454488Z  INFO mq_bench::roles::subscriber: Connected via transport engine=Mqtt
2026-09-29T20:24:49.455413Z  INFO mq_bench::roles::subscriber: Subscribed to key expression key=topic_3
2026-09-29T20:24:56.121487Z  INFO mq_bench::roles::subscriber: Starting subscriber engine=Mqtt key=topic_3 endpoint=None crash_enabled=false
2026-09-29T20:24:56.121524Z  INFO mq_bench::roles::subscriber: Connected via transport engine=Mqtt
2026-09-29T20:24:56.122466Z  INFO mq_bench::roles::subscriber: Subscribed to key expression key=topic_3
2026-09-29T20:25:02.789223Z  INFO mq_bench::roles::subscriber: Starting subscriber engine=Mqtt key=topic_3 endpoint=None crash_enabled=false
2026-09-29T20:25:02.789262Z  INFO mq_bench::roles::subscriber: Connected via transport engine=Mqtt
2026-09-29T20:25:02.790279Z  INFO mq_bench::roles::subscriber: Subscribed to key expression key=topic_3
2026-09-29T20:25:09.456378Z  INFO mq_bench::roles::subscriber: Starting subscriber engine=Mqtt key=topic_3 endpoint=None crash_enabled=false
2026-09-29T20:25:09.456445Z  INFO mq_bench::roles::subscriber: Connected via transport engine=Mqtt
2026-09-29T20:25:09.457342Z  INFO mq_bench::roles::subscriber: Subscribed to key expression key=topic_3
2026-09-29T20:25:16.124109Z  INFO mq_bench::roles::subscriber: Starting subscriber engine=Mqtt key=topic_3 endpoint=None crash_enabled=false
2026-09-29T20:25:16.124149Z  INFO mq_bench::roles::subscriber: Connected via transport engine=Mqtt
2026-09-29T20:25:16.125011Z  INFO mq_bench::roles::subscriber: Subscribed to key expression key=topic_3
