mq-bench starting with run_id: auto
Writing CSV output to: artifacts/fanout_bursty_20260929_202415_mqtt_mosquitto_p64_s1000_u10_bursty/fanout_singlesite/sub_8_8.csv
2026-09-29T20:24:16.309522Z  INFO mq_bench::roles::subscriber: Starting subscriber engine=Mqtt key=topic_8 endpoint=None crash_enabled=false
2026-09-29T20:24:16.309562Z  INFO mq_bench::roles::subscriber: Connected via transport engine=Mqtt
2026-09-29T20:24:16.310715Z  INFO mq_bench::roles::subscriber: Subscribed to key expression key=topic_8
2026-09-29T20:24:22.976579Z  INFO mq_bench::roles::subscriber: Starting subscriber engine=Mqtt key=topic_8 endpoint=None crash_enabled=false
2026-09-29T20:24:22.976647Z  INFO mq_bench::roles::subscriber: Connected via transport engine=Mqtt
2026-09-29T20:24:22.977573Z  INFO mq_bench::roles::subscriber: Subscribed to key expression key=topic_8
2026-09-29T20:24:29.643620Z  INFO mq_bench::roles::subscriber: Starting subscriber engine=Mqtt key=topic_8 endpoint=None crash_enabled=false
2026-09-29T20:24:29.643709Z  INFO mq_bench::roles::subscriber: Connected via transport engine=Mqtt
2026-09-29T20:24:29.644592Z  INFO mq_bench::roles::subscriber: Subscribed to key expression key=topic_8
2026-09-29T20:24:36.311397Z  INFO mq_bench::roles::subscriber: Starting subscriber engine=Mqtt key=topic_8 endpoint=None crash_enabled=false
2026-09-29T20:24:36.311496Z  INFO mq_bench::roles::subscriber: Connected via transport engine=Mqtt
2026-09-29T20:24:36.312339Z  INFO mq_bench::roles::subscriber: Subscribed to key expression key=topic_8
2026-09-29T20:24:42.978526Z  INFO mq_bench::roles::subscriber: Starting subscriber engine=Mqtt key=topic_8 endpoint=None crash_enabled=false
2026-09-29T20:24:42.978607Z  INFO mq_bench::roles::subscriber: Connected via transport engine=Mqtt
2026-09-29T20:24:42.979447Z  INFO mq_bench::roles::subscriber: Subscribed to key expression key=topic_8
2026-09-29T20:24:49.646074Z  INFO mq_bench::roles::subscriber: Starting subscriber engine=Mqtt key=topic_8 endpoint=None crash_enabled=false
2026-09-29T20:24:49.646134Z  INFO mq_bench::roles::subscriber: Connected via transport engine=Mqtt
2026-09-29T20:24:49.646962Z  INFO mq_bench::roles::subscriber: Subscribed to key expression key=topic_8
2026-09-29T20:24:56.313854Z  INFO mq_bench::roles::subscriber: Starting subscriber engine=Mqtt key=topic_8 endpoint=None crash_enabled=false
2026-09-29T20:24:56.313945Z  INFO mq_bench::roles::subscriber: Connected via transport engine=Mqtt
2026-09-29T20:24:56.314844Z  INFO mq_bench::roles::subscriber: Subscribed to key expression key=topic_8
2026-09-29T20:25:02.981717Z  INFO mq_bench::roles::subscriber: Starting subscriber engine=Mqtt key=topic_8 endpoint=None crash_enabled=false
2026-09-29T20:25:02.981757Z  INFO mq_bench::roles::subscriber: Connected via transport engine=Mqtt
2026-09-29T20:25:02.982606Z  INFO mq_bench::roles::subscriber: Subscribed to key expression key=topic_8
2026-09-29T20:25:09.649458Z  INFO mq_bench::roles::subscriber: Starting subscriber engine=Mqtt key=topic_8 endpoint=None crash_enabled=false
2026-09-29T20:25:09.649513Z  INFO mq_bench::roles::subscriber: Connected via transport engine=Mqtt
2026-09-29T20:25:09.650389Z  INFO mq_bench::roles::subscriber: Subscribed to key expression key=topic_8
2026-09-29T20:25:16.317288Z  INFO mq_bench::roles::subscriber: Starting subscriber engine=Mqtt key=topic_8 endpoint=None crash_enabled=false
2026-09-29T20:25:16.317331Z  INFO mq_bench::roles::subscriber: Connected via transport engine=Mqtt
2026-09-29T20:25:16.318230Z  INFO mq_bench::roles::subscriber: Subscribed to key expression key=topic_8
