mq-bench starting with run_id: auto
Writing CSV output to: artifacts/fanout_bursty_20260929_202415_mqtt_mosquitto_p64_s1000_u10_bursty/fanout_singlesite/sub_1_0.csv
2026-09-29T20:24:16.015362Z  INFO mq_bench::roles::subscriber: Starting subscriber engine=Mqtt key=topic_1 endpoint=None crash_enabled=false
2026-09-29T20:24:16.015407Z  INFO mq_bench::roles::subscriber: Connected via transport engine=Mqtt
2026-09-29T20:24:16.016252Z  INFO mq_bench::roles::subscriber: Subscribed to key expression key=topic_1
2026-09-29T20:24:22.683741Z  INFO mq_bench::roles::subscriber: Starting subscriber engine=Mqtt key=topic_1 endpoint=None crash_enabled=false
2026-09-29T20:24:22.683830Z  INFO mq_bench::roles::subscriber: Connected via transport engine=Mqtt
2026-09-29T20:24:22.684841Z  INFO mq_bench::roles::subscriber: Subscribed to key expression key=topic_1
2026-09-29T20:24:29.351500Z  INFO mq_bench::roles::subscriber: Starting subscriber engine=Mqtt key=topic_1 endpoint=None crash_enabled=false
2026-09-29T20:24:29.351586Z  INFO mq_bench::roles::subscriber: Connected via transport engine=Mqtt
2026-09-29T20:24:29.352452Z  INFO mq_bench::roles::subscriber: Subscribed to key expression key=topic_1
2026-09-29T20:24:36.019713Z  INFO mq_bench::roles::subscriber: Starting subscriber engine=Mqtt key=topic_1 endpoint=None crash_enabled=false
2026-09-29T20:24:36.019750Z  INFO mq_bench::roles::subscriber: Connected via transport engine=Mqtt
2026-09-29T20:24:36.020673Z  INFO mq_bench::roles::subscriber: Subscribed to key expression key=topic_1
2026-09-29T20:24:42.687522Z  INFO mq_bench::roles::subscriber: Starting subscriber engine=Mqtt key=topic_1 endpoint=None crash_enabled=false
2026-09-29T20:24:42.687565Z  INFO mq_bench::roles::subscriber: Connected via transport engine=Mqtt
2026-09-29T20:24:42.688565Z  INFO mq_bench::roles::subscriber: Subscribed to key expression key=topic_1
2026-09-29T20:24:49.355266Z  INFO mq_bench::roles::subscriber: Starting subscriber engine=Mqtt key=topic_1 endpoint=None crash_enabled=false
2026-09-29T20:24:49.355370Z  INFO mq_bench::roles::subscriber: Connected via transport engine=Mqtt
2026-09-29T20:24:49.356428Z  INFO mq_bench::roles::subscriber: Subscribed to key expression key=topic_1
2026-09-29T20:24:56.023303Z  INFO mq_bench::roles::subscriber: Starting subscriber engine=Mqtt key=topic_1 endpoint=None crash_enabled=false
2026-09-29T20:24:56.023361Z  INFO mq_bench::roles::subscriber: Connected via transport engine=Mqtt
2026-09-29T20:24:56.024214Z  INFO mq_bench::roles::subscriber: Subscribed to key expression key=topic_1
2026-09-29T20:25:02.691011Z  INFO mq_bench::roles::subscriber: Starting subscriber engine=Mqtt key=topic_1 endpoint=None crash_enabled=false
2026-09-29T20:25:02.691051Z  INFO mq_bench::roles::subscriber: Connected via transport engine=Mqtt
2026-09-29T20:25:02.691999Z  INFO mq_bench::roles::subscriber: Subscribed to key expression key=topic_1
2026-09-29T20:25:09.358060Z  INFO mq_bench::roles::subscriber: Starting subscriber engine=Mqtt key=topic_1 endpoint=None crash_enabled=false
2026-09-29T20:25:09.358104Z  INFO mq_bench::roles::subscriber: Connected via transport engine=Mqtt
2026-09-29T20:25:09.359044Z  INFO mq_bench::roles::subscriber: Subscribed to key expression key=topic_1
2026-09-29T20:25:16.025753Z  INFO mq_bench::roles::subscriber: Starting subscriber engine=Mqtt key=topic_1 endpoint=None crash_enabled=false
2026-09-29T20:25:16.025796Z  INFO mq_bench::roles::subscriber: Connected via transport engine=Mqtt
2026-09-29T20:25:16.026739Z  INFO mq_bench::roles::subscriber: Subscribed to key expression key=topic_1
