mq-bench starting with run_id: auto
Writing CSV output to: artifacts/fanout_bursty_20260929_202415_mqtt_mosquitto_p64_s1000_u10_bursty/fanout_singlesite/sub_2_6.csv
2026-09-29T20:24:16.074135Z  INFO mq_bench::roles::subscriber: Starting subscriber engine=Mqtt key=topic_2 endpoint=None crash_enabled=false
2026-09-29T20:24:16.074186Z  INFO mq_bench::roles::subscriber: Connected via transport engine=Mqtt
2026-09-29T20:24:16.075095Z  INFO mq_bench::roles::subscriber: Subscribed to key expression key=topic_2
2026-09-29T20:24:22.741937Z  INFO mq_bench::roles::subscriber: Starting subscriber engine=Mqtt key=topic_2 endpoint=None crash_enabled=false
2026-09-29T20:24:22.742046Z  INFO mq_bench::roles::subscriber: Connected via transport engine=Mqtt
2026-09-29T20:24:22.742983Z  INFO mq_bench::roles::subscriber: Subscribed to key expression key=topic_2
2026-09-29T20:24:29.409098Z  INFO mq_bench::roles::subscriber: Starting subscriber engine=Mqtt key=topic_2 endpoint=None crash_enabled=false
2026-09-29T20:24:29.409178Z  INFO mq_bench::roles::subscriber: Connected via transport engine=Mqtt
2026-09-29T20:24:29.410047Z  INFO mq_bench::roles::subscriber: Subscribed to key expression key=topic_2
2026-09-29T20:24:36.077433Z  INFO mq_bench::roles::subscriber: Starting subscriber engine=Mqtt key=topic_2 endpoint=None crash_enabled=false
2026-09-29T20:24:36.077493Z  INFO mq_bench::roles::subscriber: Connected via transport engine=Mqtt
2026-09-29T20:24:36.078365Z  INFO mq_bench::roles::subscriber: Subscribed to key expression key=topic_2
2026-09-29T20:24:42.745581Z  INFO mq_bench::roles::subscriber: Starting subscriber engine=Mqtt key=topic_2 endpoint=None crash_enabled=false
2026-09-29T20:24:42.745666Z  INFO mq_bench::roles::subscriber: Connected via transport engine=Mqtt
2026-09-29T20:24:42.746482Z  INFO mq_bench::roles::subscriber: Subscribed to key expression key=topic_2
2026-09-29T20:24:49.412983Z  INFO mq_bench::roles::subscriber: Starting subscriber engine=Mqtt key=topic_2 endpoint=None crash_enabled=false
2026-09-29T20:24:49.413021Z  INFO mq_bench::roles::subscriber: Connected via transport engine=Mqtt
2026-09-29T20:24:49.414096Z  INFO mq_bench::roles::subscriber: Subscribed to key expression key=topic_2
2026-09-29T20:24:56.080015Z  INFO mq_bench::roles::subscriber: Starting subscriber engine=Mqtt key=topic_2 endpoint=None crash_enabled=false
2026-09-29T20:24:56.080063Z  INFO mq_bench::roles::subscriber: Connected via transport engine=Mqtt
2026-09-29T20:24:56.080947Z  INFO mq_bench::roles::subscriber: Subscribed to key expression key=topic_2
2026-09-29T20:25:02.747762Z  INFO mq_bench::roles::subscriber: Starting subscriber engine=Mqtt key=topic_2 endpoint=None crash_enabled=false
2026-09-29T20:25:02.747801Z  INFO mq_bench::roles::subscriber: Connected via transport engine=Mqtt
2026-09-29T20:25:02.748776Z  INFO mq_bench::roles::subscriber: Subscribed to key expression key=topic_2
2026-09-29T20:25:09.414942Z  INFO mq_bench::roles::subscriber: Starting subscriber engine=Mqtt key=topic_2 endpoint=None crash_enabled=false
2026-09-29T20:25:09.414987Z  INFO mq_bench::roles::subscriber: Connected via transport engine=Mqtt
2026-09-29T20:25:09.415798Z  INFO mq_bench::roles::subscriber: Subscribed to key expression key=topic_2
2026-09-29T20:25:16.082719Z  INFO mq_bench::roles::subscriber: Starting subscriber engine=Mqtt key=topic_2 endpoint=None crash_enabled=false
2026-09-29T20:25:16.082781Z  INFO mq_bench::roles::subscriber: Connected via transport engine=Mqtt
2026-09-29T20:25:16.083742Z  INFO mq_bench::roles::subscriber: Subscribed to key expression key=topic_2
