mq-bench starting with run_id: auto
Writing CSV output to: artifacts/fanout_bursty_20260929_202415_mqtt_mosquitto_p64_s1000_u10_bursty/fanout_singlesite/sub_7_9.csv
2026-09-29T20:24:16.274889Z  INFO mq_bench::roles::subscriber: Starting subscriber engine=Mqtt key=topic_7 endpoint=None crash_enabled=false
2026-09-29T20:24:16.274948Z  INFO mq_bench::roles::subscriber: Connected via transport engine=Mqtt
2026-09-29T20:24:16.275863Z  INFO mq_bench::roles::subscriber: Subscribed to key expression key=topic_7
2026-09-29T20:24:22.942627Z  INFO mq_bench::roles::subscriber: Starting subscriber engine=Mqtt key=topic_7 endpoint=None crash_enabled=false
2026-09-29T20:24:22.942718Z  INFO mq_bench::roles::subscriber: Connected via transport engine=Mqtt
2026-09-29T20:24:22.943685Z  INFO mq_bench::roles::subscriber: Subscribed to key expression key=topic_7
2026-09-29T20:24:29.610695Z  INFO mq_bench::roles::subscriber: Starting subscriber engine=Mqtt key=topic_7 endpoint=None crash_enabled=false
2026-09-29T20:24:29.610778Z  INFO mq_bench::roles::subscriber: Connected via transport engine=Mqtt
2026-09-29T20:24:29.611682Z  INFO mq_bench::roles::subscriber: Subscribed to key expression key=topic_7
2026-09-29T20:24:36.279218Z  INFO mq_bench::roles::subscriber: Starting subscriber engine=Mqtt key=topic_7 endpoint=None crash_enabled=false
2026-09-29T20:24:36.279261Z  INFO mq_bench::roles::subscriber: Connected via transport engine=Mqtt
2026-09-29T20:24:36.280272Z  INFO mq_bench::roles::subscriber: Subscribed to key expression key=topic_7
2026-09-29T20:24:42.947325Z  INFO mq_bench::roles::subscriber: Starting subscriber engine=Mqtt key=topic_7 endpoint=None crash_enabled=false
2026-09-29T20:24:42.947364Z  INFO mq_bench::roles::subscriber: Connected via transport engine=Mqtt
2026-09-29T20:24:42.948236Z  INFO mq_bench::roles::subscriber: Subscribed to key expression key=topic_7
2026-09-29T20:24:49.614967Z  INFO mq_bench::roles::subscriber: Starting subscriber engine=Mqtt key=topic_7 endpoint=None crash_enabled=false
2026-09-29T20:24:49.615005Z  INFO mq_bench::roles::subscriber: Connected via transport engine=Mqtt
2026-09-29T20:24:49.615864Z  INFO mq_bench::roles::subscriber: Subscribed to key expression key=topic_7
2026-09-29T20:24:56.282801Z  INFO mq_bench::roles::subscriber: Starting subscriber engine=Mqtt key=topic_7 endpoint=None crash_enabled=false
2026-09-29T20:24:56.282901Z  INFO mq_bench::roles::subscriber: Connected via transport engine=Mqtt
2026-09-29T20:24:56.283948Z  INFO mq_bench::roles::subscriber: Subscribed to key expression key=topic_7
2026-09-29T20:25:02.950753Z  INFO mq_bench::roles::subscriber: Starting subscriber engine=Mqtt key=topic_7 endpoint=None crash_enabled=false
2026-09-29T20:25:02.950810Z  INFO mq_bench::roles::subscriber: Connected via transport engine=Mqtt
2026-09-29T20:25:02.951647Z  INFO mq_bench::roles::subscriber: Subscribed to key expression key=topic_7
2026-09-29T20:25:09.618651Z  INFO mq_bench::roles::subscriber: Starting subscriber engine=Mqtt key=topic_7 endpoint=None crash_enabled=false
2026-09-29T20:25:09.618691Z  INFO mq_bench::roles::subscriber: Connected via transport engine=Mqtt
2026-09-29T20:25:09.619520Z  INFO mq_bench::roles::subscriber: Subscribed to key expression key=topic_7
2026-09-29T20:25:16.287226Z  INFO mq_bench::roles::subscriber: Starting subscriber engine=Mqtt key=topic_7 endpoint=None crash_enabled=false
2026-09-29T20:25:16.287268Z  INFO mq_bench::roles::subscriber: Connected via transport engine=Mqtt
2026-09-29T20:25:16.288309Z  INFO mq_bench::roles::subscriber: Subscribed to key expression key=topic_7
