mq-bench starting with run_id: auto
Writing CSV output to: artifacts/fanout_bursty_20260929_202415_mqtt_mosquitto_p64_s1000_u10_bursty/fanout_singlesite/sub_3_9.csv
2026-09-29T20:24:16.122096Z  INFO mq_bench::roles::subscriber: Starting subscriber engine=Mqtt key=topic_3 endpoint=None crash_enabled=false
2026-09-29T20:24:16.122149Z  INFO mq_bench::roles::subscriber: Connected via transport engine=Mqtt
2026-09-29T20:24:16.123102Z  INFO mq_bench::roles::subscriber: Subscribed to key expression key=topic_3
2026-09-29T20:24:22.789947Z  INFO mq_bench::roles::subscriber: Starting subscriber engine=Mqtt key=topic_3 endpoint=None crash_enabled=false
2026-09-29T20:24:22.790036Z  INFO mq_bench::roles::subscriber: Connected via transport engine=Mqtt
2026-09-29T20:24:22.791198Z  INFO mq_bench::roles::subscriber: Subscribed to key expression key=topic_3
2026-09-29T20:24:29.457102Z  INFO mq_bench::roles::subscriber: Starting subscriber engine=Mqtt key=topic_3 endpoint=None crash_enabled=false
2026-09-29T20:24:29.457181Z  INFO mq_bench::roles::subscriber: Connected via transport engine=Mqtt
2026-09-29T20:24:29.458053Z  INFO mq_bench::roles::subscriber: Subscribed to key expression key=topic_3
2026-09-29T20:24:36.124489Z  INFO mq_bench::roles::subscriber: Starting subscriber engine=Mqtt key=topic_3 endpoint=None crash_enabled=false
2026-09-29T20:24:36.124576Z  INFO mq_bench::roles::subscriber: Connected via transport engine=Mqtt
2026-09-29T20:24:36.125498Z  INFO mq_bench::roles::subscriber: Subscribed to key expression key=topic_3
2026-09-29T20:24:42.792598Z  INFO mq_bench::roles::subscriber: Starting subscriber engine=Mqtt key=topic_3 endpoint=None crash_enabled=false
2026-09-29T20:24:42.792640Z  INFO mq_bench::roles::subscriber: Connected via transport engine=Mqtt
2026-09-29T20:24:42.793619Z  INFO mq_bench::roles::subscriber: Subscribed to key expression key=topic_3
2026-09-29T20:24:49.460287Z  INFO mq_bench::roles::subscriber: Starting subscriber engine=Mqtt key=topic_3 endpoint=None crash_enabled=false
2026-09-29T20:24:49.460325Z  INFO mq_bench::roles::subscriber: Connected via transport engine=Mqtt
2026-09-29T20:24:49.461272Z  INFO mq_bench::roles::subscriber: Subscribed to key expression key=topic_3
2026-09-29T20:24:56.128505Z  INFO mq_bench::roles::subscriber: Starting subscriber engine=Mqtt key=topic_3 endpoint=None crash_enabled=false
2026-09-29T20:24:56.128551Z  INFO mq_bench::roles::subscriber: Connected via transport engine=Mqtt
2026-09-29T20:24:56.129469Z  INFO mq_bench::roles::subscriber: Subscribed to key expression key=topic_3
2026-09-29T20:25:02.796212Z  INFO mq_bench::roles::subscriber: Starting subscriber engine=Mqtt key=topic_3 endpoint=None crash_enabled=false
2026-09-29T20:25:02.796248Z  INFO mq_bench::roles::subscriber: Connected via transport engine=Mqtt
2026-09-29T20:25:02.797163Z  INFO mq_bench::roles::subscriber: Subscribed to key expression key=topic_3
2026-09-29T20:25:09.464256Z  INFO mq_bench::roles::subscriber: Starting subscriber engine=Mqtt key=topic_3 endpoint=None crash_enabled=false
2026-09-29T20:25:09.464320Z  INFO mq_bench::roles::subscriber: Connected via transport engine=Mqtt
2026-09-29T20:25:09.465102Z  INFO mq_bench::roles::subscriber: Subscribed to key expression key=topic_3
2026-09-29T20:25:16.132060Z  INFO mq_bench::roles::subscriber: Starting subscriber engine=Mqtt key=topic_3 endpoint=None crash_enabled=false
2026-09-29T20:25:16.132101Z  INFO mq_bench::roles::subscriber: Connected via transport engine=Mqtt
2026-09-29T20:25:16.132969Z  INFO mq_bench::roles::subscriber: Subscribed to key expression key=topic_3
