mq-bench starting with run_id: auto
Writing CSV output to: artifacts/fanout_bursty_20260929_202415_mqtt_mosquitto_p64_s1000_u10_bursty/fanout_singlesite/sub_0_9.csv
2026-09-29T20:24:16.010926Z  INFO mq_bench::roles::subscriber: Starting subscriber engine=Mqtt key=topic_0 endpoint=None crash_enabled=false
2026-09-29T20:24:16.010978Z  INFO mq_bench::roles::subscriber: Connected via transport engine=Mqtt
2026-09-29T20:24:16.011949Z  INFO mq_bench::roles::subscriber: Subscribed to key expression key=topic_0
2026-09-29T20:24:22.678994Z  INFO mq_bench::roles::subscriber: Starting subscriber engine=Mqtt key=topic_0 endpoint=None crash_enabled=false
2026-09-29T20:24:22.679089Z  INFO mq_bench::roles::subscriber: Connected via transport engine=Mqtt
2026-09-29T20:24:22.680011Z  INFO mq_bench::roles::subscriber: Subscribed to key expression key=topic_0
2026-09-29T20:24:29.347073Z  INFO mq_bench::roles::subscriber: Starting subscriber engine=Mqtt key=topic_0 endpoint=None crash_enabled=false
2026-09-29T20:24:29.347166Z  INFO mq_bench::roles::subscriber: Connected via transport engine=Mqtt
2026-09-29T20:24:29.348081Z  INFO mq_bench::roles::subscriber: Subscribed to key expression key=topic_0
2026-09-29T20:24:36.015547Z  INFO mq_bench::roles::subscriber: Starting subscriber engine=Mqtt key=topic_0 endpoint=None crash_enabled=false
2026-09-29T20:24:36.015595Z  INFO mq_bench::roles::subscriber: Connected via transport engine=Mqtt
2026-09-29T20:24:36.016438Z  INFO mq_bench::roles::subscriber: Subscribed to key expression key=topic_0
2026-09-29T20:24:42.683527Z  INFO mq_bench::roles::subscriber: Starting subscriber engine=Mqtt key=topic_0 endpoint=None crash_enabled=false
2026-09-29T20:24:42.683619Z  INFO mq_bench::roles::subscriber: Connected via transport engine=Mqtt
2026-09-29T20:24:42.684487Z  INFO mq_bench::roles::subscriber: Subscribed to key expression key=topic_0
2026-09-29T20:24:49.351185Z  INFO mq_bench::roles::subscriber: Starting subscriber engine=Mqtt key=topic_0 endpoint=None crash_enabled=false
2026-09-29T20:24:49.351235Z  INFO mq_bench::roles::subscriber: Connected via transport engine=Mqtt
2026-09-29T20:24:49.352195Z  INFO mq_bench::roles::subscriber: Subscribed to key expression key=topic_0
2026-09-29T20:24:56.019246Z  INFO mq_bench::roles::subscriber: Starting subscriber engine=Mqtt key=topic_0 endpoint=None crash_enabled=false
2026-09-29T20:24:56.019299Z  INFO mq_bench::roles::subscriber: Connected via transport engine=Mqtt
2026-09-29T20:24:56.020213Z  INFO mq_bench::roles::subscriber: Subscribed to key expression key=topic_0
2026-09-29T20:25:02.687138Z  INFO mq_bench::roles::subscriber: Starting subscriber engine=Mqtt key=topic_0 endpoint=None crash_enabled=false
2026-09-29T20:25:02.687206Z  INFO mq_bench::roles::subscriber: Connected via transport engine=Mqtt
2026-09-29T20:25:02.688312Z  INFO mq_bench::roles::subscriber: Subscribed to key expression key=topic_0
2026-09-29T20:25:09.355382Z  INFO mq_bench::roles::subscriber: Starting subscriber engine=Mqtt key=topic_0 endpoint=None crash_enabled=false
2026-09-29T20:25:09.355446Z  INFO mq_bench::roles::subscriber: Connected via transport engine=Mqtt
2026-09-29T20:25:09.356242Z  INFO mq_bench::roles::subscriber: Subscribed to key expression key=topic_0
2026-09-29T20:25:16.023344Z  INFO mq_bench::roles::subscriber: Starting subscriber engine=Mqtt key=topic_0 endpoint=None crash_enabled=false
2026-09-29T20:25:16.023391Z  INFO mq_bench::roles::subscriber: Connected via transport engine=Mqtt
2026-09-29T20:25:16.024262Z  INFO mq_bench::roles::subscriber: Subscribed to key expression key=topic_0
