mq-bench starting with run_id: auto
Writing CSV output to: artifacts/fanout_bursty_20260929_202415_mqtt_mosquitto_p64_s1000_u10_bursty/fanout_singlesite/sub_3_7.csv
2026-09-29T20:24:16.114482Z  INFO mq_bench::roles::subscriber: Starting subscriber engine=Mqtt key=topic_3 endpoint=None crash_enabled=false
2026-09-29T20:24:16.114527Z  INFO mq_bench::roles::subscriber: Connected via transport engine=Mqtt
2026-09-29T20:24:16.115365Z  INFO mq_bench::roles::subscriber: Subscribed to key expression key=topic_3
2026-09-29T20:24:22.782328Z  INFO mq_bench::roles::subscriber: Starting subscriber engine=Mqtt key=topic_3 endpoint=None crash_enabled=false
2026-09-29T20:24:22.782432Z  INFO mq_bench::roles::subscriber: Connected via transport engine=Mqtt
2026-09-29T20:24:22.783361Z  INFO mq_bench::roles::subscriber: Subscribed to key expression key=topic_3
2026-09-29T20:24:29.449387Z  INFO mq_bench::roles::subscriber: Starting subscriber engine=Mqtt key=topic_3 endpoint=None crash_enabled=false
2026-09-29T20:24:29.449472Z  INFO mq_bench::roles::subscriber: Connected via transport engine=Mqtt
2026-09-29T20:24:29.450427Z  INFO mq_bench::roles::subscriber: Subscribed to key expression key=topic_3
2026-09-29T20:24:36.116618Z  INFO mq_bench::roles::subscriber: Starting subscriber engine=Mqtt key=topic_3 endpoint=None crash_enabled=false
2026-09-29T20:24:36.116696Z  INFO mq_bench::roles::subscriber: Connected via transport engine=Mqtt
2026-09-29T20:24:36.117557Z  INFO mq_bench::roles::subscriber: Subscribed to key expression key=topic_3
2026-09-29T20:24:42.784753Z  INFO mq_bench::roles::subscriber: Starting subscriber engine=Mqtt key=topic_3 endpoint=None crash_enabled=false
2026-09-29T20:24:42.784799Z  INFO mq_bench::roles::subscriber: Connected via transport engine=Mqtt
2026-09-29T20:24:42.785625Z  INFO mq_bench::roles::subscriber: Subscribed to key expression key=topic_3
2026-09-29T20:24:49.453206Z  INFO mq_bench::roles::subscriber: Starting subscriber engine=Mqtt key=topic_3 endpoint=None crash_enabled=false
2026-09-29T20:24:49.453247Z  INFO mq_bench::roles::subscriber: Connected via transport engine=Mqtt
2026-09-29T20:24:49.454260Z  INFO mq_bench::roles::subscriber: Subscribed to key expression key=topic_3
2026-09-29T20:24:56.121247Z  INFO mq_bench::roles::subscriber: Starting subscriber engine=Mqtt key=topic_3 endpoint=None crash_enabled=false
2026-09-29T20:24:56.121291Z  INFO mq_bench::roles::subscriber: Connected via transport engine=Mqtt
2026-09-29T20:24:56.122350Z  INFO mq_bench::roles::subscriber: Subscribed to key expression key=topic_3
2026-09-29T20:25:02.789179Z  INFO mq_bench::roles::subscriber: Starting subscriber engine=Mqtt key=topic_3 endpoint=None crash_enabled=false
2026-09-29T20:25:02.789216Z  INFO mq_bench::roles::subscriber: Connected via transport engine=Mqtt
2026-09-29T20:25:02.790223Z  INFO mq_bench::roles::subscriber: Subscribed to key expression key=topic_3
2026-09-29T20:25:09.457258Z  INFO mq_bench::roles::subscriber: Starting subscriber engine=Mqtt key=topic_3 endpoint=None crash_enabled=false
2026-09-29T20:25:09.457302Z  INFO mq_bench::roles::subscriber: Connected via transport engine=Mqtt
2026-09-29T20:25:09.458082Z  INFO mq_bench::roles::subscriber: Subscribed to key expression key=topic_3
2026-09-29T20:25:16.124657Z  INFO mq_bench::roles::subscriber: Starting subscriber engine=Mqtt key=topic_3 endpoint=None crash_enabled=false
2026-09-29T20:25:16.124697Z  INFO mq_bench::roles::subscriber: Connected via transport engine=Mqtt
2026-09-29T20:25:16.125509Z  INFO mq_bench::roles::subscriber: Subscribed to key expression key=topic_3
