mq-bench starting with run_id: auto
Writing CSV output to: artifacts/fanout_bursty_20260929_202415_mqtt_mosquitto_p64_s1000_u10_bursty/fanout_singlesite/sub_3_1.csv
2026-09-29T20:24:16.093265Z  INFO mq_bench::roles::subscriber: Starting subscriber engine=Mqtt key=topic_3 endpoint=None crash_enabled=false
2026-09-29T20:24:16.093319Z  INFO mq_bench::roles::subscriber: Connected via transport engine=Mqtt
2026-09-29T20:24:16.094292Z  INFO mq_bench::roles::subscriber: Subscribed to key expression key=topic_3
2026-09-29T20:24:22.761062Z  INFO mq_bench::roles::subscriber: Starting subscriber engine=Mqtt key=topic_3 endpoint=None crash_enabled=false
2026-09-29T20:24:22.761147Z  INFO mq_bench::roles::subscriber: Connected via transport engine=Mqtt
2026-09-29T20:24:22.762025Z  INFO mq_bench::roles::subscriber: Subscribed to key expression key=topic_3
2026-09-29T20:24:29.428938Z  INFO mq_bench::roles::subscriber: Starting subscriber engine=Mqtt key=topic_3 endpoint=None crash_enabled=false
2026-09-29T20:24:29.429014Z  INFO mq_bench::roles::subscriber: Connected via transport engine=Mqtt
2026-09-29T20:24:29.429967Z  INFO mq_bench::roles::subscriber: Subscribed to key expression key=topic_3
2026-09-29T20:24:36.096575Z  INFO mq_bench::roles::subscriber: Starting subscriber engine=Mqtt key=topic_3 endpoint=None crash_enabled=false
2026-09-29T20:24:36.096677Z  INFO mq_bench::roles::subscriber: Connected via transport engine=Mqtt
2026-09-29T20:24:36.097595Z  INFO mq_bench::roles::subscriber: Subscribed to key expression key=topic_3
2026-09-29T20:24:42.764534Z  INFO mq_bench::roles::subscriber: Starting subscriber engine=Mqtt key=topic_3 endpoint=None crash_enabled=false
2026-09-29T20:24:42.764580Z  INFO mq_bench::roles::subscriber: Connected via transport engine=Mqtt
2026-09-29T20:24:42.765460Z  INFO mq_bench::roles::subscriber: Subscribed to key expression key=topic_3
2026-09-29T20:24:49.432066Z  INFO mq_bench::roles::subscriber: Starting subscriber engine=Mqtt key=topic_3 endpoint=None crash_enabled=false
2026-09-29T20:24:49.432106Z  INFO mq_bench::roles::subscriber: Connected via transport engine=Mqtt
2026-09-29T20:24:49.433022Z  INFO mq_bench::roles::subscriber: Subscribed to key expression key=topic_3
2026-09-29T20:24:56.099991Z  INFO mq_bench::roles::subscriber: Starting subscriber engine=Mqtt key=topic_3 endpoint=None crash_enabled=false
2026-09-29T20:24:56.100045Z  INFO mq_bench::roles::subscriber: Connected via transport engine=Mqtt
2026-09-29T20:24:56.100947Z  INFO mq_bench::roles::subscriber: Subscribed to key expression key=topic_3
2026-09-29T20:25:02.767786Z  INFO mq_bench::roles::subscriber: Starting subscriber engine=Mqtt key=topic_3 endpoint=None crash_enabled=false
2026-09-29T20:25:02.767828Z  INFO mq_bench::roles::subscriber: Connected via transport engine=Mqtt
2026-09-29T20:25:02.768736Z  INFO mq_bench::roles::subscriber: Subscribed to key expression key=topic_3
2026-09-29T20:25:09.435668Z  INFO mq_bench::roles::subscriber: Starting subscriber engine=Mqtt key=topic_3 endpoint=None crash_enabled=false
2026-09-29T20:25:09.435711Z  INFO mq_bench::roles::subscriber: Connected via transport engine=Mqtt
2026-09-29T20:25:09.436680Z  INFO mq_bench::roles::subscriber: Subscribed to key expression key=topic_3
2026-09-29T20:25:16.103528Z  INFO mq_bench::roles::subscriber: Starting subscriber engine=Mqtt key=topic_3 endpoint=None crash_enabled=false
2026-09-29T20:25:16.103575Z  INFO mq_bench::roles::subscriber: Connected via transport engine=Mqtt
2026-09-29T20:25:16.104482Z  INFO mq_bench::roles::subscriber: Subscribed to key expression key=topic_3
