mq-bench starting with run_id: auto
Writing CSV output to: artifacts/fanout_bursty_20260929_202415_mqtt_mosquitto_p64_s1000_u10_bursty/fanout_singlesite/sub_9_1.csv
2026-09-29T20:24:16.321786Z  INFO mq_bench::roles::subscriber: Starting subscriber engine=Mqtt key=topic_9 endpoint=None crash_enabled=false
2026-09-29T20:24:16.321933Z  INFO mq_bench::roles::subscriber: Connected via transport engine=Mqtt
2026-09-29T20:24:16.323030Z  INFO mq_bench::roles::subscriber: Subscribed to key expression key=topic_9
2026-09-29T20:24:22.989560Z  INFO mq_bench::roles::subscriber: Starting subscriber engine=Mqtt key=topic_9 endpoint=None crash_enabled=false
2026-09-29T20:24:22.989664Z  INFO mq_bench::roles::subscriber: Connected via transport engine=Mqtt
2026-09-29T20:24:22.990533Z  INFO mq_bench::roles::subscriber: Subscribed to key expression key=topic_9
2026-09-29T20:24:29.656568Z  INFO mq_bench::roles::subscriber: Starting subscriber engine=Mqtt key=topic_9 endpoint=None crash_enabled=false
2026-09-29T20:24:29.656656Z  INFO mq_bench::roles::subscriber: Connected via transport engine=Mqtt
2026-09-29T20:24:29.657494Z  INFO mq_bench::roles::subscriber: Subscribed to key expression key=topic_9
2026-09-29T20:24:36.324034Z  INFO mq_bench::roles::subscriber: Starting subscriber engine=Mqtt key=topic_9 endpoint=None crash_enabled=false
2026-09-29T20:24:36.324073Z  INFO mq_bench::roles::subscriber: Connected via transport engine=Mqtt
2026-09-29T20:24:36.324906Z  INFO mq_bench::roles::subscriber: Subscribed to key expression key=topic_9
2026-09-29T20:24:42.991658Z  INFO mq_bench::roles::subscriber: Starting subscriber engine=Mqtt key=topic_9 endpoint=None crash_enabled=false
2026-09-29T20:24:42.991745Z  INFO mq_bench::roles::subscriber: Connected via transport engine=Mqtt
2026-09-29T20:24:42.992606Z  INFO mq_bench::roles::subscriber: Subscribed to key expression key=topic_9
2026-09-29T20:24:49.659114Z  INFO mq_bench::roles::subscriber: Starting subscriber engine=Mqtt key=topic_9 endpoint=None crash_enabled=false
2026-09-29T20:24:49.659153Z  INFO mq_bench::roles::subscriber: Connected via transport engine=Mqtt
2026-09-29T20:24:49.659771Z  INFO mq_bench::roles::subscriber: Subscribed to key expression key=topic_9
2026-09-29T20:24:56.326848Z  INFO mq_bench::roles::subscriber: Starting subscriber engine=Mqtt key=topic_9 endpoint=None crash_enabled=false
2026-09-29T20:24:56.326886Z  INFO mq_bench::roles::subscriber: Connected via transport engine=Mqtt
2026-09-29T20:24:56.327821Z  INFO mq_bench::roles::subscriber: Subscribed to key expression key=topic_9
2026-09-29T20:25:02.994656Z  INFO mq_bench::roles::subscriber: Starting subscriber engine=Mqtt key=topic_9 endpoint=None crash_enabled=false
2026-09-29T20:25:02.994711Z  INFO mq_bench::roles::subscriber: Connected via transport engine=Mqtt
2026-09-29T20:25:02.995534Z  INFO mq_bench::roles::subscriber: Subscribed to key expression key=topic_9
2026-09-29T20:25:09.662422Z  INFO mq_bench::roles::subscriber: Starting subscriber engine=Mqtt key=topic_9 endpoint=None crash_enabled=false
2026-09-29T20:25:09.662460Z  INFO mq_bench::roles::subscriber: Connected via transport engine=Mqtt
2026-09-29T20:25:09.663329Z  INFO mq_bench::roles::subscriber: Subscribed to key expression key=topic_9
2026-09-29T20:25:16.330281Z  INFO mq_bench::roles::subscriber: Starting subscriber engine=Mqtt key=topic_9 endpoint=None crash_enabled=false
2026-09-29T20:25:16.330316Z  INFO mq_bench::roles::subscriber: Connected via transport engine=Mqtt
2026-09-29T20:25:16.331161Z  INFO mq_bench::roles::subscriber: Subscribed to key expression key=topic_9
