mq-bench starting with run_id: auto
Writing CSV output to: artifacts/fanout_bursty_20260929_202415_mqtt_mosquitto_p64_s1000_u10_bursty/fanout_singlesite/sub_6_8.csv
2026-09-29T20:24:16.231883Z  INFO mq_bench::roles::subscriber: Starting subscriber engine=Mqtt key=topic_6 endpoint=None crash_enabled=false
2026-09-29T20:24:16.232042Z  INFO mq_bench::roles::subscriber: Connected via transport engine=Mqtt
2026-09-29T20:24:16.233242Z  INFO mq_bench::roles::subscriber: Subscribed to key expression key=topic_6
2026-09-29T20:24:22.899121Z  INFO mq_bench::roles::subscriber: Starting subscriber engine=Mqtt key=topic_6 endpoint=None crash_enabled=false
2026-09-29T20:24:22.899215Z  INFO mq_bench::roles::subscriber: Connected via transport engine=Mqtt
2026-09-29T20:24:22.900216Z  INFO mq_bench::roles::subscriber: Subscribed to key expression key=topic_6
2026-09-29T20:24:29.566156Z  INFO mq_bench::roles::subscriber: Starting subscriber engine=Mqtt key=topic_6 endpoint=None crash_enabled=false
2026-09-29T20:24:29.566232Z  INFO mq_bench::roles::subscriber: Connected via transport engine=Mqtt
2026-09-29T20:24:29.567187Z  INFO mq_bench::roles::subscriber: Subscribed to key expression key=topic_6
2026-09-29T20:24:36.233474Z  INFO mq_bench::roles::subscriber: Starting subscriber engine=Mqtt key=topic_6 endpoint=None crash_enabled=false
2026-09-29T20:24:36.233516Z  INFO mq_bench::roles::subscriber: Connected via transport engine=Mqtt
2026-09-29T20:24:36.234385Z  INFO mq_bench::roles::subscriber: Subscribed to key expression key=topic_6
2026-09-29T20:24:42.901527Z  INFO mq_bench::roles::subscriber: Starting subscriber engine=Mqtt key=topic_6 endpoint=None crash_enabled=false
2026-09-29T20:24:42.901566Z  INFO mq_bench::roles::subscriber: Connected via transport engine=Mqtt
2026-09-29T20:24:42.902405Z  INFO mq_bench::roles::subscriber: Subscribed to key expression key=topic_6
2026-09-29T20:24:49.570112Z  INFO mq_bench::roles::subscriber: Starting subscriber engine=Mqtt key=topic_6 endpoint=None crash_enabled=false
2026-09-29T20:24:49.570155Z  INFO mq_bench::roles::subscriber: Connected via transport engine=Mqtt
2026-09-29T20:24:49.571006Z  INFO mq_bench::roles::subscriber: Subscribed to key expression key=topic_6
2026-09-29T20:24:56.237180Z  INFO mq_bench::roles::subscriber: Starting subscriber engine=Mqtt key=topic_6 endpoint=None crash_enabled=false
2026-09-29T20:24:56.237231Z  INFO mq_bench::roles::subscriber: Connected via transport engine=Mqtt
2026-09-29T20:24:56.238190Z  INFO mq_bench::roles::subscriber: Subscribed to key expression key=topic_6
2026-09-29T20:25:02.904044Z  INFO mq_bench::roles::subscriber: Starting subscriber engine=Mqtt key=topic_6 endpoint=None crash_enabled=false
2026-09-29T20:25:02.904084Z  INFO mq_bench::roles::subscriber: Connected via transport engine=Mqtt
2026-09-29T20:25:02.904957Z  INFO mq_bench::roles::subscriber: Subscribed to key expression key=topic_6
2026-09-29T20:25:09.571049Z  INFO mq_bench::roles::subscriber: Starting subscriber engine=Mqtt key=topic_6 endpoint=None crash_enabled=false
2026-09-29T20:25:09.571094Z  INFO mq_bench::roles::subscriber: Connected via transport engine=Mqtt
2026-09-29T20:25:09.571875Z  INFO mq_bench::roles::subscriber: Subscribed to key expression key=topic_6
2026-09-29T20:25:16.238754Z  INFO mq_bench::roles::subscriber: Starting subscriber engine=Mqtt key=topic_6 endpoint=None crash_enabled=false
2026-09-29T20:25:16.238813Z  INFO mq_bench::roles::subscriber: Connected via transport engine=Mqtt
2026-09-29T20:25:16.239742Z  INFO mq_bench::roles::subscriber: Subscribed to key expression key=topic_6
