mq-bench starting with run_id: auto
Writing CSV output to: artifacts/fanout_bursty_20260929_202415_mqtt_mosquitto_p64_s1000_u10_bursty/fanout_singlesite/sub_5_9.csv
2026-09-29T20:24:16.197622Z  INFO mq_bench::roles::subscriber: Starting subscriber engine=Mqtt key=topic_5 endpoint=None crash_enabled=false
2026-09-29T20:24:16.197671Z  INFO mq_bench::roles::subscriber: Connected via transport engine=Mqtt
2026-09-29T20:24:16.198682Z  INFO mq_bench::roles::subscriber: Subscribed to key expression key=topic_5
2026-09-29T20:24:22.864897Z  INFO mq_bench::roles::subscriber: Starting subscriber engine=Mqtt key=topic_5 endpoint=None crash_enabled=false
2026-09-29T20:24:22.865018Z  INFO mq_bench::roles::subscriber: Connected via transport engine=Mqtt
2026-09-29T20:24:22.865947Z  INFO mq_bench::roles::subscriber: Subscribed to key expression key=topic_5
2026-09-29T20:24:29.531855Z  INFO mq_bench::roles::subscriber: Starting subscriber engine=Mqtt key=topic_5 endpoint=None crash_enabled=false
2026-09-29T20:24:29.531969Z  INFO mq_bench::roles::subscriber: Connected via transport engine=Mqtt
2026-09-29T20:24:29.532791Z  INFO mq_bench::roles::subscriber: Subscribed to key expression key=topic_5
2026-09-29T20:24:36.199454Z  INFO mq_bench::roles::subscriber: Starting subscriber engine=Mqtt key=topic_5 endpoint=None crash_enabled=false
2026-09-29T20:24:36.199496Z  INFO mq_bench::roles::subscriber: Connected via transport engine=Mqtt
2026-09-29T20:24:36.200370Z  INFO mq_bench::roles::subscriber: Subscribed to key expression key=topic_5
2026-09-29T20:24:42.867532Z  INFO mq_bench::roles::subscriber: Starting subscriber engine=Mqtt key=topic_5 endpoint=None crash_enabled=false
2026-09-29T20:24:42.867612Z  INFO mq_bench::roles::subscriber: Connected via transport engine=Mqtt
2026-09-29T20:24:42.868419Z  INFO mq_bench::roles::subscriber: Subscribed to key expression key=topic_5
2026-09-29T20:24:49.535760Z  INFO mq_bench::roles::subscriber: Starting subscriber engine=Mqtt key=topic_5 endpoint=None crash_enabled=false
2026-09-29T20:24:49.535804Z  INFO mq_bench::roles::subscriber: Connected via transport engine=Mqtt
2026-09-29T20:24:49.536817Z  INFO mq_bench::roles::subscriber: Subscribed to key expression key=topic_5
2026-09-29T20:24:56.202757Z  INFO mq_bench::roles::subscriber: Starting subscriber engine=Mqtt key=topic_5 endpoint=None crash_enabled=false
2026-09-29T20:24:56.202803Z  INFO mq_bench::roles::subscriber: Connected via transport engine=Mqtt
2026-09-29T20:24:56.203775Z  INFO mq_bench::roles::subscriber: Subscribed to key expression key=topic_5
2026-09-29T20:25:02.870620Z  INFO mq_bench::roles::subscriber: Starting subscriber engine=Mqtt key=topic_5 endpoint=None crash_enabled=false
2026-09-29T20:25:02.870659Z  INFO mq_bench::roles::subscriber: Connected via transport engine=Mqtt
2026-09-29T20:25:02.871527Z  INFO mq_bench::roles::subscriber: Subscribed to key expression key=topic_5
2026-09-29T20:25:09.538304Z  INFO mq_bench::roles::subscriber: Starting subscriber engine=Mqtt key=topic_5 endpoint=None crash_enabled=false
2026-09-29T20:25:09.538389Z  INFO mq_bench::roles::subscriber: Connected via transport engine=Mqtt
2026-09-29T20:25:09.539334Z  INFO mq_bench::roles::subscriber: Subscribed to key expression key=topic_5
2026-09-29T20:25:16.206144Z  INFO mq_bench::roles::subscriber: Starting subscriber engine=Mqtt key=topic_5 endpoint=None crash_enabled=false
2026-09-29T20:25:16.206186Z  INFO mq_bench::roles::subscriber: Connected via transport engine=Mqtt
2026-09-29T20:25:16.207006Z  INFO mq_bench::roles::subscriber: Subscribed to key expression key=topic_5
