mq-bench starting with run_id: auto
Writing CSV output to: artifacts/fanout_bursty_20260929_202415_mqtt_mosquitto_p64_s1000_u10_bursty/fanout_singlesite/sub_5_0.csv
2026-09-29T20:24:16.164373Z  INFO mq_bench::roles::subscriber: Starting subscriber engine=Mqtt key=topic_5 endpoint=None crash_enabled=false
2026-09-29T20:24:16.164426Z  INFO mq_bench::roles::subscriber: Connected via transport engine=Mqtt
2026-09-29T20:24:16.165184Z  INFO mq_bench::roles::subscriber: Subscribed to key expression key=topic_5
2026-09-29T20:24:22.832223Z  INFO mq_bench::roles::subscriber: Starting subscriber engine=Mqtt key=topic_5 endpoint=None crash_enabled=false
2026-09-29T20:24:22.832309Z  INFO mq_bench::roles::subscriber: Connected via transport engine=Mqtt
2026-09-29T20:24:22.833230Z  INFO mq_bench::roles::subscriber: Subscribed to key expression key=topic_5
2026-09-29T20:24:29.500340Z  INFO mq_bench::roles::subscriber: Starting subscriber engine=Mqtt key=topic_5 endpoint=None crash_enabled=false
2026-09-29T20:24:29.500430Z  INFO mq_bench::roles::subscriber: Connected via transport engine=Mqtt
2026-09-29T20:24:29.501323Z  INFO mq_bench::roles::subscriber: Subscribed to key expression key=topic_5
2026-09-29T20:24:36.168664Z  INFO mq_bench::roles::subscriber: Starting subscriber engine=Mqtt key=topic_5 endpoint=None crash_enabled=false
2026-09-29T20:24:36.168708Z  INFO mq_bench::roles::subscriber: Connected via transport engine=Mqtt
2026-09-29T20:24:36.169580Z  INFO mq_bench::roles::subscriber: Subscribed to key expression key=topic_5
2026-09-29T20:24:42.836610Z  INFO mq_bench::roles::subscriber: Starting subscriber engine=Mqtt key=topic_5 endpoint=None crash_enabled=false
2026-09-29T20:24:42.836693Z  INFO mq_bench::roles::subscriber: Connected via transport engine=Mqtt
2026-09-29T20:24:42.837629Z  INFO mq_bench::roles::subscriber: Subscribed to key expression key=topic_5
2026-09-29T20:24:49.504462Z  INFO mq_bench::roles::subscriber: Starting subscriber engine=Mqtt key=topic_5 endpoint=None crash_enabled=false
2026-09-29T20:24:49.504507Z  INFO mq_bench::roles::subscriber: Connected via transport engine=Mqtt
2026-09-29T20:24:49.505386Z  INFO mq_bench::roles::subscriber: Subscribed to key expression key=topic_5
2026-09-29T20:24:56.172612Z  INFO mq_bench::roles::subscriber: Starting subscriber engine=Mqtt key=topic_5 endpoint=None crash_enabled=false
2026-09-29T20:24:56.172652Z  INFO mq_bench::roles::subscriber: Connected via transport engine=Mqtt
2026-09-29T20:24:56.173466Z  INFO mq_bench::roles::subscriber: Subscribed to key expression key=topic_5
2026-09-29T20:25:02.840325Z  INFO mq_bench::roles::subscriber: Starting subscriber engine=Mqtt key=topic_5 endpoint=None crash_enabled=false
2026-09-29T20:25:02.840363Z  INFO mq_bench::roles::subscriber: Connected via transport engine=Mqtt
2026-09-29T20:25:02.842218Z  INFO mq_bench::roles::subscriber: Subscribed to key expression key=topic_5
2026-09-29T20:25:09.508326Z  INFO mq_bench::roles::subscriber: Starting subscriber engine=Mqtt key=topic_5 endpoint=None crash_enabled=false
2026-09-29T20:25:09.508370Z  INFO mq_bench::roles::subscriber: Connected via transport engine=Mqtt
2026-09-29T20:25:09.509198Z  INFO mq_bench::roles::subscriber: Subscribed to key expression key=topic_5
2026-09-29T20:25:16.176103Z  INFO mq_bench::roles::subscriber: Starting subscriber engine=Mqtt key=topic_5 endpoint=None crash_enabled=false
2026-09-29T20:25:16.176147Z  INFO mq_bench::roles::subscriber: Connected via transport engine=Mqtt
2026-09-29T20:25:16.177004Z  INFO mq_bench::roles::subscriber: Subscribed to key expression key=topic_5
