mq-bench starting with run_id: auto
Writing CSV output to: artifacts/fanout_bursty_20260929_202415_mqtt_mosquitto_p64_s1000_u10_bursty/fanout_singlesite/sub_1_1.csv
2026-09-29T20:24:16.018911Z  INFO mq_bench::roles::subscriber: Starting subscriber engine=Mqtt key=topic_1 endpoint=None crash_enabled=false
2026-09-29T20:24:16.018980Z  INFO mq_bench::roles::subscriber: Connected via transport engine=Mqtt
2026-09-29T20:24:16.019930Z  INFO mq_bench::roles::subscriber: Subscribed to key expression key=topic_1
2026-09-29T20:24:22.686358Z  INFO mq_bench::roles::subscriber: Starting subscriber engine=Mqtt key=topic_1 endpoint=None crash_enabled=false
2026-09-29T20:24:22.686446Z  INFO mq_bench::roles::subscriber: Connected via transport engine=Mqtt
2026-09-29T20:24:22.687433Z  INFO mq_bench::roles::subscriber: Subscribed to key expression key=topic_1
2026-09-29T20:24:29.353506Z  INFO mq_bench::roles::subscriber: Starting subscriber engine=Mqtt key=topic_1 endpoint=None crash_enabled=false
2026-09-29T20:24:29.353556Z  INFO mq_bench::roles::subscriber: Connected via transport engine=Mqtt
2026-09-29T20:24:29.354508Z  INFO mq_bench::roles::subscriber: Subscribed to key expression key=topic_1
2026-09-29T20:24:36.020264Z  INFO mq_bench::roles::subscriber: Starting subscriber engine=Mqtt key=topic_1 endpoint=None crash_enabled=false
2026-09-29T20:24:36.020307Z  INFO mq_bench::roles::subscriber: Connected via transport engine=Mqtt
2026-09-29T20:24:36.021252Z  INFO mq_bench::roles::subscriber: Subscribed to key expression key=topic_1
2026-09-29T20:24:42.687419Z  INFO mq_bench::roles::subscriber: Starting subscriber engine=Mqtt key=topic_1 endpoint=None crash_enabled=false
2026-09-29T20:24:42.687506Z  INFO mq_bench::roles::subscriber: Connected via transport engine=Mqtt
2026-09-29T20:24:42.688494Z  INFO mq_bench::roles::subscriber: Subscribed to key expression key=topic_1
2026-09-29T20:24:49.355286Z  INFO mq_bench::roles::subscriber: Starting subscriber engine=Mqtt key=topic_1 endpoint=None crash_enabled=false
2026-09-29T20:24:49.355383Z  INFO mq_bench::roles::subscriber: Connected via transport engine=Mqtt
2026-09-29T20:24:49.356381Z  INFO mq_bench::roles::subscriber: Subscribed to key expression key=topic_1
2026-09-29T20:24:56.022396Z  INFO mq_bench::roles::subscriber: Starting subscriber engine=Mqtt key=topic_1 endpoint=None crash_enabled=false
2026-09-29T20:24:56.022448Z  INFO mq_bench::roles::subscriber: Connected via transport engine=Mqtt
2026-09-29T20:24:56.023378Z  INFO mq_bench::roles::subscriber: Subscribed to key expression key=topic_1
2026-09-29T20:25:02.690143Z  INFO mq_bench::roles::subscriber: Starting subscriber engine=Mqtt key=topic_1 endpoint=None crash_enabled=false
2026-09-29T20:25:02.690180Z  INFO mq_bench::roles::subscriber: Connected via transport engine=Mqtt
2026-09-29T20:25:02.691125Z  INFO mq_bench::roles::subscriber: Subscribed to key expression key=topic_1
2026-09-29T20:25:09.357974Z  INFO mq_bench::roles::subscriber: Starting subscriber engine=Mqtt key=topic_1 endpoint=None crash_enabled=false
2026-09-29T20:25:09.358016Z  INFO mq_bench::roles::subscriber: Connected via transport engine=Mqtt
2026-09-29T20:25:09.359003Z  INFO mq_bench::roles::subscriber: Subscribed to key expression key=topic_1
2026-09-29T20:25:16.025831Z  INFO mq_bench::roles::subscriber: Starting subscriber engine=Mqtt key=topic_1 endpoint=None crash_enabled=false
2026-09-29T20:25:16.025873Z  INFO mq_bench::roles::subscriber: Connected via transport engine=Mqtt
2026-09-29T20:25:16.026800Z  INFO mq_bench::roles::subscriber: Subscribed to key expression key=topic_1
