mq-bench starting with run_id: auto
Writing CSV output to: artifacts/fanout_bursty_20260929_202415_mqtt_mosquitto_p64_s1000_u10_bursty/fanout_singlesite/sub_9_8.csv
2026-09-29T20:24:16.348079Z  INFO mq_bench::roles::subscriber: Starting subscriber engine=Mqtt key=topic_9 endpoint=None crash_enabled=false
2026-09-29T20:24:16.348123Z  INFO mq_bench::roles::subscriber: Connected via transport engine=Mqtt
2026-09-29T20:24:16.348922Z  INFO mq_bench::roles::subscriber: Subscribed to key expression key=topic_9
2026-09-29T20:24:23.015799Z  INFO mq_bench::roles::subscriber: Starting subscriber engine=Mqtt key=topic_9 endpoint=None crash_enabled=false
2026-09-29T20:24:23.015902Z  INFO mq_bench::roles::subscriber: Connected via transport engine=Mqtt
2026-09-29T20:24:23.016862Z  INFO mq_bench::roles::subscriber: Subscribed to key expression key=topic_9
2026-09-29T20:24:29.683788Z  INFO mq_bench::roles::subscriber: Starting subscriber engine=Mqtt key=topic_9 endpoint=None crash_enabled=false
2026-09-29T20:24:29.683852Z  INFO mq_bench::roles::subscriber: Connected via transport engine=Mqtt
2026-09-29T20:24:29.684695Z  INFO mq_bench::roles::subscriber: Subscribed to key expression key=topic_9
2026-09-29T20:24:36.351134Z  INFO mq_bench::roles::subscriber: Starting subscriber engine=Mqtt key=topic_9 endpoint=None crash_enabled=false
2026-09-29T20:24:36.351186Z  INFO mq_bench::roles::subscriber: Connected via transport engine=Mqtt
2026-09-29T20:24:36.352007Z  INFO mq_bench::roles::subscriber: Subscribed to key expression key=topic_9
2026-09-29T20:24:43.019060Z  INFO mq_bench::roles::subscriber: Starting subscriber engine=Mqtt key=topic_9 endpoint=None crash_enabled=false
2026-09-29T20:24:43.019105Z  INFO mq_bench::roles::subscriber: Connected via transport engine=Mqtt
2026-09-29T20:24:43.020048Z  INFO mq_bench::roles::subscriber: Subscribed to key expression key=topic_9
2026-09-29T20:24:49.686314Z  INFO mq_bench::roles::subscriber: Starting subscriber engine=Mqtt key=topic_9 endpoint=None crash_enabled=false
2026-09-29T20:24:49.686354Z  INFO mq_bench::roles::subscriber: Connected via transport engine=Mqtt
2026-09-29T20:24:49.687085Z  INFO mq_bench::roles::subscriber: Subscribed to key expression key=topic_9
2026-09-29T20:24:56.354794Z  INFO mq_bench::roles::subscriber: Starting subscriber engine=Mqtt key=topic_9 endpoint=None crash_enabled=false
2026-09-29T20:24:56.354840Z  INFO mq_bench::roles::subscriber: Connected via transport engine=Mqtt
2026-09-29T20:24:56.355736Z  INFO mq_bench::roles::subscriber: Subscribed to key expression key=topic_9
2026-09-29T20:25:03.022621Z  INFO mq_bench::roles::subscriber: Starting subscriber engine=Mqtt key=topic_9 endpoint=None crash_enabled=false
2026-09-29T20:25:03.022666Z  INFO mq_bench::roles::subscriber: Connected via transport engine=Mqtt
2026-09-29T20:25:03.023510Z  INFO mq_bench::roles::subscriber: Subscribed to key expression key=topic_9
2026-09-29T20:25:09.690573Z  INFO mq_bench::roles::subscriber: Starting subscriber engine=Mqtt key=topic_9 endpoint=None crash_enabled=false
2026-09-29T20:25:09.690612Z  INFO mq_bench::roles::subscriber: Connected via transport engine=Mqtt
2026-09-29T20:25:09.691457Z  INFO mq_bench::roles::subscriber: Subscribed to key expression key=topic_9
2026-09-29T20:25:16.358144Z  INFO mq_bench::roles::subscriber: Starting subscriber engine=Mqtt key=topic_9 endpoint=None crash_enabled=false
2026-09-29T20:25:16.358186Z  INFO mq_bench::roles::subscriber: Connected via transport engine=Mqtt
2026-09-29T20:25:16.359028Z  INFO mq_bench::roles::subscriber: Subscribed to key expression key=topic_9
