mq-bench starting with run_id: auto
Writing CSV output to: artifacts/fanout_bursty_20260929_202415_mqtt_mosquitto_p64_s1000_u10_bursty/fanout_singlesite/sub_8_3.csv
2026-09-29T20:24:16.290665Z  INFO mq_bench::roles::subscriber: Starting subscriber engine=Mqtt key=topic_8 endpoint=None crash_enabled=false
2026-09-29T20:24:16.290718Z  INFO mq_bench::roles::subscriber: Connected via transport engine=Mqtt
2026-09-29T20:24:16.291644Z  INFO mq_bench::roles::subscriber: Subscribed to key expression key=topic_8
2026-09-29T20:24:22.958366Z  INFO mq_bench::roles::subscriber: Starting subscriber engine=Mqtt key=topic_8 endpoint=None crash_enabled=false
2026-09-29T20:24:22.958458Z  INFO mq_bench::roles::subscriber: Connected via transport engine=Mqtt
2026-09-29T20:24:22.959317Z  INFO mq_bench::roles::subscriber: Subscribed to key expression key=topic_8
2026-09-29T20:24:29.626415Z  INFO mq_bench::roles::subscriber: Starting subscriber engine=Mqtt key=topic_8 endpoint=None crash_enabled=false
2026-09-29T20:24:29.626505Z  INFO mq_bench::roles::subscriber: Connected via transport engine=Mqtt
2026-09-29T20:24:29.627312Z  INFO mq_bench::roles::subscriber: Subscribed to key expression key=topic_8
2026-09-29T20:24:36.293699Z  INFO mq_bench::roles::subscriber: Starting subscriber engine=Mqtt key=topic_8 endpoint=None crash_enabled=false
2026-09-29T20:24:36.293736Z  INFO mq_bench::roles::subscriber: Connected via transport engine=Mqtt
2026-09-29T20:24:36.294576Z  INFO mq_bench::roles::subscriber: Subscribed to key expression key=topic_8
2026-09-29T20:24:42.961647Z  INFO mq_bench::roles::subscriber: Starting subscriber engine=Mqtt key=topic_8 endpoint=None crash_enabled=false
2026-09-29T20:24:42.961729Z  INFO mq_bench::roles::subscriber: Connected via transport engine=Mqtt
2026-09-29T20:24:42.962728Z  INFO mq_bench::roles::subscriber: Subscribed to key expression key=topic_8
2026-09-29T20:24:49.629378Z  INFO mq_bench::roles::subscriber: Starting subscriber engine=Mqtt key=topic_8 endpoint=None crash_enabled=false
2026-09-29T20:24:49.629420Z  INFO mq_bench::roles::subscriber: Connected via transport engine=Mqtt
2026-09-29T20:24:49.630342Z  INFO mq_bench::roles::subscriber: Subscribed to key expression key=topic_8
2026-09-29T20:24:56.296465Z  INFO mq_bench::roles::subscriber: Starting subscriber engine=Mqtt key=topic_8 endpoint=None crash_enabled=false
2026-09-29T20:24:56.296538Z  INFO mq_bench::roles::subscriber: Connected via transport engine=Mqtt
2026-09-29T20:24:56.297469Z  INFO mq_bench::roles::subscriber: Subscribed to key expression key=topic_8
2026-09-29T20:25:02.964362Z  INFO mq_bench::roles::subscriber: Starting subscriber engine=Mqtt key=topic_8 endpoint=None crash_enabled=false
2026-09-29T20:25:02.964403Z  INFO mq_bench::roles::subscriber: Connected via transport engine=Mqtt
2026-09-29T20:25:02.965251Z  INFO mq_bench::roles::subscriber: Subscribed to key expression key=topic_8
2026-09-29T20:25:09.632245Z  INFO mq_bench::roles::subscriber: Starting subscriber engine=Mqtt key=topic_8 endpoint=None crash_enabled=false
2026-09-29T20:25:09.632285Z  INFO mq_bench::roles::subscriber: Connected via transport engine=Mqtt
2026-09-29T20:25:09.633139Z  INFO mq_bench::roles::subscriber: Subscribed to key expression key=topic_8
2026-09-29T20:25:16.300076Z  INFO mq_bench::roles::subscriber: Starting subscriber engine=Mqtt key=topic_8 endpoint=None crash_enabled=false
2026-09-29T20:25:16.300140Z  INFO mq_bench::roles::subscriber: Connected via transport engine=Mqtt
2026-09-29T20:25:16.300976Z  INFO mq_bench::roles::subscriber: Subscribed to key expression key=topic_8
