mq-bench starting with run_id: auto
Writing CSV output to: artifacts/fanout_bursty_20260929_202415_mqtt_mosquitto_p64_s1000_u10_bursty/fanout_singlesite/sub_0_4.csv
2026-09-29T20:24:15.993018Z  INFO mq_bench::roles::subscriber: Starting subscriber engine=Mqtt key=topic_0 endpoint=None crash_enabled=false
2026-09-29T20:24:15.993064Z  INFO mq_bench::roles::subscriber: Connected via transport engine=Mqtt
2026-09-29T20:24:15.994023Z  INFO mq_bench::roles::subscriber: Subscribed to key expression key=topic_0
2026-09-29T20:24:22.660490Z  INFO mq_bench::roles::subscriber: Starting subscriber engine=Mqtt key=topic_0 endpoint=None crash_enabled=false
2026-09-29T20:24:22.660583Z  INFO mq_bench::roles::subscriber: Connected via transport engine=Mqtt
2026-09-29T20:24:22.661531Z  INFO mq_bench::roles::subscriber: Subscribed to key expression key=topic_0
2026-09-29T20:24:29.328589Z  INFO mq_bench::roles::subscriber: Starting subscriber engine=Mqtt key=topic_0 endpoint=None crash_enabled=false
2026-09-29T20:24:29.328675Z  INFO mq_bench::roles::subscriber: Connected via transport engine=Mqtt
2026-09-29T20:24:29.329732Z  INFO mq_bench::roles::subscriber: Subscribed to key expression key=topic_0
2026-09-29T20:24:35.996740Z  INFO mq_bench::roles::subscriber: Starting subscriber engine=Mqtt key=topic_0 endpoint=None crash_enabled=false
2026-09-29T20:24:35.996833Z  INFO mq_bench::roles::subscriber: Connected via transport engine=Mqtt
2026-09-29T20:24:35.997749Z  INFO mq_bench::roles::subscriber: Subscribed to key expression key=topic_0
2026-09-29T20:24:42.664642Z  INFO mq_bench::roles::subscriber: Starting subscriber engine=Mqtt key=topic_0 endpoint=None crash_enabled=false
2026-09-29T20:24:42.664686Z  INFO mq_bench::roles::subscriber: Connected via transport engine=Mqtt
2026-09-29T20:24:42.665559Z  INFO mq_bench::roles::subscriber: Subscribed to key expression key=topic_0
2026-09-29T20:24:49.332250Z  INFO mq_bench::roles::subscriber: Starting subscriber engine=Mqtt key=topic_0 endpoint=None crash_enabled=false
2026-09-29T20:24:49.332289Z  INFO mq_bench::roles::subscriber: Connected via transport engine=Mqtt
2026-09-29T20:24:49.333221Z  INFO mq_bench::roles::subscriber: Subscribed to key expression key=topic_0
2026-09-29T20:24:56.000164Z  INFO mq_bench::roles::subscriber: Starting subscriber engine=Mqtt key=topic_0 endpoint=None crash_enabled=false
2026-09-29T20:24:56.000208Z  INFO mq_bench::roles::subscriber: Connected via transport engine=Mqtt
2026-09-29T20:24:56.001217Z  INFO mq_bench::roles::subscriber: Subscribed to key expression key=topic_0
2026-09-29T20:25:02.667991Z  INFO mq_bench::roles::subscriber: Starting subscriber engine=Mqtt key=topic_0 endpoint=None crash_enabled=false
2026-09-29T20:25:02.668031Z  INFO mq_bench::roles::subscriber: Connected via transport engine=Mqtt
2026-09-29T20:25:02.668982Z  INFO mq_bench::roles::subscriber: Subscribed to key expression key=topic_0
2026-09-29T20:25:09.335069Z  INFO mq_bench::roles::subscriber: Starting subscriber engine=Mqtt key=topic_0 endpoint=None crash_enabled=false
2026-09-29T20:25:09.335109Z  INFO mq_bench::roles::subscriber: Connected via transport engine=Mqtt
2026-09-29T20:25:09.335906Z  INFO mq_bench::roles::subscriber: Subscribed to key expression key=topic_0
2026-09-29T20:25:16.003763Z  INFO mq_bench::roles::subscriber: Starting subscriber engine=Mqtt key=topic_0 endpoint=None crash_enabled=false
2026-09-29T20:25:16.003827Z  INFO mq_bench::roles::subscriber: Connected via transport engine=Mqtt
2026-09-29T20:25:16.004683Z  INFO mq_bench::roles::subscriber: Subscribed to key expression key=topic_0
