mq-bench starting with run_id: auto
Writing CSV output to: artifacts/fanout_bursty_20260929_202415_mqtt_mosquitto_p64_s1000_u10_bursty/fanout_singlesite/sub_1_9.csv
2026-09-29T20:24:16.047993Z  INFO mq_bench::roles::subscriber: Starting subscriber engine=Mqtt key=topic_1 endpoint=None crash_enabled=false
2026-09-29T20:24:16.048042Z  INFO mq_bench::roles::subscriber: Connected via transport engine=Mqtt
2026-09-29T20:24:16.048859Z  INFO mq_bench::roles::subscriber: Subscribed to key expression key=topic_1
2026-09-29T20:24:22.716672Z  INFO mq_bench::roles::subscriber: Starting subscriber engine=Mqtt key=topic_1 endpoint=None crash_enabled=false
2026-09-29T20:24:22.716752Z  INFO mq_bench::roles::subscriber: Connected via transport engine=Mqtt
2026-09-29T20:24:22.717575Z  INFO mq_bench::roles::subscriber: Subscribed to key expression key=topic_1
2026-09-29T20:24:29.384542Z  INFO mq_bench::roles::subscriber: Starting subscriber engine=Mqtt key=topic_1 endpoint=None crash_enabled=false
2026-09-29T20:24:29.384627Z  INFO mq_bench::roles::subscriber: Connected via transport engine=Mqtt
2026-09-29T20:24:29.385530Z  INFO mq_bench::roles::subscriber: Subscribed to key expression key=topic_1
2026-09-29T20:24:36.052131Z  INFO mq_bench::roles::subscriber: Starting subscriber engine=Mqtt key=topic_1 endpoint=None crash_enabled=false
2026-09-29T20:24:36.052169Z  INFO mq_bench::roles::subscriber: Connected via transport engine=Mqtt
2026-09-29T20:24:36.053028Z  INFO mq_bench::roles::subscriber: Subscribed to key expression key=topic_1
2026-09-29T20:24:42.720274Z  INFO mq_bench::roles::subscriber: Starting subscriber engine=Mqtt key=topic_1 endpoint=None crash_enabled=false
2026-09-29T20:24:42.720363Z  INFO mq_bench::roles::subscriber: Connected via transport engine=Mqtt
2026-09-29T20:24:42.721171Z  INFO mq_bench::roles::subscriber: Subscribed to key expression key=topic_1
2026-09-29T20:24:49.387854Z  INFO mq_bench::roles::subscriber: Starting subscriber engine=Mqtt key=topic_1 endpoint=None crash_enabled=false
2026-09-29T20:24:49.387896Z  INFO mq_bench::roles::subscriber: Connected via transport engine=Mqtt
2026-09-29T20:24:49.388983Z  INFO mq_bench::roles::subscriber: Subscribed to key expression key=topic_1
2026-09-29T20:24:56.054805Z  INFO mq_bench::roles::subscriber: Starting subscriber engine=Mqtt key=topic_1 endpoint=None crash_enabled=false
2026-09-29T20:24:56.054847Z  INFO mq_bench::roles::subscriber: Connected via transport engine=Mqtt
2026-09-29T20:24:56.055763Z  INFO mq_bench::roles::subscriber: Subscribed to key expression key=topic_1
2026-09-29T20:25:02.722595Z  INFO mq_bench::roles::subscriber: Starting subscriber engine=Mqtt key=topic_1 endpoint=None crash_enabled=false
2026-09-29T20:25:02.722631Z  INFO mq_bench::roles::subscriber: Connected via transport engine=Mqtt
2026-09-29T20:25:02.723479Z  INFO mq_bench::roles::subscriber: Subscribed to key expression key=topic_1
2026-09-29T20:25:09.390602Z  INFO mq_bench::roles::subscriber: Starting subscriber engine=Mqtt key=topic_1 endpoint=None crash_enabled=false
2026-09-29T20:25:09.390660Z  INFO mq_bench::roles::subscriber: Connected via transport engine=Mqtt
2026-09-29T20:25:09.391429Z  INFO mq_bench::roles::subscriber: Subscribed to key expression key=topic_1
2026-09-29T20:25:16.058303Z  INFO mq_bench::roles::subscriber: Starting subscriber engine=Mqtt key=topic_1 endpoint=None crash_enabled=false
2026-09-29T20:25:16.058342Z  INFO mq_bench::roles::subscriber: Connected via transport engine=Mqtt
2026-09-29T20:25:16.059269Z  INFO mq_bench::roles::subscriber: Subscribed to key expression key=topic_1
