mq-bench starting with run_id: auto
Writing CSV output to: artifacts/fanout_bursty_20260929_202415_mqtt_mosquitto_p64_s1000_u10_bursty/fanout_singlesite/sub_2_7.csv
2026-09-29T20:24:16.077973Z  INFO mq_bench::roles::subscriber: Starting subscriber engine=Mqtt key=topic_2 endpoint=None crash_enabled=false
2026-09-29T20:24:16.078028Z  INFO mq_bench::roles::subscriber: Connected via transport engine=Mqtt
2026-09-29T20:24:16.078951Z  INFO mq_bench::roles::subscriber: Subscribed to key expression key=topic_2
2026-09-29T20:24:22.746328Z  INFO mq_bench::roles::subscriber: Starting subscriber engine=Mqtt key=topic_2 endpoint=None crash_enabled=false
2026-09-29T20:24:22.746411Z  INFO mq_bench::roles::subscriber: Connected via transport engine=Mqtt
2026-09-29T20:24:22.747371Z  INFO mq_bench::roles::subscriber: Subscribed to key expression key=topic_2
2026-09-29T20:24:29.414390Z  INFO mq_bench::roles::subscriber: Starting subscriber engine=Mqtt key=topic_2 endpoint=None crash_enabled=false
2026-09-29T20:24:29.414474Z  INFO mq_bench::roles::subscriber: Connected via transport engine=Mqtt
2026-09-29T20:24:29.415445Z  INFO mq_bench::roles::subscriber: Subscribed to key expression key=topic_2
2026-09-29T20:24:36.082170Z  INFO mq_bench::roles::subscriber: Starting subscriber engine=Mqtt key=topic_2 endpoint=None crash_enabled=false
2026-09-29T20:24:36.082213Z  INFO mq_bench::roles::subscriber: Connected via transport engine=Mqtt
2026-09-29T20:24:36.083136Z  INFO mq_bench::roles::subscriber: Subscribed to key expression key=topic_2
2026-09-29T20:24:42.750261Z  INFO mq_bench::roles::subscriber: Starting subscriber engine=Mqtt key=topic_2 endpoint=None crash_enabled=false
2026-09-29T20:24:42.750303Z  INFO mq_bench::roles::subscriber: Connected via transport engine=Mqtt
2026-09-29T20:24:42.751219Z  INFO mq_bench::roles::subscriber: Subscribed to key expression key=topic_2
2026-09-29T20:24:49.417940Z  INFO mq_bench::roles::subscriber: Starting subscriber engine=Mqtt key=topic_2 endpoint=None crash_enabled=false
2026-09-29T20:24:49.417976Z  INFO mq_bench::roles::subscriber: Connected via transport engine=Mqtt
2026-09-29T20:24:49.418823Z  INFO mq_bench::roles::subscriber: Subscribed to key expression key=topic_2
2026-09-29T20:24:56.085840Z  INFO mq_bench::roles::subscriber: Starting subscriber engine=Mqtt key=topic_2 endpoint=None crash_enabled=false
2026-09-29T20:24:56.085884Z  INFO mq_bench::roles::subscriber: Connected via transport engine=Mqtt
2026-09-29T20:24:56.086827Z  INFO mq_bench::roles::subscriber: Subscribed to key expression key=topic_2
2026-09-29T20:25:02.753805Z  INFO mq_bench::roles::subscriber: Starting subscriber engine=Mqtt key=topic_2 endpoint=None crash_enabled=false
2026-09-29T20:25:02.753864Z  INFO mq_bench::roles::subscriber: Connected via transport engine=Mqtt
2026-09-29T20:25:02.754767Z  INFO mq_bench::roles::subscriber: Subscribed to key expression key=topic_2
2026-09-29T20:25:09.421812Z  INFO mq_bench::roles::subscriber: Starting subscriber engine=Mqtt key=topic_2 endpoint=None crash_enabled=false
2026-09-29T20:25:09.421866Z  INFO mq_bench::roles::subscriber: Connected via transport engine=Mqtt
2026-09-29T20:25:09.422674Z  INFO mq_bench::roles::subscriber: Subscribed to key expression key=topic_2
2026-09-29T20:25:16.089663Z  INFO mq_bench::roles::subscriber: Starting subscriber engine=Mqtt key=topic_2 endpoint=None crash_enabled=false
2026-09-29T20:25:16.089702Z  INFO mq_bench::roles::subscriber: Connected via transport engine=Mqtt
2026-09-29T20:25:16.090536Z  INFO mq_bench::roles::subscriber: Subscribed to key expression key=topic_2
