mq-bench starting with run_id: auto
Writing CSV output to: artifacts/fanout_bursty_20260929_202415_mqtt_mosquitto_p64_s1000_u10_bursty/fanout_singlesite/sub_6_3.csv
2026-09-29T20:24:16.213457Z  INFO mq_bench::roles::subscriber: Starting subscriber engine=Mqtt key=topic_6 endpoint=None crash_enabled=false
2026-09-29T20:24:16.213508Z  INFO mq_bench::roles::subscriber: Connected via transport engine=Mqtt
2026-09-29T20:24:16.214716Z  INFO mq_bench::roles::subscriber: Subscribed to key expression key=topic_6
2026-09-29T20:24:22.881538Z  INFO mq_bench::roles::subscriber: Starting subscriber engine=Mqtt key=topic_6 endpoint=None crash_enabled=false
2026-09-29T20:24:22.881628Z  INFO mq_bench::roles::subscriber: Connected via transport engine=Mqtt
2026-09-29T20:24:22.882563Z  INFO mq_bench::roles::subscriber: Subscribed to key expression key=topic_6
2026-09-29T20:24:29.549692Z  INFO mq_bench::roles::subscriber: Starting subscriber engine=Mqtt key=topic_6 endpoint=None crash_enabled=false
2026-09-29T20:24:29.549780Z  INFO mq_bench::roles::subscriber: Connected via transport engine=Mqtt
2026-09-29T20:24:29.550641Z  INFO mq_bench::roles::subscriber: Subscribed to key expression key=topic_6
2026-09-29T20:24:36.218157Z  INFO mq_bench::roles::subscriber: Starting subscriber engine=Mqtt key=topic_6 endpoint=None crash_enabled=false
2026-09-29T20:24:36.218243Z  INFO mq_bench::roles::subscriber: Connected via transport engine=Mqtt
2026-09-29T20:24:36.219139Z  INFO mq_bench::roles::subscriber: Subscribed to key expression key=topic_6
2026-09-29T20:24:42.885386Z  INFO mq_bench::roles::subscriber: Starting subscriber engine=Mqtt key=topic_6 endpoint=None crash_enabled=false
2026-09-29T20:24:42.885429Z  INFO mq_bench::roles::subscriber: Connected via transport engine=Mqtt
2026-09-29T20:24:42.886213Z  INFO mq_bench::roles::subscriber: Subscribed to key expression key=topic_6
2026-09-29T20:24:49.552891Z  INFO mq_bench::roles::subscriber: Starting subscriber engine=Mqtt key=topic_6 endpoint=None crash_enabled=false
2026-09-29T20:24:49.552962Z  INFO mq_bench::roles::subscriber: Connected via transport engine=Mqtt
2026-09-29T20:24:49.553805Z  INFO mq_bench::roles::subscriber: Subscribed to key expression key=topic_6
2026-09-29T20:24:56.220828Z  INFO mq_bench::roles::subscriber: Starting subscriber engine=Mqtt key=topic_6 endpoint=None crash_enabled=false
2026-09-29T20:24:56.220867Z  INFO mq_bench::roles::subscriber: Connected via transport engine=Mqtt
2026-09-29T20:24:56.221879Z  INFO mq_bench::roles::subscriber: Subscribed to key expression key=topic_6
2026-09-29T20:25:02.888965Z  INFO mq_bench::roles::subscriber: Starting subscriber engine=Mqtt key=topic_6 endpoint=None crash_enabled=false
2026-09-29T20:25:02.889011Z  INFO mq_bench::roles::subscriber: Connected via transport engine=Mqtt
2026-09-29T20:25:02.890000Z  INFO mq_bench::roles::subscriber: Subscribed to key expression key=topic_6
2026-09-29T20:25:09.556887Z  INFO mq_bench::roles::subscriber: Starting subscriber engine=Mqtt key=topic_6 endpoint=None crash_enabled=false
2026-09-29T20:25:09.556964Z  INFO mq_bench::roles::subscriber: Connected via transport engine=Mqtt
2026-09-29T20:25:09.557795Z  INFO mq_bench::roles::subscriber: Subscribed to key expression key=topic_6
2026-09-29T20:25:16.224795Z  INFO mq_bench::roles::subscriber: Starting subscriber engine=Mqtt key=topic_6 endpoint=None crash_enabled=false
2026-09-29T20:25:16.224837Z  INFO mq_bench::roles::subscriber: Connected via transport engine=Mqtt
2026-09-29T20:25:16.225828Z  INFO mq_bench::roles::subscriber: Subscribed to key expression key=topic_6
