mq-bench starting with run_id: auto
Writing CSV output to: artifacts/fanout_bursty_20260929_202415_mqtt_mosquitto_p64_s1000_u10_bursty/fanout_singlesite/sub_6_9.csv
2026-09-29T20:24:16.235757Z  INFO mq_bench::roles::subscriber: Starting subscriber engine=Mqtt key=topic_6 endpoint=None crash_enabled=false
2026-09-29T20:24:16.235800Z  INFO mq_bench::roles::subscriber: Connected via transport engine=Mqtt
2026-09-29T20:24:16.239045Z  INFO mq_bench::roles::subscriber: Subscribed to key expression key=topic_6
2026-09-29T20:24:22.902973Z  INFO mq_bench::roles::subscriber: Starting subscriber engine=Mqtt key=topic_6 endpoint=None crash_enabled=false
2026-09-29T20:24:22.903071Z  INFO mq_bench::roles::subscriber: Connected via transport engine=Mqtt
2026-09-29T20:24:22.904075Z  INFO mq_bench::roles::subscriber: Subscribed to key expression key=topic_6
2026-09-29T20:24:29.570111Z  INFO mq_bench::roles::subscriber: Starting subscriber engine=Mqtt key=topic_6 endpoint=None crash_enabled=false
2026-09-29T20:24:29.570200Z  INFO mq_bench::roles::subscriber: Connected via transport engine=Mqtt
2026-09-29T20:24:29.571173Z  INFO mq_bench::roles::subscriber: Subscribed to key expression key=topic_6
2026-09-29T20:24:36.237764Z  INFO mq_bench::roles::subscriber: Starting subscriber engine=Mqtt key=topic_6 endpoint=None crash_enabled=false
2026-09-29T20:24:36.237808Z  INFO mq_bench::roles::subscriber: Connected via transport engine=Mqtt
2026-09-29T20:24:36.238646Z  INFO mq_bench::roles::subscriber: Subscribed to key expression key=topic_6
2026-09-29T20:24:42.905595Z  INFO mq_bench::roles::subscriber: Starting subscriber engine=Mqtt key=topic_6 endpoint=None crash_enabled=false
2026-09-29T20:24:42.905673Z  INFO mq_bench::roles::subscriber: Connected via transport engine=Mqtt
2026-09-29T20:24:42.906526Z  INFO mq_bench::roles::subscriber: Subscribed to key expression key=topic_6
2026-09-29T20:24:49.573037Z  INFO mq_bench::roles::subscriber: Starting subscriber engine=Mqtt key=topic_6 endpoint=None crash_enabled=false
2026-09-29T20:24:49.573114Z  INFO mq_bench::roles::subscriber: Connected via transport engine=Mqtt
2026-09-29T20:24:49.573998Z  INFO mq_bench::roles::subscriber: Subscribed to key expression key=topic_6
2026-09-29T20:24:56.240806Z  INFO mq_bench::roles::subscriber: Starting subscriber engine=Mqtt key=topic_6 endpoint=None crash_enabled=false
2026-09-29T20:24:56.240850Z  INFO mq_bench::roles::subscriber: Connected via transport engine=Mqtt
2026-09-29T20:24:56.241731Z  INFO mq_bench::roles::subscriber: Subscribed to key expression key=topic_6
2026-09-29T20:25:02.908460Z  INFO mq_bench::roles::subscriber: Starting subscriber engine=Mqtt key=topic_6 endpoint=None crash_enabled=false
2026-09-29T20:25:02.908496Z  INFO mq_bench::roles::subscriber: Connected via transport engine=Mqtt
2026-09-29T20:25:02.909346Z  INFO mq_bench::roles::subscriber: Subscribed to key expression key=topic_6
2026-09-29T20:25:09.576294Z  INFO mq_bench::roles::subscriber: Starting subscriber engine=Mqtt key=topic_6 endpoint=None crash_enabled=false
2026-09-29T20:25:09.576334Z  INFO mq_bench::roles::subscriber: Connected via transport engine=Mqtt
2026-09-29T20:25:09.577219Z  INFO mq_bench::roles::subscriber: Subscribed to key expression key=topic_6
2026-09-29T20:25:16.243877Z  INFO mq_bench::roles::subscriber: Starting subscriber engine=Mqtt key=topic_6 endpoint=None crash_enabled=false
2026-09-29T20:25:16.243926Z  INFO mq_bench::roles::subscriber: Connected via transport engine=Mqtt
2026-09-29T20:25:16.244826Z  INFO mq_bench::roles::subscriber: Subscribed to key expression key=topic_6
