mq-bench starting with run_id: auto
Writing CSV output to: artifacts/fanout_bursty_20260929_202415_mqtt_mosquitto_p64_s1000_u10_bursty/fanout_singlesite/sub_4_9.csv
2026-09-29T20:24:16.159270Z  INFO mq_bench::roles::subscriber: Starting subscriber engine=Mqtt key=topic_4 endpoint=None crash_enabled=false
2026-09-29T20:24:16.159321Z  INFO mq_bench::roles::subscriber: Connected via transport engine=Mqtt
2026-09-29T20:24:16.160279Z  INFO mq_bench::roles::subscriber: Subscribed to key expression key=topic_4
2026-09-29T20:24:22.827078Z  INFO mq_bench::roles::subscriber: Starting subscriber engine=Mqtt key=topic_4 endpoint=None crash_enabled=false
2026-09-29T20:24:22.827177Z  INFO mq_bench::roles::subscriber: Connected via transport engine=Mqtt
2026-09-29T20:24:22.828141Z  INFO mq_bench::roles::subscriber: Subscribed to key expression key=topic_4
2026-09-29T20:24:29.495103Z  INFO mq_bench::roles::subscriber: Starting subscriber engine=Mqtt key=topic_4 endpoint=None crash_enabled=false
2026-09-29T20:24:29.495187Z  INFO mq_bench::roles::subscriber: Connected via transport engine=Mqtt
2026-09-29T20:24:29.496226Z  INFO mq_bench::roles::subscriber: Subscribed to key expression key=topic_4
2026-09-29T20:24:36.162646Z  INFO mq_bench::roles::subscriber: Starting subscriber engine=Mqtt key=topic_4 endpoint=None crash_enabled=false
2026-09-29T20:24:36.162692Z  INFO mq_bench::roles::subscriber: Connected via transport engine=Mqtt
2026-09-29T20:24:36.163563Z  INFO mq_bench::roles::subscriber: Subscribed to key expression key=topic_4
2026-09-29T20:24:42.830716Z  INFO mq_bench::roles::subscriber: Starting subscriber engine=Mqtt key=topic_4 endpoint=None crash_enabled=false
2026-09-29T20:24:42.830763Z  INFO mq_bench::roles::subscriber: Connected via transport engine=Mqtt
2026-09-29T20:24:42.831679Z  INFO mq_bench::roles::subscriber: Subscribed to key expression key=topic_4
2026-09-29T20:24:49.498979Z  INFO mq_bench::roles::subscriber: Starting subscriber engine=Mqtt key=topic_4 endpoint=None crash_enabled=false
2026-09-29T20:24:49.499020Z  INFO mq_bench::roles::subscriber: Connected via transport engine=Mqtt
2026-09-29T20:24:49.499872Z  INFO mq_bench::roles::subscriber: Subscribed to key expression key=topic_4
2026-09-29T20:24:56.166852Z  INFO mq_bench::roles::subscriber: Starting subscriber engine=Mqtt key=topic_4 endpoint=None crash_enabled=false
2026-09-29T20:24:56.166991Z  INFO mq_bench::roles::subscriber: Connected via transport engine=Mqtt
2026-09-29T20:24:56.167870Z  INFO mq_bench::roles::subscriber: Subscribed to key expression key=topic_4
2026-09-29T20:25:02.834648Z  INFO mq_bench::roles::subscriber: Starting subscriber engine=Mqtt key=topic_4 endpoint=None crash_enabled=false
2026-09-29T20:25:02.834666Z  INFO mq_bench::roles::subscriber: Connected via transport engine=Mqtt
2026-09-29T20:25:02.835596Z  INFO mq_bench::roles::subscriber: Subscribed to key expression key=topic_4
2026-09-29T20:25:09.502588Z  INFO mq_bench::roles::subscriber: Starting subscriber engine=Mqtt key=topic_4 endpoint=None crash_enabled=false
2026-09-29T20:25:09.502628Z  INFO mq_bench::roles::subscriber: Connected via transport engine=Mqtt
2026-09-29T20:25:09.503429Z  INFO mq_bench::roles::subscriber: Subscribed to key expression key=topic_4
2026-09-29T20:25:16.170296Z  INFO mq_bench::roles::subscriber: Starting subscriber engine=Mqtt key=topic_4 endpoint=None crash_enabled=false
2026-09-29T20:25:16.170337Z  INFO mq_bench::roles::subscriber: Connected via transport engine=Mqtt
2026-09-29T20:25:16.171311Z  INFO mq_bench::roles::subscriber: Subscribed to key expression key=topic_4
