mq-bench starting with run_id: auto
Writing CSV output to: artifacts/fanout_bursty_20260929_202415_mqtt_mosquitto_p64_s1000_u10_bursty/fanout_singlesite/sub_9_7.csv
2026-09-29T20:24:16.344297Z  INFO mq_bench::roles::subscriber: Starting subscriber engine=Mqtt key=topic_9 endpoint=None crash_enabled=false
2026-09-29T20:24:16.344346Z  INFO mq_bench::roles::subscriber: Connected via transport engine=Mqtt
2026-09-29T20:24:16.345228Z  INFO mq_bench::roles::subscriber: Subscribed to key expression key=topic_9
2026-09-29T20:24:23.012085Z  INFO mq_bench::roles::subscriber: Starting subscriber engine=Mqtt key=topic_9 endpoint=None crash_enabled=false
2026-09-29T20:24:23.012183Z  INFO mq_bench::roles::subscriber: Connected via transport engine=Mqtt
2026-09-29T20:24:23.013129Z  INFO mq_bench::roles::subscriber: Subscribed to key expression key=topic_9
2026-09-29T20:24:29.680114Z  INFO mq_bench::roles::subscriber: Starting subscriber engine=Mqtt key=topic_9 endpoint=None crash_enabled=false
2026-09-29T20:24:29.680199Z  INFO mq_bench::roles::subscriber: Connected via transport engine=Mqtt
2026-09-29T20:24:29.681171Z  INFO mq_bench::roles::subscriber: Subscribed to key expression key=topic_9
2026-09-29T20:24:36.347582Z  INFO mq_bench::roles::subscriber: Starting subscriber engine=Mqtt key=topic_9 endpoint=None crash_enabled=false
2026-09-29T20:24:36.347627Z  INFO mq_bench::roles::subscriber: Connected via transport engine=Mqtt
2026-09-29T20:24:36.348603Z  INFO mq_bench::roles::subscriber: Subscribed to key expression key=topic_9
2026-09-29T20:24:43.015686Z  INFO mq_bench::roles::subscriber: Starting subscriber engine=Mqtt key=topic_9 endpoint=None crash_enabled=false
2026-09-29T20:24:43.015772Z  INFO mq_bench::roles::subscriber: Connected via transport engine=Mqtt
2026-09-29T20:24:43.016619Z  INFO mq_bench::roles::subscriber: Subscribed to key expression key=topic_9
2026-09-29T20:24:49.684143Z  INFO mq_bench::roles::subscriber: Starting subscriber engine=Mqtt key=topic_9 endpoint=None crash_enabled=false
2026-09-29T20:24:49.684187Z  INFO mq_bench::roles::subscriber: Connected via transport engine=Mqtt
2026-09-29T20:24:49.684815Z  INFO mq_bench::roles::subscriber: Subscribed to key expression key=topic_9
2026-09-29T20:24:56.351982Z  INFO mq_bench::roles::subscriber: Starting subscriber engine=Mqtt key=topic_9 endpoint=None crash_enabled=false
2026-09-29T20:24:56.352030Z  INFO mq_bench::roles::subscriber: Connected via transport engine=Mqtt
2026-09-29T20:24:56.352941Z  INFO mq_bench::roles::subscriber: Subscribed to key expression key=topic_9
2026-09-29T20:25:03.019963Z  INFO mq_bench::roles::subscriber: Starting subscriber engine=Mqtt key=topic_9 endpoint=None crash_enabled=false
2026-09-29T20:25:03.020004Z  INFO mq_bench::roles::subscriber: Connected via transport engine=Mqtt
2026-09-29T20:25:03.021073Z  INFO mq_bench::roles::subscriber: Subscribed to key expression key=topic_9
2026-09-29T20:25:09.688113Z  INFO mq_bench::roles::subscriber: Starting subscriber engine=Mqtt key=topic_9 endpoint=None crash_enabled=false
2026-09-29T20:25:09.688159Z  INFO mq_bench::roles::subscriber: Connected via transport engine=Mqtt
2026-09-29T20:25:09.688965Z  INFO mq_bench::roles::subscriber: Subscribed to key expression key=topic_9
2026-09-29T20:25:16.355937Z  INFO mq_bench::roles::subscriber: Starting subscriber engine=Mqtt key=topic_9 endpoint=None crash_enabled=false
2026-09-29T20:25:16.355980Z  INFO mq_bench::roles::subscriber: Connected via transport engine=Mqtt
2026-09-29T20:25:16.357041Z  INFO mq_bench::roles::subscriber: Subscribed to key expression key=topic_9
