mq-bench starting with run_id: auto
Writing CSV output to: artifacts/fanout_bursty_20260929_202415_mqtt_mosquitto_p64_s1000_u10_bursty/fanout_singlesite/sub_9_3.csv
2026-09-29T20:24:16.329335Z  INFO mq_bench::roles::subscriber: Starting subscriber engine=Mqtt key=topic_9 endpoint=None crash_enabled=false
2026-09-29T20:24:16.329471Z  INFO mq_bench::roles::subscriber: Connected via transport engine=Mqtt
2026-09-29T20:24:16.330299Z  INFO mq_bench::roles::subscriber: Subscribed to key expression key=topic_9
2026-09-29T20:24:22.997063Z  INFO mq_bench::roles::subscriber: Starting subscriber engine=Mqtt key=topic_9 endpoint=None crash_enabled=false
2026-09-29T20:24:22.997147Z  INFO mq_bench::roles::subscriber: Connected via transport engine=Mqtt
2026-09-29T20:24:22.998017Z  INFO mq_bench::roles::subscriber: Subscribed to key expression key=topic_9
2026-09-29T20:24:29.664059Z  INFO mq_bench::roles::subscriber: Starting subscriber engine=Mqtt key=topic_9 endpoint=None crash_enabled=false
2026-09-29T20:24:29.664144Z  INFO mq_bench::roles::subscriber: Connected via transport engine=Mqtt
2026-09-29T20:24:29.665030Z  INFO mq_bench::roles::subscriber: Subscribed to key expression key=topic_9
2026-09-29T20:24:36.331488Z  INFO mq_bench::roles::subscriber: Starting subscriber engine=Mqtt key=topic_9 endpoint=None crash_enabled=false
2026-09-29T20:24:36.331570Z  INFO mq_bench::roles::subscriber: Connected via transport engine=Mqtt
2026-09-29T20:24:36.332431Z  INFO mq_bench::roles::subscriber: Subscribed to key expression key=topic_9
2026-09-29T20:24:42.999434Z  INFO mq_bench::roles::subscriber: Starting subscriber engine=Mqtt key=topic_9 endpoint=None crash_enabled=false
2026-09-29T20:24:42.999475Z  INFO mq_bench::roles::subscriber: Connected via transport engine=Mqtt
2026-09-29T20:24:43.000370Z  INFO mq_bench::roles::subscriber: Subscribed to key expression key=topic_9
2026-09-29T20:24:49.667073Z  INFO mq_bench::roles::subscriber: Starting subscriber engine=Mqtt key=topic_9 endpoint=None crash_enabled=false
2026-09-29T20:24:49.667109Z  INFO mq_bench::roles::subscriber: Connected via transport engine=Mqtt
2026-09-29T20:24:49.667717Z  INFO mq_bench::roles::subscriber: Subscribed to key expression key=topic_9
2026-09-29T20:24:56.334938Z  INFO mq_bench::roles::subscriber: Starting subscriber engine=Mqtt key=topic_9 endpoint=None crash_enabled=false
2026-09-29T20:24:56.334979Z  INFO mq_bench::roles::subscriber: Connected via transport engine=Mqtt
2026-09-29T20:24:56.335839Z  INFO mq_bench::roles::subscriber: Subscribed to key expression key=topic_9
2026-09-29T20:25:03.002819Z  INFO mq_bench::roles::subscriber: Starting subscriber engine=Mqtt key=topic_9 endpoint=None crash_enabled=false
2026-09-29T20:25:03.002876Z  INFO mq_bench::roles::subscriber: Connected via transport engine=Mqtt
2026-09-29T20:25:03.003767Z  INFO mq_bench::roles::subscriber: Subscribed to key expression key=topic_9
2026-09-29T20:25:09.670795Z  INFO mq_bench::roles::subscriber: Starting subscriber engine=Mqtt key=topic_9 endpoint=None crash_enabled=false
2026-09-29T20:25:09.670838Z  INFO mq_bench::roles::subscriber: Connected via transport engine=Mqtt
2026-09-29T20:25:09.671823Z  INFO mq_bench::roles::subscriber: Subscribed to key expression key=topic_9
2026-09-29T20:25:16.338645Z  INFO mq_bench::roles::subscriber: Starting subscriber engine=Mqtt key=topic_9 endpoint=None crash_enabled=false
2026-09-29T20:25:16.338685Z  INFO mq_bench::roles::subscriber: Connected via transport engine=Mqtt
2026-09-29T20:25:16.339537Z  INFO mq_bench::roles::subscriber: Subscribed to key expression key=topic_9
