mq-bench starting with run_id: auto
Writing CSV output to: artifacts/fanout_bursty_20260929_202415_mqtt_mosquitto_p64_s1000_u10_bursty/fanout_singlesite/sub_2_3.csv
2026-09-29T20:24:16.063068Z  INFO mq_bench::roles::subscriber: Starting subscriber engine=Mqtt key=topic_2 endpoint=None crash_enabled=false
2026-09-29T20:24:16.063196Z  INFO mq_bench::roles::subscriber: Connected via transport engine=Mqtt
2026-09-29T20:24:16.064017Z  INFO mq_bench::roles::subscriber: Subscribed to key expression key=topic_2
2026-09-29T20:24:22.730887Z  INFO mq_bench::roles::subscriber: Starting subscriber engine=Mqtt key=topic_2 endpoint=None crash_enabled=false
2026-09-29T20:24:22.731017Z  INFO mq_bench::roles::subscriber: Connected via transport engine=Mqtt
2026-09-29T20:24:22.732009Z  INFO mq_bench::roles::subscriber: Subscribed to key expression key=topic_2
2026-09-29T20:24:29.398021Z  INFO mq_bench::roles::subscriber: Starting subscriber engine=Mqtt key=topic_2 endpoint=None crash_enabled=false
2026-09-29T20:24:29.398110Z  INFO mq_bench::roles::subscriber: Connected via transport engine=Mqtt
2026-09-29T20:24:29.398964Z  INFO mq_bench::roles::subscriber: Subscribed to key expression key=topic_2
2026-09-29T20:24:36.065426Z  INFO mq_bench::roles::subscriber: Starting subscriber engine=Mqtt key=topic_2 endpoint=None crash_enabled=false
2026-09-29T20:24:36.065464Z  INFO mq_bench::roles::subscriber: Connected via transport engine=Mqtt
2026-09-29T20:24:36.066345Z  INFO mq_bench::roles::subscriber: Subscribed to key expression key=topic_2
2026-09-29T20:24:42.733529Z  INFO mq_bench::roles::subscriber: Starting subscriber engine=Mqtt key=topic_2 endpoint=None crash_enabled=false
2026-09-29T20:24:42.733627Z  INFO mq_bench::roles::subscriber: Connected via transport engine=Mqtt
2026-09-29T20:24:42.734478Z  INFO mq_bench::roles::subscriber: Subscribed to key expression key=topic_2
2026-09-29T20:24:49.401050Z  INFO mq_bench::roles::subscriber: Starting subscriber engine=Mqtt key=topic_2 endpoint=None crash_enabled=false
2026-09-29T20:24:49.401122Z  INFO mq_bench::roles::subscriber: Connected via transport engine=Mqtt
2026-09-29T20:24:49.402017Z  INFO mq_bench::roles::subscriber: Subscribed to key expression key=topic_2
2026-09-29T20:24:56.067973Z  INFO mq_bench::roles::subscriber: Starting subscriber engine=Mqtt key=topic_2 endpoint=None crash_enabled=false
2026-09-29T20:24:56.068017Z  INFO mq_bench::roles::subscriber: Connected via transport engine=Mqtt
2026-09-29T20:24:56.068893Z  INFO mq_bench::roles::subscriber: Subscribed to key expression key=topic_2
2026-09-29T20:25:02.735750Z  INFO mq_bench::roles::subscriber: Starting subscriber engine=Mqtt key=topic_2 endpoint=None crash_enabled=false
2026-09-29T20:25:02.735790Z  INFO mq_bench::roles::subscriber: Connected via transport engine=Mqtt
2026-09-29T20:25:02.736768Z  INFO mq_bench::roles::subscriber: Subscribed to key expression key=topic_2
2026-09-29T20:25:09.403741Z  INFO mq_bench::roles::subscriber: Starting subscriber engine=Mqtt key=topic_2 endpoint=None crash_enabled=false
2026-09-29T20:25:09.403782Z  INFO mq_bench::roles::subscriber: Connected via transport engine=Mqtt
2026-09-29T20:25:09.404655Z  INFO mq_bench::roles::subscriber: Subscribed to key expression key=topic_2
2026-09-29T20:25:16.071777Z  INFO mq_bench::roles::subscriber: Starting subscriber engine=Mqtt key=topic_2 endpoint=None crash_enabled=false
2026-09-29T20:25:16.071818Z  INFO mq_bench::roles::subscriber: Connected via transport engine=Mqtt
2026-09-29T20:25:16.072787Z  INFO mq_bench::roles::subscriber: Subscribed to key expression key=topic_2
