mq-bench starting with run_id: auto
Writing CSV output to: artifacts/fanout_bursty_20260929_202415_mqtt_mosquitto_p64_s1000_u10_bursty/fanout_singlesite/sub_4_6.csv
2026-09-29T20:24:16.148390Z  INFO mq_bench::roles::subscriber: Starting subscriber engine=Mqtt key=topic_4 endpoint=None crash_enabled=false
2026-09-29T20:24:16.148434Z  INFO mq_bench::roles::subscriber: Connected via transport engine=Mqtt
2026-09-29T20:24:16.149777Z  INFO mq_bench::roles::subscriber: Subscribed to key expression key=topic_4
2026-09-29T20:24:22.816210Z  INFO mq_bench::roles::subscriber: Starting subscriber engine=Mqtt key=topic_4 endpoint=None crash_enabled=false
2026-09-29T20:24:22.816299Z  INFO mq_bench::roles::subscriber: Connected via transport engine=Mqtt
2026-09-29T20:24:22.817222Z  INFO mq_bench::roles::subscriber: Subscribed to key expression key=topic_4
2026-09-29T20:24:29.483289Z  INFO mq_bench::roles::subscriber: Starting subscriber engine=Mqtt key=topic_4 endpoint=None crash_enabled=false
2026-09-29T20:24:29.483381Z  INFO mq_bench::roles::subscriber: Connected via transport engine=Mqtt
2026-09-29T20:24:29.484256Z  INFO mq_bench::roles::subscriber: Subscribed to key expression key=topic_4
2026-09-29T20:24:36.150445Z  INFO mq_bench::roles::subscriber: Starting subscriber engine=Mqtt key=topic_4 endpoint=None crash_enabled=false
2026-09-29T20:24:36.150518Z  INFO mq_bench::roles::subscriber: Connected via transport engine=Mqtt
2026-09-29T20:24:36.151584Z  INFO mq_bench::roles::subscriber: Subscribed to key expression key=topic_4
2026-09-29T20:24:42.818571Z  INFO mq_bench::roles::subscriber: Starting subscriber engine=Mqtt key=topic_4 endpoint=None crash_enabled=false
2026-09-29T20:24:42.818617Z  INFO mq_bench::roles::subscriber: Connected via transport engine=Mqtt
2026-09-29T20:24:42.819442Z  INFO mq_bench::roles::subscriber: Subscribed to key expression key=topic_4
2026-09-29T20:24:49.486974Z  INFO mq_bench::roles::subscriber: Starting subscriber engine=Mqtt key=topic_4 endpoint=None crash_enabled=false
2026-09-29T20:24:49.487011Z  INFO mq_bench::roles::subscriber: Connected via transport engine=Mqtt
2026-09-29T20:24:49.487821Z  INFO mq_bench::roles::subscriber: Subscribed to key expression key=topic_4
2026-09-29T20:24:56.154859Z  INFO mq_bench::roles::subscriber: Starting subscriber engine=Mqtt key=topic_4 endpoint=None crash_enabled=false
2026-09-29T20:24:56.154908Z  INFO mq_bench::roles::subscriber: Connected via transport engine=Mqtt
2026-09-29T20:24:56.156012Z  INFO mq_bench::roles::subscriber: Subscribed to key expression key=topic_4
2026-09-29T20:25:02.822865Z  INFO mq_bench::roles::subscriber: Starting subscriber engine=Mqtt key=topic_4 endpoint=None crash_enabled=false
2026-09-29T20:25:02.822903Z  INFO mq_bench::roles::subscriber: Connected via transport engine=Mqtt
2026-09-29T20:25:02.823822Z  INFO mq_bench::roles::subscriber: Subscribed to key expression key=topic_4
2026-09-29T20:25:09.490744Z  INFO mq_bench::roles::subscriber: Starting subscriber engine=Mqtt key=topic_4 endpoint=None crash_enabled=false
2026-09-29T20:25:09.490779Z  INFO mq_bench::roles::subscriber: Connected via transport engine=Mqtt
2026-09-29T20:25:09.491620Z  INFO mq_bench::roles::subscriber: Subscribed to key expression key=topic_4
2026-09-29T20:25:16.158279Z  INFO mq_bench::roles::subscriber: Starting subscriber engine=Mqtt key=topic_4 endpoint=None crash_enabled=false
2026-09-29T20:25:16.158331Z  INFO mq_bench::roles::subscriber: Connected via transport engine=Mqtt
2026-09-29T20:25:16.159200Z  INFO mq_bench::roles::subscriber: Subscribed to key expression key=topic_4
