mq-bench starting with run_id: auto
Writing CSV output to: artifacts/fanout_bursty_20260929_202415_mqtt_mosquitto_p64_s1000_u10_bursty/fanout_singlesite/sub_3_6.csv
2026-09-29T20:24:16.111191Z  INFO mq_bench::roles::subscriber: Starting subscriber engine=Mqtt key=topic_3 endpoint=None crash_enabled=false
2026-09-29T20:24:16.111239Z  INFO mq_bench::roles::subscriber: Connected via transport engine=Mqtt
2026-09-29T20:24:16.112032Z  INFO mq_bench::roles::subscriber: Subscribed to key expression key=topic_3
2026-09-29T20:24:22.778972Z  INFO mq_bench::roles::subscriber: Starting subscriber engine=Mqtt key=topic_3 endpoint=None crash_enabled=false
2026-09-29T20:24:22.779077Z  INFO mq_bench::roles::subscriber: Connected via transport engine=Mqtt
2026-09-29T20:24:22.780168Z  INFO mq_bench::roles::subscriber: Subscribed to key expression key=topic_3
2026-09-29T20:24:29.446086Z  INFO mq_bench::roles::subscriber: Starting subscriber engine=Mqtt key=topic_3 endpoint=None crash_enabled=false
2026-09-29T20:24:29.446179Z  INFO mq_bench::roles::subscriber: Connected via transport engine=Mqtt
2026-09-29T20:24:29.447072Z  INFO mq_bench::roles::subscriber: Subscribed to key expression key=topic_3
2026-09-29T20:24:36.113372Z  INFO mq_bench::roles::subscriber: Starting subscriber engine=Mqtt key=topic_3 endpoint=None crash_enabled=false
2026-09-29T20:24:36.113461Z  INFO mq_bench::roles::subscriber: Connected via transport engine=Mqtt
2026-09-29T20:24:36.114387Z  INFO mq_bench::roles::subscriber: Subscribed to key expression key=topic_3
2026-09-29T20:24:42.781535Z  INFO mq_bench::roles::subscriber: Starting subscriber engine=Mqtt key=topic_3 endpoint=None crash_enabled=false
2026-09-29T20:24:42.781578Z  INFO mq_bench::roles::subscriber: Connected via transport engine=Mqtt
2026-09-29T20:24:42.782430Z  INFO mq_bench::roles::subscriber: Subscribed to key expression key=topic_3
2026-09-29T20:24:49.449789Z  INFO mq_bench::roles::subscriber: Starting subscriber engine=Mqtt key=topic_3 endpoint=None crash_enabled=false
2026-09-29T20:24:49.449837Z  INFO mq_bench::roles::subscriber: Connected via transport engine=Mqtt
2026-09-29T20:24:49.450764Z  INFO mq_bench::roles::subscriber: Subscribed to key expression key=topic_3
2026-09-29T20:24:56.117806Z  INFO mq_bench::roles::subscriber: Starting subscriber engine=Mqtt key=topic_3 endpoint=None crash_enabled=false
2026-09-29T20:24:56.117843Z  INFO mq_bench::roles::subscriber: Connected via transport engine=Mqtt
2026-09-29T20:24:56.118698Z  INFO mq_bench::roles::subscriber: Subscribed to key expression key=topic_3
2026-09-29T20:25:02.785664Z  INFO mq_bench::roles::subscriber: Starting subscriber engine=Mqtt key=topic_3 endpoint=None crash_enabled=false
2026-09-29T20:25:02.785708Z  INFO mq_bench::roles::subscriber: Connected via transport engine=Mqtt
2026-09-29T20:25:02.786708Z  INFO mq_bench::roles::subscriber: Subscribed to key expression key=topic_3
2026-09-29T20:25:09.453545Z  INFO mq_bench::roles::subscriber: Starting subscriber engine=Mqtt key=topic_3 endpoint=None crash_enabled=false
2026-09-29T20:25:09.453585Z  INFO mq_bench::roles::subscriber: Connected via transport engine=Mqtt
2026-09-29T20:25:09.454320Z  INFO mq_bench::roles::subscriber: Subscribed to key expression key=topic_3
2026-09-29T20:25:16.121285Z  INFO mq_bench::roles::subscriber: Starting subscriber engine=Mqtt key=topic_3 endpoint=None crash_enabled=false
2026-09-29T20:25:16.121345Z  INFO mq_bench::roles::subscriber: Connected via transport engine=Mqtt
2026-09-29T20:25:16.122193Z  INFO mq_bench::roles::subscriber: Subscribed to key expression key=topic_3
