mq-bench starting with run_id: auto
Writing CSV output to: artifacts/fanout_bursty_20260930_191633_amqp_rabbitmq_p64_s1000_u10_bursty/fanout_singlesite/pub_9.csv
2026-09-30T19:17:35.105504Z  INFO mq_bench::roles::publisher: Starting publisher engine=Amqp key=topic_9 payload_size=64 rate=None rate_profile=Some(RateProfile { phases: [RatePhase { name: "warmup", duration: 60s, rate_per_sec: 20.0 }, RatePhase { name: "baseline", duration: 60s, rate_per_sec: 20.0 }, RatePhase { name: "burst", duration: 60s, rate_per_sec: 50.0 }, RatePhase { name: "recovery", duration: 60s, rate_per_sec: 20.0 }, RatePhase { name: "burst", duration: 60s, rate_per_sec: 100.0 }, RatePhase { name: "recovery", duration: 60s, rate_per_sec: 20.0 }, RatePhase { name: "burst", duration: 60s, rate_per_sec: 200.0 }, RatePhase { name: "recovery", duration: 60s, rate_per_sec: 20.0 }, RatePhase { name: "burst", duration: 60s, rate_per_sec: 300.0 }, RatePhase { name: "recovery", duration: 60s, rate_per_sec: 20.0 }, RatePhase { name: "burst", duration: 60s, rate_per_sec: 500.0 }, RatePhase { name: "recovery", duration: 60s, rate_per_sec: 20.0 }, RatePhase { name: "burst", duration: 60s, rate_per_sec: 1000.0 }, RatePhase { name: "recovery", duration: 60s, rate_per_sec: 20.0 }, RatePhase { name: "burst", duration: 60s, rate_per_sec: 2000.0 }, RatePhase { name: "recovery", duration: 60s, rate_per_sec: 20.0 }, RatePhase { name: "burst", duration: 60s, rate_per_sec: 4000.0 }, RatePhase { name: "recovery", duration: 60s, rate_per_sec: 20.0 }, RatePhase { name: "burst", duration: 60s, rate_per_sec: 6000.0 }, RatePhase { name: "recovery", duration: 60s, rate_per_sec: 20.0 }, RatePhase { name: "burst", duration: 60s, rate_per_sec: 8000.0 }, RatePhase { name: "recovery", duration: 60s, rate_per_sec: 20.0 }, RatePhase { name: "burst", duration: 60s, rate_per_sec: 10000.0 }, RatePhase { name: "recovery", duration: 60s, rate_per_sec: 20.0 }], cumulative_ends: [60s, 120s, 180s, 240s, 300s, 360s, 420s, 480s, 540s, 600s, 660s, 720s, 780s, 840s, 900s, 960s, 1020s, 1080s, 1140s, 1200s, 1260s, 1320s, 1380s, 1440s] }) duration_secs=Some(1440) endpoint=None crash_enabled=false sequence_start=0 sequence_step=1
2026-09-30T19:17:35.105567Z  INFO mq_bench::roles::publisher: Connected via transport engine=Amqp
2026-09-30T19:17:35.190563Z  INFO mq_bench::roles::publisher: Publisher rate profile phase entered phase=warmup rate=20.0 elapsed_secs=0.085010425
2026-09-30T19:18:35.141544Z  INFO mq_bench::roles::publisher: Publisher rate profile phase entered phase=baseline rate=20.0 elapsed_secs=60.03599197
2026-09-30T19:19:35.142127Z  INFO mq_bench::roles::publisher: Publisher rate profile phase entered phase=burst rate=50.0 elapsed_secs=120.03657764
2026-09-30T19:20:35.123651Z  INFO mq_bench::roles::publisher: Publisher rate profile phase entered phase=recovery rate=20.0 elapsed_secs=180.018102243
2026-09-30T19:21:35.124973Z  INFO mq_bench::roles::publisher: Publisher rate profile phase entered phase=burst rate=100.0 elapsed_secs=240.019424582
2026-09-30T19:22:35.106399Z  INFO mq_bench::roles::publisher: Publisher rate profile phase entered phase=recovery rate=20.0 elapsed_secs=300.000849807
2026-09-30T19:23:35.106779Z  INFO mq_bench::roles::publisher: Publisher rate profile phase entered phase=burst rate=200.0 elapsed_secs=360.001229823
2026-09-30T19:24:35.108324Z  INFO mq_bench::roles::publisher: Publisher rate profile phase entered phase=recovery rate=20.0 elapsed_secs=420.002738913
2026-09-30T19:25:35.109383Z  INFO mq_bench::roles::publisher: Publisher rate profile phase entered phase=burst rate=300.0 elapsed_secs=480.003833857
2026-09-30T19:26:59.607748Z  INFO mq_bench::roles::publisher: Publisher rate profile phase entered phase=recovery rate=20.0 elapsed_secs=564.502197647
2026-09-30T19:27:35.109751Z  INFO mq_bench::roles::publisher: Publisher rate profile phase entered phase=burst rate=500.0 elapsed_secs=600.004202301
2026-09-30T19:28:49.837211Z  INFO mq_bench::roles::publisher: Publisher rate profile phase entered phase=recovery rate=20.0 elapsed_secs=674.731660169
2026-09-30T19:29:35.138567Z  INFO mq_bench::roles::publisher: Publisher rate profile phase entered phase=burst rate=1000.0 elapsed_secs=720.033018525
2026-09-30T19:30:36.640052Z  INFO mq_bench::roles::publisher: Publisher rate profile phase entered phase=recovery rate=20.0 elapsed_secs=781.534497258
2026-09-30T19:31:35.141004Z  INFO mq_bench::roles::publisher: Publisher rate profile phase entered phase=burst rate=2000.0 elapsed_secs=840.035453893
2026-09-30T19:34:15.622878Z  INFO mq_bench::roles::publisher: Publisher rate profile phase entered phase=burst rate=4000.0 elapsed_secs=1000.517313429
2026-09-30T19:34:55.199976Z  INFO mq_bench::roles::publisher: Publisher rate profile phase entered phase=recovery rate=20.0 elapsed_secs=1040.094426121
2026-09-30T19:35:35.151764Z  INFO mq_bench::roles::publisher: Publisher rate profile phase entered phase=burst rate=6000.0 elapsed_secs=1080.046214724
2026-09-30T19:37:51.131814Z  INFO mq_bench::roles::publisher: Publisher rate profile phase entered phase=burst rate=8000.0 elapsed_secs=1216.026263407
2026-09-30T19:38:36.788982Z  INFO mq_bench::roles::publisher: Publisher rate profile phase entered phase=recovery rate=20.0 elapsed_secs=1261.683431259
2026-09-30T19:39:35.140222Z  INFO mq_bench::roles::publisher: Publisher rate profile phase entered phase=burst rate=10000.0 elapsed_secs=1320.03467283
2026-09-30T19:41:30.771643Z  INFO mq_bench::roles::publisher: Publisher rate profile phase entered phase=recovery rate=20.0 elapsed_secs=1435.666092864
2026-09-30T19:41:35.106162Z  INFO mq_bench::roles::publisher: Duration limit reached while waiting, stopping publisher
2026-09-30T19:41:35.106526Z  INFO mq_bench::roles::publisher: Final Publisher Statistics sent=103848 errors=0 crashes=0 reconnects=0 avg_rate="72.12" duration="1440.00s"
