mq-bench starting with run_id: auto
Writing CSV output to: artifacts/fanout_bursty_20260930_191633_amqp_rabbitmq_p64_s1000_u10_bursty/fanout_singlesite/pub_2.csv
2026-09-30T19:17:35.071051Z  INFO mq_bench::roles::publisher: Starting publisher engine=Amqp key=topic_2 payload_size=64 rate=None rate_profile=Some(RateProfile { phases: [RatePhase { name: "warmup", duration: 60s, rate_per_sec: 20.0 }, RatePhase { name: "baseline", duration: 60s, rate_per_sec: 20.0 }, RatePhase { name: "burst", duration: 60s, rate_per_sec: 50.0 }, RatePhase { name: "recovery", duration: 60s, rate_per_sec: 20.0 }, RatePhase { name: "burst", duration: 60s, rate_per_sec: 100.0 }, RatePhase { name: "recovery", duration: 60s, rate_per_sec: 20.0 }, RatePhase { name: "burst", duration: 60s, rate_per_sec: 200.0 }, RatePhase { name: "recovery", duration: 60s, rate_per_sec: 20.0 }, RatePhase { name: "burst", duration: 60s, rate_per_sec: 300.0 }, RatePhase { name: "recovery", duration: 60s, rate_per_sec: 20.0 }, RatePhase { name: "burst", duration: 60s, rate_per_sec: 500.0 }, RatePhase { name: "recovery", duration: 60s, rate_per_sec: 20.0 }, RatePhase { name: "burst", duration: 60s, rate_per_sec: 1000.0 }, RatePhase { name: "recovery", duration: 60s, rate_per_sec: 20.0 }, RatePhase { name: "burst", duration: 60s, rate_per_sec: 2000.0 }, RatePhase { name: "recovery", duration: 60s, rate_per_sec: 20.0 }, RatePhase { name: "burst", duration: 60s, rate_per_sec: 4000.0 }, RatePhase { name: "recovery", duration: 60s, rate_per_sec: 20.0 }, RatePhase { name: "burst", duration: 60s, rate_per_sec: 6000.0 }, RatePhase { name: "recovery", duration: 60s, rate_per_sec: 20.0 }, RatePhase { name: "burst", duration: 60s, rate_per_sec: 8000.0 }, RatePhase { name: "recovery", duration: 60s, rate_per_sec: 20.0 }, RatePhase { name: "burst", duration: 60s, rate_per_sec: 10000.0 }, RatePhase { name: "recovery", duration: 60s, rate_per_sec: 20.0 }], cumulative_ends: [60s, 120s, 180s, 240s, 300s, 360s, 420s, 480s, 540s, 600s, 660s, 720s, 780s, 840s, 900s, 960s, 1020s, 1080s, 1140s, 1200s, 1260s, 1320s, 1380s, 1440s] }) duration_secs=Some(1440) endpoint=None crash_enabled=false sequence_start=0 sequence_step=1
2026-09-30T19:17:35.071115Z  INFO mq_bench::roles::publisher: Connected via transport engine=Amqp
2026-09-30T19:17:35.094201Z  INFO mq_bench::roles::publisher: Publisher rate profile phase entered phase=warmup rate=20.0 elapsed_secs=0.023109382
2026-09-30T19:18:35.094823Z  INFO mq_bench::roles::publisher: Publisher rate profile phase entered phase=baseline rate=20.0 elapsed_secs=60.023728091
2026-09-30T19:19:35.095802Z  INFO mq_bench::roles::publisher: Publisher rate profile phase entered phase=burst rate=50.0 elapsed_secs=120.024709429
2026-09-30T19:20:35.076571Z  INFO mq_bench::roles::publisher: Publisher rate profile phase entered phase=recovery rate=20.0 elapsed_secs=180.005477543
2026-09-30T19:21:35.078331Z  INFO mq_bench::roles::publisher: Publisher rate profile phase entered phase=burst rate=100.0 elapsed_secs=240.007239397
2026-09-30T19:22:35.079626Z  INFO mq_bench::roles::publisher: Publisher rate profile phase entered phase=recovery rate=20.0 elapsed_secs=300.008534127
2026-09-30T19:23:35.081161Z  INFO mq_bench::roles::publisher: Publisher rate profile phase entered phase=burst rate=200.0 elapsed_secs=360.010068139
2026-09-30T19:24:35.071758Z  INFO mq_bench::roles::publisher: Publisher rate profile phase entered phase=recovery rate=20.0 elapsed_secs=420.00064919
2026-09-30T19:25:35.072467Z  INFO mq_bench::roles::publisher: Publisher rate profile phase entered phase=burst rate=300.0 elapsed_secs=480.00137417
2026-09-30T19:27:07.796239Z  INFO mq_bench::roles::publisher: Publisher rate profile phase entered phase=recovery rate=20.0 elapsed_secs=572.725145733
2026-09-30T19:27:35.097721Z  INFO mq_bench::roles::publisher: Publisher rate profile phase entered phase=burst rate=500.0 elapsed_secs=600.026628965
2026-09-30T19:29:39.765207Z  INFO mq_bench::roles::publisher: Publisher rate profile phase entered phase=burst rate=1000.0 elapsed_secs=724.694098754
2026-09-30T19:30:45.480890Z  INFO mq_bench::roles::publisher: Publisher rate profile phase entered phase=recovery rate=20.0 elapsed_secs=790.409797042
2026-09-30T19:31:35.081811Z  INFO mq_bench::roles::publisher: Publisher rate profile phase entered phase=burst rate=2000.0 elapsed_secs=840.010717358
2026-09-30T19:32:36.540221Z  INFO mq_bench::roles::publisher: Publisher rate profile phase entered phase=recovery rate=20.0 elapsed_secs=901.4691267
2026-09-30T19:33:35.091833Z  INFO mq_bench::roles::publisher: Publisher rate profile phase entered phase=burst rate=4000.0 elapsed_secs=960.020739932
2026-09-30T19:35:13.375745Z  INFO mq_bench::roles::publisher: Publisher rate profile phase entered phase=recovery rate=20.0 elapsed_secs=1058.304634015
2026-09-30T19:35:35.076561Z  INFO mq_bench::roles::publisher: Publisher rate profile phase entered phase=burst rate=6000.0 elapsed_secs=1080.005468974
2026-09-30T19:37:25.526335Z  INFO mq_bench::roles::publisher: Publisher rate profile phase entered phase=recovery rate=20.0 elapsed_secs=1190.455241798
2026-09-30T19:37:35.078280Z  INFO mq_bench::roles::publisher: Publisher rate profile phase entered phase=burst rate=8000.0 elapsed_secs=1200.00718606
2026-09-30T19:38:35.087967Z  INFO mq_bench::roles::publisher: Publisher rate profile phase entered phase=recovery rate=20.0 elapsed_secs=1260.016873212
2026-09-30T19:39:35.089360Z  INFO mq_bench::roles::publisher: Publisher rate profile phase entered phase=burst rate=10000.0 elapsed_secs=1320.018267085
2026-09-30T19:40:48.578456Z  INFO mq_bench::roles::publisher: Publisher rate profile phase entered phase=recovery rate=20.0 elapsed_secs=1393.507361183
2026-09-30T19:41:35.072255Z  INFO mq_bench::roles::publisher: Duration limit reached while waiting, stopping publisher
2026-09-30T19:41:35.072710Z  INFO mq_bench::roles::publisher: Final Publisher Statistics sent=108544 errors=0 crashes=0 reconnects=0 avg_rate="75.38" duration="1440.00s"
