mq-bench starting with run_id: auto
Writing CSV output to: artifacts/fanout_bursty_20260930_191633_amqp_rabbitmq_p64_s1000_u10_bursty/fanout_singlesite/sub_3_3.csv
2026-09-30T19:16:33.766050Z  INFO mq_bench::roles::subscriber: Starting subscriber engine=Amqp key=topic_3 endpoint=None crash_enabled=false
2026-09-30T19:16:33.766240Z  INFO mq_bench::roles::subscriber: Connected via transport engine=Amqp
2026-09-30T19:16:33.786256Z  INFO mq_bench::roles::subscriber: Subscribed to key expression key=topic_3
2026-09-30T19:16:40.434190Z  INFO mq_bench::roles::subscriber: Starting subscriber engine=Amqp key=topic_3 endpoint=None crash_enabled=false
2026-09-30T19:16:40.434236Z  INFO mq_bench::roles::subscriber: Connected via transport engine=Amqp
2026-09-30T19:16:40.446220Z  INFO mq_bench::roles::subscriber: Subscribed to key expression key=topic_3
2026-09-30T19:16:47.102103Z  INFO mq_bench::roles::subscriber: Starting subscriber engine=Amqp key=topic_3 endpoint=None crash_enabled=false
2026-09-30T19:16:47.102125Z  INFO mq_bench::roles::subscriber: Connected via transport engine=Amqp
2026-09-30T19:16:47.116017Z  INFO mq_bench::roles::subscriber: Subscribed to key expression key=topic_3
2026-09-30T19:16:53.770287Z  INFO mq_bench::roles::subscriber: Starting subscriber engine=Amqp key=topic_3 endpoint=None crash_enabled=false
2026-09-30T19:16:53.770319Z  INFO mq_bench::roles::subscriber: Connected via transport engine=Amqp
2026-09-30T19:16:53.783679Z  INFO mq_bench::roles::subscriber: Subscribed to key expression key=topic_3
2026-09-30T19:17:00.437763Z  INFO mq_bench::roles::subscriber: Starting subscriber engine=Amqp key=topic_3 endpoint=None crash_enabled=false
2026-09-30T19:17:00.437805Z  INFO mq_bench::roles::subscriber: Connected via transport engine=Amqp
2026-09-30T19:17:00.451873Z  INFO mq_bench::roles::subscriber: Subscribed to key expression key=topic_3
2026-09-30T19:17:07.106012Z  INFO mq_bench::roles::subscriber: Starting subscriber engine=Amqp key=topic_3 endpoint=None crash_enabled=false
2026-09-30T19:17:07.106032Z  INFO mq_bench::roles::subscriber: Connected via transport engine=Amqp
2026-09-30T19:17:07.119869Z  INFO mq_bench::roles::subscriber: Subscribed to key expression key=topic_3
2026-09-30T19:17:13.773597Z  INFO mq_bench::roles::subscriber: Starting subscriber engine=Amqp key=topic_3 endpoint=None crash_enabled=false
2026-09-30T19:17:13.773643Z  INFO mq_bench::roles::subscriber: Connected via transport engine=Amqp
2026-09-30T19:17:13.788114Z  INFO mq_bench::roles::subscriber: Subscribed to key expression key=topic_3
2026-09-30T19:17:20.441368Z  INFO mq_bench::roles::subscriber: Starting subscriber engine=Amqp key=topic_3 endpoint=None crash_enabled=false
2026-09-30T19:17:20.441409Z  INFO mq_bench::roles::subscriber: Connected via transport engine=Amqp
2026-09-30T19:17:20.455295Z  INFO mq_bench::roles::subscriber: Subscribed to key expression key=topic_3
2026-09-30T19:17:27.108793Z  INFO mq_bench::roles::subscriber: Starting subscriber engine=Amqp key=topic_3 endpoint=None crash_enabled=false
2026-09-30T19:17:27.108816Z  INFO mq_bench::roles::subscriber: Connected via transport engine=Amqp
2026-09-30T19:17:27.122595Z  INFO mq_bench::roles::subscriber: Subscribed to key expression key=topic_3
2026-09-30T19:17:33.777215Z  INFO mq_bench::roles::subscriber: Starting subscriber engine=Amqp key=topic_3 endpoint=None crash_enabled=false
2026-09-30T19:17:33.777259Z  INFO mq_bench::roles::subscriber: Connected via transport engine=Amqp
2026-09-30T19:17:33.790091Z  INFO mq_bench::roles::subscriber: Subscribed to key expression key=topic_3
