mq-bench starting with run_id: auto
Writing CSV output to: artifacts/fanout_bursty_20260930_191633_amqp_rabbitmq_p64_s1000_u10_bursty/fanout_singlesite/sub_1_6.csv
2026-09-30T19:16:33.702305Z  INFO mq_bench::roles::subscriber: Starting subscriber engine=Amqp key=topic_1 endpoint=None crash_enabled=false
2026-09-30T19:16:33.702444Z  INFO mq_bench::roles::subscriber: Connected via transport engine=Amqp
2026-09-30T19:16:33.720187Z  INFO mq_bench::roles::subscriber: Subscribed to key expression key=topic_1
2026-09-30T19:16:40.370036Z  INFO mq_bench::roles::subscriber: Starting subscriber engine=Amqp key=topic_1 endpoint=None crash_enabled=false
2026-09-30T19:16:40.370080Z  INFO mq_bench::roles::subscriber: Connected via transport engine=Amqp
2026-09-30T19:16:40.389515Z  INFO mq_bench::roles::subscriber: Subscribed to key expression key=topic_1
2026-09-30T19:16:47.038030Z  INFO mq_bench::roles::subscriber: Starting subscriber engine=Amqp key=topic_1 endpoint=None crash_enabled=false
2026-09-30T19:16:47.038052Z  INFO mq_bench::roles::subscriber: Connected via transport engine=Amqp
2026-09-30T19:16:47.059309Z  INFO mq_bench::roles::subscriber: Subscribed to key expression key=topic_1
2026-09-30T19:16:53.705633Z  INFO mq_bench::roles::subscriber: Starting subscriber engine=Amqp key=topic_1 endpoint=None crash_enabled=false
2026-09-30T19:16:53.705701Z  INFO mq_bench::roles::subscriber: Connected via transport engine=Amqp
2026-09-30T19:16:53.725445Z  INFO mq_bench::roles::subscriber: Subscribed to key expression key=topic_1
2026-09-30T19:17:00.373601Z  INFO mq_bench::roles::subscriber: Starting subscriber engine=Amqp key=topic_1 endpoint=None crash_enabled=false
2026-09-30T19:17:00.373642Z  INFO mq_bench::roles::subscriber: Connected via transport engine=Amqp
2026-09-30T19:17:00.399299Z  INFO mq_bench::roles::subscriber: Subscribed to key expression key=topic_1
2026-09-30T19:17:07.041583Z  INFO mq_bench::roles::subscriber: Starting subscriber engine=Amqp key=topic_1 endpoint=None crash_enabled=false
2026-09-30T19:17:07.041623Z  INFO mq_bench::roles::subscriber: Connected via transport engine=Amqp
2026-09-30T19:17:07.062852Z  INFO mq_bench::roles::subscriber: Subscribed to key expression key=topic_1
2026-09-30T19:17:13.709580Z  INFO mq_bench::roles::subscriber: Starting subscriber engine=Amqp key=topic_1 endpoint=None crash_enabled=false
2026-09-30T19:17:13.709625Z  INFO mq_bench::roles::subscriber: Connected via transport engine=Amqp
2026-09-30T19:17:13.730357Z  INFO mq_bench::roles::subscriber: Subscribed to key expression key=topic_1
2026-09-30T19:17:20.377963Z  INFO mq_bench::roles::subscriber: Starting subscriber engine=Amqp key=topic_1 endpoint=None crash_enabled=false
2026-09-30T19:17:20.377988Z  INFO mq_bench::roles::subscriber: Connected via transport engine=Amqp
2026-09-30T19:17:20.400592Z  INFO mq_bench::roles::subscriber: Subscribed to key expression key=topic_1
2026-09-30T19:17:27.045280Z  INFO mq_bench::roles::subscriber: Starting subscriber engine=Amqp key=topic_1 endpoint=None crash_enabled=false
2026-09-30T19:17:27.045319Z  INFO mq_bench::roles::subscriber: Connected via transport engine=Amqp
2026-09-30T19:17:27.065502Z  INFO mq_bench::roles::subscriber: Subscribed to key expression key=topic_1
2026-09-30T19:17:33.712797Z  INFO mq_bench::roles::subscriber: Starting subscriber engine=Amqp key=topic_1 endpoint=None crash_enabled=false
2026-09-30T19:17:33.712838Z  INFO mq_bench::roles::subscriber: Connected via transport engine=Amqp
2026-09-30T19:17:33.737325Z  INFO mq_bench::roles::subscriber: Subscribed to key expression key=topic_1
