mq-bench starting with run_id: auto
Writing CSV output to: artifacts/fanout_bursty_20260930_191633_amqp_rabbitmq_p64_s1000_u10_bursty/fanout_singlesite/sub_3_8.csv
2026-09-30T19:16:33.785466Z  INFO mq_bench::roles::subscriber: Starting subscriber engine=Amqp key=topic_3 endpoint=None crash_enabled=false
2026-09-30T19:16:33.785512Z  INFO mq_bench::roles::subscriber: Connected via transport engine=Amqp
2026-09-30T19:16:33.805200Z  INFO mq_bench::roles::subscriber: Subscribed to key expression key=topic_3
2026-09-30T19:16:40.453652Z  INFO mq_bench::roles::subscriber: Starting subscriber engine=Amqp key=topic_3 endpoint=None crash_enabled=false
2026-09-30T19:16:40.453694Z  INFO mq_bench::roles::subscriber: Connected via transport engine=Amqp
2026-09-30T19:16:40.464514Z  INFO mq_bench::roles::subscriber: Subscribed to key expression key=topic_3
2026-09-30T19:16:47.121537Z  INFO mq_bench::roles::subscriber: Starting subscriber engine=Amqp key=topic_3 endpoint=None crash_enabled=false
2026-09-30T19:16:47.121584Z  INFO mq_bench::roles::subscriber: Connected via transport engine=Amqp
2026-09-30T19:16:47.134475Z  INFO mq_bench::roles::subscriber: Subscribed to key expression key=topic_3
2026-09-30T19:16:53.789766Z  INFO mq_bench::roles::subscriber: Starting subscriber engine=Amqp key=topic_3 endpoint=None crash_enabled=false
2026-09-30T19:16:53.789805Z  INFO mq_bench::roles::subscriber: Connected via transport engine=Amqp
2026-09-30T19:16:53.803167Z  INFO mq_bench::roles::subscriber: Subscribed to key expression key=topic_3
2026-09-30T19:17:00.457448Z  INFO mq_bench::roles::subscriber: Starting subscriber engine=Amqp key=topic_3 endpoint=None crash_enabled=false
2026-09-30T19:17:00.457490Z  INFO mq_bench::roles::subscriber: Connected via transport engine=Amqp
2026-09-30T19:17:00.469739Z  INFO mq_bench::roles::subscriber: Subscribed to key expression key=topic_3
2026-09-30T19:17:07.125252Z  INFO mq_bench::roles::subscriber: Starting subscriber engine=Amqp key=topic_3 endpoint=None crash_enabled=false
2026-09-30T19:17:07.125295Z  INFO mq_bench::roles::subscriber: Connected via transport engine=Amqp
2026-09-30T19:17:07.138244Z  INFO mq_bench::roles::subscriber: Subscribed to key expression key=topic_3
2026-09-30T19:17:13.793083Z  INFO mq_bench::roles::subscriber: Starting subscriber engine=Amqp key=topic_3 endpoint=None crash_enabled=false
2026-09-30T19:17:13.793127Z  INFO mq_bench::roles::subscriber: Connected via transport engine=Amqp
2026-09-30T19:17:13.806952Z  INFO mq_bench::roles::subscriber: Subscribed to key expression key=topic_3
2026-09-30T19:17:20.461649Z  INFO mq_bench::roles::subscriber: Starting subscriber engine=Amqp key=topic_3 endpoint=None crash_enabled=false
2026-09-30T19:17:20.461696Z  INFO mq_bench::roles::subscriber: Connected via transport engine=Amqp
2026-09-30T19:17:20.474309Z  INFO mq_bench::roles::subscriber: Subscribed to key expression key=topic_3
2026-09-30T19:17:27.129125Z  INFO mq_bench::roles::subscriber: Starting subscriber engine=Amqp key=topic_3 endpoint=None crash_enabled=false
2026-09-30T19:17:27.129198Z  INFO mq_bench::roles::subscriber: Connected via transport engine=Amqp
2026-09-30T19:17:27.142110Z  INFO mq_bench::roles::subscriber: Subscribed to key expression key=topic_3
2026-09-30T19:17:33.797317Z  INFO mq_bench::roles::subscriber: Starting subscriber engine=Amqp key=topic_3 endpoint=None crash_enabled=false
2026-09-30T19:17:33.797365Z  INFO mq_bench::roles::subscriber: Connected via transport engine=Amqp
2026-09-30T19:17:33.810906Z  INFO mq_bench::roles::subscriber: Subscribed to key expression key=topic_3
