mq-bench starting with run_id: auto
Writing CSV output to: artifacts/fanout_bursty_20260930_191633_amqp_rabbitmq_p64_s1000_u10_bursty/fanout_singlesite/sub_2_4.csv
2026-09-30T19:16:33.732885Z  INFO mq_bench::roles::subscriber: Starting subscriber engine=Amqp key=topic_2 endpoint=None crash_enabled=false
2026-09-30T19:16:33.732940Z  INFO mq_bench::roles::subscriber: Connected via transport engine=Amqp
2026-09-30T19:16:33.752235Z  INFO mq_bench::roles::subscriber: Subscribed to key expression key=topic_2
2026-09-30T19:16:40.399950Z  INFO mq_bench::roles::subscriber: Starting subscriber engine=Amqp key=topic_2 endpoint=None crash_enabled=false
2026-09-30T19:16:40.400050Z  INFO mq_bench::roles::subscriber: Connected via transport engine=Amqp
2026-09-30T19:16:40.414236Z  INFO mq_bench::roles::subscriber: Subscribed to key expression key=topic_2
2026-09-30T19:16:47.067288Z  INFO mq_bench::roles::subscriber: Starting subscriber engine=Amqp key=topic_2 endpoint=None crash_enabled=false
2026-09-30T19:16:47.067351Z  INFO mq_bench::roles::subscriber: Connected via transport engine=Amqp
2026-09-30T19:16:47.083542Z  INFO mq_bench::roles::subscriber: Subscribed to key expression key=topic_2
2026-09-30T19:16:53.734745Z  INFO mq_bench::roles::subscriber: Starting subscriber engine=Amqp key=topic_2 endpoint=None crash_enabled=false
2026-09-30T19:16:53.734782Z  INFO mq_bench::roles::subscriber: Connected via transport engine=Amqp
2026-09-30T19:16:53.753222Z  INFO mq_bench::roles::subscriber: Subscribed to key expression key=topic_2
2026-09-30T19:17:00.402011Z  INFO mq_bench::roles::subscriber: Starting subscriber engine=Amqp key=topic_2 endpoint=None crash_enabled=false
2026-09-30T19:17:00.402033Z  INFO mq_bench::roles::subscriber: Connected via transport engine=Amqp
2026-09-30T19:17:00.426237Z  INFO mq_bench::roles::subscriber: Subscribed to key expression key=topic_2
2026-09-30T19:17:07.070394Z  INFO mq_bench::roles::subscriber: Starting subscriber engine=Amqp key=topic_2 endpoint=None crash_enabled=false
2026-09-30T19:17:07.070468Z  INFO mq_bench::roles::subscriber: Connected via transport engine=Amqp
2026-09-30T19:17:07.086283Z  INFO mq_bench::roles::subscriber: Subscribed to key expression key=topic_2
2026-09-30T19:17:13.737872Z  INFO mq_bench::roles::subscriber: Starting subscriber engine=Amqp key=topic_2 endpoint=None crash_enabled=false
2026-09-30T19:17:13.737960Z  INFO mq_bench::roles::subscriber: Connected via transport engine=Amqp
2026-09-30T19:17:13.752404Z  INFO mq_bench::roles::subscriber: Subscribed to key expression key=topic_2
2026-09-30T19:17:20.404873Z  INFO mq_bench::roles::subscriber: Starting subscriber engine=Amqp key=topic_2 endpoint=None crash_enabled=false
2026-09-30T19:17:20.404952Z  INFO mq_bench::roles::subscriber: Connected via transport engine=Amqp
2026-09-30T19:17:20.421728Z  INFO mq_bench::roles::subscriber: Subscribed to key expression key=topic_2
2026-09-30T19:17:27.072695Z  INFO mq_bench::roles::subscriber: Starting subscriber engine=Amqp key=topic_2 endpoint=None crash_enabled=false
2026-09-30T19:17:27.072718Z  INFO mq_bench::roles::subscriber: Connected via transport engine=Amqp
2026-09-30T19:17:27.090013Z  INFO mq_bench::roles::subscriber: Subscribed to key expression key=topic_2
2026-09-30T19:17:33.740298Z  INFO mq_bench::roles::subscriber: Starting subscriber engine=Amqp key=topic_2 endpoint=None crash_enabled=false
2026-09-30T19:17:33.740346Z  INFO mq_bench::roles::subscriber: Connected via transport engine=Amqp
2026-09-30T19:17:33.754808Z  INFO mq_bench::roles::subscriber: Subscribed to key expression key=topic_2
