mq-bench starting with run_id: auto
Writing CSV output to: artifacts/fanout_bursty_20260930_191633_amqp_rabbitmq_p64_s1000_u10_bursty/fanout_singlesite/sub_0_7.csv
2026-09-30T19:16:33.667514Z  INFO mq_bench::roles::subscriber: Starting subscriber engine=Amqp key=topic_0 endpoint=None crash_enabled=false
2026-09-30T19:16:33.667565Z  INFO mq_bench::roles::subscriber: Connected via transport engine=Amqp
2026-09-30T19:16:33.690669Z  INFO mq_bench::roles::subscriber: Subscribed to key expression key=topic_0
2026-09-30T19:16:40.334677Z  INFO mq_bench::roles::subscriber: Starting subscriber engine=Amqp key=topic_0 endpoint=None crash_enabled=false
2026-09-30T19:16:40.334719Z  INFO mq_bench::roles::subscriber: Connected via transport engine=Amqp
2026-09-30T19:16:40.361067Z  INFO mq_bench::roles::subscriber: Subscribed to key expression key=topic_0
2026-09-30T19:16:47.003063Z  INFO mq_bench::roles::subscriber: Starting subscriber engine=Amqp key=topic_0 endpoint=None crash_enabled=false
2026-09-30T19:16:47.003100Z  INFO mq_bench::roles::subscriber: Connected via transport engine=Amqp
2026-09-30T19:16:47.025532Z  INFO mq_bench::roles::subscriber: Subscribed to key expression key=topic_0
2026-09-30T19:16:53.670748Z  INFO mq_bench::roles::subscriber: Starting subscriber engine=Amqp key=topic_0 endpoint=None crash_enabled=false
2026-09-30T19:16:53.670796Z  INFO mq_bench::roles::subscriber: Connected via transport engine=Amqp
2026-09-30T19:16:53.696757Z  INFO mq_bench::roles::subscriber: Subscribed to key expression key=topic_0
2026-09-30T19:17:00.338673Z  INFO mq_bench::roles::subscriber: Starting subscriber engine=Amqp key=topic_0 endpoint=None crash_enabled=false
2026-09-30T19:17:00.338713Z  INFO mq_bench::roles::subscriber: Connected via transport engine=Amqp
2026-09-30T19:17:00.361756Z  INFO mq_bench::roles::subscriber: Subscribed to key expression key=topic_0
2026-09-30T19:17:07.006984Z  INFO mq_bench::roles::subscriber: Starting subscriber engine=Amqp key=topic_0 endpoint=None crash_enabled=false
2026-09-30T19:17:07.007029Z  INFO mq_bench::roles::subscriber: Connected via transport engine=Amqp
2026-09-30T19:17:07.026842Z  INFO mq_bench::roles::subscriber: Subscribed to key expression key=topic_0
2026-09-30T19:17:13.674669Z  INFO mq_bench::roles::subscriber: Starting subscriber engine=Amqp key=topic_0 endpoint=None crash_enabled=false
2026-09-30T19:17:13.674737Z  INFO mq_bench::roles::subscriber: Connected via transport engine=Amqp
2026-09-30T19:17:13.696887Z  INFO mq_bench::roles::subscriber: Subscribed to key expression key=topic_0
2026-09-30T19:17:20.342717Z  INFO mq_bench::roles::subscriber: Starting subscriber engine=Amqp key=topic_0 endpoint=None crash_enabled=false
2026-09-30T19:17:20.342737Z  INFO mq_bench::roles::subscriber: Connected via transport engine=Amqp
2026-09-30T19:17:20.368122Z  INFO mq_bench::roles::subscriber: Subscribed to key expression key=topic_0
2026-09-30T19:17:27.010878Z  INFO mq_bench::roles::subscriber: Starting subscriber engine=Amqp key=topic_0 endpoint=None crash_enabled=false
2026-09-30T19:17:27.010945Z  INFO mq_bench::roles::subscriber: Connected via transport engine=Amqp
2026-09-30T19:17:27.035861Z  INFO mq_bench::roles::subscriber: Subscribed to key expression key=topic_0
2026-09-30T19:17:33.678738Z  INFO mq_bench::roles::subscriber: Starting subscriber engine=Amqp key=topic_0 endpoint=None crash_enabled=false
2026-09-30T19:17:33.678804Z  INFO mq_bench::roles::subscriber: Connected via transport engine=Amqp
2026-09-30T19:17:33.702136Z  INFO mq_bench::roles::subscriber: Subscribed to key expression key=topic_0
