mq-bench starting with run_id: auto
Writing CSV output to: artifacts/fanout_bursty_20260930_191633_amqp_rabbitmq_p64_s1000_u10_bursty/fanout_singlesite/sub_7_1.csv
2026-09-30T19:16:33.916291Z  INFO mq_bench::roles::subscriber: Starting subscriber engine=Amqp key=topic_7 endpoint=None crash_enabled=false
2026-09-30T19:16:33.916477Z  INFO mq_bench::roles::subscriber: Connected via transport engine=Amqp
2026-09-30T19:16:33.935947Z  INFO mq_bench::roles::subscriber: Subscribed to key expression key=topic_7
2026-09-30T19:16:40.583999Z  INFO mq_bench::roles::subscriber: Starting subscriber engine=Amqp key=topic_7 endpoint=None crash_enabled=false
2026-09-30T19:16:40.584060Z  INFO mq_bench::roles::subscriber: Connected via transport engine=Amqp
2026-09-30T19:16:40.593929Z  INFO mq_bench::roles::subscriber: Subscribed to key expression key=topic_7
2026-09-30T19:16:47.251935Z  INFO mq_bench::roles::subscriber: Starting subscriber engine=Amqp key=topic_7 endpoint=None crash_enabled=false
2026-09-30T19:16:47.251969Z  INFO mq_bench::roles::subscriber: Connected via transport engine=Amqp
2026-09-30T19:16:47.261971Z  INFO mq_bench::roles::subscriber: Subscribed to key expression key=topic_7
2026-09-30T19:16:53.919196Z  INFO mq_bench::roles::subscriber: Starting subscriber engine=Amqp key=topic_7 endpoint=None crash_enabled=false
2026-09-30T19:16:53.919235Z  INFO mq_bench::roles::subscriber: Connected via transport engine=Amqp
2026-09-30T19:16:53.928766Z  INFO mq_bench::roles::subscriber: Subscribed to key expression key=topic_7
2026-09-30T19:17:00.586985Z  INFO mq_bench::roles::subscriber: Starting subscriber engine=Amqp key=topic_7 endpoint=None crash_enabled=false
2026-09-30T19:17:00.587026Z  INFO mq_bench::roles::subscriber: Connected via transport engine=Amqp
2026-09-30T19:17:00.596862Z  INFO mq_bench::roles::subscriber: Subscribed to key expression key=topic_7
2026-09-30T19:17:07.254295Z  INFO mq_bench::roles::subscriber: Starting subscriber engine=Amqp key=topic_7 endpoint=None crash_enabled=false
2026-09-30T19:17:07.254338Z  INFO mq_bench::roles::subscriber: Connected via transport engine=Amqp
2026-09-30T19:17:07.264414Z  INFO mq_bench::roles::subscriber: Subscribed to key expression key=topic_7
2026-09-30T19:17:13.921398Z  INFO mq_bench::roles::subscriber: Starting subscriber engine=Amqp key=topic_7 endpoint=None crash_enabled=false
2026-09-30T19:17:13.921442Z  INFO mq_bench::roles::subscriber: Connected via transport engine=Amqp
2026-09-30T19:17:13.932409Z  INFO mq_bench::roles::subscriber: Subscribed to key expression key=topic_7
2026-09-30T19:17:20.590108Z  INFO mq_bench::roles::subscriber: Starting subscriber engine=Amqp key=topic_7 endpoint=None crash_enabled=false
2026-09-30T19:17:20.590166Z  INFO mq_bench::roles::subscriber: Connected via transport engine=Amqp
2026-09-30T19:17:20.600584Z  INFO mq_bench::roles::subscriber: Subscribed to key expression key=topic_7
2026-09-30T19:17:27.257571Z  INFO mq_bench::roles::subscriber: Starting subscriber engine=Amqp key=topic_7 endpoint=None crash_enabled=false
2026-09-30T19:17:27.257594Z  INFO mq_bench::roles::subscriber: Connected via transport engine=Amqp
2026-09-30T19:17:27.267530Z  INFO mq_bench::roles::subscriber: Subscribed to key expression key=topic_7
2026-09-30T19:17:33.925462Z  INFO mq_bench::roles::subscriber: Starting subscriber engine=Amqp key=topic_7 endpoint=None crash_enabled=false
2026-09-30T19:17:33.925503Z  INFO mq_bench::roles::subscriber: Connected via transport engine=Amqp
2026-09-30T19:17:33.935818Z  INFO mq_bench::roles::subscriber: Subscribed to key expression key=topic_7
