mq-bench starting with run_id: auto
Writing CSV output to: artifacts/fanout_bursty_20260930_191633_amqp_rabbitmq_p64_s1000_u10_bursty/fanout_singlesite/sub_0_5.csv
2026-09-30T19:16:33.660441Z  INFO mq_bench::roles::subscriber: Starting subscriber engine=Amqp key=topic_0 endpoint=None crash_enabled=false
2026-09-30T19:16:33.660488Z  INFO mq_bench::roles::subscriber: Connected via transport engine=Amqp
2026-09-30T19:16:33.683524Z  INFO mq_bench::roles::subscriber: Subscribed to key expression key=topic_0
2026-09-30T19:16:40.328006Z  INFO mq_bench::roles::subscriber: Starting subscriber engine=Amqp key=topic_0 endpoint=None crash_enabled=false
2026-09-30T19:16:40.328100Z  INFO mq_bench::roles::subscriber: Connected via transport engine=Amqp
2026-09-30T19:16:40.350772Z  INFO mq_bench::roles::subscriber: Subscribed to key expression key=topic_0
2026-09-30T19:16:46.995284Z  INFO mq_bench::roles::subscriber: Starting subscriber engine=Amqp key=topic_0 endpoint=None crash_enabled=false
2026-09-30T19:16:46.995354Z  INFO mq_bench::roles::subscriber: Connected via transport engine=Amqp
2026-09-30T19:16:47.019947Z  INFO mq_bench::roles::subscriber: Subscribed to key expression key=topic_0
2026-09-30T19:16:53.662302Z  INFO mq_bench::roles::subscriber: Starting subscriber engine=Amqp key=topic_0 endpoint=None crash_enabled=false
2026-09-30T19:16:53.662346Z  INFO mq_bench::roles::subscriber: Connected via transport engine=Amqp
2026-09-30T19:16:53.691248Z  INFO mq_bench::roles::subscriber: Subscribed to key expression key=topic_0
2026-09-30T19:17:00.329383Z  INFO mq_bench::roles::subscriber: Starting subscriber engine=Amqp key=topic_0 endpoint=None crash_enabled=false
2026-09-30T19:17:00.329422Z  INFO mq_bench::roles::subscriber: Connected via transport engine=Amqp
2026-09-30T19:17:00.352522Z  INFO mq_bench::roles::subscriber: Subscribed to key expression key=topic_0
2026-09-30T19:17:06.996982Z  INFO mq_bench::roles::subscriber: Starting subscriber engine=Amqp key=topic_0 endpoint=None crash_enabled=false
2026-09-30T19:17:06.997034Z  INFO mq_bench::roles::subscriber: Connected via transport engine=Amqp
2026-09-30T19:17:07.020463Z  INFO mq_bench::roles::subscriber: Subscribed to key expression key=topic_0
2026-09-30T19:17:13.664331Z  INFO mq_bench::roles::subscriber: Starting subscriber engine=Amqp key=topic_0 endpoint=None crash_enabled=false
2026-09-30T19:17:13.664373Z  INFO mq_bench::roles::subscriber: Connected via transport engine=Amqp
2026-09-30T19:17:13.688069Z  INFO mq_bench::roles::subscriber: Subscribed to key expression key=topic_0
2026-09-30T19:17:20.331737Z  INFO mq_bench::roles::subscriber: Starting subscriber engine=Amqp key=topic_0 endpoint=None crash_enabled=false
2026-09-30T19:17:20.331778Z  INFO mq_bench::roles::subscriber: Connected via transport engine=Amqp
2026-09-30T19:17:20.359735Z  INFO mq_bench::roles::subscriber: Subscribed to key expression key=topic_0
2026-09-30T19:17:26.999497Z  INFO mq_bench::roles::subscriber: Starting subscriber engine=Amqp key=topic_0 endpoint=None crash_enabled=false
2026-09-30T19:17:26.999540Z  INFO mq_bench::roles::subscriber: Connected via transport engine=Amqp
2026-09-30T19:17:27.020752Z  INFO mq_bench::roles::subscriber: Subscribed to key expression key=topic_0
2026-09-30T19:17:33.668149Z  INFO mq_bench::roles::subscriber: Starting subscriber engine=Amqp key=topic_0 endpoint=None crash_enabled=false
2026-09-30T19:17:33.668213Z  INFO mq_bench::roles::subscriber: Connected via transport engine=Amqp
2026-09-30T19:17:33.693652Z  INFO mq_bench::roles::subscriber: Subscribed to key expression key=topic_0
