mq-bench starting with run_id: auto
Writing CSV output to: artifacts/fanout_bursty_20260930_191633_amqp_rabbitmq_p64_s1000_u10_bursty/fanout_singlesite/sub_4_5.csv
2026-09-30T19:16:33.814102Z  INFO mq_bench::roles::subscriber: Starting subscriber engine=Amqp key=topic_4 endpoint=None crash_enabled=false
2026-09-30T19:16:33.814145Z  INFO mq_bench::roles::subscriber: Connected via transport engine=Amqp
2026-09-30T19:16:33.831794Z  INFO mq_bench::roles::subscriber: Subscribed to key expression key=topic_4
2026-09-30T19:16:40.481193Z  INFO mq_bench::roles::subscriber: Starting subscriber engine=Amqp key=topic_4 endpoint=None crash_enabled=false
2026-09-30T19:16:40.481230Z  INFO mq_bench::roles::subscriber: Connected via transport engine=Amqp
2026-09-30T19:16:40.491767Z  INFO mq_bench::roles::subscriber: Subscribed to key expression key=topic_4
2026-09-30T19:16:47.148788Z  INFO mq_bench::roles::subscriber: Starting subscriber engine=Amqp key=topic_4 endpoint=None crash_enabled=false
2026-09-30T19:16:47.148828Z  INFO mq_bench::roles::subscriber: Connected via transport engine=Amqp
2026-09-30T19:16:47.163063Z  INFO mq_bench::roles::subscriber: Subscribed to key expression key=topic_4
2026-09-30T19:16:53.816086Z  INFO mq_bench::roles::subscriber: Starting subscriber engine=Amqp key=topic_4 endpoint=None crash_enabled=false
2026-09-30T19:16:53.816136Z  INFO mq_bench::roles::subscriber: Connected via transport engine=Amqp
2026-09-30T19:16:53.828688Z  INFO mq_bench::roles::subscriber: Subscribed to key expression key=topic_4
2026-09-30T19:17:00.483763Z  INFO mq_bench::roles::subscriber: Starting subscriber engine=Amqp key=topic_4 endpoint=None crash_enabled=false
2026-09-30T19:17:00.483809Z  INFO mq_bench::roles::subscriber: Connected via transport engine=Amqp
2026-09-30T19:17:00.495979Z  INFO mq_bench::roles::subscriber: Subscribed to key expression key=topic_4
2026-09-30T19:17:07.151239Z  INFO mq_bench::roles::subscriber: Starting subscriber engine=Amqp key=topic_4 endpoint=None crash_enabled=false
2026-09-30T19:17:07.151284Z  INFO mq_bench::roles::subscriber: Connected via transport engine=Amqp
2026-09-30T19:17:07.163900Z  INFO mq_bench::roles::subscriber: Subscribed to key expression key=topic_4
2026-09-30T19:17:13.818542Z  INFO mq_bench::roles::subscriber: Starting subscriber engine=Amqp key=topic_4 endpoint=None crash_enabled=false
2026-09-30T19:17:13.818579Z  INFO mq_bench::roles::subscriber: Connected via transport engine=Amqp
2026-09-30T19:17:13.832886Z  INFO mq_bench::roles::subscriber: Subscribed to key expression key=topic_4
2026-09-30T19:17:20.486450Z  INFO mq_bench::roles::subscriber: Starting subscriber engine=Amqp key=topic_4 endpoint=None crash_enabled=false
2026-09-30T19:17:20.486490Z  INFO mq_bench::roles::subscriber: Connected via transport engine=Amqp
2026-09-30T19:17:20.500450Z  INFO mq_bench::roles::subscriber: Subscribed to key expression key=topic_4
2026-09-30T19:17:27.154482Z  INFO mq_bench::roles::subscriber: Starting subscriber engine=Amqp key=topic_4 endpoint=None crash_enabled=false
2026-09-30T19:17:27.154522Z  INFO mq_bench::roles::subscriber: Connected via transport engine=Amqp
2026-09-30T19:17:27.167568Z  INFO mq_bench::roles::subscriber: Subscribed to key expression key=topic_4
2026-09-30T19:17:33.822900Z  INFO mq_bench::roles::subscriber: Starting subscriber engine=Amqp key=topic_4 endpoint=None crash_enabled=false
2026-09-30T19:17:33.822946Z  INFO mq_bench::roles::subscriber: Connected via transport engine=Amqp
2026-09-30T19:17:33.834337Z  INFO mq_bench::roles::subscriber: Subscribed to key expression key=topic_4
