mq-bench starting with run_id: auto
Writing CSV output to: artifacts/fanout_bursty_20260930_191633_amqp_rabbitmq_p64_s1000_u10_bursty/fanout_singlesite/sub_9_5.csv
2026-09-30T19:16:34.012162Z  INFO mq_bench::roles::subscriber: Starting subscriber engine=Amqp key=topic_9 endpoint=None crash_enabled=false
2026-09-30T19:16:34.012215Z  INFO mq_bench::roles::subscriber: Connected via transport engine=Amqp
2026-09-30T19:16:34.028140Z  INFO mq_bench::roles::subscriber: Subscribed to key expression key=topic_9
2026-09-30T19:16:40.680087Z  INFO mq_bench::roles::subscriber: Starting subscriber engine=Amqp key=topic_9 endpoint=None crash_enabled=false
2026-09-30T19:16:40.680182Z  INFO mq_bench::roles::subscriber: Connected via transport engine=Amqp
2026-09-30T19:16:40.690220Z  INFO mq_bench::roles::subscriber: Subscribed to key expression key=topic_9
2026-09-30T19:16:47.348095Z  INFO mq_bench::roles::subscriber: Starting subscriber engine=Amqp key=topic_9 endpoint=None crash_enabled=false
2026-09-30T19:16:47.348127Z  INFO mq_bench::roles::subscriber: Connected via transport engine=Amqp
2026-09-30T19:16:47.358513Z  INFO mq_bench::roles::subscriber: Subscribed to key expression key=topic_9
2026-09-30T19:16:54.016344Z  INFO mq_bench::roles::subscriber: Starting subscriber engine=Amqp key=topic_9 endpoint=None crash_enabled=false
2026-09-30T19:16:54.016386Z  INFO mq_bench::roles::subscriber: Connected via transport engine=Amqp
2026-09-30T19:16:54.027089Z  INFO mq_bench::roles::subscriber: Subscribed to key expression key=topic_9
2026-09-30T19:17:00.684405Z  INFO mq_bench::roles::subscriber: Starting subscriber engine=Amqp key=topic_9 endpoint=None crash_enabled=false
2026-09-30T19:17:00.684446Z  INFO mq_bench::roles::subscriber: Connected via transport engine=Amqp
2026-09-30T19:17:00.694689Z  INFO mq_bench::roles::subscriber: Subscribed to key expression key=topic_9
2026-09-30T19:17:07.351956Z  INFO mq_bench::roles::subscriber: Starting subscriber engine=Amqp key=topic_9 endpoint=None crash_enabled=false
2026-09-30T19:17:07.352003Z  INFO mq_bench::roles::subscriber: Connected via transport engine=Amqp
2026-09-30T19:17:07.361622Z  INFO mq_bench::roles::subscriber: Subscribed to key expression key=topic_9
2026-09-30T19:17:14.020253Z  INFO mq_bench::roles::subscriber: Starting subscriber engine=Amqp key=topic_9 endpoint=None crash_enabled=false
2026-09-30T19:17:14.020276Z  INFO mq_bench::roles::subscriber: Connected via transport engine=Amqp
2026-09-30T19:17:14.030774Z  INFO mq_bench::roles::subscriber: Subscribed to key expression key=topic_9
2026-09-30T19:17:20.687978Z  INFO mq_bench::roles::subscriber: Starting subscriber engine=Amqp key=topic_9 endpoint=None crash_enabled=false
2026-09-30T19:17:20.688020Z  INFO mq_bench::roles::subscriber: Connected via transport engine=Amqp
2026-09-30T19:17:20.699713Z  INFO mq_bench::roles::subscriber: Subscribed to key expression key=topic_9
2026-09-30T19:17:27.355505Z  INFO mq_bench::roles::subscriber: Starting subscriber engine=Amqp key=topic_9 endpoint=None crash_enabled=false
2026-09-30T19:17:27.355547Z  INFO mq_bench::roles::subscriber: Connected via transport engine=Amqp
2026-09-30T19:17:27.366199Z  INFO mq_bench::roles::subscriber: Subscribed to key expression key=topic_9
2026-09-30T19:17:34.023270Z  INFO mq_bench::roles::subscriber: Starting subscriber engine=Amqp key=topic_9 endpoint=None crash_enabled=false
2026-09-30T19:17:34.023308Z  INFO mq_bench::roles::subscriber: Connected via transport engine=Amqp
2026-09-30T19:17:34.034638Z  INFO mq_bench::roles::subscriber: Subscribed to key expression key=topic_9
