mq-bench starting with run_id: auto
Writing CSV output to: artifacts/fanout_bursty_20260930_191633_amqp_rabbitmq_p64_s1000_u10_bursty/fanout_singlesite/sub_4_1.csv
2026-09-30T19:16:33.798156Z  INFO mq_bench::roles::subscriber: Starting subscriber engine=Amqp key=topic_4 endpoint=None crash_enabled=false
2026-09-30T19:16:33.798208Z  INFO mq_bench::roles::subscriber: Connected via transport engine=Amqp
2026-09-30T19:16:33.818433Z  INFO mq_bench::roles::subscriber: Subscribed to key expression key=topic_4
2026-09-30T19:16:40.466153Z  INFO mq_bench::roles::subscriber: Starting subscriber engine=Amqp key=topic_4 endpoint=None crash_enabled=false
2026-09-30T19:16:40.466232Z  INFO mq_bench::roles::subscriber: Connected via transport engine=Amqp
2026-09-30T19:16:40.476821Z  INFO mq_bench::roles::subscriber: Subscribed to key expression key=topic_4
2026-09-30T19:16:47.134459Z  INFO mq_bench::roles::subscriber: Starting subscriber engine=Amqp key=topic_4 endpoint=None crash_enabled=false
2026-09-30T19:16:47.134504Z  INFO mq_bench::roles::subscriber: Connected via transport engine=Amqp
2026-09-30T19:16:47.148043Z  INFO mq_bench::roles::subscriber: Subscribed to key expression key=topic_4
2026-09-30T19:16:53.802368Z  INFO mq_bench::roles::subscriber: Starting subscriber engine=Amqp key=topic_4 endpoint=None crash_enabled=false
2026-09-30T19:16:53.802411Z  INFO mq_bench::roles::subscriber: Connected via transport engine=Amqp
2026-09-30T19:16:53.815377Z  INFO mq_bench::roles::subscriber: Subscribed to key expression key=topic_4
2026-09-30T19:17:00.469501Z  INFO mq_bench::roles::subscriber: Starting subscriber engine=Amqp key=topic_4 endpoint=None crash_enabled=false
2026-09-30T19:17:00.469524Z  INFO mq_bench::roles::subscriber: Connected via transport engine=Amqp
2026-09-30T19:17:00.481186Z  INFO mq_bench::roles::subscriber: Subscribed to key expression key=topic_4
2026-09-30T19:17:07.137065Z  INFO mq_bench::roles::subscriber: Starting subscriber engine=Amqp key=topic_4 endpoint=None crash_enabled=false
2026-09-30T19:17:07.137108Z  INFO mq_bench::roles::subscriber: Connected via transport engine=Amqp
2026-09-30T19:17:07.149510Z  INFO mq_bench::roles::subscriber: Subscribed to key expression key=topic_4
2026-09-30T19:17:13.805005Z  INFO mq_bench::roles::subscriber: Starting subscriber engine=Amqp key=topic_4 endpoint=None crash_enabled=false
2026-09-30T19:17:13.805048Z  INFO mq_bench::roles::subscriber: Connected via transport engine=Amqp
2026-09-30T19:17:13.818100Z  INFO mq_bench::roles::subscriber: Subscribed to key expression key=topic_4
2026-09-30T19:17:20.473346Z  INFO mq_bench::roles::subscriber: Starting subscriber engine=Amqp key=topic_4 endpoint=None crash_enabled=false
2026-09-30T19:17:20.473393Z  INFO mq_bench::roles::subscriber: Connected via transport engine=Amqp
2026-09-30T19:17:20.485665Z  INFO mq_bench::roles::subscriber: Subscribed to key expression key=topic_4
2026-09-30T19:17:27.141357Z  INFO mq_bench::roles::subscriber: Starting subscriber engine=Amqp key=topic_4 endpoint=None crash_enabled=false
2026-09-30T19:17:27.141413Z  INFO mq_bench::roles::subscriber: Connected via transport engine=Amqp
2026-09-30T19:17:27.155780Z  INFO mq_bench::roles::subscriber: Subscribed to key expression key=topic_4
2026-09-30T19:17:33.808749Z  INFO mq_bench::roles::subscriber: Starting subscriber engine=Amqp key=topic_4 endpoint=None crash_enabled=false
2026-09-30T19:17:33.808790Z  INFO mq_bench::roles::subscriber: Connected via transport engine=Amqp
2026-09-30T19:17:33.820889Z  INFO mq_bench::roles::subscriber: Subscribed to key expression key=topic_4
