mq-bench starting with run_id: auto
Writing CSV output to: artifacts/fanout_bursty_20260930_191633_amqp_rabbitmq_p64_s1000_u10_bursty/fanout_singlesite/sub_0_8.csv
2026-09-30T19:16:33.671057Z  INFO mq_bench::roles::subscriber: Starting subscriber engine=Amqp key=topic_0 endpoint=None crash_enabled=false
2026-09-30T19:16:33.671263Z  INFO mq_bench::roles::subscriber: Connected via transport engine=Amqp
2026-09-30T19:16:33.694469Z  INFO mq_bench::roles::subscriber: Subscribed to key expression key=topic_0
2026-09-30T19:16:40.338956Z  INFO mq_bench::roles::subscriber: Starting subscriber engine=Amqp key=topic_0 endpoint=None crash_enabled=false
2026-09-30T19:16:40.339045Z  INFO mq_bench::roles::subscriber: Connected via transport engine=Amqp
2026-09-30T19:16:40.366756Z  INFO mq_bench::roles::subscriber: Subscribed to key expression key=topic_0
2026-09-30T19:16:47.006201Z  INFO mq_bench::roles::subscriber: Starting subscriber engine=Amqp key=topic_0 endpoint=None crash_enabled=false
2026-09-30T19:16:47.006266Z  INFO mq_bench::roles::subscriber: Connected via transport engine=Amqp
2026-09-30T19:16:47.031653Z  INFO mq_bench::roles::subscriber: Subscribed to key expression key=topic_0
2026-09-30T19:16:53.673094Z  INFO mq_bench::roles::subscriber: Starting subscriber engine=Amqp key=topic_0 endpoint=None crash_enabled=false
2026-09-30T19:16:53.673137Z  INFO mq_bench::roles::subscriber: Connected via transport engine=Amqp
2026-09-30T19:16:53.699354Z  INFO mq_bench::roles::subscriber: Subscribed to key expression key=topic_0
2026-09-30T19:17:00.340311Z  INFO mq_bench::roles::subscriber: Starting subscriber engine=Amqp key=topic_0 endpoint=None crash_enabled=false
2026-09-30T19:17:00.340332Z  INFO mq_bench::roles::subscriber: Connected via transport engine=Amqp
2026-09-30T19:17:00.362873Z  INFO mq_bench::roles::subscriber: Subscribed to key expression key=topic_0
2026-09-30T19:17:07.008180Z  INFO mq_bench::roles::subscriber: Starting subscriber engine=Amqp key=topic_0 endpoint=None crash_enabled=false
2026-09-30T19:17:07.008214Z  INFO mq_bench::roles::subscriber: Connected via transport engine=Amqp
2026-09-30T19:17:07.029765Z  INFO mq_bench::roles::subscriber: Subscribed to key expression key=topic_0
2026-09-30T19:17:13.675419Z  INFO mq_bench::roles::subscriber: Starting subscriber engine=Amqp key=topic_0 endpoint=None crash_enabled=false
2026-09-30T19:17:13.675459Z  INFO mq_bench::roles::subscriber: Connected via transport engine=Amqp
2026-09-30T19:17:13.699348Z  INFO mq_bench::roles::subscriber: Subscribed to key expression key=topic_0
2026-09-30T19:17:20.343967Z  INFO mq_bench::roles::subscriber: Starting subscriber engine=Amqp key=topic_0 endpoint=None crash_enabled=false
2026-09-30T19:17:20.344000Z  INFO mq_bench::roles::subscriber: Connected via transport engine=Amqp
2026-09-30T19:17:20.366412Z  INFO mq_bench::roles::subscriber: Subscribed to key expression key=topic_0
2026-09-30T19:17:27.012093Z  INFO mq_bench::roles::subscriber: Starting subscriber engine=Amqp key=topic_0 endpoint=None crash_enabled=false
2026-09-30T19:17:27.012132Z  INFO mq_bench::roles::subscriber: Connected via transport engine=Amqp
2026-09-30T19:17:27.031661Z  INFO mq_bench::roles::subscriber: Subscribed to key expression key=topic_0
2026-09-30T19:17:33.679544Z  INFO mq_bench::roles::subscriber: Starting subscriber engine=Amqp key=topic_0 endpoint=None crash_enabled=false
2026-09-30T19:17:33.679606Z  INFO mq_bench::roles::subscriber: Connected via transport engine=Amqp
2026-09-30T19:17:33.704357Z  INFO mq_bench::roles::subscriber: Subscribed to key expression key=topic_0
