mq-bench starting with run_id: auto
Writing CSV output to: artifacts/fanout_bursty_20260930_191633_amqp_rabbitmq_p64_s1000_u10_bursty/fanout_singlesite/sub_9_8.csv
2026-09-30T19:16:34.024470Z  INFO mq_bench::roles::subscriber: Starting subscriber engine=Amqp key=topic_9 endpoint=None crash_enabled=false
2026-09-30T19:16:34.024519Z  INFO mq_bench::roles::subscriber: Connected via transport engine=Amqp
2026-09-30T19:16:34.040977Z  INFO mq_bench::roles::subscriber: Subscribed to key expression key=topic_9
2026-09-30T19:16:40.692556Z  INFO mq_bench::roles::subscriber: Starting subscriber engine=Amqp key=topic_9 endpoint=None crash_enabled=false
2026-09-30T19:16:40.692658Z  INFO mq_bench::roles::subscriber: Connected via transport engine=Amqp
2026-09-30T19:16:40.702457Z  INFO mq_bench::roles::subscriber: Subscribed to key expression key=topic_9
2026-09-30T19:16:47.360260Z  INFO mq_bench::roles::subscriber: Starting subscriber engine=Amqp key=topic_9 endpoint=None crash_enabled=false
2026-09-30T19:16:47.360348Z  INFO mq_bench::roles::subscriber: Connected via transport engine=Amqp
2026-09-30T19:16:47.370316Z  INFO mq_bench::roles::subscriber: Subscribed to key expression key=topic_9
2026-09-30T19:16:54.027647Z  INFO mq_bench::roles::subscriber: Starting subscriber engine=Amqp key=topic_9 endpoint=None crash_enabled=false
2026-09-30T19:16:54.027688Z  INFO mq_bench::roles::subscriber: Connected via transport engine=Amqp
2026-09-30T19:16:54.037712Z  INFO mq_bench::roles::subscriber: Subscribed to key expression key=topic_9
2026-09-30T19:17:00.695779Z  INFO mq_bench::roles::subscriber: Starting subscriber engine=Amqp key=topic_9 endpoint=None crash_enabled=false
2026-09-30T19:17:00.695819Z  INFO mq_bench::roles::subscriber: Connected via transport engine=Amqp
2026-09-30T19:17:00.705989Z  INFO mq_bench::roles::subscriber: Subscribed to key expression key=topic_9
2026-09-30T19:17:07.364015Z  INFO mq_bench::roles::subscriber: Starting subscriber engine=Amqp key=topic_9 endpoint=None crash_enabled=false
2026-09-30T19:17:07.364036Z  INFO mq_bench::roles::subscriber: Connected via transport engine=Amqp
2026-09-30T19:17:07.373095Z  INFO mq_bench::roles::subscriber: Subscribed to key expression key=topic_9
2026-09-30T19:17:14.031945Z  INFO mq_bench::roles::subscriber: Starting subscriber engine=Amqp key=topic_9 endpoint=None crash_enabled=false
2026-09-30T19:17:14.031965Z  INFO mq_bench::roles::subscriber: Connected via transport engine=Amqp
2026-09-30T19:17:14.041291Z  INFO mq_bench::roles::subscriber: Subscribed to key expression key=topic_9
2026-09-30T19:17:20.699466Z  INFO mq_bench::roles::subscriber: Starting subscriber engine=Amqp key=topic_9 endpoint=None crash_enabled=false
2026-09-30T19:17:20.699509Z  INFO mq_bench::roles::subscriber: Connected via transport engine=Amqp
2026-09-30T19:17:20.709532Z  INFO mq_bench::roles::subscriber: Subscribed to key expression key=topic_9
2026-09-30T19:17:27.367363Z  INFO mq_bench::roles::subscriber: Starting subscriber engine=Amqp key=topic_9 endpoint=None crash_enabled=false
2026-09-30T19:17:27.367409Z  INFO mq_bench::roles::subscriber: Connected via transport engine=Amqp
2026-09-30T19:17:27.377441Z  INFO mq_bench::roles::subscriber: Subscribed to key expression key=topic_9
2026-09-30T19:17:34.034973Z  INFO mq_bench::roles::subscriber: Starting subscriber engine=Amqp key=topic_9 endpoint=None crash_enabled=false
2026-09-30T19:17:34.034995Z  INFO mq_bench::roles::subscriber: Connected via transport engine=Amqp
2026-09-30T19:17:34.045500Z  INFO mq_bench::roles::subscriber: Subscribed to key expression key=topic_9
