mq-bench starting with run_id: auto
Writing CSV output to: artifacts/fanout_bursty_20260930_191633_amqp_rabbitmq_p64_s1000_u10_bursty/fanout_singlesite/sub_2_9.csv
2026-09-30T19:16:33.751419Z  INFO mq_bench::roles::subscriber: Starting subscriber engine=Amqp key=topic_2 endpoint=None crash_enabled=false
2026-09-30T19:16:33.751470Z  INFO mq_bench::roles::subscriber: Connected via transport engine=Amqp
2026-09-30T19:16:33.769017Z  INFO mq_bench::roles::subscriber: Subscribed to key expression key=topic_2
2026-09-30T19:16:40.418426Z  INFO mq_bench::roles::subscriber: Starting subscriber engine=Amqp key=topic_2 endpoint=None crash_enabled=false
2026-09-30T19:16:40.418512Z  INFO mq_bench::roles::subscriber: Connected via transport engine=Amqp
2026-09-30T19:16:40.431494Z  INFO mq_bench::roles::subscriber: Subscribed to key expression key=topic_2
2026-09-30T19:16:47.085730Z  INFO mq_bench::roles::subscriber: Starting subscriber engine=Amqp key=topic_2 endpoint=None crash_enabled=false
2026-09-30T19:16:47.085765Z  INFO mq_bench::roles::subscriber: Connected via transport engine=Amqp
2026-09-30T19:16:47.100566Z  INFO mq_bench::roles::subscriber: Subscribed to key expression key=topic_2
2026-09-30T19:16:53.753377Z  INFO mq_bench::roles::subscriber: Starting subscriber engine=Amqp key=topic_2 endpoint=None crash_enabled=false
2026-09-30T19:16:53.753402Z  INFO mq_bench::roles::subscriber: Connected via transport engine=Amqp
2026-09-30T19:16:53.768441Z  INFO mq_bench::roles::subscriber: Subscribed to key expression key=topic_2
2026-09-30T19:17:00.420707Z  INFO mq_bench::roles::subscriber: Starting subscriber engine=Amqp key=topic_2 endpoint=None crash_enabled=false
2026-09-30T19:17:00.420746Z  INFO mq_bench::roles::subscriber: Connected via transport engine=Amqp
2026-09-30T19:17:00.439378Z  INFO mq_bench::roles::subscriber: Subscribed to key expression key=topic_2
2026-09-30T19:17:07.088463Z  INFO mq_bench::roles::subscriber: Starting subscriber engine=Amqp key=topic_2 endpoint=None crash_enabled=false
2026-09-30T19:17:07.088491Z  INFO mq_bench::roles::subscriber: Connected via transport engine=Amqp
2026-09-30T19:17:07.103266Z  INFO mq_bench::roles::subscriber: Subscribed to key expression key=topic_2
2026-09-30T19:17:13.755703Z  INFO mq_bench::roles::subscriber: Starting subscriber engine=Amqp key=topic_2 endpoint=None crash_enabled=false
2026-09-30T19:17:13.755750Z  INFO mq_bench::roles::subscriber: Connected via transport engine=Amqp
2026-09-30T19:17:13.770985Z  INFO mq_bench::roles::subscriber: Subscribed to key expression key=topic_2
2026-09-30T19:17:20.423587Z  INFO mq_bench::roles::subscriber: Starting subscriber engine=Amqp key=topic_2 endpoint=None crash_enabled=false
2026-09-30T19:17:20.423627Z  INFO mq_bench::roles::subscriber: Connected via transport engine=Amqp
2026-09-30T19:17:20.438832Z  INFO mq_bench::roles::subscriber: Subscribed to key expression key=topic_2
2026-09-30T19:17:27.091743Z  INFO mq_bench::roles::subscriber: Starting subscriber engine=Amqp key=topic_2 endpoint=None crash_enabled=false
2026-09-30T19:17:27.091790Z  INFO mq_bench::roles::subscriber: Connected via transport engine=Amqp
2026-09-30T19:17:27.105263Z  INFO mq_bench::roles::subscriber: Subscribed to key expression key=topic_2
2026-09-30T19:17:33.760085Z  INFO mq_bench::roles::subscriber: Starting subscriber engine=Amqp key=topic_2 endpoint=None crash_enabled=false
2026-09-30T19:17:33.760125Z  INFO mq_bench::roles::subscriber: Connected via transport engine=Amqp
2026-09-30T19:17:33.773354Z  INFO mq_bench::roles::subscriber: Subscribed to key expression key=topic_2
