mq-bench starting with run_id: auto
Writing CSV output to: artifacts/fanout_bursty_20260930_191633_amqp_rabbitmq_p64_s1000_u10_bursty/fanout_singlesite/sub_5_0.csv
2026-09-30T19:16:33.833205Z  INFO mq_bench::roles::subscriber: Starting subscriber engine=Amqp key=topic_5 endpoint=None crash_enabled=false
2026-09-30T19:16:33.833373Z  INFO mq_bench::roles::subscriber: Connected via transport engine=Amqp
2026-09-30T19:16:33.852254Z  INFO mq_bench::roles::subscriber: Subscribed to key expression key=topic_5
2026-09-30T19:16:40.501080Z  INFO mq_bench::roles::subscriber: Starting subscriber engine=Amqp key=topic_5 endpoint=None crash_enabled=false
2026-09-30T19:16:40.501170Z  INFO mq_bench::roles::subscriber: Connected via transport engine=Amqp
2026-09-30T19:16:40.511632Z  INFO mq_bench::roles::subscriber: Subscribed to key expression key=topic_5
2026-09-30T19:16:47.168724Z  INFO mq_bench::roles::subscriber: Starting subscriber engine=Amqp key=topic_5 endpoint=None crash_enabled=false
2026-09-30T19:16:47.168767Z  INFO mq_bench::roles::subscriber: Connected via transport engine=Amqp
2026-09-30T19:16:47.181295Z  INFO mq_bench::roles::subscriber: Subscribed to key expression key=topic_5
2026-09-30T19:16:53.836621Z  INFO mq_bench::roles::subscriber: Starting subscriber engine=Amqp key=topic_5 endpoint=None crash_enabled=false
2026-09-30T19:16:53.836688Z  INFO mq_bench::roles::subscriber: Connected via transport engine=Amqp
2026-09-30T19:16:53.847353Z  INFO mq_bench::roles::subscriber: Subscribed to key expression key=topic_5
2026-09-30T19:17:00.504759Z  INFO mq_bench::roles::subscriber: Starting subscriber engine=Amqp key=topic_5 endpoint=None crash_enabled=false
2026-09-30T19:17:00.504802Z  INFO mq_bench::roles::subscriber: Connected via transport engine=Amqp
2026-09-30T19:17:00.515553Z  INFO mq_bench::roles::subscriber: Subscribed to key expression key=topic_5
2026-09-30T19:17:07.173092Z  INFO mq_bench::roles::subscriber: Starting subscriber engine=Amqp key=topic_5 endpoint=None crash_enabled=false
2026-09-30T19:17:07.173138Z  INFO mq_bench::roles::subscriber: Connected via transport engine=Amqp
2026-09-30T19:17:07.184398Z  INFO mq_bench::roles::subscriber: Subscribed to key expression key=topic_5
2026-09-30T19:17:13.840288Z  INFO mq_bench::roles::subscriber: Starting subscriber engine=Amqp key=topic_5 endpoint=None crash_enabled=false
2026-09-30T19:17:13.840323Z  INFO mq_bench::roles::subscriber: Connected via transport engine=Amqp
2026-09-30T19:17:13.851969Z  INFO mq_bench::roles::subscriber: Subscribed to key expression key=topic_5
2026-09-30T19:17:20.507713Z  INFO mq_bench::roles::subscriber: Starting subscriber engine=Amqp key=topic_5 endpoint=None crash_enabled=false
2026-09-30T19:17:20.507771Z  INFO mq_bench::roles::subscriber: Connected via transport engine=Amqp
2026-09-30T19:17:20.519945Z  INFO mq_bench::roles::subscriber: Subscribed to key expression key=topic_5
2026-09-30T19:17:27.176032Z  INFO mq_bench::roles::subscriber: Starting subscriber engine=Amqp key=topic_5 endpoint=None crash_enabled=false
2026-09-30T19:17:27.176078Z  INFO mq_bench::roles::subscriber: Connected via transport engine=Amqp
2026-09-30T19:17:27.187347Z  INFO mq_bench::roles::subscriber: Subscribed to key expression key=topic_5
2026-09-30T19:17:33.843456Z  INFO mq_bench::roles::subscriber: Starting subscriber engine=Amqp key=topic_5 endpoint=None crash_enabled=false
2026-09-30T19:17:33.843479Z  INFO mq_bench::roles::subscriber: Connected via transport engine=Amqp
2026-09-30T19:17:33.854082Z  INFO mq_bench::roles::subscriber: Subscribed to key expression key=topic_5
