mq-bench starting with run_id: auto
Writing CSV output to: artifacts/fanout_bursty_20260930_191633_amqp_rabbitmq_p64_s1000_u10_bursty/fanout_singlesite/sub_9_9.csv
2026-09-30T19:16:34.028028Z  INFO mq_bench::roles::subscriber: Starting subscriber engine=Amqp key=topic_9 endpoint=None crash_enabled=false
2026-09-30T19:16:34.028076Z  INFO mq_bench::roles::subscriber: Connected via transport engine=Amqp
2026-09-30T19:16:34.042919Z  INFO mq_bench::roles::subscriber: Subscribed to key expression key=topic_9
2026-09-30T19:16:40.695156Z  INFO mq_bench::roles::subscriber: Starting subscriber engine=Amqp key=topic_9 endpoint=None crash_enabled=false
2026-09-30T19:16:40.695252Z  INFO mq_bench::roles::subscriber: Connected via transport engine=Amqp
2026-09-30T19:16:40.704625Z  INFO mq_bench::roles::subscriber: Subscribed to key expression key=topic_9
2026-09-30T19:16:47.362672Z  INFO mq_bench::roles::subscriber: Starting subscriber engine=Amqp key=topic_9 endpoint=None crash_enabled=false
2026-09-30T19:16:47.362741Z  INFO mq_bench::roles::subscriber: Connected via transport engine=Amqp
2026-09-30T19:16:47.372481Z  INFO mq_bench::roles::subscriber: Subscribed to key expression key=topic_9
2026-09-30T19:16:54.030324Z  INFO mq_bench::roles::subscriber: Starting subscriber engine=Amqp key=topic_9 endpoint=None crash_enabled=false
2026-09-30T19:16:54.030367Z  INFO mq_bench::roles::subscriber: Connected via transport engine=Amqp
2026-09-30T19:16:54.039929Z  INFO mq_bench::roles::subscriber: Subscribed to key expression key=topic_9
2026-09-30T19:17:00.698271Z  INFO mq_bench::roles::subscriber: Starting subscriber engine=Amqp key=topic_9 endpoint=None crash_enabled=false
2026-09-30T19:17:00.698313Z  INFO mq_bench::roles::subscriber: Connected via transport engine=Amqp
2026-09-30T19:17:00.707975Z  INFO mq_bench::roles::subscriber: Subscribed to key expression key=topic_9
2026-09-30T19:17:07.366333Z  INFO mq_bench::roles::subscriber: Starting subscriber engine=Amqp key=topic_9 endpoint=None crash_enabled=false
2026-09-30T19:17:07.366367Z  INFO mq_bench::roles::subscriber: Connected via transport engine=Amqp
2026-09-30T19:17:07.376102Z  INFO mq_bench::roles::subscriber: Subscribed to key expression key=topic_9
2026-09-30T19:17:14.034848Z  INFO mq_bench::roles::subscriber: Starting subscriber engine=Amqp key=topic_9 endpoint=None crash_enabled=false
2026-09-30T19:17:14.034870Z  INFO mq_bench::roles::subscriber: Connected via transport engine=Amqp
2026-09-30T19:17:14.047584Z  INFO mq_bench::roles::subscriber: Subscribed to key expression key=topic_9
2026-09-30T19:17:20.702542Z  INFO mq_bench::roles::subscriber: Starting subscriber engine=Amqp key=topic_9 endpoint=None crash_enabled=false
2026-09-30T19:17:20.702581Z  INFO mq_bench::roles::subscriber: Connected via transport engine=Amqp
2026-09-30T19:17:20.713390Z  INFO mq_bench::roles::subscriber: Subscribed to key expression key=topic_9
2026-09-30T19:17:27.370339Z  INFO mq_bench::roles::subscriber: Starting subscriber engine=Amqp key=topic_9 endpoint=None crash_enabled=false
2026-09-30T19:17:27.370360Z  INFO mq_bench::roles::subscriber: Connected via transport engine=Amqp
2026-09-30T19:17:27.379788Z  INFO mq_bench::roles::subscriber: Subscribed to key expression key=topic_9
2026-09-30T19:17:34.038015Z  INFO mq_bench::roles::subscriber: Starting subscriber engine=Amqp key=topic_9 endpoint=None crash_enabled=false
2026-09-30T19:17:34.038059Z  INFO mq_bench::roles::subscriber: Connected via transport engine=Amqp
2026-09-30T19:17:34.048048Z  INFO mq_bench::roles::subscriber: Subscribed to key expression key=topic_9
