mq-bench starting with run_id: auto
Writing CSV output to: artifacts/fanout_bursty_20260930_191633_amqp_rabbitmq_p64_s1000_u10_bursty/fanout_singlesite/sub_5_6.csv
2026-09-30T19:16:33.856398Z  INFO mq_bench::roles::subscriber: Starting subscriber engine=Amqp key=topic_5 endpoint=None crash_enabled=false
2026-09-30T19:16:33.856456Z  INFO mq_bench::roles::subscriber: Connected via transport engine=Amqp
2026-09-30T19:16:33.873463Z  INFO mq_bench::roles::subscriber: Subscribed to key expression key=topic_5
2026-09-30T19:16:40.524541Z  INFO mq_bench::roles::subscriber: Starting subscriber engine=Amqp key=topic_5 endpoint=None crash_enabled=false
2026-09-30T19:16:40.524639Z  INFO mq_bench::roles::subscriber: Connected via transport engine=Amqp
2026-09-30T19:16:40.534705Z  INFO mq_bench::roles::subscriber: Subscribed to key expression key=topic_5
2026-09-30T19:16:47.191765Z  INFO mq_bench::roles::subscriber: Starting subscriber engine=Amqp key=topic_5 endpoint=None crash_enabled=false
2026-09-30T19:16:47.191835Z  INFO mq_bench::roles::subscriber: Connected via transport engine=Amqp
2026-09-30T19:16:47.202579Z  INFO mq_bench::roles::subscriber: Subscribed to key expression key=topic_5
2026-09-30T19:16:53.858911Z  INFO mq_bench::roles::subscriber: Starting subscriber engine=Amqp key=topic_5 endpoint=None crash_enabled=false
2026-09-30T19:16:53.858981Z  INFO mq_bench::roles::subscriber: Connected via transport engine=Amqp
2026-09-30T19:16:53.870241Z  INFO mq_bench::roles::subscriber: Subscribed to key expression key=topic_5
2026-09-30T19:17:00.526583Z  INFO mq_bench::roles::subscriber: Starting subscriber engine=Amqp key=topic_5 endpoint=None crash_enabled=false
2026-09-30T19:17:00.526624Z  INFO mq_bench::roles::subscriber: Connected via transport engine=Amqp
2026-09-30T19:17:00.537819Z  INFO mq_bench::roles::subscriber: Subscribed to key expression key=topic_5
2026-09-30T19:17:07.194121Z  INFO mq_bench::roles::subscriber: Starting subscriber engine=Amqp key=topic_5 endpoint=None crash_enabled=false
2026-09-30T19:17:07.194164Z  INFO mq_bench::roles::subscriber: Connected via transport engine=Amqp
2026-09-30T19:17:07.205844Z  INFO mq_bench::roles::subscriber: Subscribed to key expression key=topic_5
2026-09-30T19:17:13.861685Z  INFO mq_bench::roles::subscriber: Starting subscriber engine=Amqp key=topic_5 endpoint=None crash_enabled=false
2026-09-30T19:17:13.861704Z  INFO mq_bench::roles::subscriber: Connected via transport engine=Amqp
2026-09-30T19:17:13.872639Z  INFO mq_bench::roles::subscriber: Subscribed to key expression key=topic_5
2026-09-30T19:17:20.528871Z  INFO mq_bench::roles::subscriber: Starting subscriber engine=Amqp key=topic_5 endpoint=None crash_enabled=false
2026-09-30T19:17:20.528953Z  INFO mq_bench::roles::subscriber: Connected via transport engine=Amqp
2026-09-30T19:17:20.540555Z  INFO mq_bench::roles::subscriber: Subscribed to key expression key=topic_5
2026-09-30T19:17:27.197337Z  INFO mq_bench::roles::subscriber: Starting subscriber engine=Amqp key=topic_5 endpoint=None crash_enabled=false
2026-09-30T19:17:27.197374Z  INFO mq_bench::roles::subscriber: Connected via transport engine=Amqp
2026-09-30T19:17:27.208201Z  INFO mq_bench::roles::subscriber: Subscribed to key expression key=topic_5
2026-09-30T19:17:33.864950Z  INFO mq_bench::roles::subscriber: Starting subscriber engine=Amqp key=topic_5 endpoint=None crash_enabled=false
2026-09-30T19:17:33.864987Z  INFO mq_bench::roles::subscriber: Connected via transport engine=Amqp
2026-09-30T19:17:33.878327Z  INFO mq_bench::roles::subscriber: Subscribed to key expression key=topic_5
