mq-bench starting with run_id: auto
Writing CSV output to: artifacts/fanout_bursty_20260930_191633_amqp_rabbitmq_p64_s1000_u10_bursty/fanout_singlesite/sub_1_0.csv
2026-09-30T19:16:33.679156Z  INFO mq_bench::roles::subscriber: Starting subscriber engine=Amqp key=topic_1 endpoint=None crash_enabled=false
2026-09-30T19:16:33.679207Z  INFO mq_bench::roles::subscriber: Connected via transport engine=Amqp
2026-09-30T19:16:33.697110Z  INFO mq_bench::roles::subscriber: Subscribed to key expression key=topic_1
2026-09-30T19:16:40.346448Z  INFO mq_bench::roles::subscriber: Starting subscriber engine=Amqp key=topic_1 endpoint=None crash_enabled=false
2026-09-30T19:16:40.346546Z  INFO mq_bench::roles::subscriber: Connected via transport engine=Amqp
2026-09-30T19:16:40.371972Z  INFO mq_bench::roles::subscriber: Subscribed to key expression key=topic_1
2026-09-30T19:16:47.014068Z  INFO mq_bench::roles::subscriber: Starting subscriber engine=Amqp key=topic_1 endpoint=None crash_enabled=false
2026-09-30T19:16:47.014115Z  INFO mq_bench::roles::subscriber: Connected via transport engine=Amqp
2026-09-30T19:16:47.037971Z  INFO mq_bench::roles::subscriber: Subscribed to key expression key=topic_1
2026-09-30T19:16:53.681280Z  INFO mq_bench::roles::subscriber: Starting subscriber engine=Amqp key=topic_1 endpoint=None crash_enabled=false
2026-09-30T19:16:53.681325Z  INFO mq_bench::roles::subscriber: Connected via transport engine=Amqp
2026-09-30T19:16:53.703703Z  INFO mq_bench::roles::subscriber: Subscribed to key expression key=topic_1
2026-09-30T19:17:00.348719Z  INFO mq_bench::roles::subscriber: Starting subscriber engine=Amqp key=topic_1 endpoint=None crash_enabled=false
2026-09-30T19:17:00.348766Z  INFO mq_bench::roles::subscriber: Connected via transport engine=Amqp
2026-09-30T19:17:00.367212Z  INFO mq_bench::roles::subscriber: Subscribed to key expression key=topic_1
2026-09-30T19:17:07.016783Z  INFO mq_bench::roles::subscriber: Starting subscriber engine=Amqp key=topic_1 endpoint=None crash_enabled=false
2026-09-30T19:17:07.016843Z  INFO mq_bench::roles::subscriber: Connected via transport engine=Amqp
2026-09-30T19:17:07.039413Z  INFO mq_bench::roles::subscriber: Subscribed to key expression key=topic_1
2026-09-30T19:17:13.684322Z  INFO mq_bench::roles::subscriber: Starting subscriber engine=Amqp key=topic_1 endpoint=None crash_enabled=false
2026-09-30T19:17:13.684390Z  INFO mq_bench::roles::subscriber: Connected via transport engine=Amqp
2026-09-30T19:17:13.704802Z  INFO mq_bench::roles::subscriber: Subscribed to key expression key=topic_1
2026-09-30T19:17:20.351583Z  INFO mq_bench::roles::subscriber: Starting subscriber engine=Amqp key=topic_1 endpoint=None crash_enabled=false
2026-09-30T19:17:20.351638Z  INFO mq_bench::roles::subscriber: Connected via transport engine=Amqp
2026-09-30T19:17:20.374574Z  INFO mq_bench::roles::subscriber: Subscribed to key expression key=topic_1
2026-09-30T19:17:27.019991Z  INFO mq_bench::roles::subscriber: Starting subscriber engine=Amqp key=topic_1 endpoint=None crash_enabled=false
2026-09-30T19:17:27.020034Z  INFO mq_bench::roles::subscriber: Connected via transport engine=Amqp
2026-09-30T19:17:27.040374Z  INFO mq_bench::roles::subscriber: Subscribed to key expression key=topic_1
2026-09-30T19:17:33.687834Z  INFO mq_bench::roles::subscriber: Starting subscriber engine=Amqp key=topic_1 endpoint=None crash_enabled=false
2026-09-30T19:17:33.687880Z  INFO mq_bench::roles::subscriber: Connected via transport engine=Amqp
2026-09-30T19:17:33.710085Z  INFO mq_bench::roles::subscriber: Subscribed to key expression key=topic_1
