mq-bench starting with run_id: auto
Writing CSV output to: artifacts/fanout_bursty_20260930_191633_amqp_rabbitmq_p64_s1000_u10_bursty/fanout_singlesite/sub_6_1.csv
2026-09-30T19:16:33.876481Z  INFO mq_bench::roles::subscriber: Starting subscriber engine=Amqp key=topic_6 endpoint=None crash_enabled=false
2026-09-30T19:16:33.876521Z  INFO mq_bench::roles::subscriber: Connected via transport engine=Amqp
2026-09-30T19:16:33.893195Z  INFO mq_bench::roles::subscriber: Subscribed to key expression key=topic_6
2026-09-30T19:16:40.543448Z  INFO mq_bench::roles::subscriber: Starting subscriber engine=Amqp key=topic_6 endpoint=None crash_enabled=false
2026-09-30T19:16:40.543491Z  INFO mq_bench::roles::subscriber: Connected via transport engine=Amqp
2026-09-30T19:16:40.553347Z  INFO mq_bench::roles::subscriber: Subscribed to key expression key=topic_6
2026-09-30T19:16:47.210278Z  INFO mq_bench::roles::subscriber: Starting subscriber engine=Amqp key=topic_6 endpoint=None crash_enabled=false
2026-09-30T19:16:47.210298Z  INFO mq_bench::roles::subscriber: Connected via transport engine=Amqp
2026-09-30T19:16:47.222466Z  INFO mq_bench::roles::subscriber: Subscribed to key expression key=topic_6
2026-09-30T19:16:53.877869Z  INFO mq_bench::roles::subscriber: Starting subscriber engine=Amqp key=topic_6 endpoint=None crash_enabled=false
2026-09-30T19:16:53.877932Z  INFO mq_bench::roles::subscriber: Connected via transport engine=Amqp
2026-09-30T19:16:53.889110Z  INFO mq_bench::roles::subscriber: Subscribed to key expression key=topic_6
2026-09-30T19:17:00.546059Z  INFO mq_bench::roles::subscriber: Starting subscriber engine=Amqp key=topic_6 endpoint=None crash_enabled=false
2026-09-30T19:17:00.546103Z  INFO mq_bench::roles::subscriber: Connected via transport engine=Amqp
2026-09-30T19:17:00.556984Z  INFO mq_bench::roles::subscriber: Subscribed to key expression key=topic_6
2026-09-30T19:17:07.214166Z  INFO mq_bench::roles::subscriber: Starting subscriber engine=Amqp key=topic_6 endpoint=None crash_enabled=false
2026-09-30T19:17:07.214202Z  INFO mq_bench::roles::subscriber: Connected via transport engine=Amqp
2026-09-30T19:17:07.225157Z  INFO mq_bench::roles::subscriber: Subscribed to key expression key=topic_6
2026-09-30T19:17:13.881429Z  INFO mq_bench::roles::subscriber: Starting subscriber engine=Amqp key=topic_6 endpoint=None crash_enabled=false
2026-09-30T19:17:13.881453Z  INFO mq_bench::roles::subscriber: Connected via transport engine=Amqp
2026-09-30T19:17:13.892990Z  INFO mq_bench::roles::subscriber: Subscribed to key expression key=topic_6
2026-09-30T19:17:20.549212Z  INFO mq_bench::roles::subscriber: Starting subscriber engine=Amqp key=topic_6 endpoint=None crash_enabled=false
2026-09-30T19:17:20.549233Z  INFO mq_bench::roles::subscriber: Connected via transport engine=Amqp
2026-09-30T19:17:20.560406Z  INFO mq_bench::roles::subscriber: Subscribed to key expression key=topic_6
2026-09-30T19:17:27.216995Z  INFO mq_bench::roles::subscriber: Starting subscriber engine=Amqp key=topic_6 endpoint=None crash_enabled=false
2026-09-30T19:17:27.217017Z  INFO mq_bench::roles::subscriber: Connected via transport engine=Amqp
2026-09-30T19:17:27.228396Z  INFO mq_bench::roles::subscriber: Subscribed to key expression key=topic_6
2026-09-30T19:17:33.884507Z  INFO mq_bench::roles::subscriber: Starting subscriber engine=Amqp key=topic_6 endpoint=None crash_enabled=false
2026-09-30T19:17:33.884546Z  INFO mq_bench::roles::subscriber: Connected via transport engine=Amqp
2026-09-30T19:17:33.895547Z  INFO mq_bench::roles::subscriber: Subscribed to key expression key=topic_6
