mq-bench starting with run_id: auto
Writing CSV output to: artifacts/fanout_bursty_20260930_191633_amqp_rabbitmq_p64_s1000_u10_bursty/fanout_singlesite/sub_8_0.csv
2026-09-30T19:16:33.951827Z  INFO mq_bench::roles::subscriber: Starting subscriber engine=Amqp key=topic_8 endpoint=None crash_enabled=false
2026-09-30T19:16:33.951870Z  INFO mq_bench::roles::subscriber: Connected via transport engine=Amqp
2026-09-30T19:16:33.968336Z  INFO mq_bench::roles::subscriber: Subscribed to key expression key=topic_8
2026-09-30T19:16:40.620085Z  INFO mq_bench::roles::subscriber: Starting subscriber engine=Amqp key=topic_8 endpoint=None crash_enabled=false
2026-09-30T19:16:40.620179Z  INFO mq_bench::roles::subscriber: Connected via transport engine=Amqp
2026-09-30T19:16:40.630575Z  INFO mq_bench::roles::subscriber: Subscribed to key expression key=topic_8
2026-09-30T19:16:47.287669Z  INFO mq_bench::roles::subscriber: Starting subscriber engine=Amqp key=topic_8 endpoint=None crash_enabled=false
2026-09-30T19:16:47.287747Z  INFO mq_bench::roles::subscriber: Connected via transport engine=Amqp
2026-09-30T19:16:47.297402Z  INFO mq_bench::roles::subscriber: Subscribed to key expression key=topic_8
2026-09-30T19:16:53.955288Z  INFO mq_bench::roles::subscriber: Starting subscriber engine=Amqp key=topic_8 endpoint=None crash_enabled=false
2026-09-30T19:16:53.955334Z  INFO mq_bench::roles::subscriber: Connected via transport engine=Amqp
2026-09-30T19:16:53.964988Z  INFO mq_bench::roles::subscriber: Subscribed to key expression key=topic_8
2026-09-30T19:17:00.622304Z  INFO mq_bench::roles::subscriber: Starting subscriber engine=Amqp key=topic_8 endpoint=None crash_enabled=false
2026-09-30T19:17:00.622347Z  INFO mq_bench::roles::subscriber: Connected via transport engine=Amqp
2026-09-30T19:17:00.632863Z  INFO mq_bench::roles::subscriber: Subscribed to key expression key=topic_8
2026-09-30T19:17:07.289174Z  INFO mq_bench::roles::subscriber: Starting subscriber engine=Amqp key=topic_8 endpoint=None crash_enabled=false
2026-09-30T19:17:07.289220Z  INFO mq_bench::roles::subscriber: Connected via transport engine=Amqp
2026-09-30T19:17:07.299660Z  INFO mq_bench::roles::subscriber: Subscribed to key expression key=topic_8
2026-09-30T19:17:13.956753Z  INFO mq_bench::roles::subscriber: Starting subscriber engine=Amqp key=topic_8 endpoint=None crash_enabled=false
2026-09-30T19:17:13.956816Z  INFO mq_bench::roles::subscriber: Connected via transport engine=Amqp
2026-09-30T19:17:13.966880Z  INFO mq_bench::roles::subscriber: Subscribed to key expression key=topic_8
2026-09-30T19:17:20.624277Z  INFO mq_bench::roles::subscriber: Starting subscriber engine=Amqp key=topic_8 endpoint=None crash_enabled=false
2026-09-30T19:17:20.624331Z  INFO mq_bench::roles::subscriber: Connected via transport engine=Amqp
2026-09-30T19:17:20.635782Z  INFO mq_bench::roles::subscriber: Subscribed to key expression key=topic_8
2026-09-30T19:17:27.291657Z  INFO mq_bench::roles::subscriber: Starting subscriber engine=Amqp key=topic_8 endpoint=None crash_enabled=false
2026-09-30T19:17:27.291708Z  INFO mq_bench::roles::subscriber: Connected via transport engine=Amqp
2026-09-30T19:17:27.302987Z  INFO mq_bench::roles::subscriber: Subscribed to key expression key=topic_8
2026-09-30T19:17:33.959169Z  INFO mq_bench::roles::subscriber: Starting subscriber engine=Amqp key=topic_8 endpoint=None crash_enabled=false
2026-09-30T19:17:33.959215Z  INFO mq_bench::roles::subscriber: Connected via transport engine=Amqp
2026-09-30T19:17:33.970321Z  INFO mq_bench::roles::subscriber: Subscribed to key expression key=topic_8
