mq-bench starting with run_id: auto
Writing CSV output to: artifacts/fanout_bursty_20260930_191633_amqp_rabbitmq_p64_s1000_u10_bursty/fanout_singlesite/sub_6_4.csv
2026-09-30T19:16:33.887934Z  INFO mq_bench::roles::subscriber: Starting subscriber engine=Amqp key=topic_6 endpoint=None crash_enabled=false
2026-09-30T19:16:33.887991Z  INFO mq_bench::roles::subscriber: Connected via transport engine=Amqp
2026-09-30T19:16:33.905090Z  INFO mq_bench::roles::subscriber: Subscribed to key expression key=topic_6
2026-09-30T19:16:40.556025Z  INFO mq_bench::roles::subscriber: Starting subscriber engine=Amqp key=topic_6 endpoint=None crash_enabled=false
2026-09-30T19:16:40.556125Z  INFO mq_bench::roles::subscriber: Connected via transport engine=Amqp
2026-09-30T19:16:40.566433Z  INFO mq_bench::roles::subscriber: Subscribed to key expression key=topic_6
2026-09-30T19:16:47.223636Z  INFO mq_bench::roles::subscriber: Starting subscriber engine=Amqp key=topic_6 endpoint=None crash_enabled=false
2026-09-30T19:16:47.223710Z  INFO mq_bench::roles::subscriber: Connected via transport engine=Amqp
2026-09-30T19:16:47.234847Z  INFO mq_bench::roles::subscriber: Subscribed to key expression key=topic_6
2026-09-30T19:16:53.892079Z  INFO mq_bench::roles::subscriber: Starting subscriber engine=Amqp key=topic_6 endpoint=None crash_enabled=false
2026-09-30T19:16:53.892115Z  INFO mq_bench::roles::subscriber: Connected via transport engine=Amqp
2026-09-30T19:16:53.903056Z  INFO mq_bench::roles::subscriber: Subscribed to key expression key=topic_6
2026-09-30T19:17:00.560061Z  INFO mq_bench::roles::subscriber: Starting subscriber engine=Amqp key=topic_6 endpoint=None crash_enabled=false
2026-09-30T19:17:00.560098Z  INFO mq_bench::roles::subscriber: Connected via transport engine=Amqp
2026-09-30T19:17:00.571023Z  INFO mq_bench::roles::subscriber: Subscribed to key expression key=topic_6
2026-09-30T19:17:07.227294Z  INFO mq_bench::roles::subscriber: Starting subscriber engine=Amqp key=topic_6 endpoint=None crash_enabled=false
2026-09-30T19:17:07.227315Z  INFO mq_bench::roles::subscriber: Connected via transport engine=Amqp
2026-09-30T19:17:07.238421Z  INFO mq_bench::roles::subscriber: Subscribed to key expression key=topic_6
2026-09-30T19:17:13.895209Z  INFO mq_bench::roles::subscriber: Starting subscriber engine=Amqp key=topic_6 endpoint=None crash_enabled=false
2026-09-30T19:17:13.895274Z  INFO mq_bench::roles::subscriber: Connected via transport engine=Amqp
2026-09-30T19:17:13.906664Z  INFO mq_bench::roles::subscriber: Subscribed to key expression key=topic_6
2026-09-30T19:17:20.562947Z  INFO mq_bench::roles::subscriber: Starting subscriber engine=Amqp key=topic_6 endpoint=None crash_enabled=false
2026-09-30T19:17:20.562992Z  INFO mq_bench::roles::subscriber: Connected via transport engine=Amqp
2026-09-30T19:17:20.574495Z  INFO mq_bench::roles::subscriber: Subscribed to key expression key=topic_6
2026-09-30T19:17:27.231146Z  INFO mq_bench::roles::subscriber: Starting subscriber engine=Amqp key=topic_6 endpoint=None crash_enabled=false
2026-09-30T19:17:27.231201Z  INFO mq_bench::roles::subscriber: Connected via transport engine=Amqp
2026-09-30T19:17:27.242196Z  INFO mq_bench::roles::subscriber: Subscribed to key expression key=topic_6
2026-09-30T19:17:33.898327Z  INFO mq_bench::roles::subscriber: Starting subscriber engine=Amqp key=topic_6 endpoint=None crash_enabled=false
2026-09-30T19:17:33.898371Z  INFO mq_bench::roles::subscriber: Connected via transport engine=Amqp
2026-09-30T19:17:33.908903Z  INFO mq_bench::roles::subscriber: Subscribed to key expression key=topic_6
