mq-bench starting with run_id: auto
Writing CSV output to: artifacts/fanout_bursty_20260930_191633_amqp_rabbitmq_p64_s1000_u10_bursty/fanout_singlesite/sub_1_7.csv
2026-09-30T19:16:33.706207Z  INFO mq_bench::roles::subscriber: Starting subscriber engine=Amqp key=topic_1 endpoint=None crash_enabled=false
2026-09-30T19:16:33.706256Z  INFO mq_bench::roles::subscriber: Connected via transport engine=Amqp
2026-09-30T19:16:33.723501Z  INFO mq_bench::roles::subscriber: Subscribed to key expression key=topic_1
2026-09-30T19:16:40.373567Z  INFO mq_bench::roles::subscriber: Starting subscriber engine=Amqp key=topic_1 endpoint=None crash_enabled=false
2026-09-30T19:16:40.373653Z  INFO mq_bench::roles::subscriber: Connected via transport engine=Amqp
2026-09-30T19:16:40.393536Z  INFO mq_bench::roles::subscriber: Subscribed to key expression key=topic_1
2026-09-30T19:16:47.041800Z  INFO mq_bench::roles::subscriber: Starting subscriber engine=Amqp key=topic_1 endpoint=None crash_enabled=false
2026-09-30T19:16:47.041877Z  INFO mq_bench::roles::subscriber: Connected via transport engine=Amqp
2026-09-30T19:16:47.069247Z  INFO mq_bench::roles::subscriber: Subscribed to key expression key=topic_1
2026-09-30T19:16:53.709646Z  INFO mq_bench::roles::subscriber: Starting subscriber engine=Amqp key=topic_1 endpoint=None crash_enabled=false
2026-09-30T19:16:53.709687Z  INFO mq_bench::roles::subscriber: Connected via transport engine=Amqp
2026-09-30T19:16:53.733816Z  INFO mq_bench::roles::subscriber: Subscribed to key expression key=topic_1
2026-09-30T19:17:00.378101Z  INFO mq_bench::roles::subscriber: Starting subscriber engine=Amqp key=topic_1 endpoint=None crash_enabled=false
2026-09-30T19:17:00.378144Z  INFO mq_bench::roles::subscriber: Connected via transport engine=Amqp
2026-09-30T19:17:00.405103Z  INFO mq_bench::roles::subscriber: Subscribed to key expression key=topic_1
2026-09-30T19:17:07.046066Z  INFO mq_bench::roles::subscriber: Starting subscriber engine=Amqp key=topic_1 endpoint=None crash_enabled=false
2026-09-30T19:17:07.046113Z  INFO mq_bench::roles::subscriber: Connected via transport engine=Amqp
2026-09-30T19:17:07.068342Z  INFO mq_bench::roles::subscriber: Subscribed to key expression key=topic_1
2026-09-30T19:17:13.713413Z  INFO mq_bench::roles::subscriber: Starting subscriber engine=Amqp key=topic_1 endpoint=None crash_enabled=false
2026-09-30T19:17:13.713457Z  INFO mq_bench::roles::subscriber: Connected via transport engine=Amqp
2026-09-30T19:17:13.732201Z  INFO mq_bench::roles::subscriber: Subscribed to key expression key=topic_1
2026-09-30T19:17:20.380773Z  INFO mq_bench::roles::subscriber: Starting subscriber engine=Amqp key=topic_1 endpoint=None crash_enabled=false
2026-09-30T19:17:20.380794Z  INFO mq_bench::roles::subscriber: Connected via transport engine=Amqp
2026-09-30T19:17:20.400659Z  INFO mq_bench::roles::subscriber: Subscribed to key expression key=topic_1
2026-09-30T19:17:27.048342Z  INFO mq_bench::roles::subscriber: Starting subscriber engine=Amqp key=topic_1 endpoint=None crash_enabled=false
2026-09-30T19:17:27.048390Z  INFO mq_bench::roles::subscriber: Connected via transport engine=Amqp
2026-09-30T19:17:27.069531Z  INFO mq_bench::roles::subscriber: Subscribed to key expression key=topic_1
2026-09-30T19:17:33.715897Z  INFO mq_bench::roles::subscriber: Starting subscriber engine=Amqp key=topic_1 endpoint=None crash_enabled=false
2026-09-30T19:17:33.715960Z  INFO mq_bench::roles::subscriber: Connected via transport engine=Amqp
2026-09-30T19:17:33.739101Z  INFO mq_bench::roles::subscriber: Subscribed to key expression key=topic_1
