mq-bench starting with run_id: auto
Writing CSV output to: artifacts/fanout_bursty_20260930_191633_amqp_rabbitmq_p64_s1000_u10_bursty/fanout_singlesite/sub_5_9.csv
2026-09-30T19:16:33.868272Z  INFO mq_bench::roles::subscriber: Starting subscriber engine=Amqp key=topic_5 endpoint=None crash_enabled=false
2026-09-30T19:16:33.868325Z  INFO mq_bench::roles::subscriber: Connected via transport engine=Amqp
2026-09-30T19:16:33.886796Z  INFO mq_bench::roles::subscriber: Subscribed to key expression key=topic_5
2026-09-30T19:16:40.535611Z  INFO mq_bench::roles::subscriber: Starting subscriber engine=Amqp key=topic_5 endpoint=None crash_enabled=false
2026-09-30T19:16:40.535654Z  INFO mq_bench::roles::subscriber: Connected via transport engine=Amqp
2026-09-30T19:16:40.546305Z  INFO mq_bench::roles::subscriber: Subscribed to key expression key=topic_5
2026-09-30T19:16:47.203488Z  INFO mq_bench::roles::subscriber: Starting subscriber engine=Amqp key=topic_5 endpoint=None crash_enabled=false
2026-09-30T19:16:47.203530Z  INFO mq_bench::roles::subscriber: Connected via transport engine=Amqp
2026-09-30T19:16:47.214762Z  INFO mq_bench::roles::subscriber: Subscribed to key expression key=topic_5
2026-09-30T19:16:53.870336Z  INFO mq_bench::roles::subscriber: Starting subscriber engine=Amqp key=topic_5 endpoint=None crash_enabled=false
2026-09-30T19:16:53.870376Z  INFO mq_bench::roles::subscriber: Connected via transport engine=Amqp
2026-09-30T19:16:53.881554Z  INFO mq_bench::roles::subscriber: Subscribed to key expression key=topic_5
2026-09-30T19:17:00.537579Z  INFO mq_bench::roles::subscriber: Starting subscriber engine=Amqp key=topic_5 endpoint=None crash_enabled=false
2026-09-30T19:17:00.537614Z  INFO mq_bench::roles::subscriber: Connected via transport engine=Amqp
2026-09-30T19:17:00.548138Z  INFO mq_bench::roles::subscriber: Subscribed to key expression key=topic_5
2026-09-30T19:17:07.205666Z  INFO mq_bench::roles::subscriber: Starting subscriber engine=Amqp key=topic_5 endpoint=None crash_enabled=false
2026-09-30T19:17:07.205745Z  INFO mq_bench::roles::subscriber: Connected via transport engine=Amqp
2026-09-30T19:17:07.217198Z  INFO mq_bench::roles::subscriber: Subscribed to key expression key=topic_5
2026-09-30T19:17:13.873952Z  INFO mq_bench::roles::subscriber: Starting subscriber engine=Amqp key=topic_5 endpoint=None crash_enabled=false
2026-09-30T19:17:13.873997Z  INFO mq_bench::roles::subscriber: Connected via transport engine=Amqp
2026-09-30T19:17:13.885378Z  INFO mq_bench::roles::subscriber: Subscribed to key expression key=topic_5
2026-09-30T19:17:20.541816Z  INFO mq_bench::roles::subscriber: Starting subscriber engine=Amqp key=topic_5 endpoint=None crash_enabled=false
2026-09-30T19:17:20.541869Z  INFO mq_bench::roles::subscriber: Connected via transport engine=Amqp
2026-09-30T19:17:20.553754Z  INFO mq_bench::roles::subscriber: Subscribed to key expression key=topic_5
2026-09-30T19:17:27.209963Z  INFO mq_bench::roles::subscriber: Starting subscriber engine=Amqp key=topic_5 endpoint=None crash_enabled=false
2026-09-30T19:17:27.209986Z  INFO mq_bench::roles::subscriber: Connected via transport engine=Amqp
2026-09-30T19:17:27.222001Z  INFO mq_bench::roles::subscriber: Subscribed to key expression key=topic_5
2026-09-30T19:17:33.877896Z  INFO mq_bench::roles::subscriber: Starting subscriber engine=Amqp key=topic_5 endpoint=None crash_enabled=false
2026-09-30T19:17:33.877978Z  INFO mq_bench::roles::subscriber: Connected via transport engine=Amqp
2026-09-30T19:17:33.889372Z  INFO mq_bench::roles::subscriber: Subscribed to key expression key=topic_5
