mq-bench starting with run_id: auto
Writing CSV output to: artifacts/fanout_bursty_20260930_191633_amqp_rabbitmq_p64_s1000_u10_bursty/fanout_singlesite/sub_8_2.csv
2026-09-30T19:16:33.959398Z  INFO mq_bench::roles::subscriber: Starting subscriber engine=Amqp key=topic_8 endpoint=None crash_enabled=false
2026-09-30T19:16:33.959447Z  INFO mq_bench::roles::subscriber: Connected via transport engine=Amqp
2026-09-30T19:16:33.975953Z  INFO mq_bench::roles::subscriber: Subscribed to key expression key=topic_8
2026-09-30T19:16:40.626796Z  INFO mq_bench::roles::subscriber: Starting subscriber engine=Amqp key=topic_8 endpoint=None crash_enabled=false
2026-09-30T19:16:40.626899Z  INFO mq_bench::roles::subscriber: Connected via transport engine=Amqp
2026-09-30T19:16:40.637069Z  INFO mq_bench::roles::subscriber: Subscribed to key expression key=topic_8
2026-09-30T19:16:47.294072Z  INFO mq_bench::roles::subscriber: Starting subscriber engine=Amqp key=topic_8 endpoint=None crash_enabled=false
2026-09-30T19:16:47.294127Z  INFO mq_bench::roles::subscriber: Connected via transport engine=Amqp
2026-09-30T19:16:47.304314Z  INFO mq_bench::roles::subscriber: Subscribed to key expression key=topic_8
2026-09-30T19:16:53.962522Z  INFO mq_bench::roles::subscriber: Starting subscriber engine=Amqp key=topic_8 endpoint=None crash_enabled=false
2026-09-30T19:16:53.962559Z  INFO mq_bench::roles::subscriber: Connected via transport engine=Amqp
2026-09-30T19:16:53.973265Z  INFO mq_bench::roles::subscriber: Subscribed to key expression key=topic_8
2026-09-30T19:17:00.630429Z  INFO mq_bench::roles::subscriber: Starting subscriber engine=Amqp key=topic_8 endpoint=None crash_enabled=false
2026-09-30T19:17:00.630452Z  INFO mq_bench::roles::subscriber: Connected via transport engine=Amqp
2026-09-30T19:17:00.641107Z  INFO mq_bench::roles::subscriber: Subscribed to key expression key=topic_8
2026-09-30T19:17:07.298328Z  INFO mq_bench::roles::subscriber: Starting subscriber engine=Amqp key=topic_8 endpoint=None crash_enabled=false
2026-09-30T19:17:07.298371Z  INFO mq_bench::roles::subscriber: Connected via transport engine=Amqp
2026-09-30T19:17:07.309379Z  INFO mq_bench::roles::subscriber: Subscribed to key expression key=topic_8
2026-09-30T19:17:13.966173Z  INFO mq_bench::roles::subscriber: Starting subscriber engine=Amqp key=topic_8 endpoint=None crash_enabled=false
2026-09-30T19:17:13.966221Z  INFO mq_bench::roles::subscriber: Connected via transport engine=Amqp
2026-09-30T19:17:13.976322Z  INFO mq_bench::roles::subscriber: Subscribed to key expression key=topic_8
2026-09-30T19:17:20.633701Z  INFO mq_bench::roles::subscriber: Starting subscriber engine=Amqp key=topic_8 endpoint=None crash_enabled=false
2026-09-30T19:17:20.633721Z  INFO mq_bench::roles::subscriber: Connected via transport engine=Amqp
2026-09-30T19:17:20.645321Z  INFO mq_bench::roles::subscriber: Subscribed to key expression key=topic_8
2026-09-30T19:17:27.301107Z  INFO mq_bench::roles::subscriber: Starting subscriber engine=Amqp key=topic_8 endpoint=None crash_enabled=false
2026-09-30T19:17:27.301145Z  INFO mq_bench::roles::subscriber: Connected via transport engine=Amqp
2026-09-30T19:17:27.312527Z  INFO mq_bench::roles::subscriber: Subscribed to key expression key=topic_8
2026-09-30T19:17:33.968730Z  INFO mq_bench::roles::subscriber: Starting subscriber engine=Amqp key=topic_8 endpoint=None crash_enabled=false
2026-09-30T19:17:33.968772Z  INFO mq_bench::roles::subscriber: Connected via transport engine=Amqp
2026-09-30T19:17:33.979939Z  INFO mq_bench::roles::subscriber: Subscribed to key expression key=topic_8
