mq-bench starting with run_id: auto
Writing CSV output to: artifacts/fanout_bursty_20260930_191633_amqp_rabbitmq_p64_s1000_u10_bursty/fanout_singlesite/sub_8_7.csv
2026-09-30T19:16:33.979487Z  INFO mq_bench::roles::subscriber: Starting subscriber engine=Amqp key=topic_8 endpoint=None crash_enabled=false
2026-09-30T19:16:33.979540Z  INFO mq_bench::roles::subscriber: Connected via transport engine=Amqp
2026-09-30T19:16:33.996302Z  INFO mq_bench::roles::subscriber: Subscribed to key expression key=topic_8
2026-09-30T19:16:40.647665Z  INFO mq_bench::roles::subscriber: Starting subscriber engine=Amqp key=topic_8 endpoint=None crash_enabled=false
2026-09-30T19:16:40.647760Z  INFO mq_bench::roles::subscriber: Connected via transport engine=Amqp
2026-09-30T19:16:40.657629Z  INFO mq_bench::roles::subscriber: Subscribed to key expression key=topic_8
2026-09-30T19:16:47.315593Z  INFO mq_bench::roles::subscriber: Starting subscriber engine=Amqp key=topic_8 endpoint=None crash_enabled=false
2026-09-30T19:16:47.315651Z  INFO mq_bench::roles::subscriber: Connected via transport engine=Amqp
2026-09-30T19:16:47.325125Z  INFO mq_bench::roles::subscriber: Subscribed to key expression key=topic_8
2026-09-30T19:16:53.983493Z  INFO mq_bench::roles::subscriber: Starting subscriber engine=Amqp key=topic_8 endpoint=None crash_enabled=false
2026-09-30T19:16:53.983536Z  INFO mq_bench::roles::subscriber: Connected via transport engine=Amqp
2026-09-30T19:16:53.993383Z  INFO mq_bench::roles::subscriber: Subscribed to key expression key=topic_8
2026-09-30T19:17:00.651478Z  INFO mq_bench::roles::subscriber: Starting subscriber engine=Amqp key=topic_8 endpoint=None crash_enabled=false
2026-09-30T19:17:00.651520Z  INFO mq_bench::roles::subscriber: Connected via transport engine=Amqp
2026-09-30T19:17:00.661193Z  INFO mq_bench::roles::subscriber: Subscribed to key expression key=topic_8
2026-09-30T19:17:07.319074Z  INFO mq_bench::roles::subscriber: Starting subscriber engine=Amqp key=topic_8 endpoint=None crash_enabled=false
2026-09-30T19:17:07.319134Z  INFO mq_bench::roles::subscriber: Connected via transport engine=Amqp
2026-09-30T19:17:07.329452Z  INFO mq_bench::roles::subscriber: Subscribed to key expression key=topic_8
2026-09-30T19:17:13.987403Z  INFO mq_bench::roles::subscriber: Starting subscriber engine=Amqp key=topic_8 endpoint=None crash_enabled=false
2026-09-30T19:17:13.987454Z  INFO mq_bench::roles::subscriber: Connected via transport engine=Amqp
2026-09-30T19:17:13.997928Z  INFO mq_bench::roles::subscriber: Subscribed to key expression key=topic_8
2026-09-30T19:17:20.655263Z  INFO mq_bench::roles::subscriber: Starting subscriber engine=Amqp key=topic_8 endpoint=None crash_enabled=false
2026-09-30T19:17:20.655297Z  INFO mq_bench::roles::subscriber: Connected via transport engine=Amqp
2026-09-30T19:17:20.666060Z  INFO mq_bench::roles::subscriber: Subscribed to key expression key=topic_8
2026-09-30T19:17:27.323475Z  INFO mq_bench::roles::subscriber: Starting subscriber engine=Amqp key=topic_8 endpoint=None crash_enabled=false
2026-09-30T19:17:27.323496Z  INFO mq_bench::roles::subscriber: Connected via transport engine=Amqp
2026-09-30T19:17:27.334377Z  INFO mq_bench::roles::subscriber: Subscribed to key expression key=topic_8
2026-09-30T19:17:33.991174Z  INFO mq_bench::roles::subscriber: Starting subscriber engine=Amqp key=topic_8 endpoint=None crash_enabled=false
2026-09-30T19:17:33.991209Z  INFO mq_bench::roles::subscriber: Connected via transport engine=Amqp
2026-09-30T19:17:34.002929Z  INFO mq_bench::roles::subscriber: Subscribed to key expression key=topic_8
