mq-bench starting with run_id: auto
Writing CSV output to: artifacts/fanout_bursty_20260930_191633_amqp_rabbitmq_p64_s1000_u10_bursty/fanout_singlesite/sub_4_6.csv
2026-09-30T19:16:33.817954Z  INFO mq_bench::roles::subscriber: Starting subscriber engine=Amqp key=topic_4 endpoint=None crash_enabled=false
2026-09-30T19:16:33.818001Z  INFO mq_bench::roles::subscriber: Connected via transport engine=Amqp
2026-09-30T19:16:33.836214Z  INFO mq_bench::roles::subscriber: Subscribed to key expression key=topic_4
2026-09-30T19:16:40.486111Z  INFO mq_bench::roles::subscriber: Starting subscriber engine=Amqp key=topic_4 endpoint=None crash_enabled=false
2026-09-30T19:16:40.486205Z  INFO mq_bench::roles::subscriber: Connected via transport engine=Amqp
2026-09-30T19:16:40.496736Z  INFO mq_bench::roles::subscriber: Subscribed to key expression key=topic_4
2026-09-30T19:16:47.153818Z  INFO mq_bench::roles::subscriber: Starting subscriber engine=Amqp key=topic_4 endpoint=None crash_enabled=false
2026-09-30T19:16:47.153892Z  INFO mq_bench::roles::subscriber: Connected via transport engine=Amqp
2026-09-30T19:16:47.165951Z  INFO mq_bench::roles::subscriber: Subscribed to key expression key=topic_4
2026-09-30T19:16:53.821111Z  INFO mq_bench::roles::subscriber: Starting subscriber engine=Amqp key=topic_4 endpoint=None crash_enabled=false
2026-09-30T19:16:53.821148Z  INFO mq_bench::roles::subscriber: Connected via transport engine=Amqp
2026-09-30T19:16:53.832614Z  INFO mq_bench::roles::subscriber: Subscribed to key expression key=topic_4
2026-09-30T19:17:00.488722Z  INFO mq_bench::roles::subscriber: Starting subscriber engine=Amqp key=topic_4 endpoint=None crash_enabled=false
2026-09-30T19:17:00.488772Z  INFO mq_bench::roles::subscriber: Connected via transport engine=Amqp
2026-09-30T19:17:00.500760Z  INFO mq_bench::roles::subscriber: Subscribed to key expression key=topic_4
2026-09-30T19:17:07.156141Z  INFO mq_bench::roles::subscriber: Starting subscriber engine=Amqp key=topic_4 endpoint=None crash_enabled=false
2026-09-30T19:17:07.156165Z  INFO mq_bench::roles::subscriber: Connected via transport engine=Amqp
2026-09-30T19:17:07.167925Z  INFO mq_bench::roles::subscriber: Subscribed to key expression key=topic_4
2026-09-30T19:17:13.824599Z  INFO mq_bench::roles::subscriber: Starting subscriber engine=Amqp key=topic_4 endpoint=None crash_enabled=false
2026-09-30T19:17:13.824648Z  INFO mq_bench::roles::subscriber: Connected via transport engine=Amqp
2026-09-30T19:17:13.837500Z  INFO mq_bench::roles::subscriber: Subscribed to key expression key=topic_4
2026-09-30T19:17:20.491986Z  INFO mq_bench::roles::subscriber: Starting subscriber engine=Amqp key=topic_4 endpoint=None crash_enabled=false
2026-09-30T19:17:20.492029Z  INFO mq_bench::roles::subscriber: Connected via transport engine=Amqp
2026-09-30T19:17:20.507904Z  INFO mq_bench::roles::subscriber: Subscribed to key expression key=topic_4
2026-09-30T19:17:27.159794Z  INFO mq_bench::roles::subscriber: Starting subscriber engine=Amqp key=topic_4 endpoint=None crash_enabled=false
2026-09-30T19:17:27.159843Z  INFO mq_bench::roles::subscriber: Connected via transport engine=Amqp
2026-09-30T19:17:27.171846Z  INFO mq_bench::roles::subscriber: Subscribed to key expression key=topic_4
2026-09-30T19:17:33.827589Z  INFO mq_bench::roles::subscriber: Starting subscriber engine=Amqp key=topic_4 endpoint=None crash_enabled=false
2026-09-30T19:17:33.827634Z  INFO mq_bench::roles::subscriber: Connected via transport engine=Amqp
2026-09-30T19:17:33.839496Z  INFO mq_bench::roles::subscriber: Subscribed to key expression key=topic_4
