mq-bench starting with run_id: auto
Writing CSV output to: artifacts/fanout_bursty_20260930_191633_amqp_rabbitmq_p64_s1000_u10_bursty/fanout_singlesite/sub_2_8.csv
2026-09-30T19:16:33.747566Z  INFO mq_bench::roles::subscriber: Starting subscriber engine=Amqp key=topic_2 endpoint=None crash_enabled=false
2026-09-30T19:16:33.747611Z  INFO mq_bench::roles::subscriber: Connected via transport engine=Amqp
2026-09-30T19:16:33.764403Z  INFO mq_bench::roles::subscriber: Subscribed to key expression key=topic_2
2026-09-30T19:16:40.414700Z  INFO mq_bench::roles::subscriber: Starting subscriber engine=Amqp key=topic_2 endpoint=None crash_enabled=false
2026-09-30T19:16:40.414737Z  INFO mq_bench::roles::subscriber: Connected via transport engine=Amqp
2026-09-30T19:16:40.428470Z  INFO mq_bench::roles::subscriber: Subscribed to key expression key=topic_2
2026-09-30T19:16:47.083320Z  INFO mq_bench::roles::subscriber: Starting subscriber engine=Amqp key=topic_2 endpoint=None crash_enabled=false
2026-09-30T19:16:47.083361Z  INFO mq_bench::roles::subscriber: Connected via transport engine=Amqp
2026-09-30T19:16:47.100610Z  INFO mq_bench::roles::subscriber: Subscribed to key expression key=topic_2
2026-09-30T19:16:53.750968Z  INFO mq_bench::roles::subscriber: Starting subscriber engine=Amqp key=topic_2 endpoint=None crash_enabled=false
2026-09-30T19:16:53.750986Z  INFO mq_bench::roles::subscriber: Connected via transport engine=Amqp
2026-09-30T19:16:53.767486Z  INFO mq_bench::roles::subscriber: Subscribed to key expression key=topic_2
2026-09-30T19:17:00.418761Z  INFO mq_bench::roles::subscriber: Starting subscriber engine=Amqp key=topic_2 endpoint=None crash_enabled=false
2026-09-30T19:17:00.418787Z  INFO mq_bench::roles::subscriber: Connected via transport engine=Amqp
2026-09-30T19:17:00.438338Z  INFO mq_bench::roles::subscriber: Subscribed to key expression key=topic_2
2026-09-30T19:17:07.086587Z  INFO mq_bench::roles::subscriber: Starting subscriber engine=Amqp key=topic_2 endpoint=None crash_enabled=false
2026-09-30T19:17:07.086630Z  INFO mq_bench::roles::subscriber: Connected via transport engine=Amqp
2026-09-30T19:17:07.100118Z  INFO mq_bench::roles::subscriber: Subscribed to key expression key=topic_2
2026-09-30T19:17:13.754110Z  INFO mq_bench::roles::subscriber: Starting subscriber engine=Amqp key=topic_2 endpoint=None crash_enabled=false
2026-09-30T19:17:13.754151Z  INFO mq_bench::roles::subscriber: Connected via transport engine=Amqp
2026-09-30T19:17:13.771199Z  INFO mq_bench::roles::subscriber: Subscribed to key expression key=topic_2
2026-09-30T19:17:20.421810Z  INFO mq_bench::roles::subscriber: Starting subscriber engine=Amqp key=topic_2 endpoint=None crash_enabled=false
2026-09-30T19:17:20.421846Z  INFO mq_bench::roles::subscriber: Connected via transport engine=Amqp
2026-09-30T19:17:20.437236Z  INFO mq_bench::roles::subscriber: Subscribed to key expression key=topic_2
2026-09-30T19:17:27.090097Z  INFO mq_bench::roles::subscriber: Starting subscriber engine=Amqp key=topic_2 endpoint=None crash_enabled=false
2026-09-30T19:17:27.090138Z  INFO mq_bench::roles::subscriber: Connected via transport engine=Amqp
2026-09-30T19:17:27.103237Z  INFO mq_bench::roles::subscriber: Subscribed to key expression key=topic_2
2026-09-30T19:17:33.757548Z  INFO mq_bench::roles::subscriber: Starting subscriber engine=Amqp key=topic_2 endpoint=None crash_enabled=false
2026-09-30T19:17:33.757565Z  INFO mq_bench::roles::subscriber: Connected via transport engine=Amqp
2026-09-30T19:17:33.770507Z  INFO mq_bench::roles::subscriber: Subscribed to key expression key=topic_2
