mq-bench starting with run_id: auto
Writing CSV output to: artifacts/fanout_bursty_20260928_181833_mqtt_emqx_p64_s1000_u10_bursty/fanout_singlesite/sub_2_0.csv
2026-09-28T18:18:33.495697Z  INFO mq_bench::roles::subscriber: Starting subscriber engine=Mqtt key=topic_2 endpoint=None crash_enabled=false
2026-09-28T18:18:33.495747Z  INFO mq_bench::roles::subscriber: Connected via transport engine=Mqtt
2026-09-28T18:18:33.497952Z  INFO mq_bench::roles::subscriber: Subscribed to key expression key=topic_2
2026-09-28T18:18:40.163421Z  INFO mq_bench::roles::subscriber: Starting subscriber engine=Mqtt key=topic_2 endpoint=None crash_enabled=false
2026-09-28T18:18:40.163512Z  INFO mq_bench::roles::subscriber: Connected via transport engine=Mqtt
2026-09-28T18:18:40.165594Z  INFO mq_bench::roles::subscriber: Subscribed to key expression key=topic_2
2026-09-28T18:18:46.830531Z  INFO mq_bench::roles::subscriber: Starting subscriber engine=Mqtt key=topic_2 endpoint=None crash_enabled=false
2026-09-28T18:18:46.830612Z  INFO mq_bench::roles::subscriber: Connected via transport engine=Mqtt
2026-09-28T18:18:46.832727Z  INFO mq_bench::roles::subscriber: Subscribed to key expression key=topic_2
2026-09-28T18:18:53.498053Z  INFO mq_bench::roles::subscriber: Starting subscriber engine=Mqtt key=topic_2 endpoint=None crash_enabled=false
2026-09-28T18:18:53.498431Z  INFO mq_bench::roles::subscriber: Connected via transport engine=Mqtt
2026-09-28T18:18:53.500836Z  INFO mq_bench::roles::subscriber: Subscribed to key expression key=topic_2
2026-09-28T18:19:00.165576Z  INFO mq_bench::roles::subscriber: Starting subscriber engine=Mqtt key=topic_2 endpoint=None crash_enabled=false
2026-09-28T18:19:00.165619Z  INFO mq_bench::roles::subscriber: Connected via transport engine=Mqtt
2026-09-28T18:19:00.167680Z  INFO mq_bench::roles::subscriber: Subscribed to key expression key=topic_2
2026-09-28T18:19:06.833606Z  INFO mq_bench::roles::subscriber: Starting subscriber engine=Mqtt key=topic_2 endpoint=None crash_enabled=false
2026-09-28T18:19:06.833655Z  INFO mq_bench::roles::subscriber: Connected via transport engine=Mqtt
2026-09-28T18:19:06.836055Z  INFO mq_bench::roles::subscriber: Subscribed to key expression key=topic_2
2026-09-28T18:19:13.501227Z  INFO mq_bench::roles::subscriber: Starting subscriber engine=Mqtt key=topic_2 endpoint=None crash_enabled=false
2026-09-28T18:19:13.501271Z  INFO mq_bench::roles::subscriber: Connected via transport engine=Mqtt
2026-09-28T18:19:13.503517Z  INFO mq_bench::roles::subscriber: Subscribed to key expression key=topic_2
2026-09-28T18:19:20.168714Z  INFO mq_bench::roles::subscriber: Starting subscriber engine=Mqtt key=topic_2 endpoint=None crash_enabled=false
2026-09-28T18:19:20.168784Z  INFO mq_bench::roles::subscriber: Connected via transport engine=Mqtt
2026-09-28T18:19:20.171228Z  INFO mq_bench::roles::subscriber: Subscribed to key expression key=topic_2
2026-09-28T18:19:26.836390Z  INFO mq_bench::roles::subscriber: Starting subscriber engine=Mqtt key=topic_2 endpoint=None crash_enabled=false
2026-09-28T18:19:26.836467Z  INFO mq_bench::roles::subscriber: Connected via transport engine=Mqtt
2026-09-28T18:19:26.838781Z  INFO mq_bench::roles::subscriber: Subscribed to key expression key=topic_2
2026-09-28T18:19:33.504076Z  INFO mq_bench::roles::subscriber: Starting subscriber engine=Mqtt key=topic_2 endpoint=None crash_enabled=false
2026-09-28T18:19:33.504122Z  INFO mq_bench::roles::subscriber: Connected via transport engine=Mqtt
2026-09-28T18:19:33.506595Z  INFO mq_bench::roles::subscriber: Subscribed to key expression key=topic_2
