mq-bench starting with run_id: auto
Writing CSV output to: artifacts/fanout_bursty_20260928_181833_mqtt_emqx_p64_s1000_u10_bursty/fanout_singlesite/sub_1_7.csv
2026-09-28T18:18:33.484263Z  INFO mq_bench::roles::subscriber: Starting subscriber engine=Mqtt key=topic_1 endpoint=None crash_enabled=false
2026-09-28T18:18:33.484316Z  INFO mq_bench::roles::subscriber: Connected via transport engine=Mqtt
2026-09-28T18:18:33.486499Z  INFO mq_bench::roles::subscriber: Subscribed to key expression key=topic_1
2026-09-28T18:18:40.152368Z  INFO mq_bench::roles::subscriber: Starting subscriber engine=Mqtt key=topic_1 endpoint=None crash_enabled=false
2026-09-28T18:18:40.152470Z  INFO mq_bench::roles::subscriber: Connected via transport engine=Mqtt
2026-09-28T18:18:40.154814Z  INFO mq_bench::roles::subscriber: Subscribed to key expression key=topic_1
2026-09-28T18:18:46.820454Z  INFO mq_bench::roles::subscriber: Starting subscriber engine=Mqtt key=topic_1 endpoint=None crash_enabled=false
2026-09-28T18:18:46.820489Z  INFO mq_bench::roles::subscriber: Connected via transport engine=Mqtt
2026-09-28T18:18:46.822635Z  INFO mq_bench::roles::subscriber: Subscribed to key expression key=topic_1
2026-09-28T18:18:53.488118Z  INFO mq_bench::roles::subscriber: Starting subscriber engine=Mqtt key=topic_1 endpoint=None crash_enabled=false
2026-09-28T18:18:53.488142Z  INFO mq_bench::roles::subscriber: Connected via transport engine=Mqtt
2026-09-28T18:18:53.490365Z  INFO mq_bench::roles::subscriber: Subscribed to key expression key=topic_1
2026-09-28T18:19:00.156388Z  INFO mq_bench::roles::subscriber: Starting subscriber engine=Mqtt key=topic_1 endpoint=None crash_enabled=false
2026-09-28T18:19:00.156470Z  INFO mq_bench::roles::subscriber: Connected via transport engine=Mqtt
2026-09-28T18:19:00.160492Z  INFO mq_bench::roles::subscriber: Subscribed to key expression key=topic_1
2026-09-28T18:19:06.824400Z  INFO mq_bench::roles::subscriber: Starting subscriber engine=Mqtt key=topic_1 endpoint=None crash_enabled=false
2026-09-28T18:19:06.824420Z  INFO mq_bench::roles::subscriber: Connected via transport engine=Mqtt
2026-09-28T18:19:06.826642Z  INFO mq_bench::roles::subscriber: Subscribed to key expression key=topic_1
2026-09-28T18:19:13.492716Z  INFO mq_bench::roles::subscriber: Starting subscriber engine=Mqtt key=topic_1 endpoint=None crash_enabled=false
2026-09-28T18:19:13.492758Z  INFO mq_bench::roles::subscriber: Connected via transport engine=Mqtt
2026-09-28T18:19:13.495086Z  INFO mq_bench::roles::subscriber: Subscribed to key expression key=topic_1
2026-09-28T18:19:20.160080Z  INFO mq_bench::roles::subscriber: Starting subscriber engine=Mqtt key=topic_1 endpoint=None crash_enabled=false
2026-09-28T18:19:20.160150Z  INFO mq_bench::roles::subscriber: Connected via transport engine=Mqtt
2026-09-28T18:19:20.162410Z  INFO mq_bench::roles::subscriber: Subscribed to key expression key=topic_1
2026-09-28T18:19:26.827523Z  INFO mq_bench::roles::subscriber: Starting subscriber engine=Mqtt key=topic_1 endpoint=None crash_enabled=false
2026-09-28T18:19:26.827563Z  INFO mq_bench::roles::subscriber: Connected via transport engine=Mqtt
2026-09-28T18:19:26.829956Z  INFO mq_bench::roles::subscriber: Subscribed to key expression key=topic_1
2026-09-28T18:19:33.495231Z  INFO mq_bench::roles::subscriber: Starting subscriber engine=Mqtt key=topic_1 endpoint=None crash_enabled=false
2026-09-28T18:19:33.495278Z  INFO mq_bench::roles::subscriber: Connected via transport engine=Mqtt
2026-09-28T18:19:33.497485Z  INFO mq_bench::roles::subscriber: Subscribed to key expression key=topic_1
