mq-bench starting with run_id: auto
Writing CSV output to: artifacts/fanout_bursty_20260928_181833_mqtt_emqx_p64_s1000_u10_bursty/fanout_singlesite/sub_3_2.csv
2026-09-28T18:18:33.540493Z  INFO mq_bench::roles::subscriber: Starting subscriber engine=Mqtt key=topic_3 endpoint=None crash_enabled=false
2026-09-28T18:18:33.540637Z  INFO mq_bench::roles::subscriber: Connected via transport engine=Mqtt
2026-09-28T18:18:33.542804Z  INFO mq_bench::roles::subscriber: Subscribed to key expression key=topic_3
2026-09-28T18:18:40.209140Z  INFO mq_bench::roles::subscriber: Starting subscriber engine=Mqtt key=topic_3 endpoint=None crash_enabled=false
2026-09-28T18:18:40.209227Z  INFO mq_bench::roles::subscriber: Connected via transport engine=Mqtt
2026-09-28T18:18:40.211348Z  INFO mq_bench::roles::subscriber: Subscribed to key expression key=topic_3
2026-09-28T18:18:46.876281Z  INFO mq_bench::roles::subscriber: Starting subscriber engine=Mqtt key=topic_3 endpoint=None crash_enabled=false
2026-09-28T18:18:46.876381Z  INFO mq_bench::roles::subscriber: Connected via transport engine=Mqtt
2026-09-28T18:18:46.878385Z  INFO mq_bench::roles::subscriber: Subscribed to key expression key=topic_3
2026-09-28T18:18:53.543678Z  INFO mq_bench::roles::subscriber: Starting subscriber engine=Mqtt key=topic_3 endpoint=None crash_enabled=false
2026-09-28T18:18:53.543718Z  INFO mq_bench::roles::subscriber: Connected via transport engine=Mqtt
2026-09-28T18:18:53.545776Z  INFO mq_bench::roles::subscriber: Subscribed to key expression key=topic_3
2026-09-28T18:19:00.211656Z  INFO mq_bench::roles::subscriber: Starting subscriber engine=Mqtt key=topic_3 endpoint=None crash_enabled=false
2026-09-28T18:19:00.211705Z  INFO mq_bench::roles::subscriber: Connected via transport engine=Mqtt
2026-09-28T18:19:00.213801Z  INFO mq_bench::roles::subscriber: Subscribed to key expression key=topic_3
2026-09-28T18:19:06.879802Z  INFO mq_bench::roles::subscriber: Starting subscriber engine=Mqtt key=topic_3 endpoint=None crash_enabled=false
2026-09-28T18:19:06.879845Z  INFO mq_bench::roles::subscriber: Connected via transport engine=Mqtt
2026-09-28T18:19:06.882131Z  INFO mq_bench::roles::subscriber: Subscribed to key expression key=topic_3
2026-09-28T18:19:13.547268Z  INFO mq_bench::roles::subscriber: Starting subscriber engine=Mqtt key=topic_3 endpoint=None crash_enabled=false
2026-09-28T18:19:13.547311Z  INFO mq_bench::roles::subscriber: Connected via transport engine=Mqtt
2026-09-28T18:19:13.549681Z  INFO mq_bench::roles::subscriber: Subscribed to key expression key=topic_3
2026-09-28T18:19:20.214764Z  INFO mq_bench::roles::subscriber: Starting subscriber engine=Mqtt key=topic_3 endpoint=None crash_enabled=false
2026-09-28T18:19:20.214823Z  INFO mq_bench::roles::subscriber: Connected via transport engine=Mqtt
2026-09-28T18:19:20.217215Z  INFO mq_bench::roles::subscriber: Subscribed to key expression key=topic_3
2026-09-28T18:19:26.882438Z  INFO mq_bench::roles::subscriber: Starting subscriber engine=Mqtt key=topic_3 endpoint=None crash_enabled=false
2026-09-28T18:19:26.882495Z  INFO mq_bench::roles::subscriber: Connected via transport engine=Mqtt
2026-09-28T18:19:26.884794Z  INFO mq_bench::roles::subscriber: Subscribed to key expression key=topic_3
2026-09-28T18:19:33.551086Z  INFO mq_bench::roles::subscriber: Starting subscriber engine=Mqtt key=topic_3 endpoint=None crash_enabled=false
2026-09-28T18:19:33.551129Z  INFO mq_bench::roles::subscriber: Connected via transport engine=Mqtt
2026-09-28T18:19:33.553690Z  INFO mq_bench::roles::subscriber: Subscribed to key expression key=topic_3
