mq-bench starting with run_id: auto
Writing CSV output to: artifacts/fanout_bursty_20260928_181833_mqtt_emqx_p64_s1000_u10_bursty/fanout_singlesite/sub_8_6.csv
2026-09-28T18:18:33.741986Z  INFO mq_bench::roles::subscriber: Starting subscriber engine=Mqtt key=topic_8 endpoint=None crash_enabled=false
2026-09-28T18:18:33.742031Z  INFO mq_bench::roles::subscriber: Connected via transport engine=Mqtt
2026-09-28T18:18:33.744325Z  INFO mq_bench::roles::subscriber: Subscribed to key expression key=topic_8
2026-09-28T18:18:40.410287Z  INFO mq_bench::roles::subscriber: Starting subscriber engine=Mqtt key=topic_8 endpoint=None crash_enabled=false
2026-09-28T18:18:40.410372Z  INFO mq_bench::roles::subscriber: Connected via transport engine=Mqtt
2026-09-28T18:18:40.412541Z  INFO mq_bench::roles::subscriber: Subscribed to key expression key=topic_8
2026-09-28T18:18:47.078473Z  INFO mq_bench::roles::subscriber: Starting subscriber engine=Mqtt key=topic_8 endpoint=None crash_enabled=false
2026-09-28T18:18:47.078562Z  INFO mq_bench::roles::subscriber: Connected via transport engine=Mqtt
2026-09-28T18:18:47.080801Z  INFO mq_bench::roles::subscriber: Subscribed to key expression key=topic_8
2026-09-28T18:18:53.746242Z  INFO mq_bench::roles::subscriber: Starting subscriber engine=Mqtt key=topic_8 endpoint=None crash_enabled=false
2026-09-28T18:18:53.746277Z  INFO mq_bench::roles::subscriber: Connected via transport engine=Mqtt
2026-09-28T18:18:53.748363Z  INFO mq_bench::roles::subscriber: Subscribed to key expression key=topic_8
2026-09-28T18:19:00.414405Z  INFO mq_bench::roles::subscriber: Starting subscriber engine=Mqtt key=topic_8 endpoint=None crash_enabled=false
2026-09-28T18:19:00.414485Z  INFO mq_bench::roles::subscriber: Connected via transport engine=Mqtt
2026-09-28T18:19:00.416618Z  INFO mq_bench::roles::subscriber: Subscribed to key expression key=topic_8
2026-09-28T18:19:07.082542Z  INFO mq_bench::roles::subscriber: Starting subscriber engine=Mqtt key=topic_8 endpoint=None crash_enabled=false
2026-09-28T18:19:07.082584Z  INFO mq_bench::roles::subscriber: Connected via transport engine=Mqtt
2026-09-28T18:19:07.084760Z  INFO mq_bench::roles::subscriber: Subscribed to key expression key=topic_8
2026-09-28T18:19:13.749828Z  INFO mq_bench::roles::subscriber: Starting subscriber engine=Mqtt key=topic_8 endpoint=None crash_enabled=false
2026-09-28T18:19:13.749895Z  INFO mq_bench::roles::subscriber: Connected via transport engine=Mqtt
2026-09-28T18:19:13.752059Z  INFO mq_bench::roles::subscriber: Subscribed to key expression key=topic_8
2026-09-28T18:19:20.417015Z  INFO mq_bench::roles::subscriber: Starting subscriber engine=Mqtt key=topic_8 endpoint=None crash_enabled=false
2026-09-28T18:19:20.417058Z  INFO mq_bench::roles::subscriber: Connected via transport engine=Mqtt
2026-09-28T18:19:20.419475Z  INFO mq_bench::roles::subscriber: Subscribed to key expression key=topic_8
2026-09-28T18:19:27.085526Z  INFO mq_bench::roles::subscriber: Starting subscriber engine=Mqtt key=topic_8 endpoint=None crash_enabled=false
2026-09-28T18:19:27.085571Z  INFO mq_bench::roles::subscriber: Connected via transport engine=Mqtt
2026-09-28T18:19:27.087892Z  INFO mq_bench::roles::subscriber: Subscribed to key expression key=topic_8
2026-09-28T18:19:33.753166Z  INFO mq_bench::roles::subscriber: Starting subscriber engine=Mqtt key=topic_8 endpoint=None crash_enabled=false
2026-09-28T18:19:33.753227Z  INFO mq_bench::roles::subscriber: Connected via transport engine=Mqtt
2026-09-28T18:19:33.755422Z  INFO mq_bench::roles::subscriber: Subscribed to key expression key=topic_8
