mq-bench starting with run_id: auto
Writing CSV output to: artifacts/fanout_bursty_20260928_181833_mqtt_emqx_p64_s1000_u10_bursty/fanout_singlesite/sub_7_3.csv
2026-09-28T18:18:33.692868Z  INFO mq_bench::roles::subscriber: Starting subscriber engine=Mqtt key=topic_7 endpoint=None crash_enabled=false
2026-09-28T18:18:33.692911Z  INFO mq_bench::roles::subscriber: Connected via transport engine=Mqtt
2026-09-28T18:18:33.696220Z  INFO mq_bench::roles::subscriber: Subscribed to key expression key=topic_7
2026-09-28T18:18:40.361222Z  INFO mq_bench::roles::subscriber: Starting subscriber engine=Mqtt key=topic_7 endpoint=None crash_enabled=false
2026-09-28T18:18:40.361316Z  INFO mq_bench::roles::subscriber: Connected via transport engine=Mqtt
2026-09-28T18:18:40.363539Z  INFO mq_bench::roles::subscriber: Subscribed to key expression key=topic_7
2026-09-28T18:18:47.028551Z  INFO mq_bench::roles::subscriber: Starting subscriber engine=Mqtt key=topic_7 endpoint=None crash_enabled=false
2026-09-28T18:18:47.028640Z  INFO mq_bench::roles::subscriber: Connected via transport engine=Mqtt
2026-09-28T18:18:47.030799Z  INFO mq_bench::roles::subscriber: Subscribed to key expression key=topic_7
2026-09-28T18:18:53.696272Z  INFO mq_bench::roles::subscriber: Starting subscriber engine=Mqtt key=topic_7 endpoint=None crash_enabled=false
2026-09-28T18:18:53.696325Z  INFO mq_bench::roles::subscriber: Connected via transport engine=Mqtt
2026-09-28T18:18:53.698356Z  INFO mq_bench::roles::subscriber: Subscribed to key expression key=topic_7
2026-09-28T18:19:00.364439Z  INFO mq_bench::roles::subscriber: Starting subscriber engine=Mqtt key=topic_7 endpoint=None crash_enabled=false
2026-09-28T18:19:00.364524Z  INFO mq_bench::roles::subscriber: Connected via transport engine=Mqtt
2026-09-28T18:19:00.366572Z  INFO mq_bench::roles::subscriber: Subscribed to key expression key=topic_7
2026-09-28T18:19:07.031489Z  INFO mq_bench::roles::subscriber: Starting subscriber engine=Mqtt key=topic_7 endpoint=None crash_enabled=false
2026-09-28T18:19:07.031542Z  INFO mq_bench::roles::subscriber: Connected via transport engine=Mqtt
2026-09-28T18:19:07.033832Z  INFO mq_bench::roles::subscriber: Subscribed to key expression key=topic_7
2026-09-28T18:19:13.698861Z  INFO mq_bench::roles::subscriber: Starting subscriber engine=Mqtt key=topic_7 endpoint=None crash_enabled=false
2026-09-28T18:19:13.698957Z  INFO mq_bench::roles::subscriber: Connected via transport engine=Mqtt
2026-09-28T18:19:13.701143Z  INFO mq_bench::roles::subscriber: Subscribed to key expression key=topic_7
2026-09-28T18:19:20.367467Z  INFO mq_bench::roles::subscriber: Starting subscriber engine=Mqtt key=topic_7 endpoint=None crash_enabled=false
2026-09-28T18:19:20.367511Z  INFO mq_bench::roles::subscriber: Connected via transport engine=Mqtt
2026-09-28T18:19:20.370622Z  INFO mq_bench::roles::subscriber: Subscribed to key expression key=topic_7
2026-09-28T18:19:27.034729Z  INFO mq_bench::roles::subscriber: Starting subscriber engine=Mqtt key=topic_7 endpoint=None crash_enabled=false
2026-09-28T18:19:27.034774Z  INFO mq_bench::roles::subscriber: Connected via transport engine=Mqtt
2026-09-28T18:19:27.037020Z  INFO mq_bench::roles::subscriber: Subscribed to key expression key=topic_7
2026-09-28T18:19:33.703458Z  INFO mq_bench::roles::subscriber: Starting subscriber engine=Mqtt key=topic_7 endpoint=None crash_enabled=false
2026-09-28T18:19:33.703532Z  INFO mq_bench::roles::subscriber: Connected via transport engine=Mqtt
2026-09-28T18:19:33.705906Z  INFO mq_bench::roles::subscriber: Subscribed to key expression key=topic_7
