mq-bench starting with run_id: auto
Writing CSV output to: artifacts/fanout_bursty_20260928_181833_mqtt_emqx_p64_s1000_u10_bursty/fanout_singlesite/sub_3_6.csv
2026-09-28T18:18:33.554704Z  INFO mq_bench::roles::subscriber: Starting subscriber engine=Mqtt key=topic_3 endpoint=None crash_enabled=false
2026-09-28T18:18:33.554751Z  INFO mq_bench::roles::subscriber: Connected via transport engine=Mqtt
2026-09-28T18:18:33.556674Z  INFO mq_bench::roles::subscriber: Subscribed to key expression key=topic_3
2026-09-28T18:18:40.222310Z  INFO mq_bench::roles::subscriber: Starting subscriber engine=Mqtt key=topic_3 endpoint=None crash_enabled=false
2026-09-28T18:18:40.222412Z  INFO mq_bench::roles::subscriber: Connected via transport engine=Mqtt
2026-09-28T18:18:40.224591Z  INFO mq_bench::roles::subscriber: Subscribed to key expression key=topic_3
2026-09-28T18:18:46.890693Z  INFO mq_bench::roles::subscriber: Starting subscriber engine=Mqtt key=topic_3 endpoint=None crash_enabled=false
2026-09-28T18:18:46.890776Z  INFO mq_bench::roles::subscriber: Connected via transport engine=Mqtt
2026-09-28T18:18:46.892839Z  INFO mq_bench::roles::subscriber: Subscribed to key expression key=topic_3
2026-09-28T18:18:53.558175Z  INFO mq_bench::roles::subscriber: Starting subscriber engine=Mqtt key=topic_3 endpoint=None crash_enabled=false
2026-09-28T18:18:53.558230Z  INFO mq_bench::roles::subscriber: Connected via transport engine=Mqtt
2026-09-28T18:18:53.560470Z  INFO mq_bench::roles::subscriber: Subscribed to key expression key=topic_3
2026-09-28T18:19:00.226483Z  INFO mq_bench::roles::subscriber: Starting subscriber engine=Mqtt key=topic_3 endpoint=None crash_enabled=false
2026-09-28T18:19:00.226525Z  INFO mq_bench::roles::subscriber: Connected via transport engine=Mqtt
2026-09-28T18:19:00.228622Z  INFO mq_bench::roles::subscriber: Subscribed to key expression key=topic_3
2026-09-28T18:19:06.894451Z  INFO mq_bench::roles::subscriber: Starting subscriber engine=Mqtt key=topic_3 endpoint=None crash_enabled=false
2026-09-28T18:19:06.894507Z  INFO mq_bench::roles::subscriber: Connected via transport engine=Mqtt
2026-09-28T18:19:06.896979Z  INFO mq_bench::roles::subscriber: Subscribed to key expression key=topic_3
2026-09-28T18:19:13.561982Z  INFO mq_bench::roles::subscriber: Starting subscriber engine=Mqtt key=topic_3 endpoint=None crash_enabled=false
2026-09-28T18:19:13.562024Z  INFO mq_bench::roles::subscriber: Connected via transport engine=Mqtt
2026-09-28T18:19:13.564390Z  INFO mq_bench::roles::subscriber: Subscribed to key expression key=topic_3
2026-09-28T18:19:20.229451Z  INFO mq_bench::roles::subscriber: Starting subscriber engine=Mqtt key=topic_3 endpoint=None crash_enabled=false
2026-09-28T18:19:20.229501Z  INFO mq_bench::roles::subscriber: Connected via transport engine=Mqtt
2026-09-28T18:19:20.232604Z  INFO mq_bench::roles::subscriber: Subscribed to key expression key=topic_3
2026-09-28T18:19:26.897694Z  INFO mq_bench::roles::subscriber: Starting subscriber engine=Mqtt key=topic_3 endpoint=None crash_enabled=false
2026-09-28T18:19:26.897743Z  INFO mq_bench::roles::subscriber: Connected via transport engine=Mqtt
2026-09-28T18:19:26.900101Z  INFO mq_bench::roles::subscriber: Subscribed to key expression key=topic_3
2026-09-28T18:19:33.565111Z  INFO mq_bench::roles::subscriber: Starting subscriber engine=Mqtt key=topic_3 endpoint=None crash_enabled=false
2026-09-28T18:19:33.565158Z  INFO mq_bench::roles::subscriber: Connected via transport engine=Mqtt
2026-09-28T18:19:33.567583Z  INFO mq_bench::roles::subscriber: Subscribed to key expression key=topic_3
