mq-bench starting with run_id: auto
Writing CSV output to: artifacts/fanout_bursty_20260928_181833_mqtt_emqx_p64_s1000_u10_bursty/fanout_singlesite/sub_4_0.csv
2026-09-28T18:18:33.570203Z  INFO mq_bench::roles::subscriber: Starting subscriber engine=Mqtt key=topic_4 endpoint=None crash_enabled=false
2026-09-28T18:18:33.570360Z  INFO mq_bench::roles::subscriber: Connected via transport engine=Mqtt
2026-09-28T18:18:33.572490Z  INFO mq_bench::roles::subscriber: Subscribed to key expression key=topic_4
2026-09-28T18:18:40.238300Z  INFO mq_bench::roles::subscriber: Starting subscriber engine=Mqtt key=topic_4 endpoint=None crash_enabled=false
2026-09-28T18:18:40.238388Z  INFO mq_bench::roles::subscriber: Connected via transport engine=Mqtt
2026-09-28T18:18:40.240461Z  INFO mq_bench::roles::subscriber: Subscribed to key expression key=topic_4
2026-09-28T18:18:46.906475Z  INFO mq_bench::roles::subscriber: Starting subscriber engine=Mqtt key=topic_4 endpoint=None crash_enabled=false
2026-09-28T18:18:46.906574Z  INFO mq_bench::roles::subscriber: Connected via transport engine=Mqtt
2026-09-28T18:18:46.908655Z  INFO mq_bench::roles::subscriber: Subscribed to key expression key=topic_4
2026-09-28T18:18:53.574019Z  INFO mq_bench::roles::subscriber: Starting subscriber engine=Mqtt key=topic_4 endpoint=None crash_enabled=false
2026-09-28T18:18:53.574067Z  INFO mq_bench::roles::subscriber: Connected via transport engine=Mqtt
2026-09-28T18:18:53.576216Z  INFO mq_bench::roles::subscriber: Subscribed to key expression key=topic_4
2026-09-28T18:19:00.241181Z  INFO mq_bench::roles::subscriber: Starting subscriber engine=Mqtt key=topic_4 endpoint=None crash_enabled=false
2026-09-28T18:19:00.241226Z  INFO mq_bench::roles::subscriber: Connected via transport engine=Mqtt
2026-09-28T18:19:00.243265Z  INFO mq_bench::roles::subscriber: Subscribed to key expression key=topic_4
2026-09-28T18:19:06.909305Z  INFO mq_bench::roles::subscriber: Starting subscriber engine=Mqtt key=topic_4 endpoint=None crash_enabled=false
2026-09-28T18:19:06.909351Z  INFO mq_bench::roles::subscriber: Connected via transport engine=Mqtt
2026-09-28T18:19:06.911619Z  INFO mq_bench::roles::subscriber: Subscribed to key expression key=topic_4
2026-09-28T18:19:13.577645Z  INFO mq_bench::roles::subscriber: Starting subscriber engine=Mqtt key=topic_4 endpoint=None crash_enabled=false
2026-09-28T18:19:13.577735Z  INFO mq_bench::roles::subscriber: Connected via transport engine=Mqtt
2026-09-28T18:19:13.580019Z  INFO mq_bench::roles::subscriber: Subscribed to key expression key=topic_4
2026-09-28T18:19:20.245096Z  INFO mq_bench::roles::subscriber: Starting subscriber engine=Mqtt key=topic_4 endpoint=None crash_enabled=false
2026-09-28T18:19:20.245140Z  INFO mq_bench::roles::subscriber: Connected via transport engine=Mqtt
2026-09-28T18:19:20.247529Z  INFO mq_bench::roles::subscriber: Subscribed to key expression key=topic_4
2026-09-28T18:19:26.912698Z  INFO mq_bench::roles::subscriber: Starting subscriber engine=Mqtt key=topic_4 endpoint=None crash_enabled=false
2026-09-28T18:19:26.912741Z  INFO mq_bench::roles::subscriber: Connected via transport engine=Mqtt
2026-09-28T18:19:26.914962Z  INFO mq_bench::roles::subscriber: Subscribed to key expression key=topic_4
2026-09-28T18:19:33.580260Z  INFO mq_bench::roles::subscriber: Starting subscriber engine=Mqtt key=topic_4 endpoint=None crash_enabled=false
2026-09-28T18:19:33.580304Z  INFO mq_bench::roles::subscriber: Connected via transport engine=Mqtt
2026-09-28T18:19:33.582668Z  INFO mq_bench::roles::subscriber: Subscribed to key expression key=topic_4
