mq-bench starting with run_id: auto
Writing CSV output to: artifacts/fanout_bursty_20260928_181833_mqtt_emqx_p64_s1000_u10_bursty/fanout_singlesite/sub_5_3.csv
2026-09-28T18:18:33.618326Z  INFO mq_bench::roles::subscriber: Starting subscriber engine=Mqtt key=topic_5 endpoint=None crash_enabled=false
2026-09-28T18:18:33.618381Z  INFO mq_bench::roles::subscriber: Connected via transport engine=Mqtt
2026-09-28T18:18:33.620492Z  INFO mq_bench::roles::subscriber: Subscribed to key expression key=topic_5
2026-09-28T18:18:40.285346Z  INFO mq_bench::roles::subscriber: Starting subscriber engine=Mqtt key=topic_5 endpoint=None crash_enabled=false
2026-09-28T18:18:40.285443Z  INFO mq_bench::roles::subscriber: Connected via transport engine=Mqtt
2026-09-28T18:18:40.287327Z  INFO mq_bench::roles::subscriber: Subscribed to key expression key=topic_5
2026-09-28T18:18:46.952460Z  INFO mq_bench::roles::subscriber: Starting subscriber engine=Mqtt key=topic_5 endpoint=None crash_enabled=false
2026-09-28T18:18:46.952551Z  INFO mq_bench::roles::subscriber: Connected via transport engine=Mqtt
2026-09-28T18:18:46.955030Z  INFO mq_bench::roles::subscriber: Subscribed to key expression key=topic_5
2026-09-28T18:18:53.620367Z  INFO mq_bench::roles::subscriber: Starting subscriber engine=Mqtt key=topic_5 endpoint=None crash_enabled=false
2026-09-28T18:18:53.620449Z  INFO mq_bench::roles::subscriber: Connected via transport engine=Mqtt
2026-09-28T18:18:53.624909Z  INFO mq_bench::roles::subscriber: Subscribed to key expression key=topic_5
2026-09-28T18:19:00.287728Z  INFO mq_bench::roles::subscriber: Starting subscriber engine=Mqtt key=topic_5 endpoint=None crash_enabled=false
2026-09-28T18:19:00.287775Z  INFO mq_bench::roles::subscriber: Connected via transport engine=Mqtt
2026-09-28T18:19:00.289781Z  INFO mq_bench::roles::subscriber: Subscribed to key expression key=topic_5
2026-09-28T18:19:06.955655Z  INFO mq_bench::roles::subscriber: Starting subscriber engine=Mqtt key=topic_5 endpoint=None crash_enabled=false
2026-09-28T18:19:06.955701Z  INFO mq_bench::roles::subscriber: Connected via transport engine=Mqtt
2026-09-28T18:19:06.957979Z  INFO mq_bench::roles::subscriber: Subscribed to key expression key=topic_5
2026-09-28T18:19:13.623388Z  INFO mq_bench::roles::subscriber: Starting subscriber engine=Mqtt key=topic_5 endpoint=None crash_enabled=false
2026-09-28T18:19:13.623432Z  INFO mq_bench::roles::subscriber: Connected via transport engine=Mqtt
2026-09-28T18:19:13.625769Z  INFO mq_bench::roles::subscriber: Subscribed to key expression key=topic_5
2026-09-28T18:19:20.291810Z  INFO mq_bench::roles::subscriber: Starting subscriber engine=Mqtt key=topic_5 endpoint=None crash_enabled=false
2026-09-28T18:19:20.291853Z  INFO mq_bench::roles::subscriber: Connected via transport engine=Mqtt
2026-09-28T18:19:20.294166Z  INFO mq_bench::roles::subscriber: Subscribed to key expression key=topic_5
2026-09-28T18:19:26.959264Z  INFO mq_bench::roles::subscriber: Starting subscriber engine=Mqtt key=topic_5 endpoint=None crash_enabled=false
2026-09-28T18:19:26.959304Z  INFO mq_bench::roles::subscriber: Connected via transport engine=Mqtt
2026-09-28T18:19:26.961440Z  INFO mq_bench::roles::subscriber: Subscribed to key expression key=topic_5
2026-09-28T18:19:33.626836Z  INFO mq_bench::roles::subscriber: Starting subscriber engine=Mqtt key=topic_5 endpoint=None crash_enabled=false
2026-09-28T18:19:33.626903Z  INFO mq_bench::roles::subscriber: Connected via transport engine=Mqtt
2026-09-28T18:19:33.629056Z  INFO mq_bench::roles::subscriber: Subscribed to key expression key=topic_5
