mq-bench starting with run_id: auto
Writing CSV output to: artifacts/fanout_bursty_20260928_181833_mqtt_emqx_p64_s1000_u10_bursty/fanout_singlesite/sub_4_2.csv
2026-09-28T18:18:33.577637Z  INFO mq_bench::roles::subscriber: Starting subscriber engine=Mqtt key=topic_4 endpoint=None crash_enabled=false
2026-09-28T18:18:33.577688Z  INFO mq_bench::roles::subscriber: Connected via transport engine=Mqtt
2026-09-28T18:18:33.579825Z  INFO mq_bench::roles::subscriber: Subscribed to key expression key=topic_4
2026-09-28T18:18:40.245797Z  INFO mq_bench::roles::subscriber: Starting subscriber engine=Mqtt key=topic_4 endpoint=None crash_enabled=false
2026-09-28T18:18:40.245893Z  INFO mq_bench::roles::subscriber: Connected via transport engine=Mqtt
2026-09-28T18:18:40.248105Z  INFO mq_bench::roles::subscriber: Subscribed to key expression key=topic_4
2026-09-28T18:18:46.914153Z  INFO mq_bench::roles::subscriber: Starting subscriber engine=Mqtt key=topic_4 endpoint=None crash_enabled=false
2026-09-28T18:18:46.914238Z  INFO mq_bench::roles::subscriber: Connected via transport engine=Mqtt
2026-09-28T18:18:46.916375Z  INFO mq_bench::roles::subscriber: Subscribed to key expression key=topic_4
2026-09-28T18:18:53.581662Z  INFO mq_bench::roles::subscriber: Starting subscriber engine=Mqtt key=topic_4 endpoint=None crash_enabled=false
2026-09-28T18:18:53.581706Z  INFO mq_bench::roles::subscriber: Connected via transport engine=Mqtt
2026-09-28T18:18:53.583978Z  INFO mq_bench::roles::subscriber: Subscribed to key expression key=topic_4
2026-09-28T18:19:00.250169Z  INFO mq_bench::roles::subscriber: Starting subscriber engine=Mqtt key=topic_4 endpoint=None crash_enabled=false
2026-09-28T18:19:00.250221Z  INFO mq_bench::roles::subscriber: Connected via transport engine=Mqtt
2026-09-28T18:19:00.252304Z  INFO mq_bench::roles::subscriber: Subscribed to key expression key=topic_4
2026-09-28T18:19:06.917327Z  INFO mq_bench::roles::subscriber: Starting subscriber engine=Mqtt key=topic_4 endpoint=None crash_enabled=false
2026-09-28T18:19:06.917375Z  INFO mq_bench::roles::subscriber: Connected via transport engine=Mqtt
2026-09-28T18:19:06.919900Z  INFO mq_bench::roles::subscriber: Subscribed to key expression key=topic_4
2026-09-28T18:19:13.584983Z  INFO mq_bench::roles::subscriber: Starting subscriber engine=Mqtt key=topic_4 endpoint=None crash_enabled=false
2026-09-28T18:19:13.585072Z  INFO mq_bench::roles::subscriber: Connected via transport engine=Mqtt
2026-09-28T18:19:13.587240Z  INFO mq_bench::roles::subscriber: Subscribed to key expression key=topic_4
2026-09-28T18:19:20.252642Z  INFO mq_bench::roles::subscriber: Starting subscriber engine=Mqtt key=topic_4 endpoint=None crash_enabled=false
2026-09-28T18:19:20.252706Z  INFO mq_bench::roles::subscriber: Connected via transport engine=Mqtt
2026-09-28T18:19:20.255197Z  INFO mq_bench::roles::subscriber: Subscribed to key expression key=topic_4
2026-09-28T18:19:26.920462Z  INFO mq_bench::roles::subscriber: Starting subscriber engine=Mqtt key=topic_4 endpoint=None crash_enabled=false
2026-09-28T18:19:26.920503Z  INFO mq_bench::roles::subscriber: Connected via transport engine=Mqtt
2026-09-28T18:19:26.922793Z  INFO mq_bench::roles::subscriber: Subscribed to key expression key=topic_4
2026-09-28T18:19:33.589095Z  INFO mq_bench::roles::subscriber: Starting subscriber engine=Mqtt key=topic_4 endpoint=None crash_enabled=false
2026-09-28T18:19:33.589139Z  INFO mq_bench::roles::subscriber: Connected via transport engine=Mqtt
2026-09-28T18:19:33.591931Z  INFO mq_bench::roles::subscriber: Subscribed to key expression key=topic_4
