mq-bench starting with run_id: auto
Writing CSV output to: artifacts/fanout_bursty_20260928_181833_mqtt_emqx_p64_s1000_u10_bursty/fanout_singlesite/sub_0_3.csv
2026-09-28T18:18:33.433347Z  INFO mq_bench::roles::subscriber: Starting subscriber engine=Mqtt key=topic_0 endpoint=None crash_enabled=false
2026-09-28T18:18:33.433398Z  INFO mq_bench::roles::subscriber: Connected via transport engine=Mqtt
2026-09-28T18:18:33.435623Z  INFO mq_bench::roles::subscriber: Subscribed to key expression key=topic_0
2026-09-28T18:18:40.101085Z  INFO mq_bench::roles::subscriber: Starting subscriber engine=Mqtt key=topic_0 endpoint=None crash_enabled=false
2026-09-28T18:18:40.101192Z  INFO mq_bench::roles::subscriber: Connected via transport engine=Mqtt
2026-09-28T18:18:40.103661Z  INFO mq_bench::roles::subscriber: Subscribed to key expression key=topic_0
2026-09-28T18:18:46.768657Z  INFO mq_bench::roles::subscriber: Starting subscriber engine=Mqtt key=topic_0 endpoint=None crash_enabled=false
2026-09-28T18:18:46.768746Z  INFO mq_bench::roles::subscriber: Connected via transport engine=Mqtt
2026-09-28T18:18:46.770870Z  INFO mq_bench::roles::subscriber: Subscribed to key expression key=topic_0
2026-09-28T18:18:53.436392Z  INFO mq_bench::roles::subscriber: Starting subscriber engine=Mqtt key=topic_0 endpoint=None crash_enabled=false
2026-09-28T18:18:53.436439Z  INFO mq_bench::roles::subscriber: Connected via transport engine=Mqtt
2026-09-28T18:18:53.438900Z  INFO mq_bench::roles::subscriber: Subscribed to key expression key=topic_0
2026-09-28T18:19:00.104125Z  INFO mq_bench::roles::subscriber: Starting subscriber engine=Mqtt key=topic_0 endpoint=None crash_enabled=false
2026-09-28T18:19:00.104171Z  INFO mq_bench::roles::subscriber: Connected via transport engine=Mqtt
2026-09-28T18:19:00.106384Z  INFO mq_bench::roles::subscriber: Subscribed to key expression key=topic_0
2026-09-28T18:19:06.771493Z  INFO mq_bench::roles::subscriber: Starting subscriber engine=Mqtt key=topic_0 endpoint=None crash_enabled=false
2026-09-28T18:19:06.771539Z  INFO mq_bench::roles::subscriber: Connected via transport engine=Mqtt
2026-09-28T18:19:06.773900Z  INFO mq_bench::roles::subscriber: Subscribed to key expression key=topic_0
2026-09-28T18:19:13.439027Z  INFO mq_bench::roles::subscriber: Starting subscriber engine=Mqtt key=topic_0 endpoint=None crash_enabled=false
2026-09-28T18:19:13.439109Z  INFO mq_bench::roles::subscriber: Connected via transport engine=Mqtt
2026-09-28T18:19:13.441326Z  INFO mq_bench::roles::subscriber: Subscribed to key expression key=topic_0
2026-09-28T18:19:20.106251Z  INFO mq_bench::roles::subscriber: Starting subscriber engine=Mqtt key=topic_0 endpoint=None crash_enabled=false
2026-09-28T18:19:20.106295Z  INFO mq_bench::roles::subscriber: Connected via transport engine=Mqtt
2026-09-28T18:19:20.110174Z  INFO mq_bench::roles::subscriber: Subscribed to key expression key=topic_0
2026-09-28T18:19:26.774306Z  INFO mq_bench::roles::subscriber: Starting subscriber engine=Mqtt key=topic_0 endpoint=None crash_enabled=false
2026-09-28T18:19:26.774344Z  INFO mq_bench::roles::subscriber: Connected via transport engine=Mqtt
2026-09-28T18:19:26.776806Z  INFO mq_bench::roles::subscriber: Subscribed to key expression key=topic_0
2026-09-28T18:19:33.442341Z  INFO mq_bench::roles::subscriber: Starting subscriber engine=Mqtt key=topic_0 endpoint=None crash_enabled=false
2026-09-28T18:19:33.442418Z  INFO mq_bench::roles::subscriber: Connected via transport engine=Mqtt
2026-09-28T18:19:33.445067Z  INFO mq_bench::roles::subscriber: Subscribed to key expression key=topic_0
