mq-bench starting with run_id: auto
Writing CSV output to: artifacts/fanout_bursty_20260928_181833_mqtt_emqx_p64_s1000_u10_bursty/fanout_singlesite/sub_0_5.csv
2026-09-28T18:18:33.440480Z  INFO mq_bench::roles::subscriber: Starting subscriber engine=Mqtt key=topic_0 endpoint=None crash_enabled=false
2026-09-28T18:18:33.440529Z  INFO mq_bench::roles::subscriber: Connected via transport engine=Mqtt
2026-09-28T18:18:33.442628Z  INFO mq_bench::roles::subscriber: Subscribed to key expression key=topic_0
2026-09-28T18:18:40.108408Z  INFO mq_bench::roles::subscriber: Starting subscriber engine=Mqtt key=topic_0 endpoint=None crash_enabled=false
2026-09-28T18:18:40.108499Z  INFO mq_bench::roles::subscriber: Connected via transport engine=Mqtt
2026-09-28T18:18:40.110741Z  INFO mq_bench::roles::subscriber: Subscribed to key expression key=topic_0
2026-09-28T18:18:46.776633Z  INFO mq_bench::roles::subscriber: Starting subscriber engine=Mqtt key=topic_0 endpoint=None crash_enabled=false
2026-09-28T18:18:46.776729Z  INFO mq_bench::roles::subscriber: Connected via transport engine=Mqtt
2026-09-28T18:18:46.778745Z  INFO mq_bench::roles::subscriber: Subscribed to key expression key=topic_0
2026-09-28T18:18:53.444415Z  INFO mq_bench::roles::subscriber: Starting subscriber engine=Mqtt key=topic_0 endpoint=None crash_enabled=false
2026-09-28T18:18:53.444465Z  INFO mq_bench::roles::subscriber: Connected via transport engine=Mqtt
2026-09-28T18:18:53.446675Z  INFO mq_bench::roles::subscriber: Subscribed to key expression key=topic_0
2026-09-28T18:19:00.112627Z  INFO mq_bench::roles::subscriber: Starting subscriber engine=Mqtt key=topic_0 endpoint=None crash_enabled=false
2026-09-28T18:19:00.112684Z  INFO mq_bench::roles::subscriber: Connected via transport engine=Mqtt
2026-09-28T18:19:00.114669Z  INFO mq_bench::roles::subscriber: Subscribed to key expression key=topic_0
2026-09-28T18:19:06.780655Z  INFO mq_bench::roles::subscriber: Starting subscriber engine=Mqtt key=topic_0 endpoint=None crash_enabled=false
2026-09-28T18:19:06.780697Z  INFO mq_bench::roles::subscriber: Connected via transport engine=Mqtt
2026-09-28T18:19:06.783068Z  INFO mq_bench::roles::subscriber: Subscribed to key expression key=topic_0
2026-09-28T18:19:13.448323Z  INFO mq_bench::roles::subscriber: Starting subscriber engine=Mqtt key=topic_0 endpoint=None crash_enabled=false
2026-09-28T18:19:13.448369Z  INFO mq_bench::roles::subscriber: Connected via transport engine=Mqtt
2026-09-28T18:19:13.450876Z  INFO mq_bench::roles::subscriber: Subscribed to key expression key=topic_0
2026-09-28T18:19:20.116004Z  INFO mq_bench::roles::subscriber: Starting subscriber engine=Mqtt key=topic_0 endpoint=None crash_enabled=false
2026-09-28T18:19:20.116045Z  INFO mq_bench::roles::subscriber: Connected via transport engine=Mqtt
2026-09-28T18:19:20.118761Z  INFO mq_bench::roles::subscriber: Subscribed to key expression key=topic_0
2026-09-28T18:19:26.783891Z  INFO mq_bench::roles::subscriber: Starting subscriber engine=Mqtt key=topic_0 endpoint=None crash_enabled=false
2026-09-28T18:19:26.783965Z  INFO mq_bench::roles::subscriber: Connected via transport engine=Mqtt
2026-09-28T18:19:26.786387Z  INFO mq_bench::roles::subscriber: Subscribed to key expression key=topic_0
2026-09-28T18:19:33.450975Z  INFO mq_bench::roles::subscriber: Starting subscriber engine=Mqtt key=topic_0 endpoint=None crash_enabled=false
2026-09-28T18:19:33.451047Z  INFO mq_bench::roles::subscriber: Connected via transport engine=Mqtt
2026-09-28T18:19:33.453505Z  INFO mq_bench::roles::subscriber: Subscribed to key expression key=topic_0
