mq-bench starting with run_id: auto
Writing CSV output to: artifacts/fanout_bursty_20260928_181833_mqtt_emqx_p64_s1000_u10_bursty/fanout_singlesite/sub_9_3.csv
2026-09-28T18:18:33.769006Z  INFO mq_bench::roles::subscriber: Starting subscriber engine=Mqtt key=topic_9 endpoint=None crash_enabled=false
2026-09-28T18:18:33.769053Z  INFO mq_bench::roles::subscriber: Connected via transport engine=Mqtt
2026-09-28T18:18:33.771035Z  INFO mq_bench::roles::subscriber: Subscribed to key expression key=topic_9
2026-09-28T18:18:40.437272Z  INFO mq_bench::roles::subscriber: Starting subscriber engine=Mqtt key=topic_9 endpoint=None crash_enabled=false
2026-09-28T18:18:40.437364Z  INFO mq_bench::roles::subscriber: Connected via transport engine=Mqtt
2026-09-28T18:18:40.439353Z  INFO mq_bench::roles::subscriber: Subscribed to key expression key=topic_9
2026-09-28T18:18:47.105331Z  INFO mq_bench::roles::subscriber: Starting subscriber engine=Mqtt key=topic_9 endpoint=None crash_enabled=false
2026-09-28T18:18:47.105378Z  INFO mq_bench::roles::subscriber: Connected via transport engine=Mqtt
2026-09-28T18:18:47.107436Z  INFO mq_bench::roles::subscriber: Subscribed to key expression key=topic_9
2026-09-28T18:18:53.772683Z  INFO mq_bench::roles::subscriber: Starting subscriber engine=Mqtt key=topic_9 endpoint=None crash_enabled=false
2026-09-28T18:18:53.772782Z  INFO mq_bench::roles::subscriber: Connected via transport engine=Mqtt
2026-09-28T18:18:53.774666Z  INFO mq_bench::roles::subscriber: Subscribed to key expression key=topic_9
2026-09-28T18:19:00.440589Z  INFO mq_bench::roles::subscriber: Starting subscriber engine=Mqtt key=topic_9 endpoint=None crash_enabled=false
2026-09-28T18:19:00.440650Z  INFO mq_bench::roles::subscriber: Connected via transport engine=Mqtt
2026-09-28T18:19:00.442870Z  INFO mq_bench::roles::subscriber: Subscribed to key expression key=topic_9
2026-09-28T18:19:07.107880Z  INFO mq_bench::roles::subscriber: Starting subscriber engine=Mqtt key=topic_9 endpoint=None crash_enabled=false
2026-09-28T18:19:07.107975Z  INFO mq_bench::roles::subscriber: Connected via transport engine=Mqtt
2026-09-28T18:19:07.110162Z  INFO mq_bench::roles::subscriber: Subscribed to key expression key=topic_9
2026-09-28T18:19:13.776264Z  INFO mq_bench::roles::subscriber: Starting subscriber engine=Mqtt key=topic_9 endpoint=None crash_enabled=false
2026-09-28T18:19:13.776306Z  INFO mq_bench::roles::subscriber: Connected via transport engine=Mqtt
2026-09-28T18:19:13.778715Z  INFO mq_bench::roles::subscriber: Subscribed to key expression key=topic_9
2026-09-28T18:19:20.443686Z  INFO mq_bench::roles::subscriber: Starting subscriber engine=Mqtt key=topic_9 endpoint=None crash_enabled=false
2026-09-28T18:19:20.443729Z  INFO mq_bench::roles::subscriber: Connected via transport engine=Mqtt
2026-09-28T18:19:20.446182Z  INFO mq_bench::roles::subscriber: Subscribed to key expression key=topic_9
2026-09-28T18:19:27.112277Z  INFO mq_bench::roles::subscriber: Starting subscriber engine=Mqtt key=topic_9 endpoint=None crash_enabled=false
2026-09-28T18:19:27.112316Z  INFO mq_bench::roles::subscriber: Connected via transport engine=Mqtt
2026-09-28T18:19:27.114670Z  INFO mq_bench::roles::subscriber: Subscribed to key expression key=topic_9
2026-09-28T18:19:33.779937Z  INFO mq_bench::roles::subscriber: Starting subscriber engine=Mqtt key=topic_9 endpoint=None crash_enabled=false
2026-09-28T18:19:33.779985Z  INFO mq_bench::roles::subscriber: Connected via transport engine=Mqtt
2026-09-28T18:19:33.782353Z  INFO mq_bench::roles::subscriber: Subscribed to key expression key=topic_9
