mq-bench starting with run_id: auto
Writing CSV output to: artifacts/fanout_bursty_20260928_181833_mqtt_emqx_p64_s1000_u10_bursty/fanout_singlesite/sub_5_9.csv
2026-09-28T18:18:33.640438Z  INFO mq_bench::roles::subscriber: Starting subscriber engine=Mqtt key=topic_5 endpoint=None crash_enabled=false
2026-09-28T18:18:33.640491Z  INFO mq_bench::roles::subscriber: Connected via transport engine=Mqtt
2026-09-28T18:18:33.642703Z  INFO mq_bench::roles::subscriber: Subscribed to key expression key=topic_5
2026-09-28T18:18:40.307804Z  INFO mq_bench::roles::subscriber: Starting subscriber engine=Mqtt key=topic_5 endpoint=None crash_enabled=false
2026-09-28T18:18:40.307957Z  INFO mq_bench::roles::subscriber: Connected via transport engine=Mqtt
2026-09-28T18:18:40.310087Z  INFO mq_bench::roles::subscriber: Subscribed to key expression key=topic_5
2026-09-28T18:18:46.976079Z  INFO mq_bench::roles::subscriber: Starting subscriber engine=Mqtt key=topic_5 endpoint=None crash_enabled=false
2026-09-28T18:18:46.976167Z  INFO mq_bench::roles::subscriber: Connected via transport engine=Mqtt
2026-09-28T18:18:46.978322Z  INFO mq_bench::roles::subscriber: Subscribed to key expression key=topic_5
2026-09-28T18:18:53.643741Z  INFO mq_bench::roles::subscriber: Starting subscriber engine=Mqtt key=topic_5 endpoint=None crash_enabled=false
2026-09-28T18:18:53.643789Z  INFO mq_bench::roles::subscriber: Connected via transport engine=Mqtt
2026-09-28T18:18:53.645804Z  INFO mq_bench::roles::subscriber: Subscribed to key expression key=topic_5
2026-09-28T18:19:00.311941Z  INFO mq_bench::roles::subscriber: Starting subscriber engine=Mqtt key=topic_5 endpoint=None crash_enabled=false
2026-09-28T18:19:00.312029Z  INFO mq_bench::roles::subscriber: Connected via transport engine=Mqtt
2026-09-28T18:19:00.314049Z  INFO mq_bench::roles::subscriber: Subscribed to key expression key=topic_5
2026-09-28T18:19:06.980115Z  INFO mq_bench::roles::subscriber: Starting subscriber engine=Mqtt key=topic_5 endpoint=None crash_enabled=false
2026-09-28T18:19:06.980209Z  INFO mq_bench::roles::subscriber: Connected via transport engine=Mqtt
2026-09-28T18:19:06.982600Z  INFO mq_bench::roles::subscriber: Subscribed to key expression key=topic_5
2026-09-28T18:19:13.647839Z  INFO mq_bench::roles::subscriber: Starting subscriber engine=Mqtt key=topic_5 endpoint=None crash_enabled=false
2026-09-28T18:19:13.647895Z  INFO mq_bench::roles::subscriber: Connected via transport engine=Mqtt
2026-09-28T18:19:13.650210Z  INFO mq_bench::roles::subscriber: Subscribed to key expression key=topic_5
2026-09-28T18:19:20.316191Z  INFO mq_bench::roles::subscriber: Starting subscriber engine=Mqtt key=topic_5 endpoint=None crash_enabled=false
2026-09-28T18:19:20.316235Z  INFO mq_bench::roles::subscriber: Connected via transport engine=Mqtt
2026-09-28T18:19:20.318554Z  INFO mq_bench::roles::subscriber: Subscribed to key expression key=topic_5
2026-09-28T18:19:26.983731Z  INFO mq_bench::roles::subscriber: Starting subscriber engine=Mqtt key=topic_5 endpoint=None crash_enabled=false
2026-09-28T18:19:26.983776Z  INFO mq_bench::roles::subscriber: Connected via transport engine=Mqtt
2026-09-28T18:19:26.985993Z  INFO mq_bench::roles::subscriber: Subscribed to key expression key=topic_5
2026-09-28T18:19:33.651561Z  INFO mq_bench::roles::subscriber: Starting subscriber engine=Mqtt key=topic_5 endpoint=None crash_enabled=false
2026-09-28T18:19:33.651609Z  INFO mq_bench::roles::subscriber: Connected via transport engine=Mqtt
2026-09-28T18:19:33.653777Z  INFO mq_bench::roles::subscriber: Subscribed to key expression key=topic_5
