mq-bench starting with run_id: auto
Writing CSV output to: artifacts/fanout_bursty_20260928_181833_mqtt_emqx_p64_s1000_u10_bursty/fanout_singlesite/sub_3_4.csv
2026-09-28T18:18:33.547491Z  INFO mq_bench::roles::subscriber: Starting subscriber engine=Mqtt key=topic_3 endpoint=None crash_enabled=false
2026-09-28T18:18:33.547533Z  INFO mq_bench::roles::subscriber: Connected via transport engine=Mqtt
2026-09-28T18:18:33.549627Z  INFO mq_bench::roles::subscriber: Subscribed to key expression key=topic_3
2026-09-28T18:18:40.216145Z  INFO mq_bench::roles::subscriber: Starting subscriber engine=Mqtt key=topic_3 endpoint=None crash_enabled=false
2026-09-28T18:18:40.216181Z  INFO mq_bench::roles::subscriber: Connected via transport engine=Mqtt
2026-09-28T18:18:40.218076Z  INFO mq_bench::roles::subscriber: Subscribed to key expression key=topic_3
2026-09-28T18:18:46.883281Z  INFO mq_bench::roles::subscriber: Starting subscriber engine=Mqtt key=topic_3 endpoint=None crash_enabled=false
2026-09-28T18:18:46.883389Z  INFO mq_bench::roles::subscriber: Connected via transport engine=Mqtt
2026-09-28T18:18:46.885574Z  INFO mq_bench::roles::subscriber: Subscribed to key expression key=topic_3
2026-09-28T18:18:53.550218Z  INFO mq_bench::roles::subscriber: Starting subscriber engine=Mqtt key=topic_3 endpoint=None crash_enabled=false
2026-09-28T18:18:53.550261Z  INFO mq_bench::roles::subscriber: Connected via transport engine=Mqtt
2026-09-28T18:18:53.552564Z  INFO mq_bench::roles::subscriber: Subscribed to key expression key=topic_3
2026-09-28T18:19:00.217806Z  INFO mq_bench::roles::subscriber: Starting subscriber engine=Mqtt key=topic_3 endpoint=None crash_enabled=false
2026-09-28T18:19:00.217880Z  INFO mq_bench::roles::subscriber: Connected via transport engine=Mqtt
2026-09-28T18:19:00.219948Z  INFO mq_bench::roles::subscriber: Subscribed to key expression key=topic_3
2026-09-28T18:19:06.885745Z  INFO mq_bench::roles::subscriber: Starting subscriber engine=Mqtt key=topic_3 endpoint=None crash_enabled=false
2026-09-28T18:19:06.885783Z  INFO mq_bench::roles::subscriber: Connected via transport engine=Mqtt
2026-09-28T18:19:06.888064Z  INFO mq_bench::roles::subscriber: Subscribed to key expression key=topic_3
2026-09-28T18:19:13.553244Z  INFO mq_bench::roles::subscriber: Starting subscriber engine=Mqtt key=topic_3 endpoint=None crash_enabled=false
2026-09-28T18:19:13.553294Z  INFO mq_bench::roles::subscriber: Connected via transport engine=Mqtt
2026-09-28T18:19:13.555835Z  INFO mq_bench::roles::subscriber: Subscribed to key expression key=topic_3
2026-09-28T18:19:20.220871Z  INFO mq_bench::roles::subscriber: Starting subscriber engine=Mqtt key=topic_3 endpoint=None crash_enabled=false
2026-09-28T18:19:20.220959Z  INFO mq_bench::roles::subscriber: Connected via transport engine=Mqtt
2026-09-28T18:19:20.223257Z  INFO mq_bench::roles::subscriber: Subscribed to key expression key=topic_3
2026-09-28T18:19:26.888503Z  INFO mq_bench::roles::subscriber: Starting subscriber engine=Mqtt key=topic_3 endpoint=None crash_enabled=false
2026-09-28T18:19:26.888577Z  INFO mq_bench::roles::subscriber: Connected via transport engine=Mqtt
2026-09-28T18:19:26.890987Z  INFO mq_bench::roles::subscriber: Subscribed to key expression key=topic_3
2026-09-28T18:19:33.556158Z  INFO mq_bench::roles::subscriber: Starting subscriber engine=Mqtt key=topic_3 endpoint=None crash_enabled=false
2026-09-28T18:19:33.556202Z  INFO mq_bench::roles::subscriber: Connected via transport engine=Mqtt
2026-09-28T18:19:33.558848Z  INFO mq_bench::roles::subscriber: Subscribed to key expression key=topic_3
