mq-bench starting with run_id: auto
Writing CSV output to: artifacts/fanout_bursty_20260928_181833_mqtt_emqx_p64_s1000_u10_bursty/fanout_singlesite/sub_9_7.csv
2026-09-28T18:18:33.783453Z  INFO mq_bench::roles::subscriber: Starting subscriber engine=Mqtt key=topic_9 endpoint=None crash_enabled=false
2026-09-28T18:18:33.783501Z  INFO mq_bench::roles::subscriber: Connected via transport engine=Mqtt
2026-09-28T18:18:33.785959Z  INFO mq_bench::roles::subscriber: Subscribed to key expression key=topic_9
2026-09-28T18:18:40.450887Z  INFO mq_bench::roles::subscriber: Starting subscriber engine=Mqtt key=topic_9 endpoint=None crash_enabled=false
2026-09-28T18:18:40.451009Z  INFO mq_bench::roles::subscriber: Connected via transport engine=Mqtt
2026-09-28T18:18:40.452994Z  INFO mq_bench::roles::subscriber: Subscribed to key expression key=topic_9
2026-09-28T18:18:47.118861Z  INFO mq_bench::roles::subscriber: Starting subscriber engine=Mqtt key=topic_9 endpoint=None crash_enabled=false
2026-09-28T18:18:47.118971Z  INFO mq_bench::roles::subscriber: Connected via transport engine=Mqtt
2026-09-28T18:18:47.121057Z  INFO mq_bench::roles::subscriber: Subscribed to key expression key=topic_9
2026-09-28T18:18:53.786618Z  INFO mq_bench::roles::subscriber: Starting subscriber engine=Mqtt key=topic_9 endpoint=None crash_enabled=false
2026-09-28T18:18:53.786667Z  INFO mq_bench::roles::subscriber: Connected via transport engine=Mqtt
2026-09-28T18:18:53.788692Z  INFO mq_bench::roles::subscriber: Subscribed to key expression key=topic_9
2026-09-28T18:19:00.454612Z  INFO mq_bench::roles::subscriber: Starting subscriber engine=Mqtt key=topic_9 endpoint=None crash_enabled=false
2026-09-28T18:19:00.454657Z  INFO mq_bench::roles::subscriber: Connected via transport engine=Mqtt
2026-09-28T18:19:00.456965Z  INFO mq_bench::roles::subscriber: Subscribed to key expression key=topic_9
2026-09-28T18:19:07.122673Z  INFO mq_bench::roles::subscriber: Starting subscriber engine=Mqtt key=topic_9 endpoint=None crash_enabled=false
2026-09-28T18:19:07.122712Z  INFO mq_bench::roles::subscriber: Connected via transport engine=Mqtt
2026-09-28T18:19:07.124884Z  INFO mq_bench::roles::subscriber: Subscribed to key expression key=topic_9
2026-09-28T18:19:13.791212Z  INFO mq_bench::roles::subscriber: Starting subscriber engine=Mqtt key=topic_9 endpoint=None crash_enabled=false
2026-09-28T18:19:13.791260Z  INFO mq_bench::roles::subscriber: Connected via transport engine=Mqtt
2026-09-28T18:19:13.793523Z  INFO mq_bench::roles::subscriber: Subscribed to key expression key=topic_9
2026-09-28T18:19:20.458481Z  INFO mq_bench::roles::subscriber: Starting subscriber engine=Mqtt key=topic_9 endpoint=None crash_enabled=false
2026-09-28T18:19:20.458522Z  INFO mq_bench::roles::subscriber: Connected via transport engine=Mqtt
2026-09-28T18:19:20.460839Z  INFO mq_bench::roles::subscriber: Subscribed to key expression key=topic_9
2026-09-28T18:19:27.126198Z  INFO mq_bench::roles::subscriber: Starting subscriber engine=Mqtt key=topic_9 endpoint=None crash_enabled=false
2026-09-28T18:19:27.126244Z  INFO mq_bench::roles::subscriber: Connected via transport engine=Mqtt
2026-09-28T18:19:27.128562Z  INFO mq_bench::roles::subscriber: Subscribed to key expression key=topic_9
2026-09-28T18:19:33.794019Z  INFO mq_bench::roles::subscriber: Starting subscriber engine=Mqtt key=topic_9 endpoint=None crash_enabled=false
2026-09-28T18:19:33.794083Z  INFO mq_bench::roles::subscriber: Connected via transport engine=Mqtt
2026-09-28T18:19:33.796494Z  INFO mq_bench::roles::subscriber: Subscribed to key expression key=topic_9
