mq-bench starting with run_id: auto
Writing CSV output to: artifacts/fanout_bursty_20260928_181833_mqtt_emqx_p64_s1000_u10_bursty/fanout_singlesite/sub_2_3.csv
2026-09-28T18:18:33.507156Z  INFO mq_bench::roles::subscriber: Starting subscriber engine=Mqtt key=topic_2 endpoint=None crash_enabled=false
2026-09-28T18:18:33.507274Z  INFO mq_bench::roles::subscriber: Connected via transport engine=Mqtt
2026-09-28T18:18:33.509269Z  INFO mq_bench::roles::subscriber: Subscribed to key expression key=topic_2
2026-09-28T18:18:40.175394Z  INFO mq_bench::roles::subscriber: Starting subscriber engine=Mqtt key=topic_2 endpoint=None crash_enabled=false
2026-09-28T18:18:40.175430Z  INFO mq_bench::roles::subscriber: Connected via transport engine=Mqtt
2026-09-28T18:18:40.177704Z  INFO mq_bench::roles::subscriber: Subscribed to key expression key=topic_2
2026-09-28T18:18:46.842646Z  INFO mq_bench::roles::subscriber: Starting subscriber engine=Mqtt key=topic_2 endpoint=None crash_enabled=false
2026-09-28T18:18:46.842693Z  INFO mq_bench::roles::subscriber: Connected via transport engine=Mqtt
2026-09-28T18:18:46.844788Z  INFO mq_bench::roles::subscriber: Subscribed to key expression key=topic_2
2026-09-28T18:18:53.510196Z  INFO mq_bench::roles::subscriber: Starting subscriber engine=Mqtt key=topic_2 endpoint=None crash_enabled=false
2026-09-28T18:18:53.510291Z  INFO mq_bench::roles::subscriber: Connected via transport engine=Mqtt
2026-09-28T18:18:53.512588Z  INFO mq_bench::roles::subscriber: Subscribed to key expression key=topic_2
2026-09-28T18:19:00.178541Z  INFO mq_bench::roles::subscriber: Starting subscriber engine=Mqtt key=topic_2 endpoint=None crash_enabled=false
2026-09-28T18:19:00.178582Z  INFO mq_bench::roles::subscriber: Connected via transport engine=Mqtt
2026-09-28T18:19:00.180666Z  INFO mq_bench::roles::subscriber: Subscribed to key expression key=topic_2
2026-09-28T18:19:06.845715Z  INFO mq_bench::roles::subscriber: Starting subscriber engine=Mqtt key=topic_2 endpoint=None crash_enabled=false
2026-09-28T18:19:06.845755Z  INFO mq_bench::roles::subscriber: Connected via transport engine=Mqtt
2026-09-28T18:19:06.847977Z  INFO mq_bench::roles::subscriber: Subscribed to key expression key=topic_2
2026-09-28T18:19:13.513408Z  INFO mq_bench::roles::subscriber: Starting subscriber engine=Mqtt key=topic_2 endpoint=None crash_enabled=false
2026-09-28T18:19:13.513450Z  INFO mq_bench::roles::subscriber: Connected via transport engine=Mqtt
2026-09-28T18:19:13.515639Z  INFO mq_bench::roles::subscriber: Subscribed to key expression key=topic_2
2026-09-28T18:19:20.181556Z  INFO mq_bench::roles::subscriber: Starting subscriber engine=Mqtt key=topic_2 endpoint=None crash_enabled=false
2026-09-28T18:19:20.181599Z  INFO mq_bench::roles::subscriber: Connected via transport engine=Mqtt
2026-09-28T18:19:20.183868Z  INFO mq_bench::roles::subscriber: Subscribed to key expression key=topic_2
2026-09-28T18:19:26.848800Z  INFO mq_bench::roles::subscriber: Starting subscriber engine=Mqtt key=topic_2 endpoint=None crash_enabled=false
2026-09-28T18:19:26.848857Z  INFO mq_bench::roles::subscriber: Connected via transport engine=Mqtt
2026-09-28T18:19:26.851072Z  INFO mq_bench::roles::subscriber: Subscribed to key expression key=topic_2
2026-09-28T18:19:33.516461Z  INFO mq_bench::roles::subscriber: Starting subscriber engine=Mqtt key=topic_2 endpoint=None crash_enabled=false
2026-09-28T18:19:33.516505Z  INFO mq_bench::roles::subscriber: Connected via transport engine=Mqtt
2026-09-28T18:19:33.518797Z  INFO mq_bench::roles::subscriber: Subscribed to key expression key=topic_2
