mq-bench starting with run_id: auto
Writing CSV output to: artifacts/fanout_bursty_20260928_181833_mqtt_emqx_p64_s1000_u10_bursty/fanout_singlesite/sub_8_9.csv
2026-09-28T18:18:33.752585Z  INFO mq_bench::roles::subscriber: Starting subscriber engine=Mqtt key=topic_8 endpoint=None crash_enabled=false
2026-09-28T18:18:33.752629Z  INFO mq_bench::roles::subscriber: Connected via transport engine=Mqtt
2026-09-28T18:18:33.754819Z  INFO mq_bench::roles::subscriber: Subscribed to key expression key=topic_8
2026-09-28T18:18:40.420552Z  INFO mq_bench::roles::subscriber: Starting subscriber engine=Mqtt key=topic_8 endpoint=None crash_enabled=false
2026-09-28T18:18:40.420635Z  INFO mq_bench::roles::subscriber: Connected via transport engine=Mqtt
2026-09-28T18:18:40.422675Z  INFO mq_bench::roles::subscriber: Subscribed to key expression key=topic_8
2026-09-28T18:18:47.088622Z  INFO mq_bench::roles::subscriber: Starting subscriber engine=Mqtt key=topic_8 endpoint=None crash_enabled=false
2026-09-28T18:18:47.088711Z  INFO mq_bench::roles::subscriber: Connected via transport engine=Mqtt
2026-09-28T18:18:47.090805Z  INFO mq_bench::roles::subscriber: Subscribed to key expression key=topic_8
2026-09-28T18:18:53.756256Z  INFO mq_bench::roles::subscriber: Starting subscriber engine=Mqtt key=topic_8 endpoint=None crash_enabled=false
2026-09-28T18:18:53.756294Z  INFO mq_bench::roles::subscriber: Connected via transport engine=Mqtt
2026-09-28T18:18:53.758308Z  INFO mq_bench::roles::subscriber: Subscribed to key expression key=topic_8
2026-09-28T18:19:00.424284Z  INFO mq_bench::roles::subscriber: Starting subscriber engine=Mqtt key=topic_8 endpoint=None crash_enabled=false
2026-09-28T18:19:00.424370Z  INFO mq_bench::roles::subscriber: Connected via transport engine=Mqtt
2026-09-28T18:19:00.426718Z  INFO mq_bench::roles::subscriber: Subscribed to key expression key=topic_8
2026-09-28T18:19:07.092430Z  INFO mq_bench::roles::subscriber: Starting subscriber engine=Mqtt key=topic_8 endpoint=None crash_enabled=false
2026-09-28T18:19:07.092474Z  INFO mq_bench::roles::subscriber: Connected via transport engine=Mqtt
2026-09-28T18:19:07.094767Z  INFO mq_bench::roles::subscriber: Subscribed to key expression key=topic_8
2026-09-28T18:19:13.759947Z  INFO mq_bench::roles::subscriber: Starting subscriber engine=Mqtt key=topic_8 endpoint=None crash_enabled=false
2026-09-28T18:19:13.759991Z  INFO mq_bench::roles::subscriber: Connected via transport engine=Mqtt
2026-09-28T18:19:13.762273Z  INFO mq_bench::roles::subscriber: Subscribed to key expression key=topic_8
2026-09-28T18:19:20.428636Z  INFO mq_bench::roles::subscriber: Starting subscriber engine=Mqtt key=topic_8 endpoint=None crash_enabled=false
2026-09-28T18:19:20.428697Z  INFO mq_bench::roles::subscriber: Connected via transport engine=Mqtt
2026-09-28T18:19:20.430962Z  INFO mq_bench::roles::subscriber: Subscribed to key expression key=topic_8
2026-09-28T18:19:27.095852Z  INFO mq_bench::roles::subscriber: Starting subscriber engine=Mqtt key=topic_8 endpoint=None crash_enabled=false
2026-09-28T18:19:27.095892Z  INFO mq_bench::roles::subscriber: Connected via transport engine=Mqtt
2026-09-28T18:19:27.098172Z  INFO mq_bench::roles::subscriber: Subscribed to key expression key=topic_8
2026-09-28T18:19:33.762855Z  INFO mq_bench::roles::subscriber: Starting subscriber engine=Mqtt key=topic_8 endpoint=None crash_enabled=false
2026-09-28T18:19:33.762902Z  INFO mq_bench::roles::subscriber: Connected via transport engine=Mqtt
2026-09-28T18:19:33.765052Z  INFO mq_bench::roles::subscriber: Subscribed to key expression key=topic_8
