mq-bench starting with run_id: auto
Writing CSV output to: artifacts/fanout_bursty_20260928_181833_mqtt_emqx_p64_s1000_u10_bursty/fanout_singlesite/sub_8_7.csv
2026-09-28T18:18:33.745392Z  INFO mq_bench::roles::subscriber: Starting subscriber engine=Mqtt key=topic_8 endpoint=None crash_enabled=false
2026-09-28T18:18:33.745437Z  INFO mq_bench::roles::subscriber: Connected via transport engine=Mqtt
2026-09-28T18:18:33.747537Z  INFO mq_bench::roles::subscriber: Subscribed to key expression key=topic_8
2026-09-28T18:18:40.413537Z  INFO mq_bench::roles::subscriber: Starting subscriber engine=Mqtt key=topic_8 endpoint=None crash_enabled=false
2026-09-28T18:18:40.413638Z  INFO mq_bench::roles::subscriber: Connected via transport engine=Mqtt
2026-09-28T18:18:40.415722Z  INFO mq_bench::roles::subscriber: Subscribed to key expression key=topic_8
2026-09-28T18:18:47.081632Z  INFO mq_bench::roles::subscriber: Starting subscriber engine=Mqtt key=topic_8 endpoint=None crash_enabled=false
2026-09-28T18:18:47.081717Z  INFO mq_bench::roles::subscriber: Connected via transport engine=Mqtt
2026-09-28T18:18:47.083960Z  INFO mq_bench::roles::subscriber: Subscribed to key expression key=topic_8
2026-09-28T18:18:53.749418Z  INFO mq_bench::roles::subscriber: Starting subscriber engine=Mqtt key=topic_8 endpoint=None crash_enabled=false
2026-09-28T18:18:53.749470Z  INFO mq_bench::roles::subscriber: Connected via transport engine=Mqtt
2026-09-28T18:18:53.751459Z  INFO mq_bench::roles::subscriber: Subscribed to key expression key=topic_8
2026-09-28T18:19:00.417500Z  INFO mq_bench::roles::subscriber: Starting subscriber engine=Mqtt key=topic_8 endpoint=None crash_enabled=false
2026-09-28T18:19:00.417587Z  INFO mq_bench::roles::subscriber: Connected via transport engine=Mqtt
2026-09-28T18:19:00.419928Z  INFO mq_bench::roles::subscriber: Subscribed to key expression key=topic_8
2026-09-28T18:19:07.085965Z  INFO mq_bench::roles::subscriber: Starting subscriber engine=Mqtt key=topic_8 endpoint=None crash_enabled=false
2026-09-28T18:19:07.086011Z  INFO mq_bench::roles::subscriber: Connected via transport engine=Mqtt
2026-09-28T18:19:07.088153Z  INFO mq_bench::roles::subscriber: Subscribed to key expression key=topic_8
2026-09-28T18:19:13.753319Z  INFO mq_bench::roles::subscriber: Starting subscriber engine=Mqtt key=topic_8 endpoint=None crash_enabled=false
2026-09-28T18:19:13.753374Z  INFO mq_bench::roles::subscriber: Connected via transport engine=Mqtt
2026-09-28T18:19:13.755612Z  INFO mq_bench::roles::subscriber: Subscribed to key expression key=topic_8
2026-09-28T18:19:20.420508Z  INFO mq_bench::roles::subscriber: Starting subscriber engine=Mqtt key=topic_8 endpoint=None crash_enabled=false
2026-09-28T18:19:20.420564Z  INFO mq_bench::roles::subscriber: Connected via transport engine=Mqtt
2026-09-28T18:19:20.422874Z  INFO mq_bench::roles::subscriber: Subscribed to key expression key=topic_8
2026-09-28T18:19:27.088880Z  INFO mq_bench::roles::subscriber: Starting subscriber engine=Mqtt key=topic_8 endpoint=None crash_enabled=false
2026-09-28T18:19:27.088948Z  INFO mq_bench::roles::subscriber: Connected via transport engine=Mqtt
2026-09-28T18:19:27.091087Z  INFO mq_bench::roles::subscriber: Subscribed to key expression key=topic_8
2026-09-28T18:19:33.756243Z  INFO mq_bench::roles::subscriber: Starting subscriber engine=Mqtt key=topic_8 endpoint=None crash_enabled=false
2026-09-28T18:19:33.756311Z  INFO mq_bench::roles::subscriber: Connected via transport engine=Mqtt
2026-09-28T18:19:33.758669Z  INFO mq_bench::roles::subscriber: Subscribed to key expression key=topic_8
