mq-bench starting with run_id: auto
Writing CSV output to: artifacts/fanout_bursty_20260929_230838_mqtt_artemis_p64_s1000_u10_bursty/fanout_singlesite/sub_8_7.csv
2026-09-29T23:08:39.099641Z  INFO mq_bench::roles::subscriber: Starting subscriber engine=Mqtt key=topic_8 endpoint=None crash_enabled=false
2026-09-29T23:08:39.099683Z  INFO mq_bench::roles::subscriber: Connected via transport engine=Mqtt
2026-09-29T23:08:39.822202Z  INFO mq_bench::roles::subscriber: Subscribed to key expression key=topic_8
2026-09-29T23:08:45.768317Z  INFO mq_bench::roles::subscriber: Starting subscriber engine=Mqtt key=topic_8 endpoint=None crash_enabled=false
2026-09-29T23:08:45.768428Z  INFO mq_bench::roles::subscriber: Connected via transport engine=Mqtt
2026-09-29T23:08:45.773861Z  INFO mq_bench::roles::subscriber: Subscribed to key expression key=topic_8
2026-09-29T23:08:52.435983Z  INFO mq_bench::roles::subscriber: Starting subscriber engine=Mqtt key=topic_8 endpoint=None crash_enabled=false
2026-09-29T23:08:52.436078Z  INFO mq_bench::roles::subscriber: Connected via transport engine=Mqtt
2026-09-29T23:08:52.442445Z  INFO mq_bench::roles::subscriber: Subscribed to key expression key=topic_8
2026-09-29T23:08:59.103731Z  INFO mq_bench::roles::subscriber: Starting subscriber engine=Mqtt key=topic_8 endpoint=None crash_enabled=false
2026-09-29T23:08:59.103777Z  INFO mq_bench::roles::subscriber: Connected via transport engine=Mqtt
2026-09-29T23:08:59.107436Z  INFO mq_bench::roles::subscriber: Subscribed to key expression key=topic_8
2026-09-29T23:09:05.771617Z  INFO mq_bench::roles::subscriber: Starting subscriber engine=Mqtt key=topic_8 endpoint=None crash_enabled=false
2026-09-29T23:09:05.771662Z  INFO mq_bench::roles::subscriber: Connected via transport engine=Mqtt
2026-09-29T23:09:05.784270Z  INFO mq_bench::roles::subscriber: Subscribed to key expression key=topic_8
2026-09-29T23:09:12.440165Z  INFO mq_bench::roles::subscriber: Starting subscriber engine=Mqtt key=topic_8 endpoint=None crash_enabled=false
2026-09-29T23:09:12.440211Z  INFO mq_bench::roles::subscriber: Connected via transport engine=Mqtt
2026-09-29T23:09:12.447023Z  INFO mq_bench::roles::subscriber: Subscribed to key expression key=topic_8
2026-09-29T23:09:19.107324Z  INFO mq_bench::roles::subscriber: Starting subscriber engine=Mqtt key=topic_8 endpoint=None crash_enabled=false
2026-09-29T23:09:19.107405Z  INFO mq_bench::roles::subscriber: Connected via transport engine=Mqtt
2026-09-29T23:09:19.120976Z  INFO mq_bench::roles::subscriber: Subscribed to key expression key=topic_8
2026-09-29T23:09:25.774652Z  INFO mq_bench::roles::subscriber: Starting subscriber engine=Mqtt key=topic_8 endpoint=None crash_enabled=false
2026-09-29T23:09:25.774703Z  INFO mq_bench::roles::subscriber: Connected via transport engine=Mqtt
2026-09-29T23:09:25.778954Z  INFO mq_bench::roles::subscriber: Subscribed to key expression key=topic_8
2026-09-29T23:09:32.443032Z  INFO mq_bench::roles::subscriber: Starting subscriber engine=Mqtt key=topic_8 endpoint=None crash_enabled=false
2026-09-29T23:09:32.443075Z  INFO mq_bench::roles::subscriber: Connected via transport engine=Mqtt
2026-09-29T23:09:32.448531Z  INFO mq_bench::roles::subscriber: Subscribed to key expression key=topic_8
2026-09-29T23:09:39.111150Z  INFO mq_bench::roles::subscriber: Starting subscriber engine=Mqtt key=topic_8 endpoint=None crash_enabled=false
2026-09-29T23:09:39.111215Z  INFO mq_bench::roles::subscriber: Connected via transport engine=Mqtt
2026-09-29T23:09:39.117095Z  INFO mq_bench::roles::subscriber: Subscribed to key expression key=topic_8
2026-09-29T23:21:05.801895Z  WARN mq_bench::transport::mqtt: MQTT subscription eventloop error; continuing poll loop client_id=sub-mqb-5bfe17c8e69e459b-3400306f7d1d4b90b618b854cd7aec2d error=Mqtt state: Last pingreq isn't acked
2026-09-29T23:21:12.468076Z  WARN mq_bench::transport::mqtt: MQTT subscription eventloop error; continuing poll loop client_id=sub-mqb-5bfe17c8e69e459b-3ed31329124143fab191633066e37469 error=Mqtt state: Last pingreq isn't acked
2026-09-29T23:21:15.796660Z  WARN mq_bench::transport::mqtt: MQTT subscription eventloop error; continuing poll loop client_id=sub-mqb-5bfe17c8e69e459b-3f2f97a69f464ded82930f9b24884189 error=Mqtt state: Last pingreq isn't acked
2026-09-29T23:21:22.464534Z  WARN mq_bench::transport::mqtt: MQTT subscription eventloop error; continuing poll loop client_id=sub-mqb-5bfe17c8e69e459b-6a9b1d3baabb48b89bc392b91bb6d0b7 error=Mqtt state: Last pingreq isn't acked
2026-09-29T23:21:25.802158Z  WARN mq_bench::transport::mqtt: MQTT subscription eventloop error; continuing poll loop client_id=sub-mqb-5bfe17c8e69e459b-f4373d3b1b4a4216a9b7dde83450160d error=Mqtt state: Last pingreq isn't acked
2026-09-29T23:21:32.469121Z  WARN mq_bench::transport::mqtt: MQTT subscription eventloop error; continuing poll loop client_id=sub-mqb-5bfe17c8e69e459b-4c0c8fda283041afb75718f0fc6bea3c error=Mqtt state: Last pingreq isn't acked
