mq-bench starting with run_id: auto
Writing CSV output to: artifacts/fanout_bursty_20260929_230838_mqtt_artemis_p64_s1000_u10_bursty/fanout_singlesite/sub_3_8.csv
2026-09-29T23:08:38.908922Z  INFO mq_bench::roles::subscriber: Starting subscriber engine=Mqtt key=topic_3 endpoint=None crash_enabled=false
2026-09-29T23:08:38.908997Z  INFO mq_bench::roles::subscriber: Connected via transport engine=Mqtt
2026-09-29T23:08:39.820339Z  INFO mq_bench::roles::subscriber: Subscribed to key expression key=topic_3
2026-09-29T23:08:45.576268Z  INFO mq_bench::roles::subscriber: Starting subscriber engine=Mqtt key=topic_3 endpoint=None crash_enabled=false
2026-09-29T23:08:45.576383Z  INFO mq_bench::roles::subscriber: Connected via transport engine=Mqtt
2026-09-29T23:08:45.613193Z  INFO mq_bench::roles::subscriber: Subscribed to key expression key=topic_3
2026-09-29T23:08:52.244289Z  INFO mq_bench::roles::subscriber: Starting subscriber engine=Mqtt key=topic_3 endpoint=None crash_enabled=false
2026-09-29T23:08:52.244395Z  INFO mq_bench::roles::subscriber: Connected via transport engine=Mqtt
2026-09-29T23:08:52.276461Z  INFO mq_bench::roles::subscriber: Subscribed to key expression key=topic_3
2026-09-29T23:08:58.911985Z  INFO mq_bench::roles::subscriber: Starting subscriber engine=Mqtt key=topic_3 endpoint=None crash_enabled=false
2026-09-29T23:08:58.912025Z  INFO mq_bench::roles::subscriber: Connected via transport engine=Mqtt
2026-09-29T23:08:58.925306Z  INFO mq_bench::roles::subscriber: Subscribed to key expression key=topic_3
2026-09-29T23:09:05.580474Z  INFO mq_bench::roles::subscriber: Starting subscriber engine=Mqtt key=topic_3 endpoint=None crash_enabled=false
2026-09-29T23:09:05.580526Z  INFO mq_bench::roles::subscriber: Connected via transport engine=Mqtt
2026-09-29T23:09:05.590938Z  INFO mq_bench::roles::subscriber: Subscribed to key expression key=topic_3
2026-09-29T23:09:12.248224Z  INFO mq_bench::roles::subscriber: Starting subscriber engine=Mqtt key=topic_3 endpoint=None crash_enabled=false
2026-09-29T23:09:12.248271Z  INFO mq_bench::roles::subscriber: Connected via transport engine=Mqtt
2026-09-29T23:09:12.254908Z  INFO mq_bench::roles::subscriber: Subscribed to key expression key=topic_3
2026-09-29T23:09:18.916244Z  INFO mq_bench::roles::subscriber: Starting subscriber engine=Mqtt key=topic_3 endpoint=None crash_enabled=false
2026-09-29T23:09:18.916334Z  INFO mq_bench::roles::subscriber: Connected via transport engine=Mqtt
2026-09-29T23:09:18.930783Z  INFO mq_bench::roles::subscriber: Subscribed to key expression key=topic_3
2026-09-29T23:09:25.584718Z  INFO mq_bench::roles::subscriber: Starting subscriber engine=Mqtt key=topic_3 endpoint=None crash_enabled=false
2026-09-29T23:09:25.584768Z  INFO mq_bench::roles::subscriber: Connected via transport engine=Mqtt
2026-09-29T23:09:25.593598Z  INFO mq_bench::roles::subscriber: Subscribed to key expression key=topic_3
2026-09-29T23:09:32.252215Z  INFO mq_bench::roles::subscriber: Starting subscriber engine=Mqtt key=topic_3 endpoint=None crash_enabled=false
2026-09-29T23:09:32.252258Z  INFO mq_bench::roles::subscriber: Connected via transport engine=Mqtt
2026-09-29T23:09:32.259024Z  INFO mq_bench::roles::subscriber: Subscribed to key expression key=topic_3
2026-09-29T23:09:38.920624Z  INFO mq_bench::roles::subscriber: Starting subscriber engine=Mqtt key=topic_3 endpoint=None crash_enabled=false
2026-09-29T23:09:38.920669Z  INFO mq_bench::roles::subscriber: Connected via transport engine=Mqtt
2026-09-29T23:09:38.937434Z  INFO mq_bench::roles::subscriber: Subscribed to key expression key=topic_3
2026-09-29T23:21:05.610112Z  WARN mq_bench::transport::mqtt: MQTT subscription eventloop error; continuing poll loop client_id=sub-mqb-5bfe10c8e69e39b6-692b6f6c84ea416e8bb8f2ea95913ccc error=Mqtt state: Last pingreq isn't acked
2026-09-29T23:21:15.606090Z  WARN mq_bench::transport::mqtt: MQTT subscription eventloop error; continuing poll loop client_id=sub-mqb-5bfe10c8e69e39b6-30b289eb3d0d4184ba13f6eb0a421f16 error=Mqtt state: Last pingreq isn't acked
2026-09-29T23:21:22.277470Z  WARN mq_bench::transport::mqtt: MQTT subscription eventloop error; continuing poll loop client_id=sub-mqb-5bfe10c8e69e39b6-07ab51774bfa4ed69eb1396b92e01f9a error=Mqtt state: Last pingreq isn't acked
2026-09-29T23:21:25.615724Z  WARN mq_bench::transport::mqtt: MQTT subscription eventloop error; continuing poll loop client_id=sub-mqb-5bfe10c8e69e39b6-00f4e71621884b7a82722901f33cb1e5 error=Mqtt state: Last pingreq isn't acked
2026-09-29T23:21:32.280243Z  WARN mq_bench::transport::mqtt: MQTT subscription eventloop error; continuing poll loop client_id=sub-mqb-5bfe10c8e69e39b6-42e5c4ede34c46bfaefd9ee2ab13c7ac error=Mqtt state: Last pingreq isn't acked
2026-09-29T23:21:42.276429Z  WARN mq_bench::transport::mqtt: MQTT subscription eventloop error; continuing poll loop client_id=sub-mqb-5bfe10c8e69e39b6-ee35db2de9a3416388901d5e0c3f09e7 error=Mqtt state: Last pingreq isn't acked
