mq-bench starting with run_id: auto
Writing CSV output to: artifacts/fanout_bursty_20260929_230838_mqtt_artemis_p64_s1000_u10_bursty/fanout_singlesite/sub_8_1.csv
2026-09-29T23:08:39.075457Z  INFO mq_bench::roles::subscriber: Starting subscriber engine=Mqtt key=topic_8 endpoint=None crash_enabled=false
2026-09-29T23:08:39.075501Z  INFO mq_bench::roles::subscriber: Connected via transport engine=Mqtt
2026-09-29T23:08:39.837522Z  INFO mq_bench::roles::subscriber: Subscribed to key expression key=topic_8
2026-09-29T23:08:45.743598Z  INFO mq_bench::roles::subscriber: Starting subscriber engine=Mqtt key=topic_8 endpoint=None crash_enabled=false
2026-09-29T23:08:45.743664Z  INFO mq_bench::roles::subscriber: Connected via transport engine=Mqtt
2026-09-29T23:08:45.746933Z  INFO mq_bench::roles::subscriber: Subscribed to key expression key=topic_8
2026-09-29T23:08:52.411628Z  INFO mq_bench::roles::subscriber: Starting subscriber engine=Mqtt key=topic_8 endpoint=None crash_enabled=false
2026-09-29T23:08:52.411738Z  INFO mq_bench::roles::subscriber: Connected via transport engine=Mqtt
2026-09-29T23:08:52.417768Z  INFO mq_bench::roles::subscriber: Subscribed to key expression key=topic_8
2026-09-29T23:08:59.079971Z  INFO mq_bench::roles::subscriber: Starting subscriber engine=Mqtt key=topic_8 endpoint=None crash_enabled=false
2026-09-29T23:08:59.080012Z  INFO mq_bench::roles::subscriber: Connected via transport engine=Mqtt
2026-09-29T23:08:59.084894Z  INFO mq_bench::roles::subscriber: Subscribed to key expression key=topic_8
2026-09-29T23:09:05.747665Z  INFO mq_bench::roles::subscriber: Starting subscriber engine=Mqtt key=topic_8 endpoint=None crash_enabled=false
2026-09-29T23:09:05.747710Z  INFO mq_bench::roles::subscriber: Connected via transport engine=Mqtt
2026-09-29T23:09:05.753175Z  INFO mq_bench::roles::subscriber: Subscribed to key expression key=topic_8
2026-09-29T23:09:12.415231Z  INFO mq_bench::roles::subscriber: Starting subscriber engine=Mqtt key=topic_8 endpoint=None crash_enabled=false
2026-09-29T23:09:12.415273Z  INFO mq_bench::roles::subscriber: Connected via transport engine=Mqtt
2026-09-29T23:09:12.426334Z  INFO mq_bench::roles::subscriber: Subscribed to key expression key=topic_8
2026-09-29T23:09:19.082745Z  INFO mq_bench::roles::subscriber: Starting subscriber engine=Mqtt key=topic_8 endpoint=None crash_enabled=false
2026-09-29T23:09:19.082849Z  INFO mq_bench::roles::subscriber: Connected via transport engine=Mqtt
2026-09-29T23:09:19.089775Z  INFO mq_bench::roles::subscriber: Subscribed to key expression key=topic_8
2026-09-29T23:09:25.750697Z  INFO mq_bench::roles::subscriber: Starting subscriber engine=Mqtt key=topic_8 endpoint=None crash_enabled=false
2026-09-29T23:09:25.750743Z  INFO mq_bench::roles::subscriber: Connected via transport engine=Mqtt
2026-09-29T23:09:25.754000Z  INFO mq_bench::roles::subscriber: Subscribed to key expression key=topic_8
2026-09-29T23:09:32.418067Z  INFO mq_bench::roles::subscriber: Starting subscriber engine=Mqtt key=topic_8 endpoint=None crash_enabled=false
2026-09-29T23:09:32.418113Z  INFO mq_bench::roles::subscriber: Connected via transport engine=Mqtt
2026-09-29T23:09:32.425114Z  INFO mq_bench::roles::subscriber: Subscribed to key expression key=topic_8
2026-09-29T23:09:39.085138Z  INFO mq_bench::roles::subscriber: Starting subscriber engine=Mqtt key=topic_8 endpoint=None crash_enabled=false
2026-09-29T23:09:39.085178Z  INFO mq_bench::roles::subscriber: Connected via transport engine=Mqtt
2026-09-29T23:09:39.093649Z  INFO mq_bench::roles::subscriber: Subscribed to key expression key=topic_8
2026-09-29T23:21:09.113877Z  WARN mq_bench::transport::mqtt: MQTT subscription eventloop error; continuing poll loop client_id=sub-mqb-5bfe17c8e69e459b-dffe8edcccb445e29b6f4d9693a8c8a8 error=Mqtt state: Last pingreq isn't acked
2026-09-29T23:21:09.693665Z  WARN mq_bench::transport::mqtt: MQTT subscription eventloop error; continuing poll loop client_id=sub-mqb-5bfe17c8e69e459b-5514a99a05cc45edb5fa0d97c3fb1ebf error=Mqtt state: Last pingreq isn't acked
2026-09-29T23:21:19.110263Z  WARN mq_bench::transport::mqtt: MQTT subscription eventloop error; continuing poll loop client_id=sub-mqb-5bfe17c8e69e459b-54a1791598c140c4ba2bf65f427fb559 error=Mqtt state: Last pingreq isn't acked
2026-09-29T23:21:25.778770Z  WARN mq_bench::transport::mqtt: MQTT subscription eventloop error; continuing poll loop client_id=sub-mqb-5bfe17c8e69e459b-02f534c9ffd74349ba7a5b90613a21a0 error=Mqtt state: Last pingreq isn't acked
2026-09-29T23:21:29.109603Z  WARN mq_bench::transport::mqtt: MQTT subscription eventloop error; continuing poll loop client_id=sub-mqb-5bfe17c8e69e459b-cbe291d66d5b419fb3bef3ecc8f2db1a error=Mqtt state: Last pingreq isn't acked
2026-09-29T23:21:32.445192Z  WARN mq_bench::transport::mqtt: MQTT subscription eventloop error; continuing poll loop client_id=sub-mqb-5bfe17c8e69e459b-d893471572fe4b2b85d02039b0b89bc8 error=Mqtt state: Last pingreq isn't acked
2026-09-29T23:21:35.775817Z  WARN mq_bench::transport::mqtt: MQTT subscription eventloop error; continuing poll loop client_id=sub-mqb-5bfe17c8e69e459b-940a58b5c70940b5b2f5aa8c857c62aa error=Mqtt state: Last pingreq isn't acked
2026-09-29T23:21:42.447857Z  WARN mq_bench::transport::mqtt: MQTT subscription eventloop error; continuing poll loop client_id=sub-mqb-5bfe17c8e69e459b-85456411ea0e4d2a8dd4a89a31efec80 error=Mqtt state: Last pingreq isn't acked
