mq-bench starting with run_id: auto
Writing CSV output to: artifacts/fanout_bursty_20260929_230838_mqtt_artemis_p64_s1000_u10_bursty/fanout_singlesite/sub_1_3.csv
2026-09-29T23:08:38.815886Z  INFO mq_bench::roles::subscriber: Starting subscriber engine=Mqtt key=topic_1 endpoint=None crash_enabled=false
2026-09-29T23:08:38.816040Z  INFO mq_bench::roles::subscriber: Connected via transport engine=Mqtt
2026-09-29T23:08:39.849559Z  INFO mq_bench::roles::subscriber: Subscribed to key expression key=topic_1
2026-09-29T23:08:45.483493Z  INFO mq_bench::roles::subscriber: Starting subscriber engine=Mqtt key=topic_1 endpoint=None crash_enabled=false
2026-09-29T23:08:45.483599Z  INFO mq_bench::roles::subscriber: Connected via transport engine=Mqtt
2026-09-29T23:08:45.554027Z  INFO mq_bench::roles::subscriber: Subscribed to key expression key=topic_1
2026-09-29T23:08:52.151070Z  INFO mq_bench::roles::subscriber: Starting subscriber engine=Mqtt key=topic_1 endpoint=None crash_enabled=false
2026-09-29T23:08:52.151119Z  INFO mq_bench::roles::subscriber: Connected via transport engine=Mqtt
2026-09-29T23:08:52.264031Z  INFO mq_bench::roles::subscriber: Subscribed to key expression key=topic_1
2026-09-29T23:08:58.819208Z  INFO mq_bench::roles::subscriber: Starting subscriber engine=Mqtt key=topic_1 endpoint=None crash_enabled=false
2026-09-29T23:08:58.819260Z  INFO mq_bench::roles::subscriber: Connected via transport engine=Mqtt
2026-09-29T23:08:58.827968Z  INFO mq_bench::roles::subscriber: Subscribed to key expression key=topic_1
2026-09-29T23:09:05.487035Z  INFO mq_bench::roles::subscriber: Starting subscriber engine=Mqtt key=topic_1 endpoint=None crash_enabled=false
2026-09-29T23:09:05.487135Z  INFO mq_bench::roles::subscriber: Connected via transport engine=Mqtt
2026-09-29T23:09:05.500081Z  INFO mq_bench::roles::subscriber: Subscribed to key expression key=topic_1
2026-09-29T23:09:12.155025Z  INFO mq_bench::roles::subscriber: Starting subscriber engine=Mqtt key=topic_1 endpoint=None crash_enabled=false
2026-09-29T23:09:12.155073Z  INFO mq_bench::roles::subscriber: Connected via transport engine=Mqtt
2026-09-29T23:09:12.168566Z  INFO mq_bench::roles::subscriber: Subscribed to key expression key=topic_1
2026-09-29T23:09:18.822685Z  INFO mq_bench::roles::subscriber: Starting subscriber engine=Mqtt key=topic_1 endpoint=None crash_enabled=false
2026-09-29T23:09:18.822729Z  INFO mq_bench::roles::subscriber: Connected via transport engine=Mqtt
2026-09-29T23:09:18.833812Z  INFO mq_bench::roles::subscriber: Subscribed to key expression key=topic_1
2026-09-29T23:09:25.490710Z  INFO mq_bench::roles::subscriber: Starting subscriber engine=Mqtt key=topic_1 endpoint=None crash_enabled=false
2026-09-29T23:09:25.490759Z  INFO mq_bench::roles::subscriber: Connected via transport engine=Mqtt
2026-09-29T23:09:25.496588Z  INFO mq_bench::roles::subscriber: Subscribed to key expression key=topic_1
2026-09-29T23:09:32.158619Z  INFO mq_bench::roles::subscriber: Starting subscriber engine=Mqtt key=topic_1 endpoint=None crash_enabled=false
2026-09-29T23:09:32.158695Z  INFO mq_bench::roles::subscriber: Connected via transport engine=Mqtt
2026-09-29T23:09:32.163874Z  INFO mq_bench::roles::subscriber: Subscribed to key expression key=topic_1
2026-09-29T23:09:38.826321Z  INFO mq_bench::roles::subscriber: Starting subscriber engine=Mqtt key=topic_1 endpoint=None crash_enabled=false
2026-09-29T23:09:38.826373Z  INFO mq_bench::roles::subscriber: Connected via transport engine=Mqtt
2026-09-29T23:09:38.834212Z  INFO mq_bench::roles::subscriber: Subscribed to key expression key=topic_1
2026-09-29T23:21:12.183650Z  WARN mq_bench::transport::mqtt: MQTT subscription eventloop error; continuing poll loop client_id=sub-mqb-5bfe0ec8e69e3650-08f3f5df5b4545f187ed3ccdbcac863d error=Mqtt state: Last pingreq isn't acked
2026-09-29T23:21:18.853323Z  WARN mq_bench::transport::mqtt: MQTT subscription eventloop error; continuing poll loop client_id=sub-mqb-5bfe0ec8e69e3650-d114cdc03f43497991f5c21fd8d341a1 error=Mqtt state: Last pingreq isn't acked
2026-09-29T23:21:22.272461Z  WARN mq_bench::transport::mqtt: MQTT subscription eventloop error; continuing poll loop client_id=sub-mqb-5bfe0ec8e69e3650-7435e0d66d9f41829c6511fae5e06a7c error=Mqtt state: Last pingreq isn't acked
2026-09-29T23:21:28.847795Z  WARN mq_bench::transport::mqtt: MQTT subscription eventloop error; continuing poll loop client_id=sub-mqb-5bfe0ec8e69e3650-56afebcf0a784710a99df70a32b0bbb6 error=Mqtt state: Last pingreq isn't acked
2026-09-29T23:21:32.190343Z  WARN mq_bench::transport::mqtt: MQTT subscription eventloop error; continuing poll loop client_id=sub-mqb-5bfe0ec8e69e3650-dac48abc88ec4aebaae42274b0fe74fa error=Mqtt state: Last pingreq isn't acked
2026-09-29T23:21:35.519846Z  WARN mq_bench::transport::mqtt: MQTT subscription eventloop error; continuing poll loop client_id=sub-mqb-5bfe0ec8e69e3650-c823b358053b495cbc8be4bf1127b30a error=Mqtt state: Last pingreq isn't acked
2026-09-29T23:21:38.855445Z  WARN mq_bench::transport::mqtt: MQTT subscription eventloop error; continuing poll loop client_id=sub-mqb-5bfe0ec8e69e3650-216518e9bd4849bcb3e603b080ad3a04 error=Mqtt state: Last pingreq isn't acked
2026-09-29T23:21:39.707186Z  WARN mq_bench::transport::mqtt: MQTT subscription eventloop error; continuing poll loop client_id=sub-mqb-5bfe0ec8e69e3650-b5affc8a1ea24d3fabfe026554c0d72f error=Mqtt state: Last pingreq isn't acked
