mq-bench starting with run_id: auto
Writing CSV output to: artifacts/fanout_bursty_20260929_230838_mqtt_artemis_p64_s1000_u10_bursty/fanout_singlesite/sub_5_3.csv
2026-09-29T23:08:38.966192Z  INFO mq_bench::roles::subscriber: Starting subscriber engine=Mqtt key=topic_5 endpoint=None crash_enabled=false
2026-09-29T23:08:38.966240Z  INFO mq_bench::roles::subscriber: Connected via transport engine=Mqtt
2026-09-29T23:08:39.820024Z  INFO mq_bench::roles::subscriber: Subscribed to key expression key=topic_5
2026-09-29T23:08:45.633603Z  INFO mq_bench::roles::subscriber: Starting subscriber engine=Mqtt key=topic_5 endpoint=None crash_enabled=false
2026-09-29T23:08:45.633701Z  INFO mq_bench::roles::subscriber: Connected via transport engine=Mqtt
2026-09-29T23:08:45.642474Z  INFO mq_bench::roles::subscriber: Subscribed to key expression key=topic_5
2026-09-29T23:08:52.301504Z  INFO mq_bench::roles::subscriber: Starting subscriber engine=Mqtt key=topic_5 endpoint=None crash_enabled=false
2026-09-29T23:08:52.301613Z  INFO mq_bench::roles::subscriber: Connected via transport engine=Mqtt
2026-09-29T23:08:52.307756Z  INFO mq_bench::roles::subscriber: Subscribed to key expression key=topic_5
2026-09-29T23:08:58.968993Z  INFO mq_bench::roles::subscriber: Starting subscriber engine=Mqtt key=topic_5 endpoint=None crash_enabled=false
2026-09-29T23:08:58.969042Z  INFO mq_bench::roles::subscriber: Connected via transport engine=Mqtt
2026-09-29T23:08:58.976100Z  INFO mq_bench::roles::subscriber: Subscribed to key expression key=topic_5
2026-09-29T23:09:05.636438Z  INFO mq_bench::roles::subscriber: Starting subscriber engine=Mqtt key=topic_5 endpoint=None crash_enabled=false
2026-09-29T23:09:05.636488Z  INFO mq_bench::roles::subscriber: Connected via transport engine=Mqtt
2026-09-29T23:09:05.642949Z  INFO mq_bench::roles::subscriber: Subscribed to key expression key=topic_5
2026-09-29T23:09:12.304812Z  INFO mq_bench::roles::subscriber: Starting subscriber engine=Mqtt key=topic_5 endpoint=None crash_enabled=false
2026-09-29T23:09:12.304863Z  INFO mq_bench::roles::subscriber: Connected via transport engine=Mqtt
2026-09-29T23:09:12.320580Z  INFO mq_bench::roles::subscriber: Subscribed to key expression key=topic_5
2026-09-29T23:09:18.972979Z  INFO mq_bench::roles::subscriber: Starting subscriber engine=Mqtt key=topic_5 endpoint=None crash_enabled=false
2026-09-29T23:09:18.973072Z  INFO mq_bench::roles::subscriber: Connected via transport engine=Mqtt
2026-09-29T23:09:18.978046Z  INFO mq_bench::roles::subscriber: Subscribed to key expression key=topic_5
2026-09-29T23:09:25.640003Z  INFO mq_bench::roles::subscriber: Starting subscriber engine=Mqtt key=topic_5 endpoint=None crash_enabled=false
2026-09-29T23:09:25.640070Z  INFO mq_bench::roles::subscriber: Connected via transport engine=Mqtt
2026-09-29T23:09:25.646168Z  INFO mq_bench::roles::subscriber: Subscribed to key expression key=topic_5
2026-09-29T23:09:32.307979Z  INFO mq_bench::roles::subscriber: Starting subscriber engine=Mqtt key=topic_5 endpoint=None crash_enabled=false
2026-09-29T23:09:32.308027Z  INFO mq_bench::roles::subscriber: Connected via transport engine=Mqtt
2026-09-29T23:09:32.313835Z  INFO mq_bench::roles::subscriber: Subscribed to key expression key=topic_5
2026-09-29T23:09:38.975534Z  INFO mq_bench::roles::subscriber: Starting subscriber engine=Mqtt key=topic_5 endpoint=None crash_enabled=false
2026-09-29T23:09:38.975612Z  INFO mq_bench::roles::subscriber: Connected via transport engine=Mqtt
2026-09-29T23:09:38.984190Z  INFO mq_bench::roles::subscriber: Subscribed to key expression key=topic_5
2026-09-29T23:21:05.666722Z  WARN mq_bench::transport::mqtt: MQTT subscription eventloop error; continuing poll loop client_id=sub-mqb-5bfe12c8e69e3d1c-7567a96f23074b29befb5e682e7da9a5 error=Mqtt state: Last pingreq isn't acked
2026-09-29T23:21:15.663723Z  WARN mq_bench::transport::mqtt: MQTT subscription eventloop error; continuing poll loop client_id=sub-mqb-5bfe12c8e69e3d1c-18bd4093ca034229b758085752194279 error=Mqtt state: Last pingreq isn't acked
2026-09-29T23:21:22.329566Z  WARN mq_bench::transport::mqtt: MQTT subscription eventloop error; continuing poll loop client_id=sub-mqb-5bfe12c8e69e3d1c-c3ddbc51de964eac8eff4becaa2262c9 error=Mqtt state: Last pingreq isn't acked
2026-09-29T23:21:25.668275Z  WARN mq_bench::transport::mqtt: MQTT subscription eventloop error; continuing poll loop client_id=sub-mqb-5bfe12c8e69e3d1c-59f2c2161df34b8ab7df7b9b7648f2d6 error=Mqtt state: Last pingreq isn't acked
2026-09-29T23:21:28.998334Z  WARN mq_bench::transport::mqtt: MQTT subscription eventloop error; continuing poll loop client_id=sub-mqb-5bfe12c8e69e3d1c-0b8867c7603f4a278af65f2d58e26566 error=Mqtt state: Last pingreq isn't acked
2026-09-29T23:21:32.336163Z  WARN mq_bench::transport::mqtt: MQTT subscription eventloop error; continuing poll loop client_id=sub-mqb-5bfe12c8e69e3d1c-32676d4df6e64a649fb3a3da74e4c677 error=Mqtt state: Last pingreq isn't acked
2026-09-29T23:21:39.006027Z  WARN mq_bench::transport::mqtt: MQTT subscription eventloop error; continuing poll loop client_id=sub-mqb-5bfe12c8e69e3d1c-f1764d080b3140b98ee904c9127efcd5 error=Mqtt state: Last pingreq isn't acked
2026-09-29T23:21:39.685414Z  WARN mq_bench::transport::mqtt: MQTT subscription eventloop error; continuing poll loop client_id=sub-mqb-5bfe12c8e69e3d1c-dd04d475a38b455fbbad46f538d8c9b1 error=Mqtt state: Last pingreq isn't acked
2026-09-29T23:21:42.337482Z  WARN mq_bench::transport::mqtt: MQTT subscription eventloop error; continuing poll loop client_id=sub-mqb-5bfe12c8e69e3d1c-3042d61db2334be893f8db603223ab2f error=Mqtt state: Last pingreq isn't acked
