mq-bench starting with run_id: auto
Writing CSV output to: artifacts/fanout_bursty_20260929_230838_mqtt_artemis_p64_s1000_u10_bursty/fanout_singlesite/sub_2_8.csv
2026-09-29T23:08:38.870985Z  INFO mq_bench::roles::subscriber: Starting subscriber engine=Mqtt key=topic_2 endpoint=None crash_enabled=false
2026-09-29T23:08:38.871039Z  INFO mq_bench::roles::subscriber: Connected via transport engine=Mqtt
2026-09-29T23:08:39.827824Z  INFO mq_bench::roles::subscriber: Subscribed to key expression key=topic_2
2026-09-29T23:08:45.538687Z  INFO mq_bench::roles::subscriber: Starting subscriber engine=Mqtt key=topic_2 endpoint=None crash_enabled=false
2026-09-29T23:08:45.538803Z  INFO mq_bench::roles::subscriber: Connected via transport engine=Mqtt
2026-09-29T23:08:45.573610Z  INFO mq_bench::roles::subscriber: Subscribed to key expression key=topic_2
2026-09-29T23:08:52.205689Z  INFO mq_bench::roles::subscriber: Starting subscriber engine=Mqtt key=topic_2 endpoint=None crash_enabled=false
2026-09-29T23:08:52.205780Z  INFO mq_bench::roles::subscriber: Connected via transport engine=Mqtt
2026-09-29T23:08:52.235883Z  INFO mq_bench::roles::subscriber: Subscribed to key expression key=topic_2
2026-09-29T23:08:58.873369Z  INFO mq_bench::roles::subscriber: Starting subscriber engine=Mqtt key=topic_2 endpoint=None crash_enabled=false
2026-09-29T23:08:58.873413Z  INFO mq_bench::roles::subscriber: Connected via transport engine=Mqtt
2026-09-29T23:08:58.889346Z  INFO mq_bench::roles::subscriber: Subscribed to key expression key=topic_2
2026-09-29T23:09:05.541418Z  INFO mq_bench::roles::subscriber: Starting subscriber engine=Mqtt key=topic_2 endpoint=None crash_enabled=false
2026-09-29T23:09:05.541459Z  INFO mq_bench::roles::subscriber: Connected via transport engine=Mqtt
2026-09-29T23:09:05.553183Z  INFO mq_bench::roles::subscriber: Subscribed to key expression key=topic_2
2026-09-29T23:09:12.209385Z  INFO mq_bench::roles::subscriber: Starting subscriber engine=Mqtt key=topic_2 endpoint=None crash_enabled=false
2026-09-29T23:09:12.209426Z  INFO mq_bench::roles::subscriber: Connected via transport engine=Mqtt
2026-09-29T23:09:12.220723Z  INFO mq_bench::roles::subscriber: Subscribed to key expression key=topic_2
2026-09-29T23:09:18.876880Z  INFO mq_bench::roles::subscriber: Starting subscriber engine=Mqtt key=topic_2 endpoint=None crash_enabled=false
2026-09-29T23:09:18.876992Z  INFO mq_bench::roles::subscriber: Connected via transport engine=Mqtt
2026-09-29T23:09:18.885598Z  INFO mq_bench::roles::subscriber: Subscribed to key expression key=topic_2
2026-09-29T23:09:25.545418Z  INFO mq_bench::roles::subscriber: Starting subscriber engine=Mqtt key=topic_2 endpoint=None crash_enabled=false
2026-09-29T23:09:25.545460Z  INFO mq_bench::roles::subscriber: Connected via transport engine=Mqtt
2026-09-29T23:09:25.552045Z  INFO mq_bench::roles::subscriber: Subscribed to key expression key=topic_2
2026-09-29T23:09:32.213161Z  INFO mq_bench::roles::subscriber: Starting subscriber engine=Mqtt key=topic_2 endpoint=None crash_enabled=false
2026-09-29T23:09:32.213207Z  INFO mq_bench::roles::subscriber: Connected via transport engine=Mqtt
2026-09-29T23:09:32.220726Z  INFO mq_bench::roles::subscriber: Subscribed to key expression key=topic_2
2026-09-29T23:09:38.881059Z  INFO mq_bench::roles::subscriber: Starting subscriber engine=Mqtt key=topic_2 endpoint=None crash_enabled=false
2026-09-29T23:09:38.881126Z  INFO mq_bench::roles::subscriber: Connected via transport engine=Mqtt
2026-09-29T23:09:38.889149Z  INFO mq_bench::roles::subscriber: Subscribed to key expression key=topic_2
2026-09-29T23:21:05.574074Z  WARN mq_bench::transport::mqtt: MQTT subscription eventloop error; continuing poll loop client_id=sub-mqb-5bfe11c8e69e3b69-33e53d9aa890483db431118fcd5c8f9a error=Mqtt state: Last pingreq isn't acked
2026-09-29T23:21:12.237628Z  WARN mq_bench::transport::mqtt: MQTT subscription eventloop error; continuing poll loop client_id=sub-mqb-5bfe11c8e69e3b69-0b47d6e9cbfc41559be090750f5367f5 error=Mqtt state: Last pingreq isn't acked
2026-09-29T23:21:22.238996Z  WARN mq_bench::transport::mqtt: MQTT subscription eventloop error; continuing poll loop client_id=sub-mqb-5bfe11c8e69e3b69-0370ad9f3ddf44f88f8ff50aa7b920d2 error=Mqtt state: Last pingreq isn't acked
2026-09-29T23:21:28.909415Z  WARN mq_bench::transport::mqtt: MQTT subscription eventloop error; continuing poll loop client_id=sub-mqb-5bfe11c8e69e3b69-39c5dcb734d546f3898ac6da9ec8494b error=Mqtt state: Last pingreq isn't acked
2026-09-29T23:21:32.241486Z  WARN mq_bench::transport::mqtt: MQTT subscription eventloop error; continuing poll loop client_id=sub-mqb-5bfe11c8e69e3b69-866e7b1aa6ae4bb6953a0813c6836a8d error=Mqtt state: Last pingreq isn't acked
2026-09-29T23:21:38.908637Z  WARN mq_bench::transport::mqtt: MQTT subscription eventloop error; continuing poll loop client_id=sub-mqb-5bfe11c8e69e3b69-318ee66612c0463da7e91e5e0fce45bb error=Mqtt state: Last pingreq isn't acked
2026-09-29T23:21:39.685195Z  WARN mq_bench::transport::mqtt: MQTT subscription eventloop error; continuing poll loop client_id=sub-mqb-5bfe11c8e69e3b69-846b6ad914784bae8d2d5edeedd80824 error=Mqtt state: Last pingreq isn't acked
