mq-bench starting with run_id: auto
Writing CSV output to: artifacts/fanout_bursty_20260929_230838_mqtt_artemis_p64_s1000_u10_bursty/fanout_singlesite/sub_6_6.csv
2026-09-29T23:08:39.017003Z  INFO mq_bench::roles::subscriber: Starting subscriber engine=Mqtt key=topic_6 endpoint=None crash_enabled=false
2026-09-29T23:08:39.017061Z  INFO mq_bench::roles::subscriber: Connected via transport engine=Mqtt
2026-09-29T23:08:39.821261Z  INFO mq_bench::roles::subscriber: Subscribed to key expression key=topic_6
2026-09-29T23:08:45.684259Z  INFO mq_bench::roles::subscriber: Starting subscriber engine=Mqtt key=topic_6 endpoint=None crash_enabled=false
2026-09-29T23:08:45.684355Z  INFO mq_bench::roles::subscriber: Connected via transport engine=Mqtt
2026-09-29T23:08:45.692726Z  INFO mq_bench::roles::subscriber: Subscribed to key expression key=topic_6
2026-09-29T23:08:52.351707Z  INFO mq_bench::roles::subscriber: Starting subscriber engine=Mqtt key=topic_6 endpoint=None crash_enabled=false
2026-09-29T23:08:52.351756Z  INFO mq_bench::roles::subscriber: Connected via transport engine=Mqtt
2026-09-29T23:08:52.358769Z  INFO mq_bench::roles::subscriber: Subscribed to key expression key=topic_6
2026-09-29T23:08:59.020146Z  INFO mq_bench::roles::subscriber: Starting subscriber engine=Mqtt key=topic_6 endpoint=None crash_enabled=false
2026-09-29T23:08:59.020189Z  INFO mq_bench::roles::subscriber: Connected via transport engine=Mqtt
2026-09-29T23:08:59.024808Z  INFO mq_bench::roles::subscriber: Subscribed to key expression key=topic_6
2026-09-29T23:09:05.687575Z  INFO mq_bench::roles::subscriber: Starting subscriber engine=Mqtt key=topic_6 endpoint=None crash_enabled=false
2026-09-29T23:09:05.687617Z  INFO mq_bench::roles::subscriber: Connected via transport engine=Mqtt
2026-09-29T23:09:05.694754Z  INFO mq_bench::roles::subscriber: Subscribed to key expression key=topic_6
2026-09-29T23:09:12.355406Z  INFO mq_bench::roles::subscriber: Starting subscriber engine=Mqtt key=topic_6 endpoint=None crash_enabled=false
2026-09-29T23:09:12.355449Z  INFO mq_bench::roles::subscriber: Connected via transport engine=Mqtt
2026-09-29T23:09:12.362849Z  INFO mq_bench::roles::subscriber: Subscribed to key expression key=topic_6
2026-09-29T23:09:19.023749Z  INFO mq_bench::roles::subscriber: Starting subscriber engine=Mqtt key=topic_6 endpoint=None crash_enabled=false
2026-09-29T23:09:19.023843Z  INFO mq_bench::roles::subscriber: Connected via transport engine=Mqtt
2026-09-29T23:09:19.029881Z  INFO mq_bench::roles::subscriber: Subscribed to key expression key=topic_6
2026-09-29T23:09:25.691605Z  INFO mq_bench::roles::subscriber: Starting subscriber engine=Mqtt key=topic_6 endpoint=None crash_enabled=false
2026-09-29T23:09:25.691658Z  INFO mq_bench::roles::subscriber: Connected via transport engine=Mqtt
2026-09-29T23:09:25.701298Z  INFO mq_bench::roles::subscriber: Subscribed to key expression key=topic_6
2026-09-29T23:09:32.359194Z  INFO mq_bench::roles::subscriber: Starting subscriber engine=Mqtt key=topic_6 endpoint=None crash_enabled=false
2026-09-29T23:09:32.359235Z  INFO mq_bench::roles::subscriber: Connected via transport engine=Mqtt
2026-09-29T23:09:32.366720Z  INFO mq_bench::roles::subscriber: Subscribed to key expression key=topic_6
2026-09-29T23:09:39.027176Z  INFO mq_bench::roles::subscriber: Starting subscriber engine=Mqtt key=topic_6 endpoint=None crash_enabled=false
2026-09-29T23:09:39.027226Z  INFO mq_bench::roles::subscriber: Connected via transport engine=Mqtt
2026-09-29T23:09:39.030007Z  INFO mq_bench::roles::subscriber: Subscribed to key expression key=topic_6
2026-09-29T23:21:09.052625Z  WARN mq_bench::transport::mqtt: MQTT subscription eventloop error; continuing poll loop client_id=sub-mqb-5bfe15c8e69e4235-c4895df306e64b9da2ceb04d005ae68b error=Mqtt state: Last pingreq isn't acked
2026-09-29T23:21:09.702036Z  WARN mq_bench::transport::mqtt: MQTT subscription eventloop error; continuing poll loop client_id=sub-mqb-5bfe15c8e69e4235-4dba660b440d46beb4f88ea77c40b7e8 error=Mqtt state: Last pingreq isn't acked
2026-09-29T23:21:15.713387Z  WARN mq_bench::transport::mqtt: MQTT subscription eventloop error; continuing poll loop client_id=sub-mqb-5bfe15c8e69e4235-724d3e17f6ab430f9d9aa01c92103cd0 error=Mqtt state: Last pingreq isn't acked
2026-09-29T23:21:19.050521Z  WARN mq_bench::transport::mqtt: MQTT subscription eventloop error; continuing poll loop client_id=sub-mqb-5bfe15c8e69e4235-ca675e5d52744805ad1f607bfd513bec error=Mqtt state: Last pingreq isn't acked
2026-09-29T23:21:25.721055Z  WARN mq_bench::transport::mqtt: MQTT subscription eventloop error; continuing poll loop client_id=sub-mqb-5bfe15c8e69e4235-114b90304bcd480a9cf5593d3b4f4eb7 error=Mqtt state: Last pingreq isn't acked
2026-09-29T23:21:29.048197Z  WARN mq_bench::transport::mqtt: MQTT subscription eventloop error; continuing poll loop client_id=sub-mqb-5bfe15c8e69e4235-f1728a0666794b9fb160de932190c46e error=Mqtt state: Last pingreq isn't acked
2026-09-29T23:21:35.717069Z  WARN mq_bench::transport::mqtt: MQTT subscription eventloop error; continuing poll loop client_id=sub-mqb-5bfe15c8e69e4235-ffd45ffadfcf4b969bad5b50d4827b19 error=Mqtt state: Last pingreq isn't acked
