mq-bench starting with run_id: auto
Writing CSV output to: artifacts/fanout_bursty_20260929_230838_mqtt_artemis_p64_s1000_u10_bursty/fanout_singlesite/sub_1_7.csv
2026-09-29T23:08:38.830168Z  INFO mq_bench::roles::subscriber: Starting subscriber engine=Mqtt key=topic_1 endpoint=None crash_enabled=false
2026-09-29T23:08:38.830302Z  INFO mq_bench::roles::subscriber: Connected via transport engine=Mqtt
2026-09-29T23:08:39.823463Z  INFO mq_bench::roles::subscriber: Subscribed to key expression key=topic_1
2026-09-29T23:08:45.498242Z  INFO mq_bench::roles::subscriber: Starting subscriber engine=Mqtt key=topic_1 endpoint=None crash_enabled=false
2026-09-29T23:08:45.498365Z  INFO mq_bench::roles::subscriber: Connected via transport engine=Mqtt
2026-09-29T23:08:45.532428Z  INFO mq_bench::roles::subscriber: Subscribed to key expression key=topic_1
2026-09-29T23:08:52.165696Z  INFO mq_bench::roles::subscriber: Starting subscriber engine=Mqtt key=topic_1 endpoint=None crash_enabled=false
2026-09-29T23:08:52.165745Z  INFO mq_bench::roles::subscriber: Connected via transport engine=Mqtt
2026-09-29T23:08:52.253912Z  INFO mq_bench::roles::subscriber: Subscribed to key expression key=topic_1
2026-09-29T23:08:58.833261Z  INFO mq_bench::roles::subscriber: Starting subscriber engine=Mqtt key=topic_1 endpoint=None crash_enabled=false
2026-09-29T23:08:58.833355Z  INFO mq_bench::roles::subscriber: Connected via transport engine=Mqtt
2026-09-29T23:08:58.849970Z  INFO mq_bench::roles::subscriber: Subscribed to key expression key=topic_1
2026-09-29T23:09:05.500896Z  INFO mq_bench::roles::subscriber: Starting subscriber engine=Mqtt key=topic_1 endpoint=None crash_enabled=false
2026-09-29T23:09:05.500965Z  INFO mq_bench::roles::subscriber: Connected via transport engine=Mqtt
2026-09-29T23:09:05.510246Z  INFO mq_bench::roles::subscriber: Subscribed to key expression key=topic_1
2026-09-29T23:09:12.169558Z  INFO mq_bench::roles::subscriber: Starting subscriber engine=Mqtt key=topic_1 endpoint=None crash_enabled=false
2026-09-29T23:09:12.169604Z  INFO mq_bench::roles::subscriber: Connected via transport engine=Mqtt
2026-09-29T23:09:12.186947Z  INFO mq_bench::roles::subscriber: Subscribed to key expression key=topic_1
2026-09-29T23:09:18.837100Z  INFO mq_bench::roles::subscriber: Starting subscriber engine=Mqtt key=topic_1 endpoint=None crash_enabled=false
2026-09-29T23:09:18.837150Z  INFO mq_bench::roles::subscriber: Connected via transport engine=Mqtt
2026-09-29T23:09:18.845146Z  INFO mq_bench::roles::subscriber: Subscribed to key expression key=topic_1
2026-09-29T23:09:25.504991Z  INFO mq_bench::roles::subscriber: Starting subscriber engine=Mqtt key=topic_1 endpoint=None crash_enabled=false
2026-09-29T23:09:25.505037Z  INFO mq_bench::roles::subscriber: Connected via transport engine=Mqtt
2026-09-29T23:09:25.513404Z  INFO mq_bench::roles::subscriber: Subscribed to key expression key=topic_1
2026-09-29T23:09:32.173561Z  INFO mq_bench::roles::subscriber: Starting subscriber engine=Mqtt key=topic_1 endpoint=None crash_enabled=false
2026-09-29T23:09:32.173614Z  INFO mq_bench::roles::subscriber: Connected via transport engine=Mqtt
2026-09-29T23:09:32.179643Z  INFO mq_bench::roles::subscriber: Subscribed to key expression key=topic_1
2026-09-29T23:09:38.841173Z  INFO mq_bench::roles::subscriber: Starting subscriber engine=Mqtt key=topic_1 endpoint=None crash_enabled=false
2026-09-29T23:09:38.841212Z  INFO mq_bench::roles::subscriber: Connected via transport engine=Mqtt
2026-09-29T23:09:38.847057Z  INFO mq_bench::roles::subscriber: Subscribed to key expression key=topic_1
2026-09-29T23:21:15.534960Z  WARN mq_bench::transport::mqtt: MQTT subscription eventloop error; continuing poll loop client_id=sub-mqb-5bfe0ec8e69e3650-75835c92ad2f4723932f648dac4346c8 error=Mqtt state: Last pingreq isn't acked
2026-09-29T23:21:22.264018Z  WARN mq_bench::transport::mqtt: MQTT subscription eventloop error; continuing poll loop client_id=sub-mqb-5bfe0ec8e69e3650-49d8f0784042458fbd797ed44b5d49a7 error=Mqtt state: Last pingreq isn't acked
2026-09-29T23:21:25.531721Z  WARN mq_bench::transport::mqtt: MQTT subscription eventloop error; continuing poll loop client_id=sub-mqb-5bfe0ec8e69e3650-675d4067995c403e98363523ace10662 error=Mqtt state: Last pingreq isn't acked
2026-09-29T23:21:32.199974Z  WARN mq_bench::transport::mqtt: MQTT subscription eventloop error; continuing poll loop client_id=sub-mqb-5bfe0ec8e69e3650-a4225138e9c94e2a8fb774c19ddbba0d error=Mqtt state: Last pingreq isn't acked
2026-09-29T23:21:35.530952Z  WARN mq_bench::transport::mqtt: MQTT subscription eventloop error; continuing poll loop client_id=sub-mqb-5bfe0ec8e69e3650-29d14a029d9c42e989a1d7763009cd59 error=Mqtt state: Last pingreq isn't acked
2026-09-29T23:21:38.867028Z  WARN mq_bench::transport::mqtt: MQTT subscription eventloop error; continuing poll loop client_id=sub-mqb-5bfe0ec8e69e3650-653794532d3a4bebb6e0a2f232ee5cda error=Mqtt state: Last pingreq isn't acked
2026-09-29T23:21:39.679592Z  WARN mq_bench::transport::mqtt: MQTT subscription eventloop error; continuing poll loop client_id=sub-mqb-5bfe0ec8e69e3650-7d6cf9ca9a14490f96320dddec9a2250 error=Mqtt state: Last pingreq isn't acked
2026-09-29T23:21:42.201103Z  WARN mq_bench::transport::mqtt: MQTT subscription eventloop error; continuing poll loop client_id=sub-mqb-5bfe0ec8e69e3650-040f6892c85c4ae2afb8bdf22efe8471 error=Mqtt state: Last pingreq isn't acked
