mq-bench starting with run_id: auto
Writing CSV output to: artifacts/fanout_bursty_20260929_230838_mqtt_artemis_p64_s1000_u10_bursty/fanout_singlesite/sub_9_7.csv
2026-09-29T23:08:39.138963Z  INFO mq_bench::roles::subscriber: Starting subscriber engine=Mqtt key=topic_9 endpoint=None crash_enabled=false
2026-09-29T23:08:39.139009Z  INFO mq_bench::roles::subscriber: Connected via transport engine=Mqtt
2026-09-29T23:08:39.820999Z  INFO mq_bench::roles::subscriber: Subscribed to key expression key=topic_9
2026-09-29T23:08:45.806176Z  INFO mq_bench::roles::subscriber: Starting subscriber engine=Mqtt key=topic_9 endpoint=None crash_enabled=false
2026-09-29T23:08:45.806235Z  INFO mq_bench::roles::subscriber: Connected via transport engine=Mqtt
2026-09-29T23:08:45.810906Z  INFO mq_bench::roles::subscriber: Subscribed to key expression key=topic_9
2026-09-29T23:08:52.473959Z  INFO mq_bench::roles::subscriber: Starting subscriber engine=Mqtt key=topic_9 endpoint=None crash_enabled=false
2026-09-29T23:08:52.473988Z  INFO mq_bench::roles::subscriber: Connected via transport engine=Mqtt
2026-09-29T23:08:52.477947Z  INFO mq_bench::roles::subscriber: Subscribed to key expression key=topic_9
2026-09-29T23:08:59.140794Z  INFO mq_bench::roles::subscriber: Starting subscriber engine=Mqtt key=topic_9 endpoint=None crash_enabled=false
2026-09-29T23:08:59.140882Z  INFO mq_bench::roles::subscriber: Connected via transport engine=Mqtt
2026-09-29T23:08:59.145096Z  INFO mq_bench::roles::subscriber: Subscribed to key expression key=topic_9
2026-09-29T23:09:05.808265Z  INFO mq_bench::roles::subscriber: Starting subscriber engine=Mqtt key=topic_9 endpoint=None crash_enabled=false
2026-09-29T23:09:05.808321Z  INFO mq_bench::roles::subscriber: Connected via transport engine=Mqtt
2026-09-29T23:09:05.818429Z  INFO mq_bench::roles::subscriber: Subscribed to key expression key=topic_9
2026-09-29T23:09:12.476943Z  INFO mq_bench::roles::subscriber: Starting subscriber engine=Mqtt key=topic_9 endpoint=None crash_enabled=false
2026-09-29T23:09:12.477028Z  INFO mq_bench::roles::subscriber: Connected via transport engine=Mqtt
2026-09-29T23:09:12.482900Z  INFO mq_bench::roles::subscriber: Subscribed to key expression key=topic_9
2026-09-29T23:09:19.144110Z  INFO mq_bench::roles::subscriber: Starting subscriber engine=Mqtt key=topic_9 endpoint=None crash_enabled=false
2026-09-29T23:09:19.144154Z  INFO mq_bench::roles::subscriber: Connected via transport engine=Mqtt
2026-09-29T23:09:19.151946Z  INFO mq_bench::roles::subscriber: Subscribed to key expression key=topic_9
2026-09-29T23:09:25.811993Z  INFO mq_bench::roles::subscriber: Starting subscriber engine=Mqtt key=topic_9 endpoint=None crash_enabled=false
2026-09-29T23:09:25.812087Z  INFO mq_bench::roles::subscriber: Connected via transport engine=Mqtt
2026-09-29T23:09:25.819108Z  INFO mq_bench::roles::subscriber: Subscribed to key expression key=topic_9
2026-09-29T23:09:32.479291Z  INFO mq_bench::roles::subscriber: Starting subscriber engine=Mqtt key=topic_9 endpoint=None crash_enabled=false
2026-09-29T23:09:32.479335Z  INFO mq_bench::roles::subscriber: Connected via transport engine=Mqtt
2026-09-29T23:09:32.490689Z  INFO mq_bench::roles::subscriber: Subscribed to key expression key=topic_9
2026-09-29T23:09:39.147413Z  INFO mq_bench::roles::subscriber: Starting subscriber engine=Mqtt key=topic_9 endpoint=None crash_enabled=false
2026-09-29T23:09:39.147477Z  INFO mq_bench::roles::subscriber: Connected via transport engine=Mqtt
2026-09-29T23:09:39.156588Z  INFO mq_bench::roles::subscriber: Subscribed to key expression key=topic_9
2026-09-29T23:21:12.503370Z  WARN mq_bench::transport::mqtt: MQTT subscription eventloop error; continuing poll loop client_id=sub-mqb-5bfe16c8e69e43e8-40ea9642d53c4a6895b877b8996715f3 error=Mqtt state: Last pingreq isn't acked
2026-09-29T23:21:19.172125Z  WARN mq_bench::transport::mqtt: MQTT subscription eventloop error; continuing poll loop client_id=sub-mqb-5bfe16c8e69e43e8-47c2dc7ab7c641e08c32702c16e8244d error=Mqtt state: Last pingreq isn't acked
2026-09-29T23:21:22.502679Z  WARN mq_bench::transport::mqtt: MQTT subscription eventloop error; continuing poll loop client_id=sub-mqb-5bfe16c8e69e43e8-9fdd09fcb3884982a5a74fdd9bba0343 error=Mqtt state: Last pingreq isn't acked
2026-09-29T23:21:29.168673Z  WARN mq_bench::transport::mqtt: MQTT subscription eventloop error; continuing poll loop client_id=sub-mqb-5bfe16c8e69e43e8-319f21dfccf44dbf8bed58f83edb68ae error=Mqtt state: Last pingreq isn't acked
2026-09-29T23:21:32.508543Z  WARN mq_bench::transport::mqtt: MQTT subscription eventloop error; continuing poll loop client_id=sub-mqb-5bfe16c8e69e43e8-55776ea9a3204e68b14fc429d875a106 error=Mqtt state: Last pingreq isn't acked
2026-09-29T23:21:35.836478Z  WARN mq_bench::transport::mqtt: MQTT subscription eventloop error; continuing poll loop client_id=sub-mqb-5bfe16c8e69e43e8-0a92a52daca14ebba1d41f146fdccc7b error=Mqtt state: Last pingreq isn't acked
2026-09-29T23:21:39.176667Z  WARN mq_bench::transport::mqtt: MQTT subscription eventloop error; continuing poll loop client_id=sub-mqb-5bfe16c8e69e43e8-f0599702f42744e9a7b7ef743a0193aa error=Mqtt state: Last pingreq isn't acked
2026-09-29T23:21:39.690958Z  WARN mq_bench::transport::mqtt: MQTT subscription eventloop error; continuing poll loop client_id=sub-mqb-5bfe16c8e69e43e8-136f8f328ab340788cbe6234bcbaa4fd error=Mqtt state: Last pingreq isn't acked
