mq-bench starting with run_id: auto
Writing CSV output to: artifacts/fanout_bursty_20260929_230838_mqtt_artemis_p64_s1000_u10_bursty/fanout_singlesite/sub_6_2.csv
2026-09-29T23:08:39.001649Z  INFO mq_bench::roles::subscriber: Starting subscriber engine=Mqtt key=topic_6 endpoint=None crash_enabled=false
2026-09-29T23:08:39.001695Z  INFO mq_bench::roles::subscriber: Connected via transport engine=Mqtt
2026-09-29T23:08:39.821251Z  INFO mq_bench::roles::subscriber: Subscribed to key expression key=topic_6
2026-09-29T23:08:45.669277Z  INFO mq_bench::roles::subscriber: Starting subscriber engine=Mqtt key=topic_6 endpoint=None crash_enabled=false
2026-09-29T23:08:45.669391Z  INFO mq_bench::roles::subscriber: Connected via transport engine=Mqtt
2026-09-29T23:08:45.678043Z  INFO mq_bench::roles::subscriber: Subscribed to key expression key=topic_6
2026-09-29T23:08:52.337086Z  INFO mq_bench::roles::subscriber: Starting subscriber engine=Mqtt key=topic_6 endpoint=None crash_enabled=false
2026-09-29T23:08:52.337196Z  INFO mq_bench::roles::subscriber: Connected via transport engine=Mqtt
2026-09-29T23:08:52.344265Z  INFO mq_bench::roles::subscriber: Subscribed to key expression key=topic_6
2026-09-29T23:08:59.004608Z  INFO mq_bench::roles::subscriber: Starting subscriber engine=Mqtt key=topic_6 endpoint=None crash_enabled=false
2026-09-29T23:08:59.004654Z  INFO mq_bench::roles::subscriber: Connected via transport engine=Mqtt
2026-09-29T23:08:59.012657Z  INFO mq_bench::roles::subscriber: Subscribed to key expression key=topic_6
2026-09-29T23:09:05.672634Z  INFO mq_bench::roles::subscriber: Starting subscriber engine=Mqtt key=topic_6 endpoint=None crash_enabled=false
2026-09-29T23:09:05.672679Z  INFO mq_bench::roles::subscriber: Connected via transport engine=Mqtt
2026-09-29T23:09:05.677798Z  INFO mq_bench::roles::subscriber: Subscribed to key expression key=topic_6
2026-09-29T23:09:12.340468Z  INFO mq_bench::roles::subscriber: Starting subscriber engine=Mqtt key=topic_6 endpoint=None crash_enabled=false
2026-09-29T23:09:12.340510Z  INFO mq_bench::roles::subscriber: Connected via transport engine=Mqtt
2026-09-29T23:09:12.346577Z  INFO mq_bench::roles::subscriber: Subscribed to key expression key=topic_6
2026-09-29T23:09:19.008952Z  INFO mq_bench::roles::subscriber: Starting subscriber engine=Mqtt key=topic_6 endpoint=None crash_enabled=false
2026-09-29T23:09:19.009037Z  INFO mq_bench::roles::subscriber: Connected via transport engine=Mqtt
2026-09-29T23:09:19.015485Z  INFO mq_bench::roles::subscriber: Subscribed to key expression key=topic_6
2026-09-29T23:09:25.676369Z  INFO mq_bench::roles::subscriber: Starting subscriber engine=Mqtt key=topic_6 endpoint=None crash_enabled=false
2026-09-29T23:09:25.676418Z  INFO mq_bench::roles::subscriber: Connected via transport engine=Mqtt
2026-09-29T23:09:25.693600Z  INFO mq_bench::roles::subscriber: Subscribed to key expression key=topic_6
2026-09-29T23:09:32.344004Z  INFO mq_bench::roles::subscriber: Starting subscriber engine=Mqtt key=topic_6 endpoint=None crash_enabled=false
2026-09-29T23:09:32.344054Z  INFO mq_bench::roles::subscriber: Connected via transport engine=Mqtt
2026-09-29T23:09:32.350809Z  INFO mq_bench::roles::subscriber: Subscribed to key expression key=topic_6
2026-09-29T23:09:39.011431Z  INFO mq_bench::roles::subscriber: Starting subscriber engine=Mqtt key=topic_6 endpoint=None crash_enabled=false
2026-09-29T23:09:39.011478Z  INFO mq_bench::roles::subscriber: Connected via transport engine=Mqtt
2026-09-29T23:09:39.015786Z  INFO mq_bench::roles::subscriber: Subscribed to key expression key=topic_6
2026-09-29T23:21:05.701452Z  WARN mq_bench::transport::mqtt: MQTT subscription eventloop error; continuing poll loop client_id=sub-mqb-5bfe15c8e69e4235-16ab16bce8954fc08ac3437ff67eba91 error=Mqtt state: Last pingreq isn't acked
2026-09-29T23:21:15.700809Z  WARN mq_bench::transport::mqtt: MQTT subscription eventloop error; continuing poll loop client_id=sub-mqb-5bfe15c8e69e4235-791cec2c180945dca31c95457e6478d7 error=Mqtt state: Last pingreq isn't acked
2026-09-29T23:21:22.365218Z  WARN mq_bench::transport::mqtt: MQTT subscription eventloop error; continuing poll loop client_id=sub-mqb-5bfe15c8e69e4235-edbe332fc0ad4cf7af833309b1f9c712 error=Mqtt state: Last pingreq isn't acked
2026-09-29T23:21:25.704202Z  WARN mq_bench::transport::mqtt: MQTT subscription eventloop error; continuing poll loop client_id=sub-mqb-5bfe15c8e69e4235-06baa0c0120d4fa1b780fc00b33a5428 error=Mqtt state: Last pingreq isn't acked
2026-09-29T23:21:32.372423Z  WARN mq_bench::transport::mqtt: MQTT subscription eventloop error; continuing poll loop client_id=sub-mqb-5bfe15c8e69e4235-ecbe39a1c2864d2c8a61e877a5f13bab error=Mqtt state: Last pingreq isn't acked
2026-09-29T23:21:42.368369Z  WARN mq_bench::transport::mqtt: MQTT subscription eventloop error; continuing poll loop client_id=sub-mqb-5bfe15c8e69e4235-29eb2b5fa4754f6fb351c51c7b0a5f47 error=Mqtt state: Last pingreq isn't acked
