mq-bench starting with run_id: auto
Writing CSV output to: artifacts/fanout_bursty_20260929_230838_mqtt_artemis_p64_s1000_u10_bursty/fanout_singlesite/sub_3_2.csv
2026-09-29T23:08:38.886122Z  INFO mq_bench::roles::subscriber: Starting subscriber engine=Mqtt key=topic_3 endpoint=None crash_enabled=false
2026-09-29T23:08:38.886165Z  INFO mq_bench::roles::subscriber: Connected via transport engine=Mqtt
2026-09-29T23:08:39.820145Z  INFO mq_bench::roles::subscriber: Subscribed to key expression key=topic_3
2026-09-29T23:08:45.554156Z  INFO mq_bench::roles::subscriber: Starting subscriber engine=Mqtt key=topic_3 endpoint=None crash_enabled=false
2026-09-29T23:08:45.554234Z  INFO mq_bench::roles::subscriber: Connected via transport engine=Mqtt
2026-09-29T23:08:45.586685Z  INFO mq_bench::roles::subscriber: Subscribed to key expression key=topic_3
2026-09-29T23:08:52.221801Z  INFO mq_bench::roles::subscriber: Starting subscriber engine=Mqtt key=topic_3 endpoint=None crash_enabled=false
2026-09-29T23:08:52.221909Z  INFO mq_bench::roles::subscriber: Connected via transport engine=Mqtt
2026-09-29T23:08:52.248846Z  INFO mq_bench::roles::subscriber: Subscribed to key expression key=topic_3
2026-09-29T23:08:58.889426Z  INFO mq_bench::roles::subscriber: Starting subscriber engine=Mqtt key=topic_3 endpoint=None crash_enabled=false
2026-09-29T23:08:58.889474Z  INFO mq_bench::roles::subscriber: Connected via transport engine=Mqtt
2026-09-29T23:08:58.902476Z  INFO mq_bench::roles::subscriber: Subscribed to key expression key=topic_3
2026-09-29T23:09:05.556526Z  INFO mq_bench::roles::subscriber: Starting subscriber engine=Mqtt key=topic_3 endpoint=None crash_enabled=false
2026-09-29T23:09:05.556577Z  INFO mq_bench::roles::subscriber: Connected via transport engine=Mqtt
2026-09-29T23:09:05.567430Z  INFO mq_bench::roles::subscriber: Subscribed to key expression key=topic_3
2026-09-29T23:09:12.224201Z  INFO mq_bench::roles::subscriber: Starting subscriber engine=Mqtt key=topic_3 endpoint=None crash_enabled=false
2026-09-29T23:09:12.224293Z  INFO mq_bench::roles::subscriber: Connected via transport engine=Mqtt
2026-09-29T23:09:12.232017Z  INFO mq_bench::roles::subscriber: Subscribed to key expression key=topic_3
2026-09-29T23:09:18.891290Z  INFO mq_bench::roles::subscriber: Starting subscriber engine=Mqtt key=topic_3 endpoint=None crash_enabled=false
2026-09-29T23:09:18.891341Z  INFO mq_bench::roles::subscriber: Connected via transport engine=Mqtt
2026-09-29T23:09:18.898273Z  INFO mq_bench::roles::subscriber: Subscribed to key expression key=topic_3
2026-09-29T23:09:25.558990Z  INFO mq_bench::roles::subscriber: Starting subscriber engine=Mqtt key=topic_3 endpoint=None crash_enabled=false
2026-09-29T23:09:25.559034Z  INFO mq_bench::roles::subscriber: Connected via transport engine=Mqtt
2026-09-29T23:09:25.568715Z  INFO mq_bench::roles::subscriber: Subscribed to key expression key=topic_3
2026-09-29T23:09:32.226988Z  INFO mq_bench::roles::subscriber: Starting subscriber engine=Mqtt key=topic_3 endpoint=None crash_enabled=false
2026-09-29T23:09:32.227045Z  INFO mq_bench::roles::subscriber: Connected via transport engine=Mqtt
2026-09-29T23:09:32.232887Z  INFO mq_bench::roles::subscriber: Subscribed to key expression key=topic_3
2026-09-29T23:09:38.894663Z  INFO mq_bench::roles::subscriber: Starting subscriber engine=Mqtt key=topic_3 endpoint=None crash_enabled=false
2026-09-29T23:09:38.894712Z  INFO mq_bench::roles::subscriber: Connected via transport engine=Mqtt
2026-09-29T23:09:38.901176Z  INFO mq_bench::roles::subscriber: Subscribed to key expression key=topic_3
2026-09-29T23:21:05.587288Z  WARN mq_bench::transport::mqtt: MQTT subscription eventloop error; continuing poll loop client_id=sub-mqb-5bfe10c8e69e39b6-eef09d9fb7bd4aea9260a0fe65d7d901 error=Mqtt state: Last pingreq isn't acked
2026-09-29T23:21:08.921427Z  WARN mq_bench::transport::mqtt: MQTT subscription eventloop error; continuing poll loop client_id=sub-mqb-5bfe10c8e69e39b6-245384de70ea466fa01d311776844249 error=Mqtt state: Last pingreq isn't acked
2026-09-29T23:21:09.684131Z  WARN mq_bench::transport::mqtt: MQTT subscription eventloop error; continuing poll loop client_id=sub-mqb-5bfe10c8e69e39b6-f60cb8eaa674420db7cbb49e91831cbb error=Mqtt state: Last pingreq isn't acked
2026-09-29T23:21:15.584052Z  WARN mq_bench::transport::mqtt: MQTT subscription eventloop error; continuing poll loop client_id=sub-mqb-5bfe10c8e69e39b6-c7b2edf573704fee9ac40c5b4a3accf9 error=Mqtt state: Last pingreq isn't acked
2026-09-29T23:21:25.588642Z  WARN mq_bench::transport::mqtt: MQTT subscription eventloop error; continuing poll loop client_id=sub-mqb-5bfe10c8e69e39b6-0eda4e7e8f9d48eea2422c155c1e4406 error=Mqtt state: Last pingreq isn't acked
2026-09-29T23:21:32.257067Z  WARN mq_bench::transport::mqtt: MQTT subscription eventloop error; continuing poll loop client_id=sub-mqb-5bfe10c8e69e39b6-3aa345b23630453282d3dfea41b3a7ef error=Mqtt state: Last pingreq isn't acked
2026-09-29T23:21:42.251791Z  WARN mq_bench::transport::mqtt: MQTT subscription eventloop error; continuing poll loop client_id=sub-mqb-5bfe10c8e69e39b6-1cc1fd09543c4194b0e9df34a7968541 error=Mqtt state: Last pingreq isn't acked
