mq-bench starting with run_id: auto
Writing CSV output to: artifacts/fanout_bursty_20260929_230838_mqtt_artemis_p64_s1000_u10_bursty/fanout_singlesite/sub_5_2.csv
2026-09-29T23:08:38.962806Z  INFO mq_bench::roles::subscriber: Starting subscriber engine=Mqtt key=topic_5 endpoint=None crash_enabled=false
2026-09-29T23:08:38.962851Z  INFO mq_bench::roles::subscriber: Connected via transport engine=Mqtt
2026-09-29T23:08:39.819953Z  INFO mq_bench::roles::subscriber: Subscribed to key expression key=topic_5
2026-09-29T23:08:45.630511Z  INFO mq_bench::roles::subscriber: Starting subscriber engine=Mqtt key=topic_5 endpoint=None crash_enabled=false
2026-09-29T23:08:45.630613Z  INFO mq_bench::roles::subscriber: Connected via transport engine=Mqtt
2026-09-29T23:08:45.641138Z  INFO mq_bench::roles::subscriber: Subscribed to key expression key=topic_5
2026-09-29T23:08:52.298062Z  INFO mq_bench::roles::subscriber: Starting subscriber engine=Mqtt key=topic_5 endpoint=None crash_enabled=false
2026-09-29T23:08:52.298171Z  INFO mq_bench::roles::subscriber: Connected via transport engine=Mqtt
2026-09-29T23:08:52.306354Z  INFO mq_bench::roles::subscriber: Subscribed to key expression key=topic_5
2026-09-29T23:08:58.965604Z  INFO mq_bench::roles::subscriber: Starting subscriber engine=Mqtt key=topic_5 endpoint=None crash_enabled=false
2026-09-29T23:08:58.965655Z  INFO mq_bench::roles::subscriber: Connected via transport engine=Mqtt
2026-09-29T23:08:58.973617Z  INFO mq_bench::roles::subscriber: Subscribed to key expression key=topic_5
2026-09-29T23:09:05.632450Z  INFO mq_bench::roles::subscriber: Starting subscriber engine=Mqtt key=topic_5 endpoint=None crash_enabled=false
2026-09-29T23:09:05.632493Z  INFO mq_bench::roles::subscriber: Connected via transport engine=Mqtt
2026-09-29T23:09:05.639834Z  INFO mq_bench::roles::subscriber: Subscribed to key expression key=topic_5
2026-09-29T23:09:12.300242Z  INFO mq_bench::roles::subscriber: Starting subscriber engine=Mqtt key=topic_5 endpoint=None crash_enabled=false
2026-09-29T23:09:12.300286Z  INFO mq_bench::roles::subscriber: Connected via transport engine=Mqtt
2026-09-29T23:09:12.309797Z  INFO mq_bench::roles::subscriber: Subscribed to key expression key=topic_5
2026-09-29T23:09:18.967652Z  INFO mq_bench::roles::subscriber: Starting subscriber engine=Mqtt key=topic_5 endpoint=None crash_enabled=false
2026-09-29T23:09:18.967734Z  INFO mq_bench::roles::subscriber: Connected via transport engine=Mqtt
2026-09-29T23:09:18.974339Z  INFO mq_bench::roles::subscriber: Subscribed to key expression key=topic_5
2026-09-29T23:09:25.636178Z  INFO mq_bench::roles::subscriber: Starting subscriber engine=Mqtt key=topic_5 endpoint=None crash_enabled=false
2026-09-29T23:09:25.636228Z  INFO mq_bench::roles::subscriber: Connected via transport engine=Mqtt
2026-09-29T23:09:25.643216Z  INFO mq_bench::roles::subscriber: Subscribed to key expression key=topic_5
2026-09-29T23:09:32.304368Z  INFO mq_bench::roles::subscriber: Starting subscriber engine=Mqtt key=topic_5 endpoint=None crash_enabled=false
2026-09-29T23:09:32.304415Z  INFO mq_bench::roles::subscriber: Connected via transport engine=Mqtt
2026-09-29T23:09:32.310967Z  INFO mq_bench::roles::subscriber: Subscribed to key expression key=topic_5
2026-09-29T23:09:38.971601Z  INFO mq_bench::roles::subscriber: Starting subscriber engine=Mqtt key=topic_5 endpoint=None crash_enabled=false
2026-09-29T23:09:38.971649Z  INFO mq_bench::roles::subscriber: Connected via transport engine=Mqtt
2026-09-29T23:09:38.981466Z  INFO mq_bench::roles::subscriber: Subscribed to key expression key=topic_5
2026-09-29T23:21:05.660507Z  WARN mq_bench::transport::mqtt: MQTT subscription eventloop error; continuing poll loop client_id=sub-mqb-5bfe12c8e69e3d1c-69fb581f00f34f7a9035edb0c27bbcf6 error=Mqtt state: Last pingreq isn't acked
2026-09-29T23:21:12.326909Z  WARN mq_bench::transport::mqtt: MQTT subscription eventloop error; continuing poll loop client_id=sub-mqb-5bfe12c8e69e3d1c-9c6099d391b24b9fa0791499819a5477 error=Mqtt state: Last pingreq isn't acked
2026-09-29T23:21:22.328527Z  WARN mq_bench::transport::mqtt: MQTT subscription eventloop error; continuing poll loop client_id=sub-mqb-5bfe12c8e69e3d1c-d39498ed59be49ad8156645e03ce1598 error=Mqtt state: Last pingreq isn't acked
2026-09-29T23:21:28.995388Z  WARN mq_bench::transport::mqtt: MQTT subscription eventloop error; continuing poll loop client_id=sub-mqb-5bfe12c8e69e3d1c-bcd410bfbfa54d63964d2d7ab88aea8a error=Mqtt state: Last pingreq isn't acked
2026-09-29T23:21:32.333229Z  WARN mq_bench::transport::mqtt: MQTT subscription eventloop error; continuing poll loop client_id=sub-mqb-5bfe12c8e69e3d1c-ef1e3a7f45354eeb998429b821af6722 error=Mqtt state: Last pingreq isn't acked
2026-09-29T23:21:39.002741Z  WARN mq_bench::transport::mqtt: MQTT subscription eventloop error; continuing poll loop client_id=sub-mqb-5bfe12c8e69e3d1c-d3aee28c36b7486fb8ba2569fcbfdb8a error=Mqtt state: Last pingreq isn't acked
2026-09-29T23:21:39.685139Z  WARN mq_bench::transport::mqtt: MQTT subscription eventloop error; continuing poll loop client_id=sub-mqb-5bfe12c8e69e3d1c-361ee30c8afc4243bfe67dcb51281dcf error=Mqtt state: Last pingreq isn't acked
