mq-bench starting with run_id: auto
Writing CSV output to: artifacts/fanout_bursty_20260929_232455_mqtt_emqx_p64_s1000_u10_bursty/fanout_singlesite/sub_5_4.csv
2026-09-29T23:24:55.905527Z  INFO mq_bench::roles::subscriber: Starting subscriber engine=Mqtt key=topic_5 endpoint=None crash_enabled=false
2026-09-29T23:24:55.905579Z  INFO mq_bench::roles::subscriber: Connected via transport engine=Mqtt
2026-09-29T23:24:55.908016Z  INFO mq_bench::roles::subscriber: Subscribed to key expression key=topic_5
2026-09-29T23:25:02.572849Z  INFO mq_bench::roles::subscriber: Starting subscriber engine=Mqtt key=topic_5 endpoint=None crash_enabled=false
2026-09-29T23:25:02.572971Z  INFO mq_bench::roles::subscriber: Connected via transport engine=Mqtt
2026-09-29T23:25:02.575196Z  INFO mq_bench::roles::subscriber: Subscribed to key expression key=topic_5
2026-09-29T23:25:09.241030Z  INFO mq_bench::roles::subscriber: Starting subscriber engine=Mqtt key=topic_5 endpoint=None crash_enabled=false
2026-09-29T23:25:09.241118Z  INFO mq_bench::roles::subscriber: Connected via transport engine=Mqtt
2026-09-29T23:25:09.243233Z  INFO mq_bench::roles::subscriber: Subscribed to key expression key=topic_5
2026-09-29T23:25:15.908515Z  INFO mq_bench::roles::subscriber: Starting subscriber engine=Mqtt key=topic_5 endpoint=None crash_enabled=false
2026-09-29T23:25:15.908564Z  INFO mq_bench::roles::subscriber: Connected via transport engine=Mqtt
2026-09-29T23:25:15.910687Z  INFO mq_bench::roles::subscriber: Subscribed to key expression key=topic_5
2026-09-29T23:25:22.575644Z  INFO mq_bench::roles::subscriber: Starting subscriber engine=Mqtt key=topic_5 endpoint=None crash_enabled=false
2026-09-29T23:25:22.575724Z  INFO mq_bench::roles::subscriber: Connected via transport engine=Mqtt
2026-09-29T23:25:22.578062Z  INFO mq_bench::roles::subscriber: Subscribed to key expression key=topic_5
2026-09-29T23:25:29.243850Z  INFO mq_bench::roles::subscriber: Starting subscriber engine=Mqtt key=topic_5 endpoint=None crash_enabled=false
2026-09-29T23:25:29.243893Z  INFO mq_bench::roles::subscriber: Connected via transport engine=Mqtt
2026-09-29T23:25:29.246377Z  INFO mq_bench::roles::subscriber: Subscribed to key expression key=topic_5
2026-09-29T23:25:35.911658Z  INFO mq_bench::roles::subscriber: Starting subscriber engine=Mqtt key=topic_5 endpoint=None crash_enabled=false
2026-09-29T23:25:35.911700Z  INFO mq_bench::roles::subscriber: Connected via transport engine=Mqtt
2026-09-29T23:25:35.914136Z  INFO mq_bench::roles::subscriber: Subscribed to key expression key=topic_5
2026-09-29T23:25:42.580016Z  INFO mq_bench::roles::subscriber: Starting subscriber engine=Mqtt key=topic_5 endpoint=None crash_enabled=false
2026-09-29T23:25:42.580058Z  INFO mq_bench::roles::subscriber: Connected via transport engine=Mqtt
2026-09-29T23:25:42.582623Z  INFO mq_bench::roles::subscriber: Subscribed to key expression key=topic_5
2026-09-29T23:25:49.247797Z  INFO mq_bench::roles::subscriber: Starting subscriber engine=Mqtt key=topic_5 endpoint=None crash_enabled=false
2026-09-29T23:25:49.247841Z  INFO mq_bench::roles::subscriber: Connected via transport engine=Mqtt
2026-09-29T23:25:49.250219Z  INFO mq_bench::roles::subscriber: Subscribed to key expression key=topic_5
2026-09-29T23:25:55.916234Z  INFO mq_bench::roles::subscriber: Starting subscriber engine=Mqtt key=topic_5 endpoint=None crash_enabled=false
2026-09-29T23:25:55.916274Z  INFO mq_bench::roles::subscriber: Connected via transport engine=Mqtt
2026-09-29T23:25:55.918630Z  INFO mq_bench::roles::subscriber: Subscribed to key expression key=topic_5
