mq-bench starting with run_id: auto
Writing CSV output to: artifacts/fanout_bursty_20260929_232455_mqtt_emqx_p64_s1000_u10_bursty/fanout_singlesite/sub_4_2.csv
2026-09-29T23:24:55.860398Z  INFO mq_bench::roles::subscriber: Starting subscriber engine=Mqtt key=topic_4 endpoint=None crash_enabled=false
2026-09-29T23:24:55.860444Z  INFO mq_bench::roles::subscriber: Connected via transport engine=Mqtt
2026-09-29T23:24:55.862713Z  INFO mq_bench::roles::subscriber: Subscribed to key expression key=topic_4
2026-09-29T23:25:02.528389Z  INFO mq_bench::roles::subscriber: Starting subscriber engine=Mqtt key=topic_4 endpoint=None crash_enabled=false
2026-09-29T23:25:02.528494Z  INFO mq_bench::roles::subscriber: Connected via transport engine=Mqtt
2026-09-29T23:25:02.530813Z  INFO mq_bench::roles::subscriber: Subscribed to key expression key=topic_4
2026-09-29T23:25:09.195949Z  INFO mq_bench::roles::subscriber: Starting subscriber engine=Mqtt key=topic_4 endpoint=None crash_enabled=false
2026-09-29T23:25:09.196039Z  INFO mq_bench::roles::subscriber: Connected via transport engine=Mqtt
2026-09-29T23:25:09.198191Z  INFO mq_bench::roles::subscriber: Subscribed to key expression key=topic_4
2026-09-29T23:25:15.863600Z  INFO mq_bench::roles::subscriber: Starting subscriber engine=Mqtt key=topic_4 endpoint=None crash_enabled=false
2026-09-29T23:25:15.863640Z  INFO mq_bench::roles::subscriber: Connected via transport engine=Mqtt
2026-09-29T23:25:15.865777Z  INFO mq_bench::roles::subscriber: Subscribed to key expression key=topic_4
2026-09-29T23:25:22.530705Z  INFO mq_bench::roles::subscriber: Starting subscriber engine=Mqtt key=topic_4 endpoint=None crash_enabled=false
2026-09-29T23:25:22.530792Z  INFO mq_bench::roles::subscriber: Connected via transport engine=Mqtt
2026-09-29T23:25:22.533088Z  INFO mq_bench::roles::subscriber: Subscribed to key expression key=topic_4
2026-09-29T23:25:29.199114Z  INFO mq_bench::roles::subscriber: Starting subscriber engine=Mqtt key=topic_4 endpoint=None crash_enabled=false
2026-09-29T23:25:29.199159Z  INFO mq_bench::roles::subscriber: Connected via transport engine=Mqtt
2026-09-29T23:25:29.201472Z  INFO mq_bench::roles::subscriber: Subscribed to key expression key=topic_4
2026-09-29T23:25:35.866837Z  INFO mq_bench::roles::subscriber: Starting subscriber engine=Mqtt key=topic_4 endpoint=None crash_enabled=false
2026-09-29T23:25:35.866884Z  INFO mq_bench::roles::subscriber: Connected via transport engine=Mqtt
2026-09-29T23:25:35.869033Z  INFO mq_bench::roles::subscriber: Subscribed to key expression key=topic_4
2026-09-29T23:25:42.535045Z  INFO mq_bench::roles::subscriber: Starting subscriber engine=Mqtt key=topic_4 endpoint=None crash_enabled=false
2026-09-29T23:25:42.535087Z  INFO mq_bench::roles::subscriber: Connected via transport engine=Mqtt
2026-09-29T23:25:42.537358Z  INFO mq_bench::roles::subscriber: Subscribed to key expression key=topic_4
2026-09-29T23:25:49.202482Z  INFO mq_bench::roles::subscriber: Starting subscriber engine=Mqtt key=topic_4 endpoint=None crash_enabled=false
2026-09-29T23:25:49.202530Z  INFO mq_bench::roles::subscriber: Connected via transport engine=Mqtt
2026-09-29T23:25:49.204844Z  INFO mq_bench::roles::subscriber: Subscribed to key expression key=topic_4
2026-09-29T23:25:55.870223Z  INFO mq_bench::roles::subscriber: Starting subscriber engine=Mqtt key=topic_4 endpoint=None crash_enabled=false
2026-09-29T23:25:55.870266Z  INFO mq_bench::roles::subscriber: Connected via transport engine=Mqtt
2026-09-29T23:25:55.872887Z  INFO mq_bench::roles::subscriber: Subscribed to key expression key=topic_4
