mq-bench starting with run_id: auto
Writing CSV output to: artifacts/fanout_bursty_20260929_232455_mqtt_emqx_p64_s1000_u10_bursty/fanout_singlesite/sub_4_5.csv
2026-09-29T23:24:55.871004Z  INFO mq_bench::roles::subscriber: Starting subscriber engine=Mqtt key=topic_4 endpoint=None crash_enabled=false
2026-09-29T23:24:55.871047Z  INFO mq_bench::roles::subscriber: Connected via transport engine=Mqtt
2026-09-29T23:24:55.873337Z  INFO mq_bench::roles::subscriber: Subscribed to key expression key=topic_4
2026-09-29T23:25:02.538197Z  INFO mq_bench::roles::subscriber: Starting subscriber engine=Mqtt key=topic_4 endpoint=None crash_enabled=false
2026-09-29T23:25:02.538288Z  INFO mq_bench::roles::subscriber: Connected via transport engine=Mqtt
2026-09-29T23:25:02.540557Z  INFO mq_bench::roles::subscriber: Subscribed to key expression key=topic_4
2026-09-29T23:25:09.205617Z  INFO mq_bench::roles::subscriber: Starting subscriber engine=Mqtt key=topic_4 endpoint=None crash_enabled=false
2026-09-29T23:25:09.205703Z  INFO mq_bench::roles::subscriber: Connected via transport engine=Mqtt
2026-09-29T23:25:09.207844Z  INFO mq_bench::roles::subscriber: Subscribed to key expression key=topic_4
2026-09-29T23:25:15.873140Z  INFO mq_bench::roles::subscriber: Starting subscriber engine=Mqtt key=topic_4 endpoint=None crash_enabled=false
2026-09-29T23:25:15.873225Z  INFO mq_bench::roles::subscriber: Connected via transport engine=Mqtt
2026-09-29T23:25:15.875323Z  INFO mq_bench::roles::subscriber: Subscribed to key expression key=topic_4
2026-09-29T23:25:22.540229Z  INFO mq_bench::roles::subscriber: Starting subscriber engine=Mqtt key=topic_4 endpoint=None crash_enabled=false
2026-09-29T23:25:22.540271Z  INFO mq_bench::roles::subscriber: Connected via transport engine=Mqtt
2026-09-29T23:25:22.543043Z  INFO mq_bench::roles::subscriber: Subscribed to key expression key=topic_4
2026-09-29T23:25:29.207885Z  INFO mq_bench::roles::subscriber: Starting subscriber engine=Mqtt key=topic_4 endpoint=None crash_enabled=false
2026-09-29T23:25:29.207958Z  INFO mq_bench::roles::subscriber: Connected via transport engine=Mqtt
2026-09-29T23:25:29.210107Z  INFO mq_bench::roles::subscriber: Subscribed to key expression key=topic_4
2026-09-29T23:25:35.875244Z  INFO mq_bench::roles::subscriber: Starting subscriber engine=Mqtt key=topic_4 endpoint=None crash_enabled=false
2026-09-29T23:25:35.875285Z  INFO mq_bench::roles::subscriber: Connected via transport engine=Mqtt
2026-09-29T23:25:35.877864Z  INFO mq_bench::roles::subscriber: Subscribed to key expression key=topic_4
2026-09-29T23:25:42.543874Z  INFO mq_bench::roles::subscriber: Starting subscriber engine=Mqtt key=topic_4 endpoint=None crash_enabled=false
2026-09-29T23:25:42.543948Z  INFO mq_bench::roles::subscriber: Connected via transport engine=Mqtt
2026-09-29T23:25:42.546368Z  INFO mq_bench::roles::subscriber: Subscribed to key expression key=topic_4
2026-09-29T23:25:49.211351Z  INFO mq_bench::roles::subscriber: Starting subscriber engine=Mqtt key=topic_4 endpoint=None crash_enabled=false
2026-09-29T23:25:49.211391Z  INFO mq_bench::roles::subscriber: Connected via transport engine=Mqtt
2026-09-29T23:25:49.213617Z  INFO mq_bench::roles::subscriber: Subscribed to key expression key=topic_4
2026-09-29T23:25:55.879887Z  INFO mq_bench::roles::subscriber: Starting subscriber engine=Mqtt key=topic_4 endpoint=None crash_enabled=false
2026-09-29T23:25:55.879982Z  INFO mq_bench::roles::subscriber: Connected via transport engine=Mqtt
2026-09-29T23:25:55.882369Z  INFO mq_bench::roles::subscriber: Subscribed to key expression key=topic_4
