mq-bench starting with run_id: auto
Writing CSV output to: artifacts/fanout_bursty_20260929_232455_mqtt_emqx_p64_s1000_u10_bursty/fanout_singlesite/sub_0_4.csv
2026-09-29T23:24:55.719714Z  INFO mq_bench::roles::subscriber: Starting subscriber engine=Mqtt key=topic_0 endpoint=None crash_enabled=false
2026-09-29T23:24:55.719874Z  INFO mq_bench::roles::subscriber: Connected via transport engine=Mqtt
2026-09-29T23:24:55.722092Z  INFO mq_bench::roles::subscriber: Subscribed to key expression key=topic_0
2026-09-29T23:25:02.387519Z  INFO mq_bench::roles::subscriber: Starting subscriber engine=Mqtt key=topic_0 endpoint=None crash_enabled=false
2026-09-29T23:25:02.387610Z  INFO mq_bench::roles::subscriber: Connected via transport engine=Mqtt
2026-09-29T23:25:02.389746Z  INFO mq_bench::roles::subscriber: Subscribed to key expression key=topic_0
2026-09-29T23:25:09.055676Z  INFO mq_bench::roles::subscriber: Starting subscriber engine=Mqtt key=topic_0 endpoint=None crash_enabled=false
2026-09-29T23:25:09.055727Z  INFO mq_bench::roles::subscriber: Connected via transport engine=Mqtt
2026-09-29T23:25:09.057863Z  INFO mq_bench::roles::subscriber: Subscribed to key expression key=topic_0
2026-09-29T23:25:15.723512Z  INFO mq_bench::roles::subscriber: Starting subscriber engine=Mqtt key=topic_0 endpoint=None crash_enabled=false
2026-09-29T23:25:15.723553Z  INFO mq_bench::roles::subscriber: Connected via transport engine=Mqtt
2026-09-29T23:25:15.725789Z  INFO mq_bench::roles::subscriber: Subscribed to key expression key=topic_0
2026-09-29T23:25:22.391782Z  INFO mq_bench::roles::subscriber: Starting subscriber engine=Mqtt key=topic_0 endpoint=None crash_enabled=false
2026-09-29T23:25:22.391891Z  INFO mq_bench::roles::subscriber: Connected via transport engine=Mqtt
2026-09-29T23:25:22.394432Z  INFO mq_bench::roles::subscriber: Subscribed to key expression key=topic_0
2026-09-29T23:25:29.060248Z  INFO mq_bench::roles::subscriber: Starting subscriber engine=Mqtt key=topic_0 endpoint=None crash_enabled=false
2026-09-29T23:25:29.060287Z  INFO mq_bench::roles::subscriber: Connected via transport engine=Mqtt
2026-09-29T23:25:29.062885Z  INFO mq_bench::roles::subscriber: Subscribed to key expression key=topic_0
2026-09-29T23:25:35.728230Z  INFO mq_bench::roles::subscriber: Starting subscriber engine=Mqtt key=topic_0 endpoint=None crash_enabled=false
2026-09-29T23:25:35.728292Z  INFO mq_bench::roles::subscriber: Connected via transport engine=Mqtt
2026-09-29T23:25:35.731151Z  INFO mq_bench::roles::subscriber: Subscribed to key expression key=topic_0
2026-09-29T23:25:42.396206Z  INFO mq_bench::roles::subscriber: Starting subscriber engine=Mqtt key=topic_0 endpoint=None crash_enabled=false
2026-09-29T23:25:42.396270Z  INFO mq_bench::roles::subscriber: Connected via transport engine=Mqtt
2026-09-29T23:25:42.399270Z  INFO mq_bench::roles::subscriber: Subscribed to key expression key=topic_0
2026-09-29T23:25:49.064182Z  INFO mq_bench::roles::subscriber: Starting subscriber engine=Mqtt key=topic_0 endpoint=None crash_enabled=false
2026-09-29T23:25:49.064226Z  INFO mq_bench::roles::subscriber: Connected via transport engine=Mqtt
2026-09-29T23:25:49.067409Z  INFO mq_bench::roles::subscriber: Subscribed to key expression key=topic_0
2026-09-29T23:25:55.731531Z  INFO mq_bench::roles::subscriber: Starting subscriber engine=Mqtt key=topic_0 endpoint=None crash_enabled=false
2026-09-29T23:25:55.731568Z  INFO mq_bench::roles::subscriber: Connected via transport engine=Mqtt
2026-09-29T23:25:55.734859Z  INFO mq_bench::roles::subscriber: Subscribed to key expression key=topic_0
