mq-bench starting with run_id: auto
Writing CSV output to: artifacts/fanout_bursty_20260929_232455_mqtt_emqx_p64_s1000_u10_bursty/fanout_singlesite/sub_6_1.csv
2026-09-29T23:24:55.931606Z  INFO mq_bench::roles::subscriber: Starting subscriber engine=Mqtt key=topic_6 endpoint=None crash_enabled=false
2026-09-29T23:24:55.931649Z  INFO mq_bench::roles::subscriber: Connected via transport engine=Mqtt
2026-09-29T23:24:55.934652Z  INFO mq_bench::roles::subscriber: Subscribed to key expression key=topic_6
2026-09-29T23:25:02.598479Z  INFO mq_bench::roles::subscriber: Starting subscriber engine=Mqtt key=topic_6 endpoint=None crash_enabled=false
2026-09-29T23:25:02.598572Z  INFO mq_bench::roles::subscriber: Connected via transport engine=Mqtt
2026-09-29T23:25:02.600571Z  INFO mq_bench::roles::subscriber: Subscribed to key expression key=topic_6
2026-09-29T23:25:09.265563Z  INFO mq_bench::roles::subscriber: Starting subscriber engine=Mqtt key=topic_6 endpoint=None crash_enabled=false
2026-09-29T23:25:09.265633Z  INFO mq_bench::roles::subscriber: Connected via transport engine=Mqtt
2026-09-29T23:25:09.267633Z  INFO mq_bench::roles::subscriber: Subscribed to key expression key=topic_6
2026-09-29T23:25:15.933410Z  INFO mq_bench::roles::subscriber: Starting subscriber engine=Mqtt key=topic_6 endpoint=None crash_enabled=false
2026-09-29T23:25:15.933515Z  INFO mq_bench::roles::subscriber: Connected via transport engine=Mqtt
2026-09-29T23:25:15.935814Z  INFO mq_bench::roles::subscriber: Subscribed to key expression key=topic_6
2026-09-29T23:25:22.600708Z  INFO mq_bench::roles::subscriber: Starting subscriber engine=Mqtt key=topic_6 endpoint=None crash_enabled=false
2026-09-29T23:25:22.600800Z  INFO mq_bench::roles::subscriber: Connected via transport engine=Mqtt
2026-09-29T23:25:22.603373Z  INFO mq_bench::roles::subscriber: Subscribed to key expression key=topic_6
2026-09-29T23:25:29.269310Z  INFO mq_bench::roles::subscriber: Starting subscriber engine=Mqtt key=topic_6 endpoint=None crash_enabled=false
2026-09-29T23:25:29.269354Z  INFO mq_bench::roles::subscriber: Connected via transport engine=Mqtt
2026-09-29T23:25:29.271614Z  INFO mq_bench::roles::subscriber: Subscribed to key expression key=topic_6
2026-09-29T23:25:35.936849Z  INFO mq_bench::roles::subscriber: Starting subscriber engine=Mqtt key=topic_6 endpoint=None crash_enabled=false
2026-09-29T23:25:35.936890Z  INFO mq_bench::roles::subscriber: Connected via transport engine=Mqtt
2026-09-29T23:25:35.939530Z  INFO mq_bench::roles::subscriber: Subscribed to key expression key=topic_6
2026-09-29T23:25:42.605371Z  INFO mq_bench::roles::subscriber: Starting subscriber engine=Mqtt key=topic_6 endpoint=None crash_enabled=false
2026-09-29T23:25:42.605408Z  INFO mq_bench::roles::subscriber: Connected via transport engine=Mqtt
2026-09-29T23:25:42.607978Z  INFO mq_bench::roles::subscriber: Subscribed to key expression key=topic_6
2026-09-29T23:25:49.273215Z  INFO mq_bench::roles::subscriber: Starting subscriber engine=Mqtt key=topic_6 endpoint=None crash_enabled=false
2026-09-29T23:25:49.273256Z  INFO mq_bench::roles::subscriber: Connected via transport engine=Mqtt
2026-09-29T23:25:49.276317Z  INFO mq_bench::roles::subscriber: Subscribed to key expression key=topic_6
2026-09-29T23:25:55.940390Z  INFO mq_bench::roles::subscriber: Starting subscriber engine=Mqtt key=topic_6 endpoint=None crash_enabled=false
2026-09-29T23:25:55.940464Z  INFO mq_bench::roles::subscriber: Connected via transport engine=Mqtt
2026-09-29T23:25:55.942641Z  INFO mq_bench::roles::subscriber: Subscribed to key expression key=topic_6
