mq-bench starting with run_id: auto
Writing CSV output to: artifacts/fanout_bursty_20260929_232455_mqtt_emqx_p64_s1000_u10_bursty/fanout_singlesite/sub_2_1.csv
2026-09-29T23:24:55.783491Z  INFO mq_bench::roles::subscriber: Starting subscriber engine=Mqtt key=topic_2 endpoint=None crash_enabled=false
2026-09-29T23:24:55.783546Z  INFO mq_bench::roles::subscriber: Connected via transport engine=Mqtt
2026-09-29T23:24:55.785931Z  INFO mq_bench::roles::subscriber: Subscribed to key expression key=topic_2
2026-09-29T23:25:02.451779Z  INFO mq_bench::roles::subscriber: Starting subscriber engine=Mqtt key=topic_2 endpoint=None crash_enabled=false
2026-09-29T23:25:02.451879Z  INFO mq_bench::roles::subscriber: Connected via transport engine=Mqtt
2026-09-29T23:25:02.454389Z  INFO mq_bench::roles::subscriber: Subscribed to key expression key=topic_2
2026-09-29T23:25:09.119477Z  INFO mq_bench::roles::subscriber: Starting subscriber engine=Mqtt key=topic_2 endpoint=None crash_enabled=false
2026-09-29T23:25:09.119564Z  INFO mq_bench::roles::subscriber: Connected via transport engine=Mqtt
2026-09-29T23:25:09.121729Z  INFO mq_bench::roles::subscriber: Subscribed to key expression key=topic_2
2026-09-29T23:25:15.787153Z  INFO mq_bench::roles::subscriber: Starting subscriber engine=Mqtt key=topic_2 endpoint=None crash_enabled=false
2026-09-29T23:25:15.787198Z  INFO mq_bench::roles::subscriber: Connected via transport engine=Mqtt
2026-09-29T23:25:15.789374Z  INFO mq_bench::roles::subscriber: Subscribed to key expression key=topic_2
2026-09-29T23:25:22.454431Z  INFO mq_bench::roles::subscriber: Starting subscriber engine=Mqtt key=topic_2 endpoint=None crash_enabled=false
2026-09-29T23:25:22.454483Z  INFO mq_bench::roles::subscriber: Connected via transport engine=Mqtt
2026-09-29T23:25:22.456950Z  INFO mq_bench::roles::subscriber: Subscribed to key expression key=topic_2
2026-09-29T23:25:29.122062Z  INFO mq_bench::roles::subscriber: Starting subscriber engine=Mqtt key=topic_2 endpoint=None crash_enabled=false
2026-09-29T23:25:29.122108Z  INFO mq_bench::roles::subscriber: Connected via transport engine=Mqtt
2026-09-29T23:25:29.124475Z  INFO mq_bench::roles::subscriber: Subscribed to key expression key=topic_2
2026-09-29T23:25:35.789888Z  INFO mq_bench::roles::subscriber: Starting subscriber engine=Mqtt key=topic_2 endpoint=None crash_enabled=false
2026-09-29T23:25:35.789994Z  INFO mq_bench::roles::subscriber: Connected via transport engine=Mqtt
2026-09-29T23:25:35.792386Z  INFO mq_bench::roles::subscriber: Subscribed to key expression key=topic_2
2026-09-29T23:25:42.457352Z  INFO mq_bench::roles::subscriber: Starting subscriber engine=Mqtt key=topic_2 endpoint=None crash_enabled=false
2026-09-29T23:25:42.457407Z  INFO mq_bench::roles::subscriber: Connected via transport engine=Mqtt
2026-09-29T23:25:42.459638Z  INFO mq_bench::roles::subscriber: Subscribed to key expression key=topic_2
2026-09-29T23:25:49.125795Z  INFO mq_bench::roles::subscriber: Starting subscriber engine=Mqtt key=topic_2 endpoint=None crash_enabled=false
2026-09-29T23:25:49.125840Z  INFO mq_bench::roles::subscriber: Connected via transport engine=Mqtt
2026-09-29T23:25:49.128611Z  INFO mq_bench::roles::subscriber: Subscribed to key expression key=topic_2
2026-09-29T23:25:55.793847Z  INFO mq_bench::roles::subscriber: Starting subscriber engine=Mqtt key=topic_2 endpoint=None crash_enabled=false
2026-09-29T23:25:55.793887Z  INFO mq_bench::roles::subscriber: Connected via transport engine=Mqtt
2026-09-29T23:25:55.796521Z  INFO mq_bench::roles::subscriber: Subscribed to key expression key=topic_2
