mq-bench starting with run_id: auto
Writing CSV output to: artifacts/fanout_bursty_20260929_232455_mqtt_emqx_p64_s1000_u10_bursty/fanout_singlesite/sub_7_5.csv
2026-09-29T23:24:55.985652Z  INFO mq_bench::roles::subscriber: Starting subscriber engine=Mqtt key=topic_7 endpoint=None crash_enabled=false
2026-09-29T23:24:55.985696Z  INFO mq_bench::roles::subscriber: Connected via transport engine=Mqtt
2026-09-29T23:24:55.988927Z  INFO mq_bench::roles::subscriber: Subscribed to key expression key=topic_7
2026-09-29T23:25:02.653092Z  INFO mq_bench::roles::subscriber: Starting subscriber engine=Mqtt key=topic_7 endpoint=None crash_enabled=false
2026-09-29T23:25:02.653185Z  INFO mq_bench::roles::subscriber: Connected via transport engine=Mqtt
2026-09-29T23:25:02.655530Z  INFO mq_bench::roles::subscriber: Subscribed to key expression key=topic_7
2026-09-29T23:25:09.321583Z  INFO mq_bench::roles::subscriber: Starting subscriber engine=Mqtt key=topic_7 endpoint=None crash_enabled=false
2026-09-29T23:25:09.321668Z  INFO mq_bench::roles::subscriber: Connected via transport engine=Mqtt
2026-09-29T23:25:09.323989Z  INFO mq_bench::roles::subscriber: Subscribed to key expression key=topic_7
2026-09-29T23:25:15.989506Z  INFO mq_bench::roles::subscriber: Starting subscriber engine=Mqtt key=topic_7 endpoint=None crash_enabled=false
2026-09-29T23:25:15.989547Z  INFO mq_bench::roles::subscriber: Connected via transport engine=Mqtt
2026-09-29T23:25:15.991816Z  INFO mq_bench::roles::subscriber: Subscribed to key expression key=topic_7
2026-09-29T23:25:22.656818Z  INFO mq_bench::roles::subscriber: Starting subscriber engine=Mqtt key=topic_7 endpoint=None crash_enabled=false
2026-09-29T23:25:22.656907Z  INFO mq_bench::roles::subscriber: Connected via transport engine=Mqtt
2026-09-29T23:25:22.659232Z  INFO mq_bench::roles::subscriber: Subscribed to key expression key=topic_7
2026-09-29T23:25:29.324138Z  INFO mq_bench::roles::subscriber: Starting subscriber engine=Mqtt key=topic_7 endpoint=None crash_enabled=false
2026-09-29T23:25:29.324183Z  INFO mq_bench::roles::subscriber: Connected via transport engine=Mqtt
2026-09-29T23:25:29.326477Z  INFO mq_bench::roles::subscriber: Subscribed to key expression key=topic_7
2026-09-29T23:25:35.992459Z  INFO mq_bench::roles::subscriber: Starting subscriber engine=Mqtt key=topic_7 endpoint=None crash_enabled=false
2026-09-29T23:25:35.992506Z  INFO mq_bench::roles::subscriber: Connected via transport engine=Mqtt
2026-09-29T23:25:35.995076Z  INFO mq_bench::roles::subscriber: Subscribed to key expression key=topic_7
2026-09-29T23:25:42.660008Z  INFO mq_bench::roles::subscriber: Starting subscriber engine=Mqtt key=topic_7 endpoint=None crash_enabled=false
2026-09-29T23:25:42.660049Z  INFO mq_bench::roles::subscriber: Connected via transport engine=Mqtt
2026-09-29T23:25:42.663928Z  INFO mq_bench::roles::subscriber: Subscribed to key expression key=topic_7
2026-09-29T23:25:49.328233Z  INFO mq_bench::roles::subscriber: Starting subscriber engine=Mqtt key=topic_7 endpoint=None crash_enabled=false
2026-09-29T23:25:49.328291Z  INFO mq_bench::roles::subscriber: Connected via transport engine=Mqtt
2026-09-29T23:25:49.330765Z  INFO mq_bench::roles::subscriber: Subscribed to key expression key=topic_7
2026-09-29T23:25:55.996107Z  INFO mq_bench::roles::subscriber: Starting subscriber engine=Mqtt key=topic_7 endpoint=None crash_enabled=false
2026-09-29T23:25:55.996153Z  INFO mq_bench::roles::subscriber: Connected via transport engine=Mqtt
2026-09-29T23:25:56.004018Z  INFO mq_bench::roles::subscriber: Subscribed to key expression key=topic_7
