mq-bench starting with run_id: auto
Writing CSV output to: artifacts/fanout_bursty_20260929_232455_mqtt_emqx_p64_s1000_u10_bursty/fanout_singlesite/sub_0_7.csv
2026-09-29T23:24:55.730744Z  INFO mq_bench::roles::subscriber: Starting subscriber engine=Mqtt key=topic_0 endpoint=None crash_enabled=false
2026-09-29T23:24:55.730785Z  INFO mq_bench::roles::subscriber: Connected via transport engine=Mqtt
2026-09-29T23:24:55.732992Z  INFO mq_bench::roles::subscriber: Subscribed to key expression key=topic_0
2026-09-29T23:25:02.398453Z  INFO mq_bench::roles::subscriber: Starting subscriber engine=Mqtt key=topic_0 endpoint=None crash_enabled=false
2026-09-29T23:25:02.398549Z  INFO mq_bench::roles::subscriber: Connected via transport engine=Mqtt
2026-09-29T23:25:02.401024Z  INFO mq_bench::roles::subscriber: Subscribed to key expression key=topic_0
2026-09-29T23:25:09.066063Z  INFO mq_bench::roles::subscriber: Starting subscriber engine=Mqtt key=topic_0 endpoint=None crash_enabled=false
2026-09-29T23:25:09.066150Z  INFO mq_bench::roles::subscriber: Connected via transport engine=Mqtt
2026-09-29T23:25:09.085018Z  INFO mq_bench::roles::subscriber: Subscribed to key expression key=topic_0
2026-09-29T23:25:15.734600Z  INFO mq_bench::roles::subscriber: Starting subscriber engine=Mqtt key=topic_0 endpoint=None crash_enabled=false
2026-09-29T23:25:15.734705Z  INFO mq_bench::roles::subscriber: Connected via transport engine=Mqtt
2026-09-29T23:25:15.737011Z  INFO mq_bench::roles::subscriber: Subscribed to key expression key=topic_0
2026-09-29T23:25:22.402132Z  INFO mq_bench::roles::subscriber: Starting subscriber engine=Mqtt key=topic_0 endpoint=None crash_enabled=false
2026-09-29T23:25:22.402171Z  INFO mq_bench::roles::subscriber: Connected via transport engine=Mqtt
2026-09-29T23:25:22.404694Z  INFO mq_bench::roles::subscriber: Subscribed to key expression key=topic_0
2026-09-29T23:25:29.070233Z  INFO mq_bench::roles::subscriber: Starting subscriber engine=Mqtt key=topic_0 endpoint=None crash_enabled=false
2026-09-29T23:25:29.070273Z  INFO mq_bench::roles::subscriber: Connected via transport engine=Mqtt
2026-09-29T23:25:29.073036Z  INFO mq_bench::roles::subscriber: Subscribed to key expression key=topic_0
2026-09-29T23:25:35.738074Z  INFO mq_bench::roles::subscriber: Starting subscriber engine=Mqtt key=topic_0 endpoint=None crash_enabled=false
2026-09-29T23:25:35.738146Z  INFO mq_bench::roles::subscriber: Connected via transport engine=Mqtt
2026-09-29T23:25:35.740611Z  INFO mq_bench::roles::subscriber: Subscribed to key expression key=topic_0
2026-09-29T23:25:42.405831Z  INFO mq_bench::roles::subscriber: Starting subscriber engine=Mqtt key=topic_0 endpoint=None crash_enabled=false
2026-09-29T23:25:42.405877Z  INFO mq_bench::roles::subscriber: Connected via transport engine=Mqtt
2026-09-29T23:25:42.408369Z  INFO mq_bench::roles::subscriber: Subscribed to key expression key=topic_0
2026-09-29T23:25:49.074052Z  INFO mq_bench::roles::subscriber: Starting subscriber engine=Mqtt key=topic_0 endpoint=None crash_enabled=false
2026-09-29T23:25:49.074095Z  INFO mq_bench::roles::subscriber: Connected via transport engine=Mqtt
2026-09-29T23:25:49.076511Z  INFO mq_bench::roles::subscriber: Subscribed to key expression key=topic_0
2026-09-29T23:25:55.741656Z  INFO mq_bench::roles::subscriber: Starting subscriber engine=Mqtt key=topic_0 endpoint=None crash_enabled=false
2026-09-29T23:25:55.741699Z  INFO mq_bench::roles::subscriber: Connected via transport engine=Mqtt
2026-09-29T23:25:55.744300Z  INFO mq_bench::roles::subscriber: Subscribed to key expression key=topic_0
