mq-bench starting with run_id: auto
Writing CSV output to: artifacts/fanout_bursty_20260929_232455_mqtt_emqx_p64_s1000_u10_bursty/fanout_singlesite/sub_9_4.csv
2026-09-29T23:24:56.059701Z  INFO mq_bench::roles::subscriber: Starting subscriber engine=Mqtt key=topic_9 endpoint=None crash_enabled=false
2026-09-29T23:24:56.059745Z  INFO mq_bench::roles::subscriber: Connected via transport engine=Mqtt
2026-09-29T23:24:56.061621Z  INFO mq_bench::roles::subscriber: Subscribed to key expression key=topic_9
2026-09-29T23:25:02.728167Z  INFO mq_bench::roles::subscriber: Starting subscriber engine=Mqtt key=topic_9 endpoint=None crash_enabled=false
2026-09-29T23:25:02.728256Z  INFO mq_bench::roles::subscriber: Connected via transport engine=Mqtt
2026-09-29T23:25:02.730334Z  INFO mq_bench::roles::subscriber: Subscribed to key expression key=topic_9
2026-09-29T23:25:09.395400Z  INFO mq_bench::roles::subscriber: Starting subscriber engine=Mqtt key=topic_9 endpoint=None crash_enabled=false
2026-09-29T23:25:09.395491Z  INFO mq_bench::roles::subscriber: Connected via transport engine=Mqtt
2026-09-29T23:25:09.397587Z  INFO mq_bench::roles::subscriber: Subscribed to key expression key=topic_9
2026-09-29T23:25:16.063074Z  INFO mq_bench::roles::subscriber: Starting subscriber engine=Mqtt key=topic_9 endpoint=None crash_enabled=false
2026-09-29T23:25:16.063113Z  INFO mq_bench::roles::subscriber: Connected via transport engine=Mqtt
2026-09-29T23:25:16.065687Z  INFO mq_bench::roles::subscriber: Subscribed to key expression key=topic_9
2026-09-29T23:25:22.730594Z  INFO mq_bench::roles::subscriber: Starting subscriber engine=Mqtt key=topic_9 endpoint=None crash_enabled=false
2026-09-29T23:25:22.730679Z  INFO mq_bench::roles::subscriber: Connected via transport engine=Mqtt
2026-09-29T23:25:22.733174Z  INFO mq_bench::roles::subscriber: Subscribed to key expression key=topic_9
2026-09-29T23:25:29.399120Z  INFO mq_bench::roles::subscriber: Starting subscriber engine=Mqtt key=topic_9 endpoint=None crash_enabled=false
2026-09-29T23:25:29.399168Z  INFO mq_bench::roles::subscriber: Connected via transport engine=Mqtt
2026-09-29T23:25:29.401192Z  INFO mq_bench::roles::subscriber: Subscribed to key expression key=topic_9
2026-09-29T23:25:36.067150Z  INFO mq_bench::roles::subscriber: Starting subscriber engine=Mqtt key=topic_9 endpoint=None crash_enabled=false
2026-09-29T23:25:36.067194Z  INFO mq_bench::roles::subscriber: Connected via transport engine=Mqtt
2026-09-29T23:25:36.069468Z  INFO mq_bench::roles::subscriber: Subscribed to key expression key=topic_9
2026-09-29T23:25:42.734436Z  INFO mq_bench::roles::subscriber: Starting subscriber engine=Mqtt key=topic_9 endpoint=None crash_enabled=false
2026-09-29T23:25:42.734478Z  INFO mq_bench::roles::subscriber: Connected via transport engine=Mqtt
2026-09-29T23:25:42.736588Z  INFO mq_bench::roles::subscriber: Subscribed to key expression key=topic_9
2026-09-29T23:25:49.401682Z  INFO mq_bench::roles::subscriber: Starting subscriber engine=Mqtt key=topic_9 endpoint=None crash_enabled=false
2026-09-29T23:25:49.401726Z  INFO mq_bench::roles::subscriber: Connected via transport engine=Mqtt
2026-09-29T23:25:49.403858Z  INFO mq_bench::roles::subscriber: Subscribed to key expression key=topic_9
2026-09-29T23:25:56.070166Z  INFO mq_bench::roles::subscriber: Starting subscriber engine=Mqtt key=topic_9 endpoint=None crash_enabled=false
2026-09-29T23:25:56.070213Z  INFO mq_bench::roles::subscriber: Connected via transport engine=Mqtt
2026-09-29T23:25:56.072785Z  INFO mq_bench::roles::subscriber: Subscribed to key expression key=topic_9
