mq-bench starting with run_id: auto
Writing CSV output to: artifacts/fanout_bursty_20260929_232455_mqtt_emqx_p64_s1000_u10_bursty/fanout_singlesite/sub_3_1.csv
2026-09-29T23:24:55.820575Z  INFO mq_bench::roles::subscriber: Starting subscriber engine=Mqtt key=topic_3 endpoint=None crash_enabled=false
2026-09-29T23:24:55.820621Z  INFO mq_bench::roles::subscriber: Connected via transport engine=Mqtt
2026-09-29T23:24:55.822736Z  INFO mq_bench::roles::subscriber: Subscribed to key expression key=topic_3
2026-09-29T23:25:02.488375Z  INFO mq_bench::roles::subscriber: Starting subscriber engine=Mqtt key=topic_3 endpoint=None crash_enabled=false
2026-09-29T23:25:02.488464Z  INFO mq_bench::roles::subscriber: Connected via transport engine=Mqtt
2026-09-29T23:25:02.490815Z  INFO mq_bench::roles::subscriber: Subscribed to key expression key=topic_3
2026-09-29T23:25:09.155733Z  INFO mq_bench::roles::subscriber: Starting subscriber engine=Mqtt key=topic_3 endpoint=None crash_enabled=false
2026-09-29T23:25:09.155815Z  INFO mq_bench::roles::subscriber: Connected via transport engine=Mqtt
2026-09-29T23:25:09.158009Z  INFO mq_bench::roles::subscriber: Subscribed to key expression key=topic_3
2026-09-29T23:25:15.823500Z  INFO mq_bench::roles::subscriber: Starting subscriber engine=Mqtt key=topic_3 endpoint=None crash_enabled=false
2026-09-29T23:25:15.823550Z  INFO mq_bench::roles::subscriber: Connected via transport engine=Mqtt
2026-09-29T23:25:15.825764Z  INFO mq_bench::roles::subscriber: Subscribed to key expression key=topic_3
2026-09-29T23:25:22.491627Z  INFO mq_bench::roles::subscriber: Starting subscriber engine=Mqtt key=topic_3 endpoint=None crash_enabled=false
2026-09-29T23:25:22.491674Z  INFO mq_bench::roles::subscriber: Connected via transport engine=Mqtt
2026-09-29T23:25:22.494027Z  INFO mq_bench::roles::subscriber: Subscribed to key expression key=topic_3
2026-09-29T23:25:29.160000Z  INFO mq_bench::roles::subscriber: Starting subscriber engine=Mqtt key=topic_3 endpoint=None crash_enabled=false
2026-09-29T23:25:29.160040Z  INFO mq_bench::roles::subscriber: Connected via transport engine=Mqtt
2026-09-29T23:25:29.162523Z  INFO mq_bench::roles::subscriber: Subscribed to key expression key=topic_3
2026-09-29T23:25:35.827697Z  INFO mq_bench::roles::subscriber: Starting subscriber engine=Mqtt key=topic_3 endpoint=None crash_enabled=false
2026-09-29T23:25:35.827781Z  INFO mq_bench::roles::subscriber: Connected via transport engine=Mqtt
2026-09-29T23:25:35.830051Z  INFO mq_bench::roles::subscriber: Subscribed to key expression key=topic_3
2026-09-29T23:25:42.496026Z  INFO mq_bench::roles::subscriber: Starting subscriber engine=Mqtt key=topic_3 endpoint=None crash_enabled=false
2026-09-29T23:25:42.496067Z  INFO mq_bench::roles::subscriber: Connected via transport engine=Mqtt
2026-09-29T23:25:42.498244Z  INFO mq_bench::roles::subscriber: Subscribed to key expression key=topic_3
2026-09-29T23:25:49.163436Z  INFO mq_bench::roles::subscriber: Starting subscriber engine=Mqtt key=topic_3 endpoint=None crash_enabled=false
2026-09-29T23:25:49.163484Z  INFO mq_bench::roles::subscriber: Connected via transport engine=Mqtt
2026-09-29T23:25:49.166253Z  INFO mq_bench::roles::subscriber: Subscribed to key expression key=topic_3
2026-09-29T23:25:55.831289Z  INFO mq_bench::roles::subscriber: Starting subscriber engine=Mqtt key=topic_3 endpoint=None crash_enabled=false
2026-09-29T23:25:55.831349Z  INFO mq_bench::roles::subscriber: Connected via transport engine=Mqtt
2026-09-29T23:25:55.833788Z  INFO mq_bench::roles::subscriber: Subscribed to key expression key=topic_3
