mq-bench starting with run_id: auto
Writing CSV output to: artifacts/fanout_bursty_20260929_232455_mqtt_emqx_p64_s1000_u10_bursty/fanout_singlesite/sub_9_9.csv
2026-09-29T23:24:56.077345Z  INFO mq_bench::roles::subscriber: Starting subscriber engine=Mqtt key=topic_9 endpoint=None crash_enabled=false
2026-09-29T23:24:56.077395Z  INFO mq_bench::roles::subscriber: Connected via transport engine=Mqtt
2026-09-29T23:24:56.079495Z  INFO mq_bench::roles::subscriber: Subscribed to key expression key=topic_9
2026-09-29T23:25:02.745401Z  INFO mq_bench::roles::subscriber: Starting subscriber engine=Mqtt key=topic_9 endpoint=None crash_enabled=false
2026-09-29T23:25:02.745489Z  INFO mq_bench::roles::subscriber: Connected via transport engine=Mqtt
2026-09-29T23:25:02.747515Z  INFO mq_bench::roles::subscriber: Subscribed to key expression key=topic_9
2026-09-29T23:25:09.413546Z  INFO mq_bench::roles::subscriber: Starting subscriber engine=Mqtt key=topic_9 endpoint=None crash_enabled=false
2026-09-29T23:25:09.413630Z  INFO mq_bench::roles::subscriber: Connected via transport engine=Mqtt
2026-09-29T23:25:09.415632Z  INFO mq_bench::roles::subscriber: Subscribed to key expression key=topic_9
2026-09-29T23:25:16.081110Z  INFO mq_bench::roles::subscriber: Starting subscriber engine=Mqtt key=topic_9 endpoint=None crash_enabled=false
2026-09-29T23:25:16.081154Z  INFO mq_bench::roles::subscriber: Connected via transport engine=Mqtt
2026-09-29T23:25:16.083487Z  INFO mq_bench::roles::subscriber: Subscribed to key expression key=topic_9
2026-09-29T23:25:22.749554Z  INFO mq_bench::roles::subscriber: Starting subscriber engine=Mqtt key=topic_9 endpoint=None crash_enabled=false
2026-09-29T23:25:22.749593Z  INFO mq_bench::roles::subscriber: Connected via transport engine=Mqtt
2026-09-29T23:25:22.752045Z  INFO mq_bench::roles::subscriber: Subscribed to key expression key=topic_9
2026-09-29T23:25:29.417182Z  INFO mq_bench::roles::subscriber: Starting subscriber engine=Mqtt key=topic_9 endpoint=None crash_enabled=false
2026-09-29T23:25:29.417234Z  INFO mq_bench::roles::subscriber: Connected via transport engine=Mqtt
2026-09-29T23:25:29.419698Z  INFO mq_bench::roles::subscriber: Subscribed to key expression key=topic_9
2026-09-29T23:25:36.084838Z  INFO mq_bench::roles::subscriber: Starting subscriber engine=Mqtt key=topic_9 endpoint=None crash_enabled=false
2026-09-29T23:25:36.084883Z  INFO mq_bench::roles::subscriber: Connected via transport engine=Mqtt
2026-09-29T23:25:36.087015Z  INFO mq_bench::roles::subscriber: Subscribed to key expression key=topic_9
2026-09-29T23:25:42.752044Z  INFO mq_bench::roles::subscriber: Starting subscriber engine=Mqtt key=topic_9 endpoint=None crash_enabled=false
2026-09-29T23:25:42.752089Z  INFO mq_bench::roles::subscriber: Connected via transport engine=Mqtt
2026-09-29T23:25:42.754467Z  INFO mq_bench::roles::subscriber: Subscribed to key expression key=topic_9
2026-09-29T23:25:49.419729Z  INFO mq_bench::roles::subscriber: Starting subscriber engine=Mqtt key=topic_9 endpoint=None crash_enabled=false
2026-09-29T23:25:49.419770Z  INFO mq_bench::roles::subscriber: Connected via transport engine=Mqtt
2026-09-29T23:25:49.422013Z  INFO mq_bench::roles::subscriber: Subscribed to key expression key=topic_9
2026-09-29T23:25:56.087600Z  INFO mq_bench::roles::subscriber: Starting subscriber engine=Mqtt key=topic_9 endpoint=None crash_enabled=false
2026-09-29T23:25:56.087646Z  INFO mq_bench::roles::subscriber: Connected via transport engine=Mqtt
2026-09-29T23:25:56.089964Z  INFO mq_bench::roles::subscriber: Subscribed to key expression key=topic_9
