mq-bench starting with run_id: auto
Writing CSV output to: artifacts/fanout_bursty_20260929_232455_mqtt_emqx_p64_s1000_u10_bursty/fanout_singlesite/sub_5_5.csv
2026-09-29T23:24:55.908978Z  INFO mq_bench::roles::subscriber: Starting subscriber engine=Mqtt key=topic_5 endpoint=None crash_enabled=false
2026-09-29T23:24:55.909031Z  INFO mq_bench::roles::subscriber: Connected via transport engine=Mqtt
2026-09-29T23:24:55.911483Z  INFO mq_bench::roles::subscriber: Subscribed to key expression key=topic_5
2026-09-29T23:25:02.576115Z  INFO mq_bench::roles::subscriber: Starting subscriber engine=Mqtt key=topic_5 endpoint=None crash_enabled=false
2026-09-29T23:25:02.576223Z  INFO mq_bench::roles::subscriber: Connected via transport engine=Mqtt
2026-09-29T23:25:02.578340Z  INFO mq_bench::roles::subscriber: Subscribed to key expression key=topic_5
2026-09-29T23:25:09.243475Z  INFO mq_bench::roles::subscriber: Starting subscriber engine=Mqtt key=topic_5 endpoint=None crash_enabled=false
2026-09-29T23:25:09.243519Z  INFO mq_bench::roles::subscriber: Connected via transport engine=Mqtt
2026-09-29T23:25:09.245579Z  INFO mq_bench::roles::subscriber: Subscribed to key expression key=topic_5
2026-09-29T23:25:15.911900Z  INFO mq_bench::roles::subscriber: Starting subscriber engine=Mqtt key=topic_5 endpoint=None crash_enabled=false
2026-09-29T23:25:15.911980Z  INFO mq_bench::roles::subscriber: Connected via transport engine=Mqtt
2026-09-29T23:25:15.914031Z  INFO mq_bench::roles::subscriber: Subscribed to key expression key=topic_5
2026-09-29T23:25:22.579022Z  INFO mq_bench::roles::subscriber: Starting subscriber engine=Mqtt key=topic_5 endpoint=None crash_enabled=false
2026-09-29T23:25:22.579118Z  INFO mq_bench::roles::subscriber: Connected via transport engine=Mqtt
2026-09-29T23:25:22.581366Z  INFO mq_bench::roles::subscriber: Subscribed to key expression key=topic_5
2026-09-29T23:25:29.247224Z  INFO mq_bench::roles::subscriber: Starting subscriber engine=Mqtt key=topic_5 endpoint=None crash_enabled=false
2026-09-29T23:25:29.247270Z  INFO mq_bench::roles::subscriber: Connected via transport engine=Mqtt
2026-09-29T23:25:29.249538Z  INFO mq_bench::roles::subscriber: Subscribed to key expression key=topic_5
2026-09-29T23:25:35.914737Z  INFO mq_bench::roles::subscriber: Starting subscriber engine=Mqtt key=topic_5 endpoint=None crash_enabled=false
2026-09-29T23:25:35.914785Z  INFO mq_bench::roles::subscriber: Connected via transport engine=Mqtt
2026-09-29T23:25:35.916954Z  INFO mq_bench::roles::subscriber: Subscribed to key expression key=topic_5
2026-09-29T23:25:42.582878Z  INFO mq_bench::roles::subscriber: Starting subscriber engine=Mqtt key=topic_5 endpoint=None crash_enabled=false
2026-09-29T23:25:42.582967Z  INFO mq_bench::roles::subscriber: Connected via transport engine=Mqtt
2026-09-29T23:25:42.585379Z  INFO mq_bench::roles::subscriber: Subscribed to key expression key=topic_5
2026-09-29T23:25:49.250556Z  INFO mq_bench::roles::subscriber: Starting subscriber engine=Mqtt key=topic_5 endpoint=None crash_enabled=false
2026-09-29T23:25:49.250604Z  INFO mq_bench::roles::subscriber: Connected via transport engine=Mqtt
2026-09-29T23:25:49.252907Z  INFO mq_bench::roles::subscriber: Subscribed to key expression key=topic_5
2026-09-29T23:25:55.918156Z  INFO mq_bench::roles::subscriber: Starting subscriber engine=Mqtt key=topic_5 endpoint=None crash_enabled=false
2026-09-29T23:25:55.918201Z  INFO mq_bench::roles::subscriber: Connected via transport engine=Mqtt
2026-09-29T23:25:55.920562Z  INFO mq_bench::roles::subscriber: Subscribed to key expression key=topic_5
