mq-bench starting with run_id: auto
Writing CSV output to: artifacts/fanout_bursty_20260929_232455_mqtt_emqx_p64_s1000_u10_bursty/fanout_singlesite/sub_0_9.csv
2026-09-29T23:24:55.738044Z  INFO mq_bench::roles::subscriber: Starting subscriber engine=Mqtt key=topic_0 endpoint=None crash_enabled=false
2026-09-29T23:24:55.738087Z  INFO mq_bench::roles::subscriber: Connected via transport engine=Mqtt
2026-09-29T23:24:55.740447Z  INFO mq_bench::roles::subscriber: Subscribed to key expression key=topic_0
2026-09-29T23:25:02.405623Z  INFO mq_bench::roles::subscriber: Starting subscriber engine=Mqtt key=topic_0 endpoint=None crash_enabled=false
2026-09-29T23:25:02.405656Z  INFO mq_bench::roles::subscriber: Connected via transport engine=Mqtt
2026-09-29T23:25:02.408113Z  INFO mq_bench::roles::subscriber: Subscribed to key expression key=topic_0
2026-09-29T23:25:09.073161Z  INFO mq_bench::roles::subscriber: Starting subscriber engine=Mqtt key=topic_0 endpoint=None crash_enabled=false
2026-09-29T23:25:09.073250Z  INFO mq_bench::roles::subscriber: Connected via transport engine=Mqtt
2026-09-29T23:25:09.085150Z  INFO mq_bench::roles::subscriber: Subscribed to key expression key=topic_0
2026-09-29T23:25:15.740443Z  INFO mq_bench::roles::subscriber: Starting subscriber engine=Mqtt key=topic_0 endpoint=None crash_enabled=false
2026-09-29T23:25:15.740487Z  INFO mq_bench::roles::subscriber: Connected via transport engine=Mqtt
2026-09-29T23:25:15.742924Z  INFO mq_bench::roles::subscriber: Subscribed to key expression key=topic_0
2026-09-29T23:25:22.407868Z  INFO mq_bench::roles::subscriber: Starting subscriber engine=Mqtt key=topic_0 endpoint=None crash_enabled=false
2026-09-29T23:25:22.407939Z  INFO mq_bench::roles::subscriber: Connected via transport engine=Mqtt
2026-09-29T23:25:22.410242Z  INFO mq_bench::roles::subscriber: Subscribed to key expression key=topic_0
2026-09-29T23:25:29.076343Z  INFO mq_bench::roles::subscriber: Starting subscriber engine=Mqtt key=topic_0 endpoint=None crash_enabled=false
2026-09-29T23:25:29.076381Z  INFO mq_bench::roles::subscriber: Connected via transport engine=Mqtt
2026-09-29T23:25:29.078831Z  INFO mq_bench::roles::subscriber: Subscribed to key expression key=topic_0
2026-09-29T23:25:35.743911Z  INFO mq_bench::roles::subscriber: Starting subscriber engine=Mqtt key=topic_0 endpoint=None crash_enabled=false
2026-09-29T23:25:35.743979Z  INFO mq_bench::roles::subscriber: Connected via transport engine=Mqtt
2026-09-29T23:25:35.746298Z  INFO mq_bench::roles::subscriber: Subscribed to key expression key=topic_0
2026-09-29T23:25:42.412238Z  INFO mq_bench::roles::subscriber: Starting subscriber engine=Mqtt key=topic_0 endpoint=None crash_enabled=false
2026-09-29T23:25:42.412275Z  INFO mq_bench::roles::subscriber: Connected via transport engine=Mqtt
2026-09-29T23:25:42.414711Z  INFO mq_bench::roles::subscriber: Subscribed to key expression key=topic_0
2026-09-29T23:25:49.080090Z  INFO mq_bench::roles::subscriber: Starting subscriber engine=Mqtt key=topic_0 endpoint=None crash_enabled=false
2026-09-29T23:25:49.080153Z  INFO mq_bench::roles::subscriber: Connected via transport engine=Mqtt
2026-09-29T23:25:49.082520Z  INFO mq_bench::roles::subscriber: Subscribed to key expression key=topic_0
2026-09-29T23:25:55.747729Z  INFO mq_bench::roles::subscriber: Starting subscriber engine=Mqtt key=topic_0 endpoint=None crash_enabled=false
2026-09-29T23:25:55.747788Z  INFO mq_bench::roles::subscriber: Connected via transport engine=Mqtt
2026-09-29T23:25:55.750387Z  INFO mq_bench::roles::subscriber: Subscribed to key expression key=topic_0
