mq-bench starting with run_id: auto
Writing CSV output to: artifacts/fanout_bursty_20260929_232455_mqtt_emqx_p64_s1000_u10_bursty/fanout_singlesite/sub_1_0.csv
2026-09-29T23:24:55.741865Z  INFO mq_bench::roles::subscriber: Starting subscriber engine=Mqtt key=topic_1 endpoint=None crash_enabled=false
2026-09-29T23:24:55.741921Z  INFO mq_bench::roles::subscriber: Connected via transport engine=Mqtt
2026-09-29T23:24:55.744250Z  INFO mq_bench::roles::subscriber: Subscribed to key expression key=topic_1
2026-09-29T23:25:02.410425Z  INFO mq_bench::roles::subscriber: Starting subscriber engine=Mqtt key=topic_1 endpoint=None crash_enabled=false
2026-09-29T23:25:02.410522Z  INFO mq_bench::roles::subscriber: Connected via transport engine=Mqtt
2026-09-29T23:25:02.412981Z  INFO mq_bench::roles::subscriber: Subscribed to key expression key=topic_1
2026-09-29T23:25:09.078018Z  INFO mq_bench::roles::subscriber: Starting subscriber engine=Mqtt key=topic_1 endpoint=None crash_enabled=false
2026-09-29T23:25:09.078118Z  INFO mq_bench::roles::subscriber: Connected via transport engine=Mqtt
2026-09-29T23:25:09.085301Z  INFO mq_bench::roles::subscriber: Subscribed to key expression key=topic_1
2026-09-29T23:25:15.745558Z  INFO mq_bench::roles::subscriber: Starting subscriber engine=Mqtt key=topic_1 endpoint=None crash_enabled=false
2026-09-29T23:25:15.745606Z  INFO mq_bench::roles::subscriber: Connected via transport engine=Mqtt
2026-09-29T23:25:15.747893Z  INFO mq_bench::roles::subscriber: Subscribed to key expression key=topic_1
2026-09-29T23:25:22.412854Z  INFO mq_bench::roles::subscriber: Starting subscriber engine=Mqtt key=topic_1 endpoint=None crash_enabled=false
2026-09-29T23:25:22.412968Z  INFO mq_bench::roles::subscriber: Connected via transport engine=Mqtt
2026-09-29T23:25:22.415684Z  INFO mq_bench::roles::subscriber: Subscribed to key expression key=topic_1
2026-09-29T23:25:29.080763Z  INFO mq_bench::roles::subscriber: Starting subscriber engine=Mqtt key=topic_1 endpoint=None crash_enabled=false
2026-09-29T23:25:29.080808Z  INFO mq_bench::roles::subscriber: Connected via transport engine=Mqtt
2026-09-29T23:25:29.083427Z  INFO mq_bench::roles::subscriber: Subscribed to key expression key=topic_1
2026-09-29T23:25:35.748585Z  INFO mq_bench::roles::subscriber: Starting subscriber engine=Mqtt key=topic_1 endpoint=None crash_enabled=false
2026-09-29T23:25:35.748649Z  INFO mq_bench::roles::subscriber: Connected via transport engine=Mqtt
2026-09-29T23:25:35.751142Z  INFO mq_bench::roles::subscriber: Subscribed to key expression key=topic_1
2026-09-29T23:25:42.416028Z  INFO mq_bench::roles::subscriber: Starting subscriber engine=Mqtt key=topic_1 endpoint=None crash_enabled=false
2026-09-29T23:25:42.416069Z  INFO mq_bench::roles::subscriber: Connected via transport engine=Mqtt
2026-09-29T23:25:42.418482Z  INFO mq_bench::roles::subscriber: Subscribed to key expression key=topic_1
2026-09-29T23:25:49.083780Z  INFO mq_bench::roles::subscriber: Starting subscriber engine=Mqtt key=topic_1 endpoint=None crash_enabled=false
2026-09-29T23:25:49.083825Z  INFO mq_bench::roles::subscriber: Connected via transport engine=Mqtt
2026-09-29T23:25:49.086483Z  INFO mq_bench::roles::subscriber: Subscribed to key expression key=topic_1
2026-09-29T23:25:55.751719Z  INFO mq_bench::roles::subscriber: Starting subscriber engine=Mqtt key=topic_1 endpoint=None crash_enabled=false
2026-09-29T23:25:55.751780Z  INFO mq_bench::roles::subscriber: Connected via transport engine=Mqtt
2026-09-29T23:25:55.754498Z  INFO mq_bench::roles::subscriber: Subscribed to key expression key=topic_1
