mq-bench starting with run_id: auto
Writing CSV output to: artifacts/fanout_bursty_20260929_232455_mqtt_emqx_p64_s1000_u10_bursty/fanout_singlesite/sub_6_6.csv
2026-09-29T23:24:55.951206Z  INFO mq_bench::roles::subscriber: Starting subscriber engine=Mqtt key=topic_6 endpoint=None crash_enabled=false
2026-09-29T23:24:55.951248Z  INFO mq_bench::roles::subscriber: Connected via transport engine=Mqtt
2026-09-29T23:24:55.953612Z  INFO mq_bench::roles::subscriber: Subscribed to key expression key=topic_6
2026-09-29T23:25:02.619521Z  INFO mq_bench::roles::subscriber: Starting subscriber engine=Mqtt key=topic_6 endpoint=None crash_enabled=false
2026-09-29T23:25:02.619606Z  INFO mq_bench::roles::subscriber: Connected via transport engine=Mqtt
2026-09-29T23:25:02.621749Z  INFO mq_bench::roles::subscriber: Subscribed to key expression key=topic_6
2026-09-29T23:25:09.287640Z  INFO mq_bench::roles::subscriber: Starting subscriber engine=Mqtt key=topic_6 endpoint=None crash_enabled=false
2026-09-29T23:25:09.287724Z  INFO mq_bench::roles::subscriber: Connected via transport engine=Mqtt
2026-09-29T23:25:09.289719Z  INFO mq_bench::roles::subscriber: Subscribed to key expression key=topic_6
2026-09-29T23:25:15.955248Z  INFO mq_bench::roles::subscriber: Starting subscriber engine=Mqtt key=topic_6 endpoint=None crash_enabled=false
2026-09-29T23:25:15.955292Z  INFO mq_bench::roles::subscriber: Connected via transport engine=Mqtt
2026-09-29T23:25:15.957505Z  INFO mq_bench::roles::subscriber: Subscribed to key expression key=topic_6
2026-09-29T23:25:22.623580Z  INFO mq_bench::roles::subscriber: Starting subscriber engine=Mqtt key=topic_6 endpoint=None crash_enabled=false
2026-09-29T23:25:22.623661Z  INFO mq_bench::roles::subscriber: Connected via transport engine=Mqtt
2026-09-29T23:25:22.626013Z  INFO mq_bench::roles::subscriber: Subscribed to key expression key=topic_6
2026-09-29T23:25:29.291104Z  INFO mq_bench::roles::subscriber: Starting subscriber engine=Mqtt key=topic_6 endpoint=None crash_enabled=false
2026-09-29T23:25:29.291148Z  INFO mq_bench::roles::subscriber: Connected via transport engine=Mqtt
2026-09-29T23:25:29.293477Z  INFO mq_bench::roles::subscriber: Subscribed to key expression key=topic_6
2026-09-29T23:25:35.959693Z  INFO mq_bench::roles::subscriber: Starting subscriber engine=Mqtt key=topic_6 endpoint=None crash_enabled=false
2026-09-29T23:25:35.959735Z  INFO mq_bench::roles::subscriber: Connected via transport engine=Mqtt
2026-09-29T23:25:35.961885Z  INFO mq_bench::roles::subscriber: Subscribed to key expression key=topic_6
2026-09-29T23:25:42.626990Z  INFO mq_bench::roles::subscriber: Starting subscriber engine=Mqtt key=topic_6 endpoint=None crash_enabled=false
2026-09-29T23:25:42.627034Z  INFO mq_bench::roles::subscriber: Connected via transport engine=Mqtt
2026-09-29T23:25:42.629296Z  INFO mq_bench::roles::subscriber: Subscribed to key expression key=topic_6
2026-09-29T23:25:49.294365Z  INFO mq_bench::roles::subscriber: Starting subscriber engine=Mqtt key=topic_6 endpoint=None crash_enabled=false
2026-09-29T23:25:49.294428Z  INFO mq_bench::roles::subscriber: Connected via transport engine=Mqtt
2026-09-29T23:25:49.296584Z  INFO mq_bench::roles::subscriber: Subscribed to key expression key=topic_6
2026-09-29T23:25:55.962418Z  INFO mq_bench::roles::subscriber: Starting subscriber engine=Mqtt key=topic_6 endpoint=None crash_enabled=false
2026-09-29T23:25:55.962462Z  INFO mq_bench::roles::subscriber: Connected via transport engine=Mqtt
2026-09-29T23:25:55.964791Z  INFO mq_bench::roles::subscriber: Subscribed to key expression key=topic_6
