mq-bench starting with run_id: auto
Writing CSV output to: artifacts/fanout_bursty_20260928_171604_redis_p64_s1000_u10_bursty/fanout_singlesite/pub_9.csv
2026-09-28T17:21:03.734543Z  INFO mq_bench::roles::publisher: Starting publisher engine=Redis key=topic_9 payload_size=64 rate=None rate_profile=Some(RateProfile { phases: [RatePhase { name: "warmup", duration: 60s, rate_per_sec: 20.0 }, RatePhase { name: "baseline", duration: 60s, rate_per_sec: 20.0 }, RatePhase { name: "burst", duration: 60s, rate_per_sec: 50.0 }, RatePhase { name: "recovery", duration: 60s, rate_per_sec: 20.0 }, RatePhase { name: "burst", duration: 60s, rate_per_sec: 100.0 }, RatePhase { name: "recovery", duration: 60s, rate_per_sec: 20.0 }, RatePhase { name: "burst", duration: 60s, rate_per_sec: 200.0 }, RatePhase { name: "recovery", duration: 60s, rate_per_sec: 20.0 }, RatePhase { name: "burst", duration: 60s, rate_per_sec: 300.0 }, RatePhase { name: "recovery", duration: 60s, rate_per_sec: 20.0 }, RatePhase { name: "burst", duration: 60s, rate_per_sec: 500.0 }, RatePhase { name: "recovery", duration: 60s, rate_per_sec: 20.0 }, RatePhase { name: "burst", duration: 60s, rate_per_sec: 1000.0 }, RatePhase { name: "recovery", duration: 60s, rate_per_sec: 20.0 }, RatePhase { name: "burst", duration: 60s, rate_per_sec: 2000.0 }, RatePhase { name: "recovery", duration: 60s, rate_per_sec: 20.0 }, RatePhase { name: "burst", duration: 60s, rate_per_sec: 4000.0 }, RatePhase { name: "recovery", duration: 60s, rate_per_sec: 20.0 }, RatePhase { name: "burst", duration: 60s, rate_per_sec: 6000.0 }, RatePhase { name: "recovery", duration: 60s, rate_per_sec: 20.0 }, RatePhase { name: "burst", duration: 60s, rate_per_sec: 8000.0 }, RatePhase { name: "recovery", duration: 60s, rate_per_sec: 20.0 }, RatePhase { name: "burst", duration: 60s, rate_per_sec: 10000.0 }, RatePhase { name: "recovery", duration: 60s, rate_per_sec: 20.0 }], cumulative_ends: [60s, 120s, 180s, 240s, 300s, 360s, 420s, 480s, 540s, 600s, 660s, 720s, 780s, 840s, 900s, 960s, 1020s, 1080s, 1140s, 1200s, 1260s, 1320s, 1380s, 1440s] }) duration_secs=Some(1440) endpoint=None crash_enabled=false sequence_start=0 sequence_step=1
2026-09-28T17:21:03.734613Z  INFO mq_bench::roles::publisher: Connected via transport engine=Redis
2026-09-28T17:21:03.734623Z  INFO mq_bench::roles::publisher: Publisher rate profile phase entered phase=warmup rate=20.0 elapsed_secs=3.7571e-5
2026-09-28T17:22:03.735693Z  INFO mq_bench::roles::publisher: Publisher rate profile phase entered phase=baseline rate=20.0 elapsed_secs=60.001101684
2026-09-28T17:23:03.736158Z  INFO mq_bench::roles::publisher: Publisher rate profile phase entered phase=burst rate=50.0 elapsed_secs=120.001569923
2026-09-28T17:24:03.737841Z  INFO mq_bench::roles::publisher: Publisher rate profile phase entered phase=recovery rate=20.0 elapsed_secs=180.003249659
2026-09-28T17:25:03.739190Z  INFO mq_bench::roles::publisher: Publisher rate profile phase entered phase=burst rate=100.0 elapsed_secs=240.004601097
2026-09-28T17:26:03.740196Z  INFO mq_bench::roles::publisher: Publisher rate profile phase entered phase=recovery rate=20.0 elapsed_secs=300.005555339
2026-09-28T17:27:03.740948Z  INFO mq_bench::roles::publisher: Publisher rate profile phase entered phase=burst rate=200.0 elapsed_secs=360.006360836
2026-09-28T17:28:03.742642Z  INFO mq_bench::roles::publisher: Publisher rate profile phase entered phase=recovery rate=20.0 elapsed_secs=420.008054207
2026-09-28T17:29:03.742955Z  INFO mq_bench::roles::publisher: Publisher rate profile phase entered phase=burst rate=300.0 elapsed_secs=480.008367366
2026-09-28T17:30:03.734843Z  INFO mq_bench::roles::publisher: Publisher rate profile phase entered phase=recovery rate=20.0 elapsed_secs=540.000254689
2026-09-28T17:31:03.736224Z  INFO mq_bench::roles::publisher: Publisher rate profile phase entered phase=burst rate=500.0 elapsed_secs=600.001635981
2026-09-28T17:32:03.737486Z  INFO mq_bench::roles::publisher: Publisher rate profile phase entered phase=recovery rate=20.0 elapsed_secs=660.002898557
2026-09-28T17:33:03.738295Z  INFO mq_bench::roles::publisher: Publisher rate profile phase entered phase=burst rate=1000.0 elapsed_secs=720.003689693
2026-09-28T17:34:03.739395Z  INFO mq_bench::roles::publisher: Publisher rate profile phase entered phase=recovery rate=20.0 elapsed_secs=780.004788307
2026-09-28T17:35:03.739877Z  INFO mq_bench::roles::publisher: Publisher rate profile phase entered phase=burst rate=2000.0 elapsed_secs=840.005289269
2026-09-28T17:36:03.800823Z  INFO mq_bench::roles::publisher: Publisher rate profile phase entered phase=recovery rate=20.0 elapsed_secs=900.066234864
2026-09-28T17:37:03.752568Z  INFO mq_bench::roles::publisher: Publisher rate profile phase entered phase=burst rate=4000.0 elapsed_secs=960.017980144
2026-09-28T17:38:03.885503Z  INFO mq_bench::roles::publisher: Publisher rate profile phase entered phase=recovery rate=20.0 elapsed_secs=1020.150914267
2026-09-28T17:39:03.736720Z  INFO mq_bench::roles::publisher: Publisher rate profile phase entered phase=burst rate=6000.0 elapsed_secs=1080.002132522
2026-09-28T17:40:03.795086Z  INFO mq_bench::roles::publisher: Publisher rate profile phase entered phase=recovery rate=20.0 elapsed_secs=1140.060497961
2026-09-28T17:41:03.745950Z  INFO mq_bench::roles::publisher: Publisher rate profile phase entered phase=burst rate=8000.0 elapsed_secs=1200.011362249
2026-09-28T17:42:03.826338Z  INFO mq_bench::roles::publisher: Publisher rate profile phase entered phase=recovery rate=20.0 elapsed_secs=1260.091749058
2026-09-28T17:43:03.777297Z  INFO mq_bench::roles::publisher: Publisher rate profile phase entered phase=burst rate=10000.0 elapsed_secs=1320.04270867
2026-09-28T17:44:03.856641Z  INFO mq_bench::roles::publisher: Publisher rate profile phase entered phase=recovery rate=20.0 elapsed_secs=1380.122050975
2026-09-28T17:45:03.734970Z  INFO mq_bench::roles::publisher: Duration limit reached while waiting, stopping publisher
2026-09-28T17:45:03.735416Z  INFO mq_bench::roles::publisher: Final Publisher Statistics sent=711944 errors=0 crashes=0 reconnects=0 avg_rate="494.41" duration="1440.00s"
