mq-bench starting with run_id: auto
Writing CSV output to: artifacts/fanout_bursty_20260928_171604_redis_p64_s1000_u10_bursty/fanout_singlesite/sub_4_3.csv
2026-09-28T17:20:02.449254Z  INFO mq_bench::roles::subscriber: Starting subscriber engine=Redis key=topic_4 endpoint=None crash_enabled=false
2026-09-28T17:20:02.449307Z  INFO mq_bench::roles::subscriber: Connected via transport engine=Redis
2026-09-28T17:20:02.450037Z  INFO mq_bench::roles::subscriber: Subscribed to key expression key=topic_4
2026-09-28T17:20:09.116421Z  INFO mq_bench::roles::subscriber: Starting subscriber engine=Redis key=topic_4 endpoint=None crash_enabled=false
2026-09-28T17:20:09.116521Z  INFO mq_bench::roles::subscriber: Connected via transport engine=Redis
2026-09-28T17:20:09.117394Z  INFO mq_bench::roles::subscriber: Subscribed to key expression key=topic_4
2026-09-28T17:20:15.784273Z  INFO mq_bench::roles::subscriber: Starting subscriber engine=Redis key=topic_4 endpoint=None crash_enabled=false
2026-09-28T17:20:15.784321Z  INFO mq_bench::roles::subscriber: Connected via transport engine=Redis
2026-09-28T17:20:15.785146Z  INFO mq_bench::roles::subscriber: Subscribed to key expression key=topic_4
2026-09-28T17:20:22.452423Z  INFO mq_bench::roles::subscriber: Starting subscriber engine=Redis key=topic_4 endpoint=None crash_enabled=false
2026-09-28T17:20:22.452525Z  INFO mq_bench::roles::subscriber: Connected via transport engine=Redis
2026-09-28T17:20:22.453279Z  INFO mq_bench::roles::subscriber: Subscribed to key expression key=topic_4
2026-09-28T17:20:29.120420Z  INFO mq_bench::roles::subscriber: Starting subscriber engine=Redis key=topic_4 endpoint=None crash_enabled=false
2026-09-28T17:20:29.120476Z  INFO mq_bench::roles::subscriber: Connected via transport engine=Redis
2026-09-28T17:20:29.121234Z  INFO mq_bench::roles::subscriber: Subscribed to key expression key=topic_4
2026-09-28T17:20:35.788564Z  INFO mq_bench::roles::subscriber: Starting subscriber engine=Redis key=topic_4 endpoint=None crash_enabled=false
2026-09-28T17:20:35.788609Z  INFO mq_bench::roles::subscriber: Connected via transport engine=Redis
2026-09-28T17:20:35.789404Z  INFO mq_bench::roles::subscriber: Subscribed to key expression key=topic_4
2026-09-28T17:20:42.456777Z  INFO mq_bench::roles::subscriber: Starting subscriber engine=Redis key=topic_4 endpoint=None crash_enabled=false
2026-09-28T17:20:42.456826Z  INFO mq_bench::roles::subscriber: Connected via transport engine=Redis
2026-09-28T17:20:42.457638Z  INFO mq_bench::roles::subscriber: Subscribed to key expression key=topic_4
2026-09-28T17:20:49.125028Z  INFO mq_bench::roles::subscriber: Starting subscriber engine=Redis key=topic_4 endpoint=None crash_enabled=false
2026-09-28T17:20:49.125071Z  INFO mq_bench::roles::subscriber: Connected via transport engine=Redis
2026-09-28T17:20:49.125860Z  INFO mq_bench::roles::subscriber: Subscribed to key expression key=topic_4
2026-09-28T17:20:55.792286Z  INFO mq_bench::roles::subscriber: Starting subscriber engine=Redis key=topic_4 endpoint=None crash_enabled=false
2026-09-28T17:20:55.792330Z  INFO mq_bench::roles::subscriber: Connected via transport engine=Redis
2026-09-28T17:20:55.793139Z  INFO mq_bench::roles::subscriber: Subscribed to key expression key=topic_4
2026-09-28T17:21:02.460312Z  INFO mq_bench::roles::subscriber: Starting subscriber engine=Redis key=topic_4 endpoint=None crash_enabled=false
2026-09-28T17:21:02.460357Z  INFO mq_bench::roles::subscriber: Connected via transport engine=Redis
2026-09-28T17:21:02.461190Z  INFO mq_bench::roles::subscriber: Subscribed to key expression key=topic_4
