mq-bench starting with run_id: auto
Writing CSV output to: artifacts/fanout_bursty_20260928_171604_redis_p64_s1000_u10_bursty/fanout_singlesite/sub_6_9.csv
2026-09-28T17:20:02.545129Z  INFO mq_bench::roles::subscriber: Starting subscriber engine=Redis key=topic_6 endpoint=None crash_enabled=false
2026-09-28T17:20:02.545186Z  INFO mq_bench::roles::subscriber: Connected via transport engine=Redis
2026-09-28T17:20:02.545999Z  INFO mq_bench::roles::subscriber: Subscribed to key expression key=topic_6
2026-09-28T17:20:09.213446Z  INFO mq_bench::roles::subscriber: Starting subscriber engine=Redis key=topic_6 endpoint=None crash_enabled=false
2026-09-28T17:20:09.213556Z  INFO mq_bench::roles::subscriber: Connected via transport engine=Redis
2026-09-28T17:20:09.214404Z  INFO mq_bench::roles::subscriber: Subscribed to key expression key=topic_6
2026-09-28T17:20:15.881553Z  INFO mq_bench::roles::subscriber: Starting subscriber engine=Redis key=topic_6 endpoint=None crash_enabled=false
2026-09-28T17:20:15.881605Z  INFO mq_bench::roles::subscriber: Connected via transport engine=Redis
2026-09-28T17:20:15.882481Z  INFO mq_bench::roles::subscriber: Subscribed to key expression key=topic_6
2026-09-28T17:20:22.549005Z  INFO mq_bench::roles::subscriber: Starting subscriber engine=Redis key=topic_6 endpoint=None crash_enabled=false
2026-09-28T17:20:22.549119Z  INFO mq_bench::roles::subscriber: Connected via transport engine=Redis
2026-09-28T17:20:22.549933Z  INFO mq_bench::roles::subscriber: Subscribed to key expression key=topic_6
2026-09-28T17:20:29.216033Z  INFO mq_bench::roles::subscriber: Starting subscriber engine=Redis key=topic_6 endpoint=None crash_enabled=false
2026-09-28T17:20:29.216104Z  INFO mq_bench::roles::subscriber: Connected via transport engine=Redis
2026-09-28T17:20:29.216873Z  INFO mq_bench::roles::subscriber: Subscribed to key expression key=topic_6
2026-09-28T17:20:35.883426Z  INFO mq_bench::roles::subscriber: Starting subscriber engine=Redis key=topic_6 endpoint=None crash_enabled=false
2026-09-28T17:20:35.883480Z  INFO mq_bench::roles::subscriber: Connected via transport engine=Redis
2026-09-28T17:20:35.884303Z  INFO mq_bench::roles::subscriber: Subscribed to key expression key=topic_6
2026-09-28T17:20:42.551193Z  INFO mq_bench::roles::subscriber: Starting subscriber engine=Redis key=topic_6 endpoint=None crash_enabled=false
2026-09-28T17:20:42.551300Z  INFO mq_bench::roles::subscriber: Connected via transport engine=Redis
2026-09-28T17:20:42.552143Z  INFO mq_bench::roles::subscriber: Subscribed to key expression key=topic_6
2026-09-28T17:20:49.219780Z  INFO mq_bench::roles::subscriber: Starting subscriber engine=Redis key=topic_6 endpoint=None crash_enabled=false
2026-09-28T17:20:49.219826Z  INFO mq_bench::roles::subscriber: Connected via transport engine=Redis
2026-09-28T17:20:49.220631Z  INFO mq_bench::roles::subscriber: Subscribed to key expression key=topic_6
2026-09-28T17:20:55.887149Z  INFO mq_bench::roles::subscriber: Starting subscriber engine=Redis key=topic_6 endpoint=None crash_enabled=false
2026-09-28T17:20:55.887192Z  INFO mq_bench::roles::subscriber: Connected via transport engine=Redis
2026-09-28T17:20:55.888009Z  INFO mq_bench::roles::subscriber: Subscribed to key expression key=topic_6
2026-09-28T17:21:02.555368Z  INFO mq_bench::roles::subscriber: Starting subscriber engine=Redis key=topic_6 endpoint=None crash_enabled=false
2026-09-28T17:21:02.555416Z  INFO mq_bench::roles::subscriber: Connected via transport engine=Redis
2026-09-28T17:21:02.556235Z  INFO mq_bench::roles::subscriber: Subscribed to key expression key=topic_6
