mq-bench starting with run_id: auto
Writing CSV output to: artifacts/fanout_bursty_20260928_171604_redis_p64_s1000_u10_bursty/fanout_singlesite/sub_5_3.csv
2026-09-28T17:20:02.486067Z  INFO mq_bench::roles::subscriber: Starting subscriber engine=Redis key=topic_5 endpoint=None crash_enabled=false
2026-09-28T17:20:02.486127Z  INFO mq_bench::roles::subscriber: Connected via transport engine=Redis
2026-09-28T17:20:02.495885Z  INFO mq_bench::roles::subscriber: Subscribed to key expression key=topic_5
2026-09-28T17:20:09.154523Z  INFO mq_bench::roles::subscriber: Starting subscriber engine=Redis key=topic_5 endpoint=None crash_enabled=false
2026-09-28T17:20:09.154637Z  INFO mq_bench::roles::subscriber: Connected via transport engine=Redis
2026-09-28T17:20:09.155761Z  INFO mq_bench::roles::subscriber: Subscribed to key expression key=topic_5
2026-09-28T17:20:15.821739Z  INFO mq_bench::roles::subscriber: Starting subscriber engine=Redis key=topic_5 endpoint=None crash_enabled=false
2026-09-28T17:20:15.821794Z  INFO mq_bench::roles::subscriber: Connected via transport engine=Redis
2026-09-28T17:20:15.822647Z  INFO mq_bench::roles::subscriber: Subscribed to key expression key=topic_5
2026-09-28T17:20:22.489157Z  INFO mq_bench::roles::subscriber: Starting subscriber engine=Redis key=topic_5 endpoint=None crash_enabled=false
2026-09-28T17:20:22.489260Z  INFO mq_bench::roles::subscriber: Connected via transport engine=Redis
2026-09-28T17:20:22.490080Z  INFO mq_bench::roles::subscriber: Subscribed to key expression key=topic_5
2026-09-28T17:20:29.157225Z  INFO mq_bench::roles::subscriber: Starting subscriber engine=Redis key=topic_5 endpoint=None crash_enabled=false
2026-09-28T17:20:29.157279Z  INFO mq_bench::roles::subscriber: Connected via transport engine=Redis
2026-09-28T17:20:29.158092Z  INFO mq_bench::roles::subscriber: Subscribed to key expression key=topic_5
2026-09-28T17:20:35.825393Z  INFO mq_bench::roles::subscriber: Starting subscriber engine=Redis key=topic_5 endpoint=None crash_enabled=false
2026-09-28T17:20:35.825443Z  INFO mq_bench::roles::subscriber: Connected via transport engine=Redis
2026-09-28T17:20:35.826260Z  INFO mq_bench::roles::subscriber: Subscribed to key expression key=topic_5
2026-09-28T17:20:42.492844Z  INFO mq_bench::roles::subscriber: Starting subscriber engine=Redis key=topic_5 endpoint=None crash_enabled=false
2026-09-28T17:20:42.492903Z  INFO mq_bench::roles::subscriber: Connected via transport engine=Redis
2026-09-28T17:20:42.493795Z  INFO mq_bench::roles::subscriber: Subscribed to key expression key=topic_5
2026-09-28T17:20:49.160320Z  INFO mq_bench::roles::subscriber: Starting subscriber engine=Redis key=topic_5 endpoint=None crash_enabled=false
2026-09-28T17:20:49.160373Z  INFO mq_bench::roles::subscriber: Connected via transport engine=Redis
2026-09-28T17:20:49.161316Z  INFO mq_bench::roles::subscriber: Subscribed to key expression key=topic_5
2026-09-28T17:20:55.827863Z  INFO mq_bench::roles::subscriber: Starting subscriber engine=Redis key=topic_5 endpoint=None crash_enabled=false
2026-09-28T17:20:55.827942Z  INFO mq_bench::roles::subscriber: Connected via transport engine=Redis
2026-09-28T17:20:55.828766Z  INFO mq_bench::roles::subscriber: Subscribed to key expression key=topic_5
2026-09-28T17:21:02.496058Z  INFO mq_bench::roles::subscriber: Starting subscriber engine=Redis key=topic_5 endpoint=None crash_enabled=false
2026-09-28T17:21:02.496109Z  INFO mq_bench::roles::subscriber: Connected via transport engine=Redis
2026-09-28T17:21:02.496908Z  INFO mq_bench::roles::subscriber: Subscribed to key expression key=topic_5
