mq-bench starting with run_id: auto
Writing CSV output to: artifacts/fanout_bursty_20260928_171604_redis_p64_s1000_u10_bursty/fanout_singlesite/sub_2_9.csv
2026-09-28T17:20:02.397669Z  INFO mq_bench::roles::subscriber: Starting subscriber engine=Redis key=topic_2 endpoint=None crash_enabled=false
2026-09-28T17:20:02.397728Z  INFO mq_bench::roles::subscriber: Connected via transport engine=Redis
2026-09-28T17:20:02.398665Z  INFO mq_bench::roles::subscriber: Subscribed to key expression key=topic_2
2026-09-28T17:20:09.065253Z  INFO mq_bench::roles::subscriber: Starting subscriber engine=Redis key=topic_2 endpoint=None crash_enabled=false
2026-09-28T17:20:09.065364Z  INFO mq_bench::roles::subscriber: Connected via transport engine=Redis
2026-09-28T17:20:09.067475Z  INFO mq_bench::roles::subscriber: Subscribed to key expression key=topic_2
2026-09-28T17:20:15.732625Z  INFO mq_bench::roles::subscriber: Starting subscriber engine=Redis key=topic_2 endpoint=None crash_enabled=false
2026-09-28T17:20:15.732674Z  INFO mq_bench::roles::subscriber: Connected via transport engine=Redis
2026-09-28T17:20:15.733491Z  INFO mq_bench::roles::subscriber: Subscribed to key expression key=topic_2
2026-09-28T17:20:22.399936Z  INFO mq_bench::roles::subscriber: Starting subscriber engine=Redis key=topic_2 endpoint=None crash_enabled=false
2026-09-28T17:20:22.400002Z  INFO mq_bench::roles::subscriber: Connected via transport engine=Redis
2026-09-28T17:20:22.400745Z  INFO mq_bench::roles::subscriber: Subscribed to key expression key=topic_2
2026-09-28T17:20:29.067603Z  INFO mq_bench::roles::subscriber: Starting subscriber engine=Redis key=topic_2 endpoint=None crash_enabled=false
2026-09-28T17:20:29.067651Z  INFO mq_bench::roles::subscriber: Connected via transport engine=Redis
2026-09-28T17:20:29.068415Z  INFO mq_bench::roles::subscriber: Subscribed to key expression key=topic_2
2026-09-28T17:20:35.735670Z  INFO mq_bench::roles::subscriber: Starting subscriber engine=Redis key=topic_2 endpoint=None crash_enabled=false
2026-09-28T17:20:35.735718Z  INFO mq_bench::roles::subscriber: Connected via transport engine=Redis
2026-09-28T17:20:35.736533Z  INFO mq_bench::roles::subscriber: Subscribed to key expression key=topic_2
2026-09-28T17:20:42.403158Z  INFO mq_bench::roles::subscriber: Starting subscriber engine=Redis key=topic_2 endpoint=None crash_enabled=false
2026-09-28T17:20:42.403272Z  INFO mq_bench::roles::subscriber: Connected via transport engine=Redis
2026-09-28T17:20:42.404094Z  INFO mq_bench::roles::subscriber: Subscribed to key expression key=topic_2
2026-09-28T17:20:49.070576Z  INFO mq_bench::roles::subscriber: Starting subscriber engine=Redis key=topic_2 endpoint=None crash_enabled=false
2026-09-28T17:20:49.070619Z  INFO mq_bench::roles::subscriber: Connected via transport engine=Redis
2026-09-28T17:20:49.071438Z  INFO mq_bench::roles::subscriber: Subscribed to key expression key=topic_2
2026-09-28T17:20:55.737989Z  INFO mq_bench::roles::subscriber: Starting subscriber engine=Redis key=topic_2 endpoint=None crash_enabled=false
2026-09-28T17:20:55.738029Z  INFO mq_bench::roles::subscriber: Connected via transport engine=Redis
2026-09-28T17:20:55.738801Z  INFO mq_bench::roles::subscriber: Subscribed to key expression key=topic_2
2026-09-28T17:21:02.405912Z  INFO mq_bench::roles::subscriber: Starting subscriber engine=Redis key=topic_2 endpoint=None crash_enabled=false
2026-09-28T17:21:02.405981Z  INFO mq_bench::roles::subscriber: Connected via transport engine=Redis
2026-09-28T17:21:02.406749Z  INFO mq_bench::roles::subscriber: Subscribed to key expression key=topic_2
