mq-bench starting with run_id: auto
Writing CSV output to: artifacts/fanout_bursty_20260928_171604_redis_p64_s1000_u10_bursty/fanout_singlesite/sub_3_5.csv
2026-09-28T17:20:02.420190Z  INFO mq_bench::roles::subscriber: Starting subscriber engine=Redis key=topic_3 endpoint=None crash_enabled=false
2026-09-28T17:20:02.420250Z  INFO mq_bench::roles::subscriber: Connected via transport engine=Redis
2026-09-28T17:20:02.421075Z  INFO mq_bench::roles::subscriber: Subscribed to key expression key=topic_3
2026-09-28T17:20:09.088060Z  INFO mq_bench::roles::subscriber: Starting subscriber engine=Redis key=topic_3 endpoint=None crash_enabled=false
2026-09-28T17:20:09.088165Z  INFO mq_bench::roles::subscriber: Connected via transport engine=Redis
2026-09-28T17:20:09.089035Z  INFO mq_bench::roles::subscriber: Subscribed to key expression key=topic_3
2026-09-28T17:20:15.755961Z  INFO mq_bench::roles::subscriber: Starting subscriber engine=Redis key=topic_3 endpoint=None crash_enabled=false
2026-09-28T17:20:15.756013Z  INFO mq_bench::roles::subscriber: Connected via transport engine=Redis
2026-09-28T17:20:15.756776Z  INFO mq_bench::roles::subscriber: Subscribed to key expression key=topic_3
2026-09-28T17:20:22.423366Z  INFO mq_bench::roles::subscriber: Starting subscriber engine=Redis key=topic_3 endpoint=None crash_enabled=false
2026-09-28T17:20:22.423461Z  INFO mq_bench::roles::subscriber: Connected via transport engine=Redis
2026-09-28T17:20:22.424308Z  INFO mq_bench::roles::subscriber: Subscribed to key expression key=topic_3
2026-09-28T17:20:29.091172Z  INFO mq_bench::roles::subscriber: Starting subscriber engine=Redis key=topic_3 endpoint=None crash_enabled=false
2026-09-28T17:20:29.091220Z  INFO mq_bench::roles::subscriber: Connected via transport engine=Redis
2026-09-28T17:20:29.092100Z  INFO mq_bench::roles::subscriber: Subscribed to key expression key=topic_3
2026-09-28T17:20:35.758304Z  INFO mq_bench::roles::subscriber: Starting subscriber engine=Redis key=topic_3 endpoint=None crash_enabled=false
2026-09-28T17:20:35.758353Z  INFO mq_bench::roles::subscriber: Connected via transport engine=Redis
2026-09-28T17:20:35.759165Z  INFO mq_bench::roles::subscriber: Subscribed to key expression key=topic_3
2026-09-28T17:20:42.426846Z  INFO mq_bench::roles::subscriber: Starting subscriber engine=Redis key=topic_3 endpoint=None crash_enabled=false
2026-09-28T17:20:42.426892Z  INFO mq_bench::roles::subscriber: Connected via transport engine=Redis
2026-09-28T17:20:42.427696Z  INFO mq_bench::roles::subscriber: Subscribed to key expression key=topic_3
2026-09-28T17:20:49.094316Z  INFO mq_bench::roles::subscriber: Starting subscriber engine=Redis key=topic_3 endpoint=None crash_enabled=false
2026-09-28T17:20:49.094363Z  INFO mq_bench::roles::subscriber: Connected via transport engine=Redis
2026-09-28T17:20:49.095188Z  INFO mq_bench::roles::subscriber: Subscribed to key expression key=topic_3
2026-09-28T17:20:55.762836Z  INFO mq_bench::roles::subscriber: Starting subscriber engine=Redis key=topic_3 endpoint=None crash_enabled=false
2026-09-28T17:20:55.762883Z  INFO mq_bench::roles::subscriber: Connected via transport engine=Redis
2026-09-28T17:20:55.763685Z  INFO mq_bench::roles::subscriber: Subscribed to key expression key=topic_3
2026-09-28T17:21:02.430074Z  INFO mq_bench::roles::subscriber: Starting subscriber engine=Redis key=topic_3 endpoint=None crash_enabled=false
2026-09-28T17:21:02.430119Z  INFO mq_bench::roles::subscriber: Connected via transport engine=Redis
2026-09-28T17:21:02.430931Z  INFO mq_bench::roles::subscriber: Subscribed to key expression key=topic_3
