mq-bench starting with run_id: auto
Writing CSV output to: artifacts/fanout_bursty_20260928_171604_redis_p64_s1000_u10_bursty/fanout_singlesite/sub_3_2.csv
2026-09-28T17:20:02.409535Z  INFO mq_bench::roles::subscriber: Starting subscriber engine=Redis key=topic_3 endpoint=None crash_enabled=false
2026-09-28T17:20:02.409594Z  INFO mq_bench::roles::subscriber: Connected via transport engine=Redis
2026-09-28T17:20:02.410397Z  INFO mq_bench::roles::subscriber: Subscribed to key expression key=topic_3
2026-09-28T17:20:09.076352Z  INFO mq_bench::roles::subscriber: Starting subscriber engine=Redis key=topic_3 endpoint=None crash_enabled=false
2026-09-28T17:20:09.076451Z  INFO mq_bench::roles::subscriber: Connected via transport engine=Redis
2026-09-28T17:20:09.077288Z  INFO mq_bench::roles::subscriber: Subscribed to key expression key=topic_3
2026-09-28T17:20:15.744303Z  INFO mq_bench::roles::subscriber: Starting subscriber engine=Redis key=topic_3 endpoint=None crash_enabled=false
2026-09-28T17:20:15.744345Z  INFO mq_bench::roles::subscriber: Connected via transport engine=Redis
2026-09-28T17:20:15.745167Z  INFO mq_bench::roles::subscriber: Subscribed to key expression key=topic_3
2026-09-28T17:20:22.411432Z  INFO mq_bench::roles::subscriber: Starting subscriber engine=Redis key=topic_3 endpoint=None crash_enabled=false
2026-09-28T17:20:22.411496Z  INFO mq_bench::roles::subscriber: Connected via transport engine=Redis
2026-09-28T17:20:22.412279Z  INFO mq_bench::roles::subscriber: Subscribed to key expression key=topic_3
2026-09-28T17:20:29.078365Z  INFO mq_bench::roles::subscriber: Starting subscriber engine=Redis key=topic_3 endpoint=None crash_enabled=false
2026-09-28T17:20:29.078407Z  INFO mq_bench::roles::subscriber: Connected via transport engine=Redis
2026-09-28T17:20:29.079215Z  INFO mq_bench::roles::subscriber: Subscribed to key expression key=topic_3
2026-09-28T17:20:35.746308Z  INFO mq_bench::roles::subscriber: Starting subscriber engine=Redis key=topic_3 endpoint=None crash_enabled=false
2026-09-28T17:20:35.746347Z  INFO mq_bench::roles::subscriber: Connected via transport engine=Redis
2026-09-28T17:20:35.747180Z  INFO mq_bench::roles::subscriber: Subscribed to key expression key=topic_3
2026-09-28T17:20:42.413804Z  INFO mq_bench::roles::subscriber: Starting subscriber engine=Redis key=topic_3 endpoint=None crash_enabled=false
2026-09-28T17:20:42.413945Z  INFO mq_bench::roles::subscriber: Connected via transport engine=Redis
2026-09-28T17:20:42.414804Z  INFO mq_bench::roles::subscriber: Subscribed to key expression key=topic_3
2026-09-28T17:20:49.082288Z  INFO mq_bench::roles::subscriber: Starting subscriber engine=Redis key=topic_3 endpoint=None crash_enabled=false
2026-09-28T17:20:49.082332Z  INFO mq_bench::roles::subscriber: Connected via transport engine=Redis
2026-09-28T17:20:49.083216Z  INFO mq_bench::roles::subscriber: Subscribed to key expression key=topic_3
2026-09-28T17:20:55.749828Z  INFO mq_bench::roles::subscriber: Starting subscriber engine=Redis key=topic_3 endpoint=None crash_enabled=false
2026-09-28T17:20:55.749880Z  INFO mq_bench::roles::subscriber: Connected via transport engine=Redis
2026-09-28T17:20:55.750645Z  INFO mq_bench::roles::subscriber: Subscribed to key expression key=topic_3
2026-09-28T17:21:02.417704Z  INFO mq_bench::roles::subscriber: Starting subscriber engine=Redis key=topic_3 endpoint=None crash_enabled=false
2026-09-28T17:21:02.417746Z  INFO mq_bench::roles::subscriber: Connected via transport engine=Redis
2026-09-28T17:21:02.418544Z  INFO mq_bench::roles::subscriber: Subscribed to key expression key=topic_3
