mq-bench starting with run_id: auto
Writing CSV output to: artifacts/fanout_bursty_20260928_171604_redis_p64_s1000_u10_bursty/fanout_singlesite/sub_0_7.csv
2026-09-28T17:20:02.317985Z  INFO mq_bench::roles::subscriber: Starting subscriber engine=Redis key=topic_0 endpoint=None crash_enabled=false
2026-09-28T17:20:02.318040Z  INFO mq_bench::roles::subscriber: Connected via transport engine=Redis
2026-09-28T17:20:02.319016Z  INFO mq_bench::roles::subscriber: Subscribed to key expression key=topic_0
2026-09-28T17:20:08.985641Z  INFO mq_bench::roles::subscriber: Starting subscriber engine=Redis key=topic_0 endpoint=None crash_enabled=false
2026-09-28T17:20:08.985684Z  INFO mq_bench::roles::subscriber: Connected via transport engine=Redis
2026-09-28T17:20:08.986579Z  INFO mq_bench::roles::subscriber: Subscribed to key expression key=topic_0
2026-09-28T17:20:15.653068Z  INFO mq_bench::roles::subscriber: Starting subscriber engine=Redis key=topic_0 endpoint=None crash_enabled=false
2026-09-28T17:20:15.653105Z  INFO mq_bench::roles::subscriber: Connected via transport engine=Redis
2026-09-28T17:20:15.653976Z  INFO mq_bench::roles::subscriber: Subscribed to key expression key=topic_0
2026-09-28T17:20:22.320876Z  INFO mq_bench::roles::subscriber: Starting subscriber engine=Redis key=topic_0 endpoint=None crash_enabled=false
2026-09-28T17:20:22.321012Z  INFO mq_bench::roles::subscriber: Connected via transport engine=Redis
2026-09-28T17:20:22.321854Z  INFO mq_bench::roles::subscriber: Subscribed to key expression key=topic_0
2026-09-28T17:20:28.988720Z  INFO mq_bench::roles::subscriber: Starting subscriber engine=Redis key=topic_0 endpoint=None crash_enabled=false
2026-09-28T17:20:28.988764Z  INFO mq_bench::roles::subscriber: Connected via transport engine=Redis
2026-09-28T17:20:28.989535Z  INFO mq_bench::roles::subscriber: Subscribed to key expression key=topic_0
2026-09-28T17:20:35.655713Z  INFO mq_bench::roles::subscriber: Starting subscriber engine=Redis key=topic_0 endpoint=None crash_enabled=false
2026-09-28T17:20:35.655759Z  INFO mq_bench::roles::subscriber: Connected via transport engine=Redis
2026-09-28T17:20:35.656545Z  INFO mq_bench::roles::subscriber: Subscribed to key expression key=topic_0
2026-09-28T17:20:42.323195Z  INFO mq_bench::roles::subscriber: Starting subscriber engine=Redis key=topic_0 endpoint=None crash_enabled=false
2026-09-28T17:20:42.323249Z  INFO mq_bench::roles::subscriber: Connected via transport engine=Redis
2026-09-28T17:20:42.324123Z  INFO mq_bench::roles::subscriber: Subscribed to key expression key=topic_0
2026-09-28T17:20:48.990816Z  INFO mq_bench::roles::subscriber: Starting subscriber engine=Redis key=topic_0 endpoint=None crash_enabled=false
2026-09-28T17:20:48.990833Z  INFO mq_bench::roles::subscriber: Connected via transport engine=Redis
2026-09-28T17:20:48.991657Z  INFO mq_bench::roles::subscriber: Subscribed to key expression key=topic_0
2026-09-28T17:20:55.658371Z  INFO mq_bench::roles::subscriber: Starting subscriber engine=Redis key=topic_0 endpoint=None crash_enabled=false
2026-09-28T17:20:55.658415Z  INFO mq_bench::roles::subscriber: Connected via transport engine=Redis
2026-09-28T17:20:55.659328Z  INFO mq_bench::roles::subscriber: Subscribed to key expression key=topic_0
2026-09-28T17:21:02.326609Z  INFO mq_bench::roles::subscriber: Starting subscriber engine=Redis key=topic_0 endpoint=None crash_enabled=false
2026-09-28T17:21:02.326649Z  INFO mq_bench::roles::subscriber: Connected via transport engine=Redis
2026-09-28T17:21:02.327433Z  INFO mq_bench::roles::subscriber: Subscribed to key expression key=topic_0
