mq-bench starting with run_id: auto
Writing CSV output to: artifacts/fanout_bursty_20260928_171604_redis_p64_s1000_u10_bursty/fanout_singlesite/sub_0_6.csv
2026-09-28T17:20:02.314106Z  INFO mq_bench::roles::subscriber: Starting subscriber engine=Redis key=topic_0 endpoint=None crash_enabled=false
2026-09-28T17:20:02.314174Z  INFO mq_bench::roles::subscriber: Connected via transport engine=Redis
2026-09-28T17:20:02.315033Z  INFO mq_bench::roles::subscriber: Subscribed to key expression key=topic_0
2026-09-28T17:20:08.981553Z  INFO mq_bench::roles::subscriber: Starting subscriber engine=Redis key=topic_0 endpoint=None crash_enabled=false
2026-09-28T17:20:08.981668Z  INFO mq_bench::roles::subscriber: Connected via transport engine=Redis
2026-09-28T17:20:08.982557Z  INFO mq_bench::roles::subscriber: Subscribed to key expression key=topic_0
2026-09-28T17:20:15.649602Z  INFO mq_bench::roles::subscriber: Starting subscriber engine=Redis key=topic_0 endpoint=None crash_enabled=false
2026-09-28T17:20:15.649645Z  INFO mq_bench::roles::subscriber: Connected via transport engine=Redis
2026-09-28T17:20:15.650502Z  INFO mq_bench::roles::subscriber: Subscribed to key expression key=topic_0
2026-09-28T17:20:22.317138Z  INFO mq_bench::roles::subscriber: Starting subscriber engine=Redis key=topic_0 endpoint=None crash_enabled=false
2026-09-28T17:20:22.317253Z  INFO mq_bench::roles::subscriber: Connected via transport engine=Redis
2026-09-28T17:20:22.318073Z  INFO mq_bench::roles::subscriber: Subscribed to key expression key=topic_0
2026-09-28T17:20:28.985470Z  INFO mq_bench::roles::subscriber: Starting subscriber engine=Redis key=topic_0 endpoint=None crash_enabled=false
2026-09-28T17:20:28.985527Z  INFO mq_bench::roles::subscriber: Connected via transport engine=Redis
2026-09-28T17:20:28.986388Z  INFO mq_bench::roles::subscriber: Subscribed to key expression key=topic_0
2026-09-28T17:20:35.652947Z  INFO mq_bench::roles::subscriber: Starting subscriber engine=Redis key=topic_0 endpoint=None crash_enabled=false
2026-09-28T17:20:35.653000Z  INFO mq_bench::roles::subscriber: Connected via transport engine=Redis
2026-09-28T17:20:35.653859Z  INFO mq_bench::roles::subscriber: Subscribed to key expression key=topic_0
2026-09-28T17:20:42.320694Z  INFO mq_bench::roles::subscriber: Starting subscriber engine=Redis key=topic_0 endpoint=None crash_enabled=false
2026-09-28T17:20:42.320753Z  INFO mq_bench::roles::subscriber: Connected via transport engine=Redis
2026-09-28T17:20:42.321569Z  INFO mq_bench::roles::subscriber: Subscribed to key expression key=topic_0
2026-09-28T17:20:48.988063Z  INFO mq_bench::roles::subscriber: Starting subscriber engine=Redis key=topic_0 endpoint=None crash_enabled=false
2026-09-28T17:20:48.988111Z  INFO mq_bench::roles::subscriber: Connected via transport engine=Redis
2026-09-28T17:20:48.989100Z  INFO mq_bench::roles::subscriber: Subscribed to key expression key=topic_0
2026-09-28T17:20:55.655770Z  INFO mq_bench::roles::subscriber: Starting subscriber engine=Redis key=topic_0 endpoint=None crash_enabled=false
2026-09-28T17:20:55.655816Z  INFO mq_bench::roles::subscriber: Connected via transport engine=Redis
2026-09-28T17:20:55.656704Z  INFO mq_bench::roles::subscriber: Subscribed to key expression key=topic_0
2026-09-28T17:21:02.323011Z  INFO mq_bench::roles::subscriber: Starting subscriber engine=Redis key=topic_0 endpoint=None crash_enabled=false
2026-09-28T17:21:02.323065Z  INFO mq_bench::roles::subscriber: Connected via transport engine=Redis
2026-09-28T17:21:02.323894Z  INFO mq_bench::roles::subscriber: Subscribed to key expression key=topic_0
