mq-bench starting with run_id: auto
Writing CSV output to: artifacts/fanout_bursty_20260928_171604_redis_p64_s1000_u10_bursty/fanout_singlesite/sub_7_8.csv
2026-09-28T17:20:02.579263Z  INFO mq_bench::roles::subscriber: Starting subscriber engine=Redis key=topic_7 endpoint=None crash_enabled=false
2026-09-28T17:20:02.579311Z  INFO mq_bench::roles::subscriber: Connected via transport engine=Redis
2026-09-28T17:20:02.580083Z  INFO mq_bench::roles::subscriber: Subscribed to key expression key=topic_7
2026-09-28T17:20:09.246985Z  INFO mq_bench::roles::subscriber: Starting subscriber engine=Redis key=topic_7 endpoint=None crash_enabled=false
2026-09-28T17:20:09.247103Z  INFO mq_bench::roles::subscriber: Connected via transport engine=Redis
2026-09-28T17:20:09.247963Z  INFO mq_bench::roles::subscriber: Subscribed to key expression key=topic_7
2026-09-28T17:20:15.914079Z  INFO mq_bench::roles::subscriber: Starting subscriber engine=Redis key=topic_7 endpoint=None crash_enabled=false
2026-09-28T17:20:15.914125Z  INFO mq_bench::roles::subscriber: Connected via transport engine=Redis
2026-09-28T17:20:15.914960Z  INFO mq_bench::roles::subscriber: Subscribed to key expression key=topic_7
2026-09-28T17:20:22.580895Z  INFO mq_bench::roles::subscriber: Starting subscriber engine=Redis key=topic_7 endpoint=None crash_enabled=false
2026-09-28T17:20:22.581011Z  INFO mq_bench::roles::subscriber: Connected via transport engine=Redis
2026-09-28T17:20:22.581809Z  INFO mq_bench::roles::subscriber: Subscribed to key expression key=topic_7
2026-09-28T17:20:29.248735Z  INFO mq_bench::roles::subscriber: Starting subscriber engine=Redis key=topic_7 endpoint=None crash_enabled=false
2026-09-28T17:20:29.248782Z  INFO mq_bench::roles::subscriber: Connected via transport engine=Redis
2026-09-28T17:20:29.249593Z  INFO mq_bench::roles::subscriber: Subscribed to key expression key=topic_7
2026-09-28T17:20:35.917029Z  INFO mq_bench::roles::subscriber: Starting subscriber engine=Redis key=topic_7 endpoint=None crash_enabled=false
2026-09-28T17:20:35.917071Z  INFO mq_bench::roles::subscriber: Connected via transport engine=Redis
2026-09-28T17:20:35.917879Z  INFO mq_bench::roles::subscriber: Subscribed to key expression key=topic_7
2026-09-28T17:20:42.584634Z  INFO mq_bench::roles::subscriber: Starting subscriber engine=Redis key=topic_7 endpoint=None crash_enabled=false
2026-09-28T17:20:42.584745Z  INFO mq_bench::roles::subscriber: Connected via transport engine=Redis
2026-09-28T17:20:42.585690Z  INFO mq_bench::roles::subscriber: Subscribed to key expression key=topic_7
2026-09-28T17:20:49.252392Z  INFO mq_bench::roles::subscriber: Starting subscriber engine=Redis key=topic_7 endpoint=None crash_enabled=false
2026-09-28T17:20:49.252442Z  INFO mq_bench::roles::subscriber: Connected via transport engine=Redis
2026-09-28T17:20:49.253423Z  INFO mq_bench::roles::subscriber: Subscribed to key expression key=topic_7
2026-09-28T17:20:55.920168Z  INFO mq_bench::roles::subscriber: Starting subscriber engine=Redis key=topic_7 endpoint=None crash_enabled=false
2026-09-28T17:20:55.920235Z  INFO mq_bench::roles::subscriber: Connected via transport engine=Redis
2026-09-28T17:20:55.921062Z  INFO mq_bench::roles::subscriber: Subscribed to key expression key=topic_7
2026-09-28T17:21:02.588423Z  INFO mq_bench::roles::subscriber: Starting subscriber engine=Redis key=topic_7 endpoint=None crash_enabled=false
2026-09-28T17:21:02.588473Z  INFO mq_bench::roles::subscriber: Connected via transport engine=Redis
2026-09-28T17:21:02.589224Z  INFO mq_bench::roles::subscriber: Subscribed to key expression key=topic_7
