mq-bench starting with run_id: auto
Writing CSV output to: artifacts/fanout_bursty_20260928_171604_redis_p64_s1000_u10_bursty/fanout_singlesite/sub_0_9.csv
2026-09-28T17:20:02.324967Z  INFO mq_bench::roles::subscriber: Starting subscriber engine=Redis key=topic_0 endpoint=None crash_enabled=false
2026-09-28T17:20:02.325025Z  INFO mq_bench::roles::subscriber: Connected via transport engine=Redis
2026-09-28T17:20:02.325952Z  INFO mq_bench::roles::subscriber: Subscribed to key expression key=topic_0
2026-09-28T17:20:08.992392Z  INFO mq_bench::roles::subscriber: Starting subscriber engine=Redis key=topic_0 endpoint=None crash_enabled=false
2026-09-28T17:20:08.992505Z  INFO mq_bench::roles::subscriber: Connected via transport engine=Redis
2026-09-28T17:20:08.993443Z  INFO mq_bench::roles::subscriber: Subscribed to key expression key=topic_0
2026-09-28T17:20:15.660605Z  INFO mq_bench::roles::subscriber: Starting subscriber engine=Redis key=topic_0 endpoint=None crash_enabled=false
2026-09-28T17:20:15.660654Z  INFO mq_bench::roles::subscriber: Connected via transport engine=Redis
2026-09-28T17:20:15.662530Z  INFO mq_bench::roles::subscriber: Subscribed to key expression key=topic_0
2026-09-28T17:20:22.328102Z  INFO mq_bench::roles::subscriber: Starting subscriber engine=Redis key=topic_0 endpoint=None crash_enabled=false
2026-09-28T17:20:22.328220Z  INFO mq_bench::roles::subscriber: Connected via transport engine=Redis
2026-09-28T17:20:22.329062Z  INFO mq_bench::roles::subscriber: Subscribed to key expression key=topic_0
2026-09-28T17:20:28.996299Z  INFO mq_bench::roles::subscriber: Starting subscriber engine=Redis key=topic_0 endpoint=None crash_enabled=false
2026-09-28T17:20:28.996351Z  INFO mq_bench::roles::subscriber: Connected via transport engine=Redis
2026-09-28T17:20:28.997215Z  INFO mq_bench::roles::subscriber: Subscribed to key expression key=topic_0
2026-09-28T17:20:35.664777Z  INFO mq_bench::roles::subscriber: Starting subscriber engine=Redis key=topic_0 endpoint=None crash_enabled=false
2026-09-28T17:20:35.664827Z  INFO mq_bench::roles::subscriber: Connected via transport engine=Redis
2026-09-28T17:20:35.665615Z  INFO mq_bench::roles::subscriber: Subscribed to key expression key=topic_0
2026-09-28T17:20:42.332380Z  INFO mq_bench::roles::subscriber: Starting subscriber engine=Redis key=topic_0 endpoint=None crash_enabled=false
2026-09-28T17:20:42.332430Z  INFO mq_bench::roles::subscriber: Connected via transport engine=Redis
2026-09-28T17:20:42.333258Z  INFO mq_bench::roles::subscriber: Subscribed to key expression key=topic_0
2026-09-28T17:20:48.999977Z  INFO mq_bench::roles::subscriber: Starting subscriber engine=Redis key=topic_0 endpoint=None crash_enabled=false
2026-09-28T17:20:49.000023Z  INFO mq_bench::roles::subscriber: Connected via transport engine=Redis
2026-09-28T17:20:49.000856Z  INFO mq_bench::roles::subscriber: Subscribed to key expression key=topic_0
2026-09-28T17:20:55.667464Z  INFO mq_bench::roles::subscriber: Starting subscriber engine=Redis key=topic_0 endpoint=None crash_enabled=false
2026-09-28T17:20:55.667507Z  INFO mq_bench::roles::subscriber: Connected via transport engine=Redis
2026-09-28T17:20:55.668340Z  INFO mq_bench::roles::subscriber: Subscribed to key expression key=topic_0
2026-09-28T17:21:02.335711Z  INFO mq_bench::roles::subscriber: Starting subscriber engine=Redis key=topic_0 endpoint=None crash_enabled=false
2026-09-28T17:21:02.335761Z  INFO mq_bench::roles::subscriber: Connected via transport engine=Redis
2026-09-28T17:21:02.336587Z  INFO mq_bench::roles::subscriber: Subscribed to key expression key=topic_0
