mq-bench starting with run_id: auto
Writing CSV output to: artifacts/fanout_bursty_20260928_171604_redis_p64_s1000_u10_bursty/fanout_singlesite/sub_7_9.csv
2026-09-28T17:20:02.583422Z  INFO mq_bench::roles::subscriber: Starting subscriber engine=Redis key=topic_7 endpoint=None crash_enabled=false
2026-09-28T17:20:02.583568Z  INFO mq_bench::roles::subscriber: Connected via transport engine=Redis
2026-09-28T17:20:02.584341Z  INFO mq_bench::roles::subscriber: Subscribed to key expression key=topic_7
2026-09-28T17:20:09.251042Z  INFO mq_bench::roles::subscriber: Starting subscriber engine=Redis key=topic_7 endpoint=None crash_enabled=false
2026-09-28T17:20:09.251158Z  INFO mq_bench::roles::subscriber: Connected via transport engine=Redis
2026-09-28T17:20:09.251970Z  INFO mq_bench::roles::subscriber: Subscribed to key expression key=topic_7
2026-09-28T17:20:15.918827Z  INFO mq_bench::roles::subscriber: Starting subscriber engine=Redis key=topic_7 endpoint=None crash_enabled=false
2026-09-28T17:20:15.918868Z  INFO mq_bench::roles::subscriber: Connected via transport engine=Redis
2026-09-28T17:20:15.919630Z  INFO mq_bench::roles::subscriber: Subscribed to key expression key=topic_7
2026-09-28T17:20:22.587012Z  INFO mq_bench::roles::subscriber: Starting subscriber engine=Redis key=topic_7 endpoint=None crash_enabled=false
2026-09-28T17:20:22.587119Z  INFO mq_bench::roles::subscriber: Connected via transport engine=Redis
2026-09-28T17:20:22.587886Z  INFO mq_bench::roles::subscriber: Subscribed to key expression key=topic_7
2026-09-28T17:20:29.254936Z  INFO mq_bench::roles::subscriber: Starting subscriber engine=Redis key=topic_7 endpoint=None crash_enabled=false
2026-09-28T17:20:29.254983Z  INFO mq_bench::roles::subscriber: Connected via transport engine=Redis
2026-09-28T17:20:29.255844Z  INFO mq_bench::roles::subscriber: Subscribed to key expression key=topic_7
2026-09-28T17:20:35.922270Z  INFO mq_bench::roles::subscriber: Starting subscriber engine=Redis key=topic_7 endpoint=None crash_enabled=false
2026-09-28T17:20:35.922334Z  INFO mq_bench::roles::subscriber: Connected via transport engine=Redis
2026-09-28T17:20:35.923103Z  INFO mq_bench::roles::subscriber: Subscribed to key expression key=topic_7
2026-09-28T17:20:42.590704Z  INFO mq_bench::roles::subscriber: Starting subscriber engine=Redis key=topic_7 endpoint=None crash_enabled=false
2026-09-28T17:20:42.590769Z  INFO mq_bench::roles::subscriber: Connected via transport engine=Redis
2026-09-28T17:20:42.591695Z  INFO mq_bench::roles::subscriber: Subscribed to key expression key=topic_7
2026-09-28T17:20:49.258439Z  INFO mq_bench::roles::subscriber: Starting subscriber engine=Redis key=topic_7 endpoint=None crash_enabled=false
2026-09-28T17:20:49.258488Z  INFO mq_bench::roles::subscriber: Connected via transport engine=Redis
2026-09-28T17:20:49.259363Z  INFO mq_bench::roles::subscriber: Subscribed to key expression key=topic_7
2026-09-28T17:20:55.926352Z  INFO mq_bench::roles::subscriber: Starting subscriber engine=Redis key=topic_7 endpoint=None crash_enabled=false
2026-09-28T17:20:55.926416Z  INFO mq_bench::roles::subscriber: Connected via transport engine=Redis
2026-09-28T17:20:55.927173Z  INFO mq_bench::roles::subscriber: Subscribed to key expression key=topic_7
2026-09-28T17:21:02.594572Z  INFO mq_bench::roles::subscriber: Starting subscriber engine=Redis key=topic_7 endpoint=None crash_enabled=false
2026-09-28T17:21:02.594634Z  INFO mq_bench::roles::subscriber: Connected via transport engine=Redis
2026-09-28T17:21:02.595418Z  INFO mq_bench::roles::subscriber: Subscribed to key expression key=topic_7
