mq-bench starting with run_id: auto
Writing CSV output to: artifacts/fanout_bursty_20260928_171604_redis_p64_s1000_u10_bursty/fanout_singlesite/sub_9_0.csv
2026-09-28T17:20:02.624975Z  INFO mq_bench::roles::subscriber: Starting subscriber engine=Redis key=topic_9 endpoint=None crash_enabled=false
2026-09-28T17:20:02.625033Z  INFO mq_bench::roles::subscriber: Connected via transport engine=Redis
2026-09-28T17:20:02.625835Z  INFO mq_bench::roles::subscriber: Subscribed to key expression key=topic_9
2026-09-28T17:20:09.292493Z  INFO mq_bench::roles::subscriber: Starting subscriber engine=Redis key=topic_9 endpoint=None crash_enabled=false
2026-09-28T17:20:09.292594Z  INFO mq_bench::roles::subscriber: Connected via transport engine=Redis
2026-09-28T17:20:09.293425Z  INFO mq_bench::roles::subscriber: Subscribed to key expression key=topic_9
2026-09-28T17:20:15.959509Z  INFO mq_bench::roles::subscriber: Starting subscriber engine=Redis key=topic_9 endpoint=None crash_enabled=false
2026-09-28T17:20:15.959562Z  INFO mq_bench::roles::subscriber: Connected via transport engine=Redis
2026-09-28T17:20:15.960391Z  INFO mq_bench::roles::subscriber: Subscribed to key expression key=topic_9
2026-09-28T17:20:22.627730Z  INFO mq_bench::roles::subscriber: Starting subscriber engine=Redis key=topic_9 endpoint=None crash_enabled=false
2026-09-28T17:20:22.627780Z  INFO mq_bench::roles::subscriber: Connected via transport engine=Redis
2026-09-28T17:20:22.628547Z  INFO mq_bench::roles::subscriber: Subscribed to key expression key=topic_9
2026-09-28T17:20:29.295623Z  INFO mq_bench::roles::subscriber: Starting subscriber engine=Redis key=topic_9 endpoint=None crash_enabled=false
2026-09-28T17:20:29.295675Z  INFO mq_bench::roles::subscriber: Connected via transport engine=Redis
2026-09-28T17:20:29.296454Z  INFO mq_bench::roles::subscriber: Subscribed to key expression key=topic_9
2026-09-28T17:20:35.963808Z  INFO mq_bench::roles::subscriber: Starting subscriber engine=Redis key=topic_9 endpoint=None crash_enabled=false
2026-09-28T17:20:35.963853Z  INFO mq_bench::roles::subscriber: Connected via transport engine=Redis
2026-09-28T17:20:35.964672Z  INFO mq_bench::roles::subscriber: Subscribed to key expression key=topic_9
2026-09-28T17:20:42.631476Z  INFO mq_bench::roles::subscriber: Starting subscriber engine=Redis key=topic_9 endpoint=None crash_enabled=false
2026-09-28T17:20:42.631581Z  INFO mq_bench::roles::subscriber: Connected via transport engine=Redis
2026-09-28T17:20:42.632477Z  INFO mq_bench::roles::subscriber: Subscribed to key expression key=topic_9
2026-09-28T17:20:49.299021Z  INFO mq_bench::roles::subscriber: Starting subscriber engine=Redis key=topic_9 endpoint=None crash_enabled=false
2026-09-28T17:20:49.299070Z  INFO mq_bench::roles::subscriber: Connected via transport engine=Redis
2026-09-28T17:20:49.299967Z  INFO mq_bench::roles::subscriber: Subscribed to key expression key=topic_9
2026-09-28T17:20:55.966618Z  INFO mq_bench::roles::subscriber: Starting subscriber engine=Redis key=topic_9 endpoint=None crash_enabled=false
2026-09-28T17:20:55.966664Z  INFO mq_bench::roles::subscriber: Connected via transport engine=Redis
2026-09-28T17:20:55.967449Z  INFO mq_bench::roles::subscriber: Subscribed to key expression key=topic_9
2026-09-28T17:21:02.634728Z  INFO mq_bench::roles::subscriber: Starting subscriber engine=Redis key=topic_9 endpoint=None crash_enabled=false
2026-09-28T17:21:02.634774Z  INFO mq_bench::roles::subscriber: Connected via transport engine=Redis
2026-09-28T17:21:02.635567Z  INFO mq_bench::roles::subscriber: Subscribed to key expression key=topic_9
