mq-bench starting with run_id: auto
Writing CSV output to: artifacts/fanout_bursty_20260928_171604_redis_p64_s1000_u10_bursty/fanout_singlesite/sub_3_3.csv
2026-09-28T17:20:02.413160Z  INFO mq_bench::roles::subscriber: Starting subscriber engine=Redis key=topic_3 endpoint=None crash_enabled=false
2026-09-28T17:20:02.413223Z  INFO mq_bench::roles::subscriber: Connected via transport engine=Redis
2026-09-28T17:20:02.413986Z  INFO mq_bench::roles::subscriber: Subscribed to key expression key=topic_3
2026-09-28T17:20:09.081327Z  INFO mq_bench::roles::subscriber: Starting subscriber engine=Redis key=topic_3 endpoint=None crash_enabled=false
2026-09-28T17:20:09.081457Z  INFO mq_bench::roles::subscriber: Connected via transport engine=Redis
2026-09-28T17:20:09.082324Z  INFO mq_bench::roles::subscriber: Subscribed to key expression key=topic_3
2026-09-28T17:20:15.749301Z  INFO mq_bench::roles::subscriber: Starting subscriber engine=Redis key=topic_3 endpoint=None crash_enabled=false
2026-09-28T17:20:15.749348Z  INFO mq_bench::roles::subscriber: Connected via transport engine=Redis
2026-09-28T17:20:15.750314Z  INFO mq_bench::roles::subscriber: Subscribed to key expression key=topic_3
2026-09-28T17:20:22.417682Z  INFO mq_bench::roles::subscriber: Starting subscriber engine=Redis key=topic_3 endpoint=None crash_enabled=false
2026-09-28T17:20:22.417798Z  INFO mq_bench::roles::subscriber: Connected via transport engine=Redis
2026-09-28T17:20:22.418617Z  INFO mq_bench::roles::subscriber: Subscribed to key expression key=topic_3
2026-09-28T17:20:29.085595Z  INFO mq_bench::roles::subscriber: Starting subscriber engine=Redis key=topic_3 endpoint=None crash_enabled=false
2026-09-28T17:20:29.085645Z  INFO mq_bench::roles::subscriber: Connected via transport engine=Redis
2026-09-28T17:20:29.086537Z  INFO mq_bench::roles::subscriber: Subscribed to key expression key=topic_3
2026-09-28T17:20:35.752911Z  INFO mq_bench::roles::subscriber: Starting subscriber engine=Redis key=topic_3 endpoint=None crash_enabled=false
2026-09-28T17:20:35.752993Z  INFO mq_bench::roles::subscriber: Connected via transport engine=Redis
2026-09-28T17:20:35.753842Z  INFO mq_bench::roles::subscriber: Subscribed to key expression key=topic_3
2026-09-28T17:20:42.419703Z  INFO mq_bench::roles::subscriber: Starting subscriber engine=Redis key=topic_3 endpoint=None crash_enabled=false
2026-09-28T17:20:42.419749Z  INFO mq_bench::roles::subscriber: Connected via transport engine=Redis
2026-09-28T17:20:42.420618Z  INFO mq_bench::roles::subscriber: Subscribed to key expression key=topic_3
2026-09-28T17:20:49.087144Z  INFO mq_bench::roles::subscriber: Starting subscriber engine=Redis key=topic_3 endpoint=None crash_enabled=false
2026-09-28T17:20:49.087197Z  INFO mq_bench::roles::subscriber: Connected via transport engine=Redis
2026-09-28T17:20:49.088006Z  INFO mq_bench::roles::subscriber: Subscribed to key expression key=topic_3
2026-09-28T17:20:55.755599Z  INFO mq_bench::roles::subscriber: Starting subscriber engine=Redis key=topic_3 endpoint=None crash_enabled=false
2026-09-28T17:20:55.755648Z  INFO mq_bench::roles::subscriber: Connected via transport engine=Redis
2026-09-28T17:20:55.756518Z  INFO mq_bench::roles::subscriber: Subscribed to key expression key=topic_3
2026-09-28T17:21:02.422705Z  INFO mq_bench::roles::subscriber: Starting subscriber engine=Redis key=topic_3 endpoint=None crash_enabled=false
2026-09-28T17:21:02.422757Z  INFO mq_bench::roles::subscriber: Connected via transport engine=Redis
2026-09-28T17:21:02.423587Z  INFO mq_bench::roles::subscriber: Subscribed to key expression key=topic_3
