mq-bench starting with run_id: auto
Writing CSV output to: artifacts/fanout_bursty_20260928_171604_redis_p64_s1000_u10_bursty/fanout_singlesite/sub_0_3.csv
2026-09-28T17:20:02.304248Z  INFO mq_bench::roles::subscriber: Starting subscriber engine=Redis key=topic_0 endpoint=None crash_enabled=false
2026-09-28T17:20:02.304379Z  INFO mq_bench::roles::subscriber: Connected via transport engine=Redis
2026-09-28T17:20:02.305225Z  INFO mq_bench::roles::subscriber: Subscribed to key expression key=topic_0
2026-09-28T17:20:08.972891Z  INFO mq_bench::roles::subscriber: Starting subscriber engine=Redis key=topic_0 endpoint=None crash_enabled=false
2026-09-28T17:20:08.973038Z  INFO mq_bench::roles::subscriber: Connected via transport engine=Redis
2026-09-28T17:20:08.973867Z  INFO mq_bench::roles::subscriber: Subscribed to key expression key=topic_0
2026-09-28T17:20:15.640865Z  INFO mq_bench::roles::subscriber: Starting subscriber engine=Redis key=topic_0 endpoint=None crash_enabled=false
2026-09-28T17:20:15.640951Z  INFO mq_bench::roles::subscriber: Connected via transport engine=Redis
2026-09-28T17:20:15.641910Z  INFO mq_bench::roles::subscriber: Subscribed to key expression key=topic_0
2026-09-28T17:20:22.308561Z  INFO mq_bench::roles::subscriber: Starting subscriber engine=Redis key=topic_0 endpoint=None crash_enabled=false
2026-09-28T17:20:22.308673Z  INFO mq_bench::roles::subscriber: Connected via transport engine=Redis
2026-09-28T17:20:22.309477Z  INFO mq_bench::roles::subscriber: Subscribed to key expression key=topic_0
2026-09-28T17:20:28.976650Z  INFO mq_bench::roles::subscriber: Starting subscriber engine=Redis key=topic_0 endpoint=None crash_enabled=false
2026-09-28T17:20:28.976699Z  INFO mq_bench::roles::subscriber: Connected via transport engine=Redis
2026-09-28T17:20:28.977489Z  INFO mq_bench::roles::subscriber: Subscribed to key expression key=topic_0
2026-09-28T17:20:35.644123Z  INFO mq_bench::roles::subscriber: Starting subscriber engine=Redis key=topic_0 endpoint=None crash_enabled=false
2026-09-28T17:20:35.644176Z  INFO mq_bench::roles::subscriber: Connected via transport engine=Redis
2026-09-28T17:20:35.651586Z  INFO mq_bench::roles::subscriber: Subscribed to key expression key=topic_0
2026-09-28T17:20:42.311212Z  INFO mq_bench::roles::subscriber: Starting subscriber engine=Redis key=topic_0 endpoint=None crash_enabled=false
2026-09-28T17:20:42.311258Z  INFO mq_bench::roles::subscriber: Connected via transport engine=Redis
2026-09-28T17:20:42.312198Z  INFO mq_bench::roles::subscriber: Subscribed to key expression key=topic_0
2026-09-28T17:20:48.979757Z  INFO mq_bench::roles::subscriber: Starting subscriber engine=Redis key=topic_0 endpoint=None crash_enabled=false
2026-09-28T17:20:48.979813Z  INFO mq_bench::roles::subscriber: Connected via transport engine=Redis
2026-09-28T17:20:48.980814Z  INFO mq_bench::roles::subscriber: Subscribed to key expression key=topic_0
2026-09-28T17:20:55.647393Z  INFO mq_bench::roles::subscriber: Starting subscriber engine=Redis key=topic_0 endpoint=None crash_enabled=false
2026-09-28T17:20:55.647440Z  INFO mq_bench::roles::subscriber: Connected via transport engine=Redis
2026-09-28T17:20:55.648323Z  INFO mq_bench::roles::subscriber: Subscribed to key expression key=topic_0
2026-09-28T17:21:02.315366Z  INFO mq_bench::roles::subscriber: Starting subscriber engine=Redis key=topic_0 endpoint=None crash_enabled=false
2026-09-28T17:21:02.315419Z  INFO mq_bench::roles::subscriber: Connected via transport engine=Redis
2026-09-28T17:21:02.316248Z  INFO mq_bench::roles::subscriber: Subscribed to key expression key=topic_0
