mq-bench starting with run_id: auto
Writing CSV output to: artifacts/fanout_bursty_20260928_171604_redis_p64_s1000_u10_bursty/fanout_singlesite/sub_5_6.csv
2026-09-28T17:20:02.497330Z  INFO mq_bench::roles::subscriber: Starting subscriber engine=Redis key=topic_5 endpoint=None crash_enabled=false
2026-09-28T17:20:02.497396Z  INFO mq_bench::roles::subscriber: Connected via transport engine=Redis
2026-09-28T17:20:02.498128Z  INFO mq_bench::roles::subscriber: Subscribed to key expression key=topic_5
2026-09-28T17:20:09.165095Z  INFO mq_bench::roles::subscriber: Starting subscriber engine=Redis key=topic_5 endpoint=None crash_enabled=false
2026-09-28T17:20:09.165204Z  INFO mq_bench::roles::subscriber: Connected via transport engine=Redis
2026-09-28T17:20:09.166051Z  INFO mq_bench::roles::subscriber: Subscribed to key expression key=topic_5
2026-09-28T17:20:15.833068Z  INFO mq_bench::roles::subscriber: Starting subscriber engine=Redis key=topic_5 endpoint=None crash_enabled=false
2026-09-28T17:20:15.833113Z  INFO mq_bench::roles::subscriber: Connected via transport engine=Redis
2026-09-28T17:20:15.833999Z  INFO mq_bench::roles::subscriber: Subscribed to key expression key=topic_5
2026-09-28T17:20:22.500379Z  INFO mq_bench::roles::subscriber: Starting subscriber engine=Redis key=topic_5 endpoint=None crash_enabled=false
2026-09-28T17:20:22.500484Z  INFO mq_bench::roles::subscriber: Connected via transport engine=Redis
2026-09-28T17:20:22.501264Z  INFO mq_bench::roles::subscriber: Subscribed to key expression key=topic_5
2026-09-28T17:20:29.167349Z  INFO mq_bench::roles::subscriber: Starting subscriber engine=Redis key=topic_5 endpoint=None crash_enabled=false
2026-09-28T17:20:29.167395Z  INFO mq_bench::roles::subscriber: Connected via transport engine=Redis
2026-09-28T17:20:29.168260Z  INFO mq_bench::roles::subscriber: Subscribed to key expression key=topic_5
2026-09-28T17:20:35.835304Z  INFO mq_bench::roles::subscriber: Starting subscriber engine=Redis key=topic_5 endpoint=None crash_enabled=false
2026-09-28T17:20:35.835368Z  INFO mq_bench::roles::subscriber: Connected via transport engine=Redis
2026-09-28T17:20:35.836296Z  INFO mq_bench::roles::subscriber: Subscribed to key expression key=topic_5
2026-09-28T17:20:42.502974Z  INFO mq_bench::roles::subscriber: Starting subscriber engine=Redis key=topic_5 endpoint=None crash_enabled=false
2026-09-28T17:20:42.503028Z  INFO mq_bench::roles::subscriber: Connected via transport engine=Redis
2026-09-28T17:20:42.503827Z  INFO mq_bench::roles::subscriber: Subscribed to key expression key=topic_5
2026-09-28T17:20:49.170338Z  INFO mq_bench::roles::subscriber: Starting subscriber engine=Redis key=topic_5 endpoint=None crash_enabled=false
2026-09-28T17:20:49.170380Z  INFO mq_bench::roles::subscriber: Connected via transport engine=Redis
2026-09-28T17:20:49.171189Z  INFO mq_bench::roles::subscriber: Subscribed to key expression key=topic_5
2026-09-28T17:20:55.837704Z  INFO mq_bench::roles::subscriber: Starting subscriber engine=Redis key=topic_5 endpoint=None crash_enabled=false
2026-09-28T17:20:55.837763Z  INFO mq_bench::roles::subscriber: Connected via transport engine=Redis
2026-09-28T17:20:55.838567Z  INFO mq_bench::roles::subscriber: Subscribed to key expression key=topic_5
2026-09-28T17:21:02.505626Z  INFO mq_bench::roles::subscriber: Starting subscriber engine=Redis key=topic_5 endpoint=None crash_enabled=false
2026-09-28T17:21:02.505666Z  INFO mq_bench::roles::subscriber: Connected via transport engine=Redis
2026-09-28T17:21:02.506517Z  INFO mq_bench::roles::subscriber: Subscribed to key expression key=topic_5
