mq-bench starting with run_id: auto
Writing CSV output to: artifacts/fanout_bursty_20260928_171604_redis_p64_s1000_u10_bursty/fanout_singlesite/sub_8_9.csv
2026-09-28T17:20:02.620715Z  INFO mq_bench::roles::subscriber: Starting subscriber engine=Redis key=topic_8 endpoint=None crash_enabled=false
2026-09-28T17:20:02.620776Z  INFO mq_bench::roles::subscriber: Connected via transport engine=Redis
2026-09-28T17:20:02.621483Z  INFO mq_bench::roles::subscriber: Subscribed to key expression key=topic_8
2026-09-28T17:20:09.287970Z  INFO mq_bench::roles::subscriber: Starting subscriber engine=Redis key=topic_8 endpoint=None crash_enabled=false
2026-09-28T17:20:09.288078Z  INFO mq_bench::roles::subscriber: Connected via transport engine=Redis
2026-09-28T17:20:09.288960Z  INFO mq_bench::roles::subscriber: Subscribed to key expression key=topic_8
2026-09-28T17:20:15.954934Z  INFO mq_bench::roles::subscriber: Starting subscriber engine=Redis key=topic_8 endpoint=None crash_enabled=false
2026-09-28T17:20:15.954979Z  INFO mq_bench::roles::subscriber: Connected via transport engine=Redis
2026-09-28T17:20:15.955763Z  INFO mq_bench::roles::subscriber: Subscribed to key expression key=topic_8
2026-09-28T17:20:22.622348Z  INFO mq_bench::roles::subscriber: Starting subscriber engine=Redis key=topic_8 endpoint=None crash_enabled=false
2026-09-28T17:20:22.622448Z  INFO mq_bench::roles::subscriber: Connected via transport engine=Redis
2026-09-28T17:20:22.623239Z  INFO mq_bench::roles::subscriber: Subscribed to key expression key=topic_8
2026-09-28T17:20:29.290245Z  INFO mq_bench::roles::subscriber: Starting subscriber engine=Redis key=topic_8 endpoint=None crash_enabled=false
2026-09-28T17:20:29.290289Z  INFO mq_bench::roles::subscriber: Connected via transport engine=Redis
2026-09-28T17:20:29.291074Z  INFO mq_bench::roles::subscriber: Subscribed to key expression key=topic_8
2026-09-28T17:20:35.958239Z  INFO mq_bench::roles::subscriber: Starting subscriber engine=Redis key=topic_8 endpoint=None crash_enabled=false
2026-09-28T17:20:35.958295Z  INFO mq_bench::roles::subscriber: Connected via transport engine=Redis
2026-09-28T17:20:35.959180Z  INFO mq_bench::roles::subscriber: Subscribed to key expression key=topic_8
2026-09-28T17:20:42.625963Z  INFO mq_bench::roles::subscriber: Starting subscriber engine=Redis key=topic_8 endpoint=None crash_enabled=false
2026-09-28T17:20:42.626012Z  INFO mq_bench::roles::subscriber: Connected via transport engine=Redis
2026-09-28T17:20:42.626947Z  INFO mq_bench::roles::subscriber: Subscribed to key expression key=topic_8
2026-09-28T17:20:49.293497Z  INFO mq_bench::roles::subscriber: Starting subscriber engine=Redis key=topic_8 endpoint=None crash_enabled=false
2026-09-28T17:20:49.293545Z  INFO mq_bench::roles::subscriber: Connected via transport engine=Redis
2026-09-28T17:20:49.294364Z  INFO mq_bench::roles::subscriber: Subscribed to key expression key=topic_8
2026-09-28T17:20:55.960974Z  INFO mq_bench::roles::subscriber: Starting subscriber engine=Redis key=topic_8 endpoint=None crash_enabled=false
2026-09-28T17:20:55.961017Z  INFO mq_bench::roles::subscriber: Connected via transport engine=Redis
2026-09-28T17:20:55.961782Z  INFO mq_bench::roles::subscriber: Subscribed to key expression key=topic_8
2026-09-28T17:21:02.627992Z  INFO mq_bench::roles::subscriber: Starting subscriber engine=Redis key=topic_8 endpoint=None crash_enabled=false
2026-09-28T17:21:02.628102Z  INFO mq_bench::roles::subscriber: Connected via transport engine=Redis
2026-09-28T17:21:02.628943Z  INFO mq_bench::roles::subscriber: Subscribed to key expression key=topic_8
