mq-bench starting with run_id: auto
Writing CSV output to: artifacts/fanout_bursty_20260928_171604_redis_p64_s1000_u10_bursty/fanout_singlesite/sub_7_5.csv
2026-09-28T17:20:02.567993Z  INFO mq_bench::roles::subscriber: Starting subscriber engine=Redis key=topic_7 endpoint=None crash_enabled=false
2026-09-28T17:20:02.568056Z  INFO mq_bench::roles::subscriber: Connected via transport engine=Redis
2026-09-28T17:20:02.568801Z  INFO mq_bench::roles::subscriber: Subscribed to key expression key=topic_7
2026-09-28T17:20:09.236597Z  INFO mq_bench::roles::subscriber: Starting subscriber engine=Redis key=topic_7 endpoint=None crash_enabled=false
2026-09-28T17:20:09.236714Z  INFO mq_bench::roles::subscriber: Connected via transport engine=Redis
2026-09-28T17:20:09.237534Z  INFO mq_bench::roles::subscriber: Subscribed to key expression key=topic_7
2026-09-28T17:20:15.904538Z  INFO mq_bench::roles::subscriber: Starting subscriber engine=Redis key=topic_7 endpoint=None crash_enabled=false
2026-09-28T17:20:15.904590Z  INFO mq_bench::roles::subscriber: Connected via transport engine=Redis
2026-09-28T17:20:15.905390Z  INFO mq_bench::roles::subscriber: Subscribed to key expression key=topic_7
2026-09-28T17:20:22.571772Z  INFO mq_bench::roles::subscriber: Starting subscriber engine=Redis key=topic_7 endpoint=None crash_enabled=false
2026-09-28T17:20:22.571819Z  INFO mq_bench::roles::subscriber: Connected via transport engine=Redis
2026-09-28T17:20:22.572594Z  INFO mq_bench::roles::subscriber: Subscribed to key expression key=topic_7
2026-09-28T17:20:29.239562Z  INFO mq_bench::roles::subscriber: Starting subscriber engine=Redis key=topic_7 endpoint=None crash_enabled=false
2026-09-28T17:20:29.239620Z  INFO mq_bench::roles::subscriber: Connected via transport engine=Redis
2026-09-28T17:20:29.240400Z  INFO mq_bench::roles::subscriber: Subscribed to key expression key=topic_7
2026-09-28T17:20:35.906773Z  INFO mq_bench::roles::subscriber: Starting subscriber engine=Redis key=topic_7 endpoint=None crash_enabled=false
2026-09-28T17:20:35.906820Z  INFO mq_bench::roles::subscriber: Connected via transport engine=Redis
2026-09-28T17:20:35.907582Z  INFO mq_bench::roles::subscriber: Subscribed to key expression key=topic_7
2026-09-28T17:20:42.573808Z  INFO mq_bench::roles::subscriber: Starting subscriber engine=Redis key=topic_7 endpoint=None crash_enabled=false
2026-09-28T17:20:42.573945Z  INFO mq_bench::roles::subscriber: Connected via transport engine=Redis
2026-09-28T17:20:42.580336Z  INFO mq_bench::roles::subscriber: Subscribed to key expression key=topic_7
2026-09-28T17:20:49.240941Z  INFO mq_bench::roles::subscriber: Starting subscriber engine=Redis key=topic_7 endpoint=None crash_enabled=false
2026-09-28T17:20:49.240987Z  INFO mq_bench::roles::subscriber: Connected via transport engine=Redis
2026-09-28T17:20:49.241784Z  INFO mq_bench::roles::subscriber: Subscribed to key expression key=topic_7
2026-09-28T17:20:55.909393Z  INFO mq_bench::roles::subscriber: Starting subscriber engine=Redis key=topic_7 endpoint=None crash_enabled=false
2026-09-28T17:20:55.909454Z  INFO mq_bench::roles::subscriber: Connected via transport engine=Redis
2026-09-28T17:20:55.910211Z  INFO mq_bench::roles::subscriber: Subscribed to key expression key=topic_7
2026-09-28T17:21:02.577353Z  INFO mq_bench::roles::subscriber: Starting subscriber engine=Redis key=topic_7 endpoint=None crash_enabled=false
2026-09-28T17:21:02.577398Z  INFO mq_bench::roles::subscriber: Connected via transport engine=Redis
2026-09-28T17:21:02.578194Z  INFO mq_bench::roles::subscriber: Subscribed to key expression key=topic_7
