mq-bench starting with run_id: auto
Writing CSV output to: artifacts/fanout_bursty_20260928_175835_mqtt_hivemq_p64_s1000_u10_bursty/fanout_singlesite/sub_6_5.csv
2026-09-28T17:58:35.785745Z  INFO mq_bench::roles::subscriber: Starting subscriber engine=Mqtt key=topic_6 endpoint=None crash_enabled=false
2026-09-28T17:58:35.785790Z  INFO mq_bench::roles::subscriber: Connected via transport engine=Mqtt
2026-09-28T17:58:35.891504Z  INFO mq_bench::roles::subscriber: Subscribed to key expression key=topic_6
2026-09-28T17:58:42.454213Z  INFO mq_bench::roles::subscriber: Starting subscriber engine=Mqtt key=topic_6 endpoint=None crash_enabled=false
2026-09-28T17:58:42.454311Z  INFO mq_bench::roles::subscriber: Connected via transport engine=Mqtt
2026-09-28T17:58:42.457869Z  INFO mq_bench::roles::subscriber: Subscribed to key expression key=topic_6
2026-09-28T17:58:49.121777Z  INFO mq_bench::roles::subscriber: Starting subscriber engine=Mqtt key=topic_6 endpoint=None crash_enabled=false
2026-09-28T17:58:49.121861Z  INFO mq_bench::roles::subscriber: Connected via transport engine=Mqtt
2026-09-28T17:58:49.129684Z  INFO mq_bench::roles::subscriber: Subscribed to key expression key=topic_6
2026-09-28T17:58:55.789880Z  INFO mq_bench::roles::subscriber: Starting subscriber engine=Mqtt key=topic_6 endpoint=None crash_enabled=false
2026-09-28T17:58:55.789957Z  INFO mq_bench::roles::subscriber: Connected via transport engine=Mqtt
2026-09-28T17:58:55.796641Z  INFO mq_bench::roles::subscriber: Subscribed to key expression key=topic_6
2026-09-28T17:59:02.457491Z  INFO mq_bench::roles::subscriber: Starting subscriber engine=Mqtt key=topic_6 endpoint=None crash_enabled=false
2026-09-28T17:59:02.457571Z  INFO mq_bench::roles::subscriber: Connected via transport engine=Mqtt
2026-09-28T17:59:02.461740Z  INFO mq_bench::roles::subscriber: Subscribed to key expression key=topic_6
2026-09-28T17:59:09.124503Z  INFO mq_bench::roles::subscriber: Starting subscriber engine=Mqtt key=topic_6 endpoint=None crash_enabled=false
2026-09-28T17:59:09.124547Z  INFO mq_bench::roles::subscriber: Connected via transport engine=Mqtt
2026-09-28T17:59:09.128487Z  INFO mq_bench::roles::subscriber: Subscribed to key expression key=topic_6
2026-09-28T17:59:15.791589Z  INFO mq_bench::roles::subscriber: Starting subscriber engine=Mqtt key=topic_6 endpoint=None crash_enabled=false
2026-09-28T17:59:15.791627Z  INFO mq_bench::roles::subscriber: Connected via transport engine=Mqtt
2026-09-28T17:59:15.795574Z  INFO mq_bench::roles::subscriber: Subscribed to key expression key=topic_6
2026-09-28T17:59:22.458503Z  INFO mq_bench::roles::subscriber: Starting subscriber engine=Mqtt key=topic_6 endpoint=None crash_enabled=false
2026-09-28T17:59:22.458563Z  INFO mq_bench::roles::subscriber: Connected via transport engine=Mqtt
2026-09-28T17:59:22.464014Z  INFO mq_bench::roles::subscriber: Subscribed to key expression key=topic_6
2026-09-28T17:59:29.125591Z  INFO mq_bench::roles::subscriber: Starting subscriber engine=Mqtt key=topic_6 endpoint=None crash_enabled=false
2026-09-28T17:59:29.125630Z  INFO mq_bench::roles::subscriber: Connected via transport engine=Mqtt
2026-09-28T17:59:29.128861Z  INFO mq_bench::roles::subscriber: Subscribed to key expression key=topic_6
2026-09-28T17:59:35.793397Z  INFO mq_bench::roles::subscriber: Starting subscriber engine=Mqtt key=topic_6 endpoint=None crash_enabled=false
2026-09-28T17:59:35.793436Z  INFO mq_bench::roles::subscriber: Connected via transport engine=Mqtt
2026-09-28T17:59:35.796531Z  INFO mq_bench::roles::subscriber: Subscribed to key expression key=topic_6
2026-09-28T18:09:50.770182Z  WARN mq_bench::transport::mqtt: MQTT subscription eventloop error; continuing poll loop client_id=sub-mqb-5bfe15c8e69e4235-90304d0f88374d448cfca3fb758b254d error=Mqtt state: Connection closed by peer abruptly
2026-09-28T18:09:50.770882Z  WARN mq_bench::transport::mqtt: MQTT subscription eventloop error; continuing poll loop client_id=sub-mqb-5bfe15c8e69e4235-2d3ff180988d4bf79279349694fa49ae error=Mqtt state: Connection closed by peer abruptly
2026-09-28T18:09:50.771849Z  WARN mq_bench::transport::mqtt: MQTT subscription eventloop error; continuing poll loop client_id=sub-mqb-5bfe15c8e69e4235-f9f641be6bb64641ab19fca714c3dd28 error=Mqtt state: Connection closed by peer abruptly
2026-09-28T18:09:50.772788Z  WARN mq_bench::transport::mqtt: MQTT subscription eventloop error; continuing poll loop client_id=sub-mqb-5bfe15c8e69e4235-0ce4d6b97f6f4ec5970a5b3a90c469b4 error=Mqtt state: Connection closed by peer abruptly
2026-09-28T18:09:50.773484Z  WARN mq_bench::transport::mqtt: MQTT subscription eventloop error; continuing poll loop client_id=sub-mqb-5bfe15c8e69e4235-f09e9d9a3b624c6abfff6647b39e5722 error=Mqtt state: Connection closed by peer abruptly
2026-09-28T18:09:50.774602Z  WARN mq_bench::transport::mqtt: MQTT subscription eventloop error; continuing poll loop client_id=sub-mqb-5bfe15c8e69e4235-322f6d9ca6f345be9ba38b7773731f92 error=Mqtt state: Connection closed by peer abruptly
2026-09-28T18:09:50.775469Z  WARN mq_bench::transport::mqtt: MQTT subscription eventloop error; continuing poll loop client_id=sub-mqb-5bfe15c8e69e4235-fd50b0b652ae44388577891fdcf176b5 error=Mqtt state: Connection closed by peer abruptly
2026-09-28T18:09:50.776435Z  WARN mq_bench::transport::mqtt: MQTT subscription eventloop error; continuing poll loop client_id=sub-mqb-5bfe15c8e69e4235-2ea9f378e2ca4630a6f9e6c446d621f0 error=Mqtt state: Mqtt serialization/deserialization error: IO: Connection reset by peer (os error 104)
2026-09-28T18:09:50.777586Z  WARN mq_bench::transport::mqtt: MQTT subscription eventloop error; continuing poll loop client_id=sub-mqb-5bfe15c8e69e4235-e404f3b2f4e34447989becd4c5203fe9 error=Mqtt state: Connection closed by peer abruptly
2026-09-28T18:09:50.778567Z  WARN mq_bench::transport::mqtt: MQTT subscription eventloop error; continuing poll loop client_id=sub-mqb-5bfe15c8e69e4235-9a4c4a093c064400865f0d3e273dd2cd error=Mqtt state: Connection closed by peer abruptly
