mq-bench starting with run_id: auto
Writing CSV output to: artifacts/fanout_bursty_20260928_175835_mqtt_hivemq_p64_s1000_u10_bursty/fanout_singlesite/sub_4_1.csv
2026-09-28T17:58:35.695668Z  INFO mq_bench::roles::subscriber: Starting subscriber engine=Mqtt key=topic_4 endpoint=None crash_enabled=false
2026-09-28T17:58:35.695719Z  INFO mq_bench::roles::subscriber: Connected via transport engine=Mqtt
2026-09-28T17:58:35.899009Z  INFO mq_bench::roles::subscriber: Subscribed to key expression key=topic_4
2026-09-28T17:58:42.363811Z  INFO mq_bench::roles::subscriber: Starting subscriber engine=Mqtt key=topic_4 endpoint=None crash_enabled=false
2026-09-28T17:58:42.363911Z  INFO mq_bench::roles::subscriber: Connected via transport engine=Mqtt
2026-09-28T17:58:42.367748Z  INFO mq_bench::roles::subscriber: Subscribed to key expression key=topic_4
2026-09-28T17:58:49.031719Z  INFO mq_bench::roles::subscriber: Starting subscriber engine=Mqtt key=topic_4 endpoint=None crash_enabled=false
2026-09-28T17:58:49.031818Z  INFO mq_bench::roles::subscriber: Connected via transport engine=Mqtt
2026-09-28T17:58:49.039234Z  INFO mq_bench::roles::subscriber: Subscribed to key expression key=topic_4
2026-09-28T17:58:55.699636Z  INFO mq_bench::roles::subscriber: Starting subscriber engine=Mqtt key=topic_4 endpoint=None crash_enabled=false
2026-09-28T17:58:55.699683Z  INFO mq_bench::roles::subscriber: Connected via transport engine=Mqtt
2026-09-28T17:58:55.707302Z  INFO mq_bench::roles::subscriber: Subscribed to key expression key=topic_4
2026-09-28T17:59:02.367557Z  INFO mq_bench::roles::subscriber: Starting subscriber engine=Mqtt key=topic_4 endpoint=None crash_enabled=false
2026-09-28T17:59:02.367642Z  INFO mq_bench::roles::subscriber: Connected via transport engine=Mqtt
2026-09-28T17:59:02.373026Z  INFO mq_bench::roles::subscriber: Subscribed to key expression key=topic_4
2026-09-28T17:59:09.034996Z  INFO mq_bench::roles::subscriber: Starting subscriber engine=Mqtt key=topic_4 endpoint=None crash_enabled=false
2026-09-28T17:59:09.035048Z  INFO mq_bench::roles::subscriber: Connected via transport engine=Mqtt
2026-09-28T17:59:09.039965Z  INFO mq_bench::roles::subscriber: Subscribed to key expression key=topic_4
2026-09-28T17:59:15.702981Z  INFO mq_bench::roles::subscriber: Starting subscriber engine=Mqtt key=topic_4 endpoint=None crash_enabled=false
2026-09-28T17:59:15.703025Z  INFO mq_bench::roles::subscriber: Connected via transport engine=Mqtt
2026-09-28T17:59:15.707394Z  INFO mq_bench::roles::subscriber: Subscribed to key expression key=topic_4
2026-09-28T17:59:22.371057Z  INFO mq_bench::roles::subscriber: Starting subscriber engine=Mqtt key=topic_4 endpoint=None crash_enabled=false
2026-09-28T17:59:22.371131Z  INFO mq_bench::roles::subscriber: Connected via transport engine=Mqtt
2026-09-28T17:59:22.384995Z  INFO mq_bench::roles::subscriber: Subscribed to key expression key=topic_4
2026-09-28T17:59:29.039271Z  INFO mq_bench::roles::subscriber: Starting subscriber engine=Mqtt key=topic_4 endpoint=None crash_enabled=false
2026-09-28T17:59:29.039314Z  INFO mq_bench::roles::subscriber: Connected via transport engine=Mqtt
2026-09-28T17:59:29.044493Z  INFO mq_bench::roles::subscriber: Subscribed to key expression key=topic_4
2026-09-28T17:59:35.707007Z  INFO mq_bench::roles::subscriber: Starting subscriber engine=Mqtt key=topic_4 endpoint=None crash_enabled=false
2026-09-28T17:59:35.707052Z  INFO mq_bench::roles::subscriber: Connected via transport engine=Mqtt
2026-09-28T17:59:35.712023Z  INFO mq_bench::roles::subscriber: Subscribed to key expression key=topic_4
2026-09-28T18:09:50.770494Z  WARN mq_bench::transport::mqtt: MQTT subscription eventloop error; continuing poll loop client_id=sub-mqb-5bfe13c8e69e3ecf-15b7b406416c48908c1bf2cdfe31fcef error=Mqtt state: Connection closed by peer abruptly
2026-09-28T18:09:50.771076Z  WARN mq_bench::transport::mqtt: MQTT subscription eventloop error; continuing poll loop client_id=sub-mqb-5bfe13c8e69e3ecf-1f67f2a2c6034aaabb8af4a2e0f48513 error=Mqtt state: Connection closed by peer abruptly
2026-09-28T18:09:50.772091Z  WARN mq_bench::transport::mqtt: MQTT subscription eventloop error; continuing poll loop client_id=sub-mqb-5bfe13c8e69e3ecf-f7068555ea2b445386db5e47673e3bb8 error=Mqtt state: Connection closed by peer abruptly
2026-09-28T18:09:50.772987Z  WARN mq_bench::transport::mqtt: MQTT subscription eventloop error; continuing poll loop client_id=sub-mqb-5bfe13c8e69e3ecf-cbf1ecc1bd344aed84875c67a6462c8c error=Mqtt state: Connection closed by peer abruptly
2026-09-28T18:09:50.773757Z  WARN mq_bench::transport::mqtt: MQTT subscription eventloop error; continuing poll loop client_id=sub-mqb-5bfe13c8e69e3ecf-653929a77c114bf79828f604b2f2ee46 error=Mqtt state: Connection closed by peer abruptly
2026-09-28T18:09:50.774681Z  WARN mq_bench::transport::mqtt: MQTT subscription eventloop error; continuing poll loop client_id=sub-mqb-5bfe13c8e69e3ecf-266104f6eb1b4d82ba4f03618250baef error=Mqtt state: Connection closed by peer abruptly
2026-09-28T18:09:50.775502Z  WARN mq_bench::transport::mqtt: MQTT subscription eventloop error; continuing poll loop client_id=sub-mqb-5bfe13c8e69e3ecf-59698deddcfb43aba2c587154683bb08 error=Mqtt state: Connection closed by peer abruptly
2026-09-28T18:09:50.776538Z  WARN mq_bench::transport::mqtt: MQTT subscription eventloop error; continuing poll loop client_id=sub-mqb-5bfe13c8e69e3ecf-20a0bc349e4b4e0dac762c0b409a71ed error=Mqtt state: Mqtt serialization/deserialization error: IO: Connection reset by peer (os error 104)
2026-09-28T18:09:50.777724Z  WARN mq_bench::transport::mqtt: MQTT subscription eventloop error; continuing poll loop client_id=sub-mqb-5bfe13c8e69e3ecf-3977cdde405e49d19cd2f6f1965f0de1 error=Mqtt state: Connection closed by peer abruptly
2026-09-28T18:09:50.778617Z  WARN mq_bench::transport::mqtt: MQTT subscription eventloop error; continuing poll loop client_id=sub-mqb-5bfe13c8e69e3ecf-b16ef1faf77b4ca7b412909b49fd6c54 error=Mqtt state: Connection closed by peer abruptly
