mq-bench starting with run_id: auto
Writing CSV output to: artifacts/fanout_bursty_20260928_175835_mqtt_hivemq_p64_s1000_u10_bursty/fanout_singlesite/sub_3_7.csv
2026-09-28T17:58:35.680726Z  INFO mq_bench::roles::subscriber: Starting subscriber engine=Mqtt key=topic_3 endpoint=None crash_enabled=false
2026-09-28T17:58:35.680857Z  INFO mq_bench::roles::subscriber: Connected via transport engine=Mqtt
2026-09-28T17:58:35.898086Z  INFO mq_bench::roles::subscriber: Subscribed to key expression key=topic_3
2026-09-28T17:58:42.347727Z  INFO mq_bench::roles::subscriber: Starting subscriber engine=Mqtt key=topic_3 endpoint=None crash_enabled=false
2026-09-28T17:58:42.347808Z  INFO mq_bench::roles::subscriber: Connected via transport engine=Mqtt
2026-09-28T17:58:42.352709Z  INFO mq_bench::roles::subscriber: Subscribed to key expression key=topic_3
2026-09-28T17:58:49.015087Z  INFO mq_bench::roles::subscriber: Starting subscriber engine=Mqtt key=topic_3 endpoint=None crash_enabled=false
2026-09-28T17:58:49.015178Z  INFO mq_bench::roles::subscriber: Connected via transport engine=Mqtt
2026-09-28T17:58:49.021073Z  INFO mq_bench::roles::subscriber: Subscribed to key expression key=topic_3
2026-09-28T17:58:55.683552Z  INFO mq_bench::roles::subscriber: Starting subscriber engine=Mqtt key=topic_3 endpoint=None crash_enabled=false
2026-09-28T17:58:55.683651Z  INFO mq_bench::roles::subscriber: Connected via transport engine=Mqtt
2026-09-28T17:58:55.687955Z  INFO mq_bench::roles::subscriber: Subscribed to key expression key=topic_3
2026-09-28T17:59:02.350995Z  INFO mq_bench::roles::subscriber: Starting subscriber engine=Mqtt key=topic_3 endpoint=None crash_enabled=false
2026-09-28T17:59:02.351034Z  INFO mq_bench::roles::subscriber: Connected via transport engine=Mqtt
2026-09-28T17:59:02.357249Z  INFO mq_bench::roles::subscriber: Subscribed to key expression key=topic_3
2026-09-28T17:59:09.018988Z  INFO mq_bench::roles::subscriber: Starting subscriber engine=Mqtt key=topic_3 endpoint=None crash_enabled=false
2026-09-28T17:59:09.019031Z  INFO mq_bench::roles::subscriber: Connected via transport engine=Mqtt
2026-09-28T17:59:09.025959Z  INFO mq_bench::roles::subscriber: Subscribed to key expression key=topic_3
2026-09-28T17:59:15.686885Z  INFO mq_bench::roles::subscriber: Starting subscriber engine=Mqtt key=topic_3 endpoint=None crash_enabled=false
2026-09-28T17:59:15.686956Z  INFO mq_bench::roles::subscriber: Connected via transport engine=Mqtt
2026-09-28T17:59:15.690469Z  INFO mq_bench::roles::subscriber: Subscribed to key expression key=topic_3
2026-09-28T17:59:22.355259Z  INFO mq_bench::roles::subscriber: Starting subscriber engine=Mqtt key=topic_3 endpoint=None crash_enabled=false
2026-09-28T17:59:22.355315Z  INFO mq_bench::roles::subscriber: Connected via transport engine=Mqtt
2026-09-28T17:59:22.362037Z  INFO mq_bench::roles::subscriber: Subscribed to key expression key=topic_3
2026-09-28T17:59:29.023270Z  INFO mq_bench::roles::subscriber: Starting subscriber engine=Mqtt key=topic_3 endpoint=None crash_enabled=false
2026-09-28T17:59:29.023315Z  INFO mq_bench::roles::subscriber: Connected via transport engine=Mqtt
2026-09-28T17:59:29.027073Z  INFO mq_bench::roles::subscriber: Subscribed to key expression key=topic_3
2026-09-28T17:59:35.690652Z  INFO mq_bench::roles::subscriber: Starting subscriber engine=Mqtt key=topic_3 endpoint=None crash_enabled=false
2026-09-28T17:59:35.690712Z  INFO mq_bench::roles::subscriber: Connected via transport engine=Mqtt
2026-09-28T17:59:35.694551Z  INFO mq_bench::roles::subscriber: Subscribed to key expression key=topic_3
2026-09-28T18:09:50.770296Z  WARN mq_bench::transport::mqtt: MQTT subscription eventloop error; continuing poll loop client_id=sub-mqb-5bfe10c8e69e39b6-45ad3af01c13411e8b4623941694762c error=Mqtt state: Connection closed by peer abruptly
2026-09-28T18:09:50.771083Z  WARN mq_bench::transport::mqtt: MQTT subscription eventloop error; continuing poll loop client_id=sub-mqb-5bfe10c8e69e39b6-822babfde16644f8b0f5e0ae538127c6 error=Mqtt state: Connection closed by peer abruptly
2026-09-28T18:09:50.772125Z  WARN mq_bench::transport::mqtt: MQTT subscription eventloop error; continuing poll loop client_id=sub-mqb-5bfe10c8e69e39b6-53fc5752de474d3daf2ad3948c3691a7 error=Mqtt state: Connection closed by peer abruptly
2026-09-28T18:09:50.773017Z  WARN mq_bench::transport::mqtt: MQTT subscription eventloop error; continuing poll loop client_id=sub-mqb-5bfe10c8e69e39b6-35802713160a4e76a95168ae78e5c250 error=Mqtt state: Connection closed by peer abruptly
2026-09-28T18:09:50.773784Z  WARN mq_bench::transport::mqtt: MQTT subscription eventloop error; continuing poll loop client_id=sub-mqb-5bfe10c8e69e39b6-3c7d987b164742c0b5c0cee71bd6d138 error=Mqtt state: Connection closed by peer abruptly
2026-09-28T18:09:50.774711Z  WARN mq_bench::transport::mqtt: MQTT subscription eventloop error; continuing poll loop client_id=sub-mqb-5bfe10c8e69e39b6-4e5c26d2f1994d88b02007612034f2ab error=Mqtt state: Connection closed by peer abruptly
2026-09-28T18:09:50.775519Z  WARN mq_bench::transport::mqtt: MQTT subscription eventloop error; continuing poll loop client_id=sub-mqb-5bfe10c8e69e39b6-287c6527ce0d4bd481bcac6abc866787 error=Mqtt state: Connection closed by peer abruptly
2026-09-28T18:09:50.776595Z  WARN mq_bench::transport::mqtt: MQTT subscription eventloop error; continuing poll loop client_id=sub-mqb-5bfe10c8e69e39b6-b5dae67eaa614906ad39ad9268819180 error=Mqtt state: Mqtt serialization/deserialization error: IO: Connection reset by peer (os error 104)
2026-09-28T18:09:50.777760Z  WARN mq_bench::transport::mqtt: MQTT subscription eventloop error; continuing poll loop client_id=sub-mqb-5bfe10c8e69e39b6-2d9d4cc60d8d439abb2cba593880f4b1 error=Mqtt state: Connection closed by peer abruptly
2026-09-28T18:09:50.778670Z  WARN mq_bench::transport::mqtt: MQTT subscription eventloop error; continuing poll loop client_id=sub-mqb-5bfe10c8e69e39b6-dab74d4280ea4e21bdb2bf4ca1fd0545 error=Mqtt state: Connection closed by peer abruptly
