mq-bench starting with run_id: auto
Writing CSV output to: artifacts/fanout_bursty_20260928_175835_mqtt_hivemq_p64_s1000_u10_bursty/fanout_singlesite/sub_1_7.csv
2026-09-28T17:58:35.606789Z  INFO mq_bench::roles::subscriber: Starting subscriber engine=Mqtt key=topic_1 endpoint=None crash_enabled=false
2026-09-28T17:58:35.606843Z  INFO mq_bench::roles::subscriber: Connected via transport engine=Mqtt
2026-09-28T17:58:35.908703Z  INFO mq_bench::roles::subscriber: Subscribed to key expression key=topic_1
2026-09-28T17:58:42.274489Z  INFO mq_bench::roles::subscriber: Starting subscriber engine=Mqtt key=topic_1 endpoint=None crash_enabled=false
2026-09-28T17:58:42.274591Z  INFO mq_bench::roles::subscriber: Connected via transport engine=Mqtt
2026-09-28T17:58:42.290299Z  INFO mq_bench::roles::subscriber: Subscribed to key expression key=topic_1
2026-09-28T17:58:48.942217Z  INFO mq_bench::roles::subscriber: Starting subscriber engine=Mqtt key=topic_1 endpoint=None crash_enabled=false
2026-09-28T17:58:48.942298Z  INFO mq_bench::roles::subscriber: Connected via transport engine=Mqtt
2026-09-28T17:58:48.954285Z  INFO mq_bench::roles::subscriber: Subscribed to key expression key=topic_1
2026-09-28T17:58:55.609486Z  INFO mq_bench::roles::subscriber: Starting subscriber engine=Mqtt key=topic_1 endpoint=None crash_enabled=false
2026-09-28T17:58:55.609528Z  INFO mq_bench::roles::subscriber: Connected via transport engine=Mqtt
2026-09-28T17:58:55.616267Z  INFO mq_bench::roles::subscriber: Subscribed to key expression key=topic_1
2026-09-28T17:59:02.276427Z  INFO mq_bench::roles::subscriber: Starting subscriber engine=Mqtt key=topic_1 endpoint=None crash_enabled=false
2026-09-28T17:59:02.276502Z  INFO mq_bench::roles::subscriber: Connected via transport engine=Mqtt
2026-09-28T17:59:02.281758Z  INFO mq_bench::roles::subscriber: Subscribed to key expression key=topic_1
2026-09-28T17:59:08.943976Z  INFO mq_bench::roles::subscriber: Starting subscriber engine=Mqtt key=topic_1 endpoint=None crash_enabled=false
2026-09-28T17:59:08.944015Z  INFO mq_bench::roles::subscriber: Connected via transport engine=Mqtt
2026-09-28T17:59:08.950394Z  INFO mq_bench::roles::subscriber: Subscribed to key expression key=topic_1
2026-09-28T17:59:15.611597Z  INFO mq_bench::roles::subscriber: Starting subscriber engine=Mqtt key=topic_1 endpoint=None crash_enabled=false
2026-09-28T17:59:15.611638Z  INFO mq_bench::roles::subscriber: Connected via transport engine=Mqtt
2026-09-28T17:59:15.615287Z  INFO mq_bench::roles::subscriber: Subscribed to key expression key=topic_1
2026-09-28T17:59:22.279020Z  INFO mq_bench::roles::subscriber: Starting subscriber engine=Mqtt key=topic_1 endpoint=None crash_enabled=false
2026-09-28T17:59:22.279066Z  INFO mq_bench::roles::subscriber: Connected via transport engine=Mqtt
2026-09-28T17:59:22.285511Z  INFO mq_bench::roles::subscriber: Subscribed to key expression key=topic_1
2026-09-28T17:59:28.946502Z  INFO mq_bench::roles::subscriber: Starting subscriber engine=Mqtt key=topic_1 endpoint=None crash_enabled=false
2026-09-28T17:59:28.946543Z  INFO mq_bench::roles::subscriber: Connected via transport engine=Mqtt
2026-09-28T17:59:28.950240Z  INFO mq_bench::roles::subscriber: Subscribed to key expression key=topic_1
2026-09-28T17:59:35.614103Z  INFO mq_bench::roles::subscriber: Starting subscriber engine=Mqtt key=topic_1 endpoint=None crash_enabled=false
2026-09-28T17:59:35.614145Z  INFO mq_bench::roles::subscriber: Connected via transport engine=Mqtt
2026-09-28T17:59:35.618178Z  INFO mq_bench::roles::subscriber: Subscribed to key expression key=topic_1
2026-09-28T18:09:50.770463Z  WARN mq_bench::transport::mqtt: MQTT subscription eventloop error; continuing poll loop client_id=sub-mqb-5bfe0ec8e69e3650-ab3d080c533241beabd5a874939d4c27 error=Mqtt state: Connection closed by peer abruptly
2026-09-28T18:09:50.771408Z  WARN mq_bench::transport::mqtt: MQTT subscription eventloop error; continuing poll loop client_id=sub-mqb-5bfe0ec8e69e3650-16cdac2c2bd24d4083512fd7e918ec78 error=Mqtt state: Connection closed by peer abruptly
2026-09-28T18:09:50.772329Z  WARN mq_bench::transport::mqtt: MQTT subscription eventloop error; continuing poll loop client_id=sub-mqb-5bfe0ec8e69e3650-2a34147a3cd1418fbb7c47154204278a error=Mqtt state: Connection closed by peer abruptly
2026-09-28T18:09:50.773142Z  WARN mq_bench::transport::mqtt: MQTT subscription eventloop error; continuing poll loop client_id=sub-mqb-5bfe0ec8e69e3650-31d0662b076846f09458df760bb77cfe error=Mqtt state: Connection closed by peer abruptly
2026-09-28T18:09:50.774054Z  WARN mq_bench::transport::mqtt: MQTT subscription eventloop error; continuing poll loop client_id=sub-mqb-5bfe0ec8e69e3650-8910e78ead0046df83fec0a0fbfad09e error=Mqtt state: Connection closed by peer abruptly
2026-09-28T18:09:50.774998Z  WARN mq_bench::transport::mqtt: MQTT subscription eventloop error; continuing poll loop client_id=sub-mqb-5bfe0ec8e69e3650-e0a645ca21184c509ab19f6683aafa51 error=Mqtt state: Connection closed by peer abruptly
2026-09-28T18:09:50.775763Z  WARN mq_bench::transport::mqtt: MQTT subscription eventloop error; continuing poll loop client_id=sub-mqb-5bfe0ec8e69e3650-df65376766bc4660a7531b7fe0dde267 error=Mqtt state: Connection closed by peer abruptly
2026-09-28T18:09:50.776800Z  WARN mq_bench::transport::mqtt: MQTT subscription eventloop error; continuing poll loop client_id=sub-mqb-5bfe0ec8e69e3650-9612ad04cc1e43d4a6ed47d6e11910fd error=Mqtt state: Mqtt serialization/deserialization error: IO: Connection reset by peer (os error 104)
2026-09-28T18:09:50.778023Z  WARN mq_bench::transport::mqtt: MQTT subscription eventloop error; continuing poll loop client_id=sub-mqb-5bfe0ec8e69e3650-4dc6d315e66145f5afae7bcbdc736507 error=Mqtt state: Connection closed by peer abruptly
2026-09-28T18:09:50.778794Z  WARN mq_bench::transport::mqtt: MQTT subscription eventloop error; continuing poll loop client_id=sub-mqb-5bfe0ec8e69e3650-be53005d95fd4bee8d0e6f3e42db5e4c error=Mqtt state: Connection closed by peer abruptly
