mq-bench starting with run_id: auto
Writing CSV output to: artifacts/fanout_bursty_20260928_175835_mqtt_hivemq_p64_s1000_u10_bursty/fanout_singlesite/sub_1_8.csv
2026-09-28T17:58:35.610435Z  INFO mq_bench::roles::subscriber: Starting subscriber engine=Mqtt key=topic_1 endpoint=None crash_enabled=false
2026-09-28T17:58:35.610581Z  INFO mq_bench::roles::subscriber: Connected via transport engine=Mqtt
2026-09-28T17:58:35.889478Z  INFO mq_bench::roles::subscriber: Subscribed to key expression key=topic_1
2026-09-28T17:58:42.278607Z  INFO mq_bench::roles::subscriber: Starting subscriber engine=Mqtt key=topic_1 endpoint=None crash_enabled=false
2026-09-28T17:58:42.278704Z  INFO mq_bench::roles::subscriber: Connected via transport engine=Mqtt
2026-09-28T17:58:42.299810Z  INFO mq_bench::roles::subscriber: Subscribed to key expression key=topic_1
2026-09-28T17:58:48.946732Z  INFO mq_bench::roles::subscriber: Starting subscriber engine=Mqtt key=topic_1 endpoint=None crash_enabled=false
2026-09-28T17:58:48.946808Z  INFO mq_bench::roles::subscriber: Connected via transport engine=Mqtt
2026-09-28T17:58:48.953447Z  INFO mq_bench::roles::subscriber: Subscribed to key expression key=topic_1
2026-09-28T17:58:55.614742Z  INFO mq_bench::roles::subscriber: Starting subscriber engine=Mqtt key=topic_1 endpoint=None crash_enabled=false
2026-09-28T17:58:55.614793Z  INFO mq_bench::roles::subscriber: Connected via transport engine=Mqtt
2026-09-28T17:58:55.622184Z  INFO mq_bench::roles::subscriber: Subscribed to key expression key=topic_1
2026-09-28T17:59:02.282059Z  INFO mq_bench::roles::subscriber: Starting subscriber engine=Mqtt key=topic_1 endpoint=None crash_enabled=false
2026-09-28T17:59:02.282105Z  INFO mq_bench::roles::subscriber: Connected via transport engine=Mqtt
2026-09-28T17:59:02.287439Z  INFO mq_bench::roles::subscriber: Subscribed to key expression key=topic_1
2026-09-28T17:59:08.949412Z  INFO mq_bench::roles::subscriber: Starting subscriber engine=Mqtt key=topic_1 endpoint=None crash_enabled=false
2026-09-28T17:59:08.949462Z  INFO mq_bench::roles::subscriber: Connected via transport engine=Mqtt
2026-09-28T17:59:08.955256Z  INFO mq_bench::roles::subscriber: Subscribed to key expression key=topic_1
2026-09-28T17:59:15.617316Z  INFO mq_bench::roles::subscriber: Starting subscriber engine=Mqtt key=topic_1 endpoint=None crash_enabled=false
2026-09-28T17:59:15.617356Z  INFO mq_bench::roles::subscriber: Connected via transport engine=Mqtt
2026-09-28T17:59:15.623017Z  INFO mq_bench::roles::subscriber: Subscribed to key expression key=topic_1
2026-09-28T17:59:22.285135Z  INFO mq_bench::roles::subscriber: Starting subscriber engine=Mqtt key=topic_1 endpoint=None crash_enabled=false
2026-09-28T17:59:22.285184Z  INFO mq_bench::roles::subscriber: Connected via transport engine=Mqtt
2026-09-28T17:59:22.289519Z  INFO mq_bench::roles::subscriber: Subscribed to key expression key=topic_1
2026-09-28T17:59:28.953664Z  INFO mq_bench::roles::subscriber: Starting subscriber engine=Mqtt key=topic_1 endpoint=None crash_enabled=false
2026-09-28T17:59:28.953704Z  INFO mq_bench::roles::subscriber: Connected via transport engine=Mqtt
2026-09-28T17:59:28.957737Z  INFO mq_bench::roles::subscriber: Subscribed to key expression key=topic_1
2026-09-28T17:59:35.621530Z  INFO mq_bench::roles::subscriber: Starting subscriber engine=Mqtt key=topic_1 endpoint=None crash_enabled=false
2026-09-28T17:59:35.621578Z  INFO mq_bench::roles::subscriber: Connected via transport engine=Mqtt
2026-09-28T17:59:35.625227Z  INFO mq_bench::roles::subscriber: Subscribed to key expression key=topic_1
2026-09-28T18:09:50.770452Z  WARN mq_bench::transport::mqtt: MQTT subscription eventloop error; continuing poll loop client_id=sub-mqb-5bfe0ec8e69e3650-ebe24aa9f1854895a4e0415895022088 error=Mqtt state: Connection closed by peer abruptly
2026-09-28T18:09:50.771298Z  WARN mq_bench::transport::mqtt: MQTT subscription eventloop error; continuing poll loop client_id=sub-mqb-5bfe0ec8e69e3650-87ac2e65780b4c00a8536b4428e088c0 error=Mqtt state: Connection closed by peer abruptly
2026-09-28T18:09:50.772266Z  WARN mq_bench::transport::mqtt: MQTT subscription eventloop error; continuing poll loop client_id=sub-mqb-5bfe0ec8e69e3650-d1885274b47143c9a685cfa80c59c353 error=Mqtt state: Connection closed by peer abruptly
2026-09-28T18:09:50.773144Z  WARN mq_bench::transport::mqtt: MQTT subscription eventloop error; continuing poll loop client_id=sub-mqb-5bfe0ec8e69e3650-8b66aa81a3a34900b1023f1cdf9a8bd7 error=Mqtt state: Connection closed by peer abruptly
2026-09-28T18:09:50.774033Z  WARN mq_bench::transport::mqtt: MQTT subscription eventloop error; continuing poll loop client_id=sub-mqb-5bfe0ec8e69e3650-15648b6aa6654c10a3c50932fc1b1fc1 error=Mqtt state: Connection closed by peer abruptly
2026-09-28T18:09:50.774983Z  WARN mq_bench::transport::mqtt: MQTT subscription eventloop error; continuing poll loop client_id=sub-mqb-5bfe0ec8e69e3650-2af1c50da5484d158effa580d7ea9242 error=Mqtt state: Connection closed by peer abruptly
2026-09-28T18:09:50.775756Z  WARN mq_bench::transport::mqtt: MQTT subscription eventloop error; continuing poll loop client_id=sub-mqb-5bfe0ec8e69e3650-912a7ce9147f4899acfa66cd18fe2709 error=Mqtt state: Connection closed by peer abruptly
2026-09-28T18:09:50.776761Z  WARN mq_bench::transport::mqtt: MQTT subscription eventloop error; continuing poll loop client_id=sub-mqb-5bfe0ec8e69e3650-8079301ed7eb4f2c9d8b22f94d046dff error=Mqtt state: Mqtt serialization/deserialization error: IO: Connection reset by peer (os error 104)
2026-09-28T18:09:50.778021Z  WARN mq_bench::transport::mqtt: MQTT subscription eventloop error; continuing poll loop client_id=sub-mqb-5bfe0ec8e69e3650-51d3c2fa1a8741e0bd8d94a144bef61a error=Mqtt state: Connection closed by peer abruptly
2026-09-28T18:09:50.778775Z  WARN mq_bench::transport::mqtt: MQTT subscription eventloop error; continuing poll loop client_id=sub-mqb-5bfe0ec8e69e3650-7447dc5122a54a9b8dfc1b017f4f2417 error=Mqtt state: Connection closed by peer abruptly
