mq-bench starting with run_id: auto
Writing CSV output to: artifacts/fanout_bursty_20260928_175835_mqtt_hivemq_p64_s1000_u10_bursty/fanout_singlesite/sub_6_9.csv
2026-09-28T17:58:35.800359Z  INFO mq_bench::roles::subscriber: Starting subscriber engine=Mqtt key=topic_6 endpoint=None crash_enabled=false
2026-09-28T17:58:35.800402Z  INFO mq_bench::roles::subscriber: Connected via transport engine=Mqtt
2026-09-28T17:58:35.894115Z  INFO mq_bench::roles::subscriber: Subscribed to key expression key=topic_6
2026-09-28T17:58:42.467287Z  INFO mq_bench::roles::subscriber: Starting subscriber engine=Mqtt key=topic_6 endpoint=None crash_enabled=false
2026-09-28T17:58:42.467388Z  INFO mq_bench::roles::subscriber: Connected via transport engine=Mqtt
2026-09-28T17:58:42.474769Z  INFO mq_bench::roles::subscriber: Subscribed to key expression key=topic_6
2026-09-28T17:58:49.134759Z  INFO mq_bench::roles::subscriber: Starting subscriber engine=Mqtt key=topic_6 endpoint=None crash_enabled=false
2026-09-28T17:58:49.134845Z  INFO mq_bench::roles::subscriber: Connected via transport engine=Mqtt
2026-09-28T17:58:49.139569Z  INFO mq_bench::roles::subscriber: Subscribed to key expression key=topic_6
2026-09-28T17:58:55.802189Z  INFO mq_bench::roles::subscriber: Starting subscriber engine=Mqtt key=topic_6 endpoint=None crash_enabled=false
2026-09-28T17:58:55.802296Z  INFO mq_bench::roles::subscriber: Connected via transport engine=Mqtt
2026-09-28T17:58:55.808423Z  INFO mq_bench::roles::subscriber: Subscribed to key expression key=topic_6
2026-09-28T17:59:02.469392Z  INFO mq_bench::roles::subscriber: Starting subscriber engine=Mqtt key=topic_6 endpoint=None crash_enabled=false
2026-09-28T17:59:02.469477Z  INFO mq_bench::roles::subscriber: Connected via transport engine=Mqtt
2026-09-28T17:59:02.474433Z  INFO mq_bench::roles::subscriber: Subscribed to key expression key=topic_6
2026-09-28T17:59:09.138252Z  INFO mq_bench::roles::subscriber: Starting subscriber engine=Mqtt key=topic_6 endpoint=None crash_enabled=false
2026-09-28T17:59:09.138293Z  INFO mq_bench::roles::subscriber: Connected via transport engine=Mqtt
2026-09-28T17:59:09.143193Z  INFO mq_bench::roles::subscriber: Subscribed to key expression key=topic_6
2026-09-28T17:59:15.805989Z  INFO mq_bench::roles::subscriber: Starting subscriber engine=Mqtt key=topic_6 endpoint=None crash_enabled=false
2026-09-28T17:59:15.806030Z  INFO mq_bench::roles::subscriber: Connected via transport engine=Mqtt
2026-09-28T17:59:15.809524Z  INFO mq_bench::roles::subscriber: Subscribed to key expression key=topic_6
2026-09-28T17:59:22.473293Z  INFO mq_bench::roles::subscriber: Starting subscriber engine=Mqtt key=topic_6 endpoint=None crash_enabled=false
2026-09-28T17:59:22.473333Z  INFO mq_bench::roles::subscriber: Connected via transport engine=Mqtt
2026-09-28T17:59:22.478392Z  INFO mq_bench::roles::subscriber: Subscribed to key expression key=topic_6
2026-09-28T17:59:29.141072Z  INFO mq_bench::roles::subscriber: Starting subscriber engine=Mqtt key=topic_6 endpoint=None crash_enabled=false
2026-09-28T17:59:29.141110Z  INFO mq_bench::roles::subscriber: Connected via transport engine=Mqtt
2026-09-28T17:59:29.144360Z  INFO mq_bench::roles::subscriber: Subscribed to key expression key=topic_6
2026-09-28T17:59:35.808760Z  INFO mq_bench::roles::subscriber: Starting subscriber engine=Mqtt key=topic_6 endpoint=None crash_enabled=false
2026-09-28T17:59:35.808798Z  INFO mq_bench::roles::subscriber: Connected via transport engine=Mqtt
2026-09-28T17:59:35.812139Z  INFO mq_bench::roles::subscriber: Subscribed to key expression key=topic_6
2026-09-28T18:09:50.770114Z  WARN mq_bench::transport::mqtt: MQTT subscription eventloop error; continuing poll loop client_id=sub-mqb-5bfe15c8e69e4235-7e5268e516a54a7280369a5afde5aac3 error=Mqtt state: Connection closed by peer abruptly
2026-09-28T18:09:50.770826Z  WARN mq_bench::transport::mqtt: MQTT subscription eventloop error; continuing poll loop client_id=sub-mqb-5bfe15c8e69e4235-e8cf1f86074e42c7ba759529fb28cfaa error=Mqtt state: Connection closed by peer abruptly
2026-09-28T18:09:50.771804Z  WARN mq_bench::transport::mqtt: MQTT subscription eventloop error; continuing poll loop client_id=sub-mqb-5bfe15c8e69e4235-791638c67f834b2a973291df0f122a2f error=Mqtt state: Connection closed by peer abruptly
2026-09-28T18:09:50.772695Z  WARN mq_bench::transport::mqtt: MQTT subscription eventloop error; continuing poll loop client_id=sub-mqb-5bfe15c8e69e4235-b9bb9fb38f86480f9b85625fb1488cf3 error=Mqtt state: Connection closed by peer abruptly
2026-09-28T18:09:50.773423Z  WARN mq_bench::transport::mqtt: MQTT subscription eventloop error; continuing poll loop client_id=sub-mqb-5bfe15c8e69e4235-896cb08fe07f4298a83ea7a50d8d037b error=Mqtt state: Connection closed by peer abruptly
2026-09-28T18:09:50.774502Z  WARN mq_bench::transport::mqtt: MQTT subscription eventloop error; continuing poll loop client_id=sub-mqb-5bfe15c8e69e4235-92d42644308c42eab6fdb68088a7a92f error=Mqtt state: Connection closed by peer abruptly
2026-09-28T18:09:50.775277Z  WARN mq_bench::transport::mqtt: MQTT subscription eventloop error; continuing poll loop client_id=sub-mqb-5bfe15c8e69e4235-dfb1c185f9cb4b13baabb12184a613e2 error=Mqtt state: Connection closed by peer abruptly
2026-09-28T18:09:50.776353Z  WARN mq_bench::transport::mqtt: MQTT subscription eventloop error; continuing poll loop client_id=sub-mqb-5bfe15c8e69e4235-b74e42fc413847179cb0fb0bdb420c8f error=Mqtt state: Mqtt serialization/deserialization error: IO: Connection reset by peer (os error 104)
2026-09-28T18:09:50.777334Z  WARN mq_bench::transport::mqtt: MQTT subscription eventloop error; continuing poll loop client_id=sub-mqb-5bfe15c8e69e4235-1965eb0852d040869896c49446c219db error=Mqtt state: Connection closed by peer abruptly
2026-09-28T18:09:50.778472Z  WARN mq_bench::transport::mqtt: MQTT subscription eventloop error; continuing poll loop client_id=sub-mqb-5bfe15c8e69e4235-1c9a6bceab0b41e7835a9df2fc265764 error=Mqtt state: Connection closed by peer abruptly
