mq-bench starting with run_id: auto
Writing CSV output to: artifacts/fanout_bursty_20260928_175835_mqtt_hivemq_p64_s1000_u10_bursty/fanout_singlesite/sub_9_6.csv
2026-09-28T17:58:35.905483Z  INFO mq_bench::roles::subscriber: Starting subscriber engine=Mqtt key=topic_9 endpoint=None crash_enabled=false
2026-09-28T17:58:35.905526Z  INFO mq_bench::roles::subscriber: Connected via transport engine=Mqtt
2026-09-28T17:58:35.935827Z  INFO mq_bench::roles::subscriber: Subscribed to key expression key=topic_9
2026-09-28T17:58:42.573254Z  INFO mq_bench::roles::subscriber: Starting subscriber engine=Mqtt key=topic_9 endpoint=None crash_enabled=false
2026-09-28T17:58:42.573344Z  INFO mq_bench::roles::subscriber: Connected via transport engine=Mqtt
2026-09-28T17:58:42.577576Z  INFO mq_bench::roles::subscriber: Subscribed to key expression key=topic_9
2026-09-28T17:58:49.241619Z  INFO mq_bench::roles::subscriber: Starting subscriber engine=Mqtt key=topic_9 endpoint=None crash_enabled=false
2026-09-28T17:58:49.241714Z  INFO mq_bench::roles::subscriber: Connected via transport engine=Mqtt
2026-09-28T17:58:49.246280Z  INFO mq_bench::roles::subscriber: Subscribed to key expression key=topic_9
2026-09-28T17:58:55.909640Z  INFO mq_bench::roles::subscriber: Starting subscriber engine=Mqtt key=topic_9 endpoint=None crash_enabled=false
2026-09-28T17:58:55.909681Z  INFO mq_bench::roles::subscriber: Connected via transport engine=Mqtt
2026-09-28T17:58:55.915298Z  INFO mq_bench::roles::subscriber: Subscribed to key expression key=topic_9
2026-09-28T17:59:02.577549Z  INFO mq_bench::roles::subscriber: Starting subscriber engine=Mqtt key=topic_9 endpoint=None crash_enabled=false
2026-09-28T17:59:02.577629Z  INFO mq_bench::roles::subscriber: Connected via transport engine=Mqtt
2026-09-28T17:59:02.582064Z  INFO mq_bench::roles::subscriber: Subscribed to key expression key=topic_9
2026-09-28T17:59:09.245006Z  INFO mq_bench::roles::subscriber: Starting subscriber engine=Mqtt key=topic_9 endpoint=None crash_enabled=false
2026-09-28T17:59:09.245045Z  INFO mq_bench::roles::subscriber: Connected via transport engine=Mqtt
2026-09-28T17:59:09.249251Z  INFO mq_bench::roles::subscriber: Subscribed to key expression key=topic_9
2026-09-28T17:59:15.912472Z  INFO mq_bench::roles::subscriber: Starting subscriber engine=Mqtt key=topic_9 endpoint=None crash_enabled=false
2026-09-28T17:59:15.912516Z  INFO mq_bench::roles::subscriber: Connected via transport engine=Mqtt
2026-09-28T17:59:15.916000Z  INFO mq_bench::roles::subscriber: Subscribed to key expression key=topic_9
2026-09-28T17:59:22.580902Z  INFO mq_bench::roles::subscriber: Starting subscriber engine=Mqtt key=topic_9 endpoint=None crash_enabled=false
2026-09-28T17:59:22.580988Z  INFO mq_bench::roles::subscriber: Connected via transport engine=Mqtt
2026-09-28T17:59:22.584218Z  INFO mq_bench::roles::subscriber: Subscribed to key expression key=topic_9
2026-09-28T17:59:29.248495Z  INFO mq_bench::roles::subscriber: Starting subscriber engine=Mqtt key=topic_9 endpoint=None crash_enabled=false
2026-09-28T17:59:29.248547Z  INFO mq_bench::roles::subscriber: Connected via transport engine=Mqtt
2026-09-28T17:59:29.252368Z  INFO mq_bench::roles::subscriber: Subscribed to key expression key=topic_9
2026-09-28T17:59:35.916899Z  INFO mq_bench::roles::subscriber: Starting subscriber engine=Mqtt key=topic_9 endpoint=None crash_enabled=false
2026-09-28T17:59:35.916968Z  INFO mq_bench::roles::subscriber: Connected via transport engine=Mqtt
2026-09-28T17:59:35.921146Z  INFO mq_bench::roles::subscriber: Subscribed to key expression key=topic_9
2026-09-28T18:09:50.769697Z  WARN mq_bench::transport::mqtt: MQTT subscription eventloop error; continuing poll loop client_id=sub-mqb-5bfe16c8e69e43e8-d30549d0ce8e41de857827a0f3c58a19 error=Mqtt state: Connection closed by peer abruptly
2026-09-28T18:09:50.770569Z  WARN mq_bench::transport::mqtt: MQTT subscription eventloop error; continuing poll loop client_id=sub-mqb-5bfe16c8e69e43e8-4bef2b3eba4746ed976450cafde4aaba error=Mqtt state: Connection closed by peer abruptly
2026-09-28T18:09:50.771692Z  WARN mq_bench::transport::mqtt: MQTT subscription eventloop error; continuing poll loop client_id=sub-mqb-5bfe16c8e69e43e8-ff1dc8bbd95a4dd0bf2dd49ead7d9a08 error=Mqtt state: Connection closed by peer abruptly
2026-09-28T18:09:50.772569Z  WARN mq_bench::transport::mqtt: MQTT subscription eventloop error; continuing poll loop client_id=sub-mqb-5bfe16c8e69e43e8-fa2932d027da4691aeac3c40a6baf9cb error=Mqtt state: Connection closed by peer abruptly
2026-09-28T18:09:50.773233Z  WARN mq_bench::transport::mqtt: MQTT subscription eventloop error; continuing poll loop client_id=sub-mqb-5bfe16c8e69e43e8-c096d79f2a9c48e9bbe744de25a86f46 error=Mqtt state: Connection closed by peer abruptly
2026-09-28T18:09:50.774344Z  WARN mq_bench::transport::mqtt: MQTT subscription eventloop error; continuing poll loop client_id=sub-mqb-5bfe16c8e69e43e8-8755bef4a5ac4fa68c3b7b324176a19d error=Mqtt state: Connection closed by peer abruptly
2026-09-28T18:09:50.775119Z  WARN mq_bench::transport::mqtt: MQTT subscription eventloop error; continuing poll loop client_id=sub-mqb-5bfe16c8e69e43e8-48834f3875cd43318cd1bc30ccaddb9f error=Mqtt state: Connection closed by peer abruptly
2026-09-28T18:09:50.776229Z  WARN mq_bench::transport::mqtt: MQTT subscription eventloop error; continuing poll loop client_id=sub-mqb-5bfe16c8e69e43e8-6e3002102ac040e5a33a58c579351e7b error=Mqtt state: Mqtt serialization/deserialization error: IO: Connection reset by peer (os error 104)
2026-09-28T18:09:50.777063Z  WARN mq_bench::transport::mqtt: MQTT subscription eventloop error; continuing poll loop client_id=sub-mqb-5bfe16c8e69e43e8-461546ee9a2249869927e6b1522021e6 error=Mqtt state: Connection closed by peer abruptly
2026-09-28T18:09:50.778302Z  WARN mq_bench::transport::mqtt: MQTT subscription eventloop error; continuing poll loop client_id=sub-mqb-5bfe16c8e69e43e8-960c01ba26644d89b9ad1691e89c5d1f error=Mqtt state: Connection closed by peer abruptly
