mq-bench starting with run_id: auto
Writing CSV output to: artifacts/fanout_bursty_20260928_175835_mqtt_hivemq_p64_s1000_u10_bursty/fanout_singlesite/sub_4_0.csv
2026-09-28T17:58:35.692126Z  INFO mq_bench::roles::subscriber: Starting subscriber engine=Mqtt key=topic_4 endpoint=None crash_enabled=false
2026-09-28T17:58:35.692173Z  INFO mq_bench::roles::subscriber: Connected via transport engine=Mqtt
2026-09-28T17:58:35.914957Z  INFO mq_bench::roles::subscriber: Subscribed to key expression key=topic_4
2026-09-28T17:58:42.360017Z  INFO mq_bench::roles::subscriber: Starting subscriber engine=Mqtt key=topic_4 endpoint=None crash_enabled=false
2026-09-28T17:58:42.360109Z  INFO mq_bench::roles::subscriber: Connected via transport engine=Mqtt
2026-09-28T17:58:42.366552Z  INFO mq_bench::roles::subscriber: Subscribed to key expression key=topic_4
2026-09-28T17:58:49.028608Z  INFO mq_bench::roles::subscriber: Starting subscriber engine=Mqtt key=topic_4 endpoint=None crash_enabled=false
2026-09-28T17:58:49.028695Z  INFO mq_bench::roles::subscriber: Connected via transport engine=Mqtt
2026-09-28T17:58:49.036215Z  INFO mq_bench::roles::subscriber: Subscribed to key expression key=topic_4
2026-09-28T17:58:55.696516Z  INFO mq_bench::roles::subscriber: Starting subscriber engine=Mqtt key=topic_4 endpoint=None crash_enabled=false
2026-09-28T17:58:55.696558Z  INFO mq_bench::roles::subscriber: Connected via transport engine=Mqtt
2026-09-28T17:58:55.701002Z  INFO mq_bench::roles::subscriber: Subscribed to key expression key=topic_4
2026-09-28T17:59:02.364052Z  INFO mq_bench::roles::subscriber: Starting subscriber engine=Mqtt key=topic_4 endpoint=None crash_enabled=false
2026-09-28T17:59:02.364146Z  INFO mq_bench::roles::subscriber: Connected via transport engine=Mqtt
2026-09-28T17:59:02.368388Z  INFO mq_bench::roles::subscriber: Subscribed to key expression key=topic_4
2026-09-28T17:59:09.032464Z  INFO mq_bench::roles::subscriber: Starting subscriber engine=Mqtt key=topic_4 endpoint=None crash_enabled=false
2026-09-28T17:59:09.032511Z  INFO mq_bench::roles::subscriber: Connected via transport engine=Mqtt
2026-09-28T17:59:09.036618Z  INFO mq_bench::roles::subscriber: Subscribed to key expression key=topic_4
2026-09-28T17:59:15.699772Z  INFO mq_bench::roles::subscriber: Starting subscriber engine=Mqtt key=topic_4 endpoint=None crash_enabled=false
2026-09-28T17:59:15.699814Z  INFO mq_bench::roles::subscriber: Connected via transport engine=Mqtt
2026-09-28T17:59:15.705544Z  INFO mq_bench::roles::subscriber: Subscribed to key expression key=topic_4
2026-09-28T17:59:22.367302Z  INFO mq_bench::roles::subscriber: Starting subscriber engine=Mqtt key=topic_4 endpoint=None crash_enabled=false
2026-09-28T17:59:22.367344Z  INFO mq_bench::roles::subscriber: Connected via transport engine=Mqtt
2026-09-28T17:59:22.377455Z  INFO mq_bench::roles::subscriber: Subscribed to key expression key=topic_4
2026-09-28T17:59:29.035446Z  INFO mq_bench::roles::subscriber: Starting subscriber engine=Mqtt key=topic_4 endpoint=None crash_enabled=false
2026-09-28T17:59:29.035489Z  INFO mq_bench::roles::subscriber: Connected via transport engine=Mqtt
2026-09-28T17:59:29.039071Z  INFO mq_bench::roles::subscriber: Subscribed to key expression key=topic_4
2026-09-28T17:59:35.703688Z  INFO mq_bench::roles::subscriber: Starting subscriber engine=Mqtt key=topic_4 endpoint=None crash_enabled=false
2026-09-28T17:59:35.703730Z  INFO mq_bench::roles::subscriber: Connected via transport engine=Mqtt
2026-09-28T17:59:35.707347Z  INFO mq_bench::roles::subscriber: Subscribed to key expression key=topic_4
2026-09-28T18:09:50.770220Z  WARN mq_bench::transport::mqtt: MQTT subscription eventloop error; continuing poll loop client_id=sub-mqb-5bfe13c8e69e3ecf-98377e4390064941bab150d271594ada error=Mqtt state: Connection closed by peer abruptly
2026-09-28T18:09:50.771112Z  WARN mq_bench::transport::mqtt: MQTT subscription eventloop error; continuing poll loop client_id=sub-mqb-5bfe13c8e69e3ecf-594ec28223134f8291323b19e0c40ab9 error=Mqtt state: Connection closed by peer abruptly
2026-09-28T18:09:50.772100Z  WARN mq_bench::transport::mqtt: MQTT subscription eventloop error; continuing poll loop client_id=sub-mqb-5bfe13c8e69e3ecf-1157093e88654caba324a8ee16856bc8 error=Mqtt state: Connection closed by peer abruptly
2026-09-28T18:09:50.773002Z  WARN mq_bench::transport::mqtt: MQTT subscription eventloop error; continuing poll loop client_id=sub-mqb-5bfe13c8e69e3ecf-9fb62de6585948b2981b18932c2118b3 error=Mqtt state: Connection closed by peer abruptly
2026-09-28T18:09:50.773804Z  WARN mq_bench::transport::mqtt: MQTT subscription eventloop error; continuing poll loop client_id=sub-mqb-5bfe13c8e69e3ecf-10a13337597b444c96aa88fa4f292f4d error=Mqtt state: Connection closed by peer abruptly
2026-09-28T18:09:50.774688Z  WARN mq_bench::transport::mqtt: MQTT subscription eventloop error; continuing poll loop client_id=sub-mqb-5bfe13c8e69e3ecf-a78539469b4545c0bc7685aa68459bc5 error=Mqtt state: Connection closed by peer abruptly
2026-09-28T18:09:50.775511Z  WARN mq_bench::transport::mqtt: MQTT subscription eventloop error; continuing poll loop client_id=sub-mqb-5bfe13c8e69e3ecf-aad1aee55e38472285ce0846b44d3cef error=Mqtt state: Connection closed by peer abruptly
2026-09-28T18:09:50.776545Z  WARN mq_bench::transport::mqtt: MQTT subscription eventloop error; continuing poll loop client_id=sub-mqb-5bfe13c8e69e3ecf-0b1b651ec3b2486999704c12d4da871e error=Mqtt state: Mqtt serialization/deserialization error: IO: Connection reset by peer (os error 104)
2026-09-28T18:09:50.777767Z  WARN mq_bench::transport::mqtt: MQTT subscription eventloop error; continuing poll loop client_id=sub-mqb-5bfe13c8e69e3ecf-663f9dac81fa4a9ea4c29fc4bcb06411 error=Mqtt state: Connection closed by peer abruptly
2026-09-28T18:09:50.778629Z  WARN mq_bench::transport::mqtt: MQTT subscription eventloop error; continuing poll loop client_id=sub-mqb-5bfe13c8e69e3ecf-e1cc89176fdf4d539eaf14fd0042cf67 error=Mqtt state: Connection closed by peer abruptly
