mq-bench starting with run_id: auto
Writing CSV output to: artifacts/fanout_bursty_20260928_175835_mqtt_hivemq_p64_s1000_u10_bursty/fanout_singlesite/sub_4_9.csv
2026-09-28T17:58:35.724700Z  INFO mq_bench::roles::subscriber: Starting subscriber engine=Mqtt key=topic_4 endpoint=None crash_enabled=false
2026-09-28T17:58:35.724749Z  INFO mq_bench::roles::subscriber: Connected via transport engine=Mqtt
2026-09-28T17:58:35.899163Z  INFO mq_bench::roles::subscriber: Subscribed to key expression key=topic_4
2026-09-28T17:58:42.392378Z  INFO mq_bench::roles::subscriber: Starting subscriber engine=Mqtt key=topic_4 endpoint=None crash_enabled=false
2026-09-28T17:58:42.392470Z  INFO mq_bench::roles::subscriber: Connected via transport engine=Mqtt
2026-09-28T17:58:42.402717Z  INFO mq_bench::roles::subscriber: Subscribed to key expression key=topic_4
2026-09-28T17:58:49.060614Z  INFO mq_bench::roles::subscriber: Starting subscriber engine=Mqtt key=topic_4 endpoint=None crash_enabled=false
2026-09-28T17:58:49.060698Z  INFO mq_bench::roles::subscriber: Connected via transport engine=Mqtt
2026-09-28T17:58:49.067286Z  INFO mq_bench::roles::subscriber: Subscribed to key expression key=topic_4
2026-09-28T17:58:55.728526Z  INFO mq_bench::roles::subscriber: Starting subscriber engine=Mqtt key=topic_4 endpoint=None crash_enabled=false
2026-09-28T17:58:55.728569Z  INFO mq_bench::roles::subscriber: Connected via transport engine=Mqtt
2026-09-28T17:58:55.732991Z  INFO mq_bench::roles::subscriber: Subscribed to key expression key=topic_4
2026-09-28T17:59:02.396022Z  INFO mq_bench::roles::subscriber: Starting subscriber engine=Mqtt key=topic_4 endpoint=None crash_enabled=false
2026-09-28T17:59:02.396114Z  INFO mq_bench::roles::subscriber: Connected via transport engine=Mqtt
2026-09-28T17:59:02.402023Z  INFO mq_bench::roles::subscriber: Subscribed to key expression key=topic_4
2026-09-28T17:59:09.063869Z  INFO mq_bench::roles::subscriber: Starting subscriber engine=Mqtt key=topic_4 endpoint=None crash_enabled=false
2026-09-28T17:59:09.063943Z  INFO mq_bench::roles::subscriber: Connected via transport engine=Mqtt
2026-09-28T17:59:09.069155Z  INFO mq_bench::roles::subscriber: Subscribed to key expression key=topic_4
2026-09-28T17:59:15.731107Z  INFO mq_bench::roles::subscriber: Starting subscriber engine=Mqtt key=topic_4 endpoint=None crash_enabled=false
2026-09-28T17:59:15.731150Z  INFO mq_bench::roles::subscriber: Connected via transport engine=Mqtt
2026-09-28T17:59:15.735056Z  INFO mq_bench::roles::subscriber: Subscribed to key expression key=topic_4
2026-09-28T17:59:22.398980Z  INFO mq_bench::roles::subscriber: Starting subscriber engine=Mqtt key=topic_4 endpoint=None crash_enabled=false
2026-09-28T17:59:22.399025Z  INFO mq_bench::roles::subscriber: Connected via transport engine=Mqtt
2026-09-28T17:59:22.401390Z  INFO mq_bench::roles::subscriber: Subscribed to key expression key=topic_4
2026-09-28T17:59:29.067454Z  INFO mq_bench::roles::subscriber: Starting subscriber engine=Mqtt key=topic_4 endpoint=None crash_enabled=false
2026-09-28T17:59:29.067494Z  INFO mq_bench::roles::subscriber: Connected via transport engine=Mqtt
2026-09-28T17:59:29.070938Z  INFO mq_bench::roles::subscriber: Subscribed to key expression key=topic_4
2026-09-28T17:59:35.735489Z  INFO mq_bench::roles::subscriber: Starting subscriber engine=Mqtt key=topic_4 endpoint=None crash_enabled=false
2026-09-28T17:59:35.735526Z  INFO mq_bench::roles::subscriber: Connected via transport engine=Mqtt
2026-09-28T17:59:35.738581Z  INFO mq_bench::roles::subscriber: Subscribed to key expression key=topic_4
2026-09-28T18:09:50.770146Z  WARN mq_bench::transport::mqtt: MQTT subscription eventloop error; continuing poll loop client_id=sub-mqb-5bfe13c8e69e3ecf-3374f2d6951c441daf5bbff584fc042b error=Mqtt state: Connection closed by peer abruptly
2026-09-28T18:09:50.771024Z  WARN mq_bench::transport::mqtt: MQTT subscription eventloop error; continuing poll loop client_id=sub-mqb-5bfe13c8e69e3ecf-ae18ebba87d542ceab4fd36dcc6867b8 error=Mqtt state: Connection closed by peer abruptly
2026-09-28T18:09:50.772060Z  WARN mq_bench::transport::mqtt: MQTT subscription eventloop error; continuing poll loop client_id=sub-mqb-5bfe13c8e69e3ecf-c2320b91ea514a6a8ddf64f49ef44936 error=Mqtt state: Connection closed by peer abruptly
2026-09-28T18:09:50.772961Z  WARN mq_bench::transport::mqtt: MQTT subscription eventloop error; continuing poll loop client_id=sub-mqb-5bfe13c8e69e3ecf-98e025a74753465d978f76f198538876 error=Mqtt state: Connection closed by peer abruptly
2026-09-28T18:09:50.773533Z  WARN mq_bench::transport::mqtt: MQTT subscription eventloop error; continuing poll loop client_id=sub-mqb-5bfe13c8e69e3ecf-f21842d4e08b4fff984e1e354bb7cac0 error=Mqtt state: Connection closed by peer abruptly
2026-09-28T18:09:50.774644Z  WARN mq_bench::transport::mqtt: MQTT subscription eventloop error; continuing poll loop client_id=sub-mqb-5bfe13c8e69e3ecf-d08ebf4b1c454193bd451039e030c350 error=Mqtt state: Connection closed by peer abruptly
2026-09-28T18:09:50.775467Z  WARN mq_bench::transport::mqtt: MQTT subscription eventloop error; continuing poll loop client_id=sub-mqb-5bfe13c8e69e3ecf-47624f7d09fc454ea50040097e5bd8b0 error=Mqtt state: Connection closed by peer abruptly
2026-09-28T18:09:50.776489Z  WARN mq_bench::transport::mqtt: MQTT subscription eventloop error; continuing poll loop client_id=sub-mqb-5bfe13c8e69e3ecf-adca086136f24f7c8f1bc4870359f134 error=Mqtt state: Mqtt serialization/deserialization error: IO: Connection reset by peer (os error 104)
2026-09-28T18:09:50.777645Z  WARN mq_bench::transport::mqtt: MQTT subscription eventloop error; continuing poll loop client_id=sub-mqb-5bfe13c8e69e3ecf-1ca37e076dd24d889a6aed7cd1b6c33c error=Mqtt state: Connection closed by peer abruptly
2026-09-28T18:09:50.778570Z  WARN mq_bench::transport::mqtt: MQTT subscription eventloop error; continuing poll loop client_id=sub-mqb-5bfe13c8e69e3ecf-97c600f8956d41d7bc6068b396c4742a error=Mqtt state: Connection closed by peer abruptly
