mq-bench starting with run_id: auto
Writing CSV output to: artifacts/fanout_bursty_20260928_175835_mqtt_hivemq_p64_s1000_u10_bursty/fanout_singlesite/sub_6_6.csv
2026-09-28T17:58:35.789248Z  INFO mq_bench::roles::subscriber: Starting subscriber engine=Mqtt key=topic_6 endpoint=None crash_enabled=false
2026-09-28T17:58:35.789296Z  INFO mq_bench::roles::subscriber: Connected via transport engine=Mqtt
2026-09-28T17:58:35.907290Z  INFO mq_bench::roles::subscriber: Subscribed to key expression key=topic_6
2026-09-28T17:58:42.457646Z  INFO mq_bench::roles::subscriber: Starting subscriber engine=Mqtt key=topic_6 endpoint=None crash_enabled=false
2026-09-28T17:58:42.457757Z  INFO mq_bench::roles::subscriber: Connected via transport engine=Mqtt
2026-09-28T17:58:42.462291Z  INFO mq_bench::roles::subscriber: Subscribed to key expression key=topic_6
2026-09-28T17:58:49.125152Z  INFO mq_bench::roles::subscriber: Starting subscriber engine=Mqtt key=topic_6 endpoint=None crash_enabled=false
2026-09-28T17:58:49.125242Z  INFO mq_bench::roles::subscriber: Connected via transport engine=Mqtt
2026-09-28T17:58:49.129742Z  INFO mq_bench::roles::subscriber: Subscribed to key expression key=topic_6
2026-09-28T17:58:55.793284Z  INFO mq_bench::roles::subscriber: Starting subscriber engine=Mqtt key=topic_6 endpoint=None crash_enabled=false
2026-09-28T17:58:55.793341Z  INFO mq_bench::roles::subscriber: Connected via transport engine=Mqtt
2026-09-28T17:58:55.804726Z  INFO mq_bench::roles::subscriber: Subscribed to key expression key=topic_6
2026-09-28T17:59:02.461663Z  INFO mq_bench::roles::subscriber: Starting subscriber engine=Mqtt key=topic_6 endpoint=None crash_enabled=false
2026-09-28T17:59:02.461704Z  INFO mq_bench::roles::subscriber: Connected via transport engine=Mqtt
2026-09-28T17:59:02.467673Z  INFO mq_bench::roles::subscriber: Subscribed to key expression key=topic_6
2026-09-28T17:59:09.129481Z  INFO mq_bench::roles::subscriber: Starting subscriber engine=Mqtt key=topic_6 endpoint=None crash_enabled=false
2026-09-28T17:59:09.129522Z  INFO mq_bench::roles::subscriber: Connected via transport engine=Mqtt
2026-09-28T17:59:09.133598Z  INFO mq_bench::roles::subscriber: Subscribed to key expression key=topic_6
2026-09-28T17:59:15.797714Z  INFO mq_bench::roles::subscriber: Starting subscriber engine=Mqtt key=topic_6 endpoint=None crash_enabled=false
2026-09-28T17:59:15.797797Z  INFO mq_bench::roles::subscriber: Connected via transport engine=Mqtt
2026-09-28T17:59:15.802817Z  INFO mq_bench::roles::subscriber: Subscribed to key expression key=topic_6
2026-09-28T17:59:22.465629Z  INFO mq_bench::roles::subscriber: Starting subscriber engine=Mqtt key=topic_6 endpoint=None crash_enabled=false
2026-09-28T17:59:22.465676Z  INFO mq_bench::roles::subscriber: Connected via transport engine=Mqtt
2026-09-28T17:59:22.476998Z  INFO mq_bench::roles::subscriber: Subscribed to key expression key=topic_6
2026-09-28T17:59:29.133047Z  INFO mq_bench::roles::subscriber: Starting subscriber engine=Mqtt key=topic_6 endpoint=None crash_enabled=false
2026-09-28T17:59:29.133091Z  INFO mq_bench::roles::subscriber: Connected via transport engine=Mqtt
2026-09-28T17:59:29.136404Z  INFO mq_bench::roles::subscriber: Subscribed to key expression key=topic_6
2026-09-28T17:59:35.800746Z  INFO mq_bench::roles::subscriber: Starting subscriber engine=Mqtt key=topic_6 endpoint=None crash_enabled=false
2026-09-28T17:59:35.800791Z  INFO mq_bench::roles::subscriber: Connected via transport engine=Mqtt
2026-09-28T17:59:35.804209Z  INFO mq_bench::roles::subscriber: Subscribed to key expression key=topic_6
2026-09-28T18:09:50.770183Z  WARN mq_bench::transport::mqtt: MQTT subscription eventloop error; continuing poll loop client_id=sub-mqb-5bfe15c8e69e4235-37dd2939e6a046c3aca284b54bda09ca error=Mqtt state: Connection closed by peer abruptly
2026-09-28T18:09:50.770843Z  WARN mq_bench::transport::mqtt: MQTT subscription eventloop error; continuing poll loop client_id=sub-mqb-5bfe15c8e69e4235-333ad8ace41b4680968a550aa6d589dd error=Mqtt state: Connection closed by peer abruptly
2026-09-28T18:09:50.771817Z  WARN mq_bench::transport::mqtt: MQTT subscription eventloop error; continuing poll loop client_id=sub-mqb-5bfe15c8e69e4235-5ba1c1ec290e4b408a34dec9893982da error=Mqtt state: Connection closed by peer abruptly
2026-09-28T18:09:50.772704Z  WARN mq_bench::transport::mqtt: MQTT subscription eventloop error; continuing poll loop client_id=sub-mqb-5bfe15c8e69e4235-54199cf56d92494c94a6ee0cac290447 error=Mqtt state: Connection closed by peer abruptly
2026-09-28T18:09:50.773419Z  WARN mq_bench::transport::mqtt: MQTT subscription eventloop error; continuing poll loop client_id=sub-mqb-5bfe15c8e69e4235-2086de0df8414fb98552f1b4a2d9a9f1 error=Mqtt state: Connection closed by peer abruptly
2026-09-28T18:09:50.774544Z  WARN mq_bench::transport::mqtt: MQTT subscription eventloop error; continuing poll loop client_id=sub-mqb-5bfe15c8e69e4235-f0b7ce7c6134459dbe674c2956f4a57d error=Mqtt state: Connection closed by peer abruptly
2026-09-28T18:09:50.775291Z  WARN mq_bench::transport::mqtt: MQTT subscription eventloop error; continuing poll loop client_id=sub-mqb-5bfe15c8e69e4235-d80181e285144afaaa6a71f645fa005d error=Mqtt state: Connection closed by peer abruptly
2026-09-28T18:09:50.776416Z  WARN mq_bench::transport::mqtt: MQTT subscription eventloop error; continuing poll loop client_id=sub-mqb-5bfe15c8e69e4235-02106611f45846d383da0b9d6af4d239 error=Mqtt state: Mqtt serialization/deserialization error: IO: Connection reset by peer (os error 104)
2026-09-28T18:09:50.777532Z  WARN mq_bench::transport::mqtt: MQTT subscription eventloop error; continuing poll loop client_id=sub-mqb-5bfe15c8e69e4235-18d649941f8f4d6b8b74d61439627772 error=Mqtt state: Connection closed by peer abruptly
2026-09-28T18:09:50.778498Z  WARN mq_bench::transport::mqtt: MQTT subscription eventloop error; continuing poll loop client_id=sub-mqb-5bfe15c8e69e4235-4ff2b58482f444b394885da3846b65d3 error=Mqtt state: Connection closed by peer abruptly
