mq-bench starting with run_id: auto
Writing CSV output to: artifacts/fanout_bursty_20260928_175835_mqtt_hivemq_p64_s1000_u10_bursty/fanout_singlesite/sub_1_2.csv
2026-09-28T17:58:35.588583Z  INFO mq_bench::roles::subscriber: Starting subscriber engine=Mqtt key=topic_1 endpoint=None crash_enabled=false
2026-09-28T17:58:35.588630Z  INFO mq_bench::roles::subscriber: Connected via transport engine=Mqtt
2026-09-28T17:58:35.904729Z  INFO mq_bench::roles::subscriber: Subscribed to key expression key=topic_1
2026-09-28T17:58:42.256254Z  INFO mq_bench::roles::subscriber: Starting subscriber engine=Mqtt key=topic_1 endpoint=None crash_enabled=false
2026-09-28T17:58:42.256354Z  INFO mq_bench::roles::subscriber: Connected via transport engine=Mqtt
2026-09-28T17:58:42.286254Z  INFO mq_bench::roles::subscriber: Subscribed to key expression key=topic_1
2026-09-28T17:58:48.924191Z  INFO mq_bench::roles::subscriber: Starting subscriber engine=Mqtt key=topic_1 endpoint=None crash_enabled=false
2026-09-28T17:58:48.924275Z  INFO mq_bench::roles::subscriber: Connected via transport engine=Mqtt
2026-09-28T17:58:48.933751Z  INFO mq_bench::roles::subscriber: Subscribed to key expression key=topic_1
2026-09-28T17:58:55.592156Z  INFO mq_bench::roles::subscriber: Starting subscriber engine=Mqtt key=topic_1 endpoint=None crash_enabled=false
2026-09-28T17:58:55.592203Z  INFO mq_bench::roles::subscriber: Connected via transport engine=Mqtt
2026-09-28T17:58:55.599858Z  INFO mq_bench::roles::subscriber: Subscribed to key expression key=topic_1
2026-09-28T17:59:02.259758Z  INFO mq_bench::roles::subscriber: Starting subscriber engine=Mqtt key=topic_1 endpoint=None crash_enabled=false
2026-09-28T17:59:02.259810Z  INFO mq_bench::roles::subscriber: Connected via transport engine=Mqtt
2026-09-28T17:59:02.264715Z  INFO mq_bench::roles::subscriber: Subscribed to key expression key=topic_1
2026-09-28T17:59:08.927827Z  INFO mq_bench::roles::subscriber: Starting subscriber engine=Mqtt key=topic_1 endpoint=None crash_enabled=false
2026-09-28T17:59:08.927873Z  INFO mq_bench::roles::subscriber: Connected via transport engine=Mqtt
2026-09-28T17:59:08.939271Z  INFO mq_bench::roles::subscriber: Subscribed to key expression key=topic_1
2026-09-28T17:59:15.595715Z  INFO mq_bench::roles::subscriber: Starting subscriber engine=Mqtt key=topic_1 endpoint=None crash_enabled=false
2026-09-28T17:59:15.595789Z  INFO mq_bench::roles::subscriber: Connected via transport engine=Mqtt
2026-09-28T17:59:15.600276Z  INFO mq_bench::roles::subscriber: Subscribed to key expression key=topic_1
2026-09-28T17:59:22.264066Z  INFO mq_bench::roles::subscriber: Starting subscriber engine=Mqtt key=topic_1 endpoint=None crash_enabled=false
2026-09-28T17:59:22.264132Z  INFO mq_bench::roles::subscriber: Connected via transport engine=Mqtt
2026-09-28T17:59:22.268698Z  INFO mq_bench::roles::subscriber: Subscribed to key expression key=topic_1
2026-09-28T17:59:28.931748Z  INFO mq_bench::roles::subscriber: Starting subscriber engine=Mqtt key=topic_1 endpoint=None crash_enabled=false
2026-09-28T17:59:28.931788Z  INFO mq_bench::roles::subscriber: Connected via transport engine=Mqtt
2026-09-28T17:59:28.936046Z  INFO mq_bench::roles::subscriber: Subscribed to key expression key=topic_1
2026-09-28T17:59:35.599701Z  INFO mq_bench::roles::subscriber: Starting subscriber engine=Mqtt key=topic_1 endpoint=None crash_enabled=false
2026-09-28T17:59:35.599798Z  INFO mq_bench::roles::subscriber: Connected via transport engine=Mqtt
2026-09-28T17:59:35.603822Z  INFO mq_bench::roles::subscriber: Subscribed to key expression key=topic_1
2026-09-28T18:09:50.770617Z  WARN mq_bench::transport::mqtt: MQTT subscription eventloop error; continuing poll loop client_id=sub-mqb-5bfe0ec8e69e3650-af5dd6bcf3904d74a950344e722b3576 error=Mqtt state: Connection closed by peer abruptly
2026-09-28T18:09:50.771407Z  WARN mq_bench::transport::mqtt: MQTT subscription eventloop error; continuing poll loop client_id=sub-mqb-5bfe0ec8e69e3650-70283c9551de448eb9c871c7119e8259 error=Mqtt state: Connection closed by peer abruptly
2026-09-28T18:09:50.772337Z  WARN mq_bench::transport::mqtt: MQTT subscription eventloop error; continuing poll loop client_id=sub-mqb-5bfe0ec8e69e3650-0ed92766116949788e3063ae045d6f60 error=Mqtt state: Connection closed by peer abruptly
2026-09-28T18:09:50.773177Z  WARN mq_bench::transport::mqtt: MQTT subscription eventloop error; continuing poll loop client_id=sub-mqb-5bfe0ec8e69e3650-f4adf91d42a04b149c4519df9a937498 error=Mqtt state: Connection closed by peer abruptly
2026-09-28T18:09:50.774142Z  WARN mq_bench::transport::mqtt: MQTT subscription eventloop error; continuing poll loop client_id=sub-mqb-5bfe0ec8e69e3650-f8447e69caea4f9c970a3f62465462d6 error=Mqtt state: Connection closed by peer abruptly
2026-09-28T18:09:50.775094Z  WARN mq_bench::transport::mqtt: MQTT subscription eventloop error; continuing poll loop client_id=sub-mqb-5bfe0ec8e69e3650-03ff2a871bd04ef0877800785802a099 error=Mqtt state: Connection closed by peer abruptly
2026-09-28T18:09:50.775906Z  WARN mq_bench::transport::mqtt: MQTT subscription eventloop error; continuing poll loop client_id=sub-mqb-5bfe0ec8e69e3650-4009c0f490be4bea85c49c2a70c5f2cc error=Mqtt state: Connection closed by peer abruptly
2026-09-28T18:09:50.776860Z  WARN mq_bench::transport::mqtt: MQTT subscription eventloop error; continuing poll loop client_id=sub-mqb-5bfe0ec8e69e3650-3af0abf1b87a418b94891a0491eec410 error=Mqtt state: Mqtt serialization/deserialization error: IO: Connection reset by peer (os error 104)
2026-09-28T18:09:50.778085Z  WARN mq_bench::transport::mqtt: MQTT subscription eventloop error; continuing poll loop client_id=sub-mqb-5bfe0ec8e69e3650-37eb4214cd0d452c96c97a8e1c679e26 error=Mqtt state: Connection closed by peer abruptly
2026-09-28T18:09:50.779031Z  WARN mq_bench::transport::mqtt: MQTT subscription eventloop error; continuing poll loop client_id=sub-mqb-5bfe0ec8e69e3650-1797c53cf7a44907ae7a6217186fd9e1 error=Mqtt state: Connection closed by peer abruptly
