mq-bench starting with run_id: auto
Writing CSV output to: artifacts/fanout_bursty_20260928_175835_mqtt_hivemq_p64_s1000_u10_bursty/fanout_singlesite/sub_6_1.csv
2026-09-28T17:58:35.770906Z  INFO mq_bench::roles::subscriber: Starting subscriber engine=Mqtt key=topic_6 endpoint=None crash_enabled=false
2026-09-28T17:58:35.770969Z  INFO mq_bench::roles::subscriber: Connected via transport engine=Mqtt
2026-09-28T17:58:35.898422Z  INFO mq_bench::roles::subscriber: Subscribed to key expression key=topic_6
2026-09-28T17:58:42.439073Z  INFO mq_bench::roles::subscriber: Starting subscriber engine=Mqtt key=topic_6 endpoint=None crash_enabled=false
2026-09-28T17:58:42.439173Z  INFO mq_bench::roles::subscriber: Connected via transport engine=Mqtt
2026-09-28T17:58:42.443660Z  INFO mq_bench::roles::subscriber: Subscribed to key expression key=topic_6
2026-09-28T17:58:49.106625Z  INFO mq_bench::roles::subscriber: Starting subscriber engine=Mqtt key=topic_6 endpoint=None crash_enabled=false
2026-09-28T17:58:49.106713Z  INFO mq_bench::roles::subscriber: Connected via transport engine=Mqtt
2026-09-28T17:58:49.113637Z  INFO mq_bench::roles::subscriber: Subscribed to key expression key=topic_6
2026-09-28T17:58:55.775064Z  INFO mq_bench::roles::subscriber: Starting subscriber engine=Mqtt key=topic_6 endpoint=None crash_enabled=false
2026-09-28T17:58:55.775151Z  INFO mq_bench::roles::subscriber: Connected via transport engine=Mqtt
2026-09-28T17:58:55.780131Z  INFO mq_bench::roles::subscriber: Subscribed to key expression key=topic_6
2026-09-28T17:59:02.443077Z  INFO mq_bench::roles::subscriber: Starting subscriber engine=Mqtt key=topic_6 endpoint=None crash_enabled=false
2026-09-28T17:59:02.443134Z  INFO mq_bench::roles::subscriber: Connected via transport engine=Mqtt
2026-09-28T17:59:02.447806Z  INFO mq_bench::roles::subscriber: Subscribed to key expression key=topic_6
2026-09-28T17:59:09.110809Z  INFO mq_bench::roles::subscriber: Starting subscriber engine=Mqtt key=topic_6 endpoint=None crash_enabled=false
2026-09-28T17:59:09.110856Z  INFO mq_bench::roles::subscriber: Connected via transport engine=Mqtt
2026-09-28T17:59:09.114695Z  INFO mq_bench::roles::subscriber: Subscribed to key expression key=topic_6
2026-09-28T17:59:15.778818Z  INFO mq_bench::roles::subscriber: Starting subscriber engine=Mqtt key=topic_6 endpoint=None crash_enabled=false
2026-09-28T17:59:15.778859Z  INFO mq_bench::roles::subscriber: Connected via transport engine=Mqtt
2026-09-28T17:59:15.783276Z  INFO mq_bench::roles::subscriber: Subscribed to key expression key=topic_6
2026-09-28T17:59:22.447141Z  INFO mq_bench::roles::subscriber: Starting subscriber engine=Mqtt key=topic_6 endpoint=None crash_enabled=false
2026-09-28T17:59:22.447205Z  INFO mq_bench::roles::subscriber: Connected via transport engine=Mqtt
2026-09-28T17:59:22.449390Z  INFO mq_bench::roles::subscriber: Subscribed to key expression key=topic_6
2026-09-28T17:59:29.115311Z  INFO mq_bench::roles::subscriber: Starting subscriber engine=Mqtt key=topic_6 endpoint=None crash_enabled=false
2026-09-28T17:59:29.115370Z  INFO mq_bench::roles::subscriber: Connected via transport engine=Mqtt
2026-09-28T17:59:29.118743Z  INFO mq_bench::roles::subscriber: Subscribed to key expression key=topic_6
2026-09-28T17:59:35.782394Z  INFO mq_bench::roles::subscriber: Starting subscriber engine=Mqtt key=topic_6 endpoint=None crash_enabled=false
2026-09-28T17:59:35.782436Z  INFO mq_bench::roles::subscriber: Connected via transport engine=Mqtt
2026-09-28T17:59:35.786150Z  INFO mq_bench::roles::subscriber: Subscribed to key expression key=topic_6
2026-09-28T18:09:50.770154Z  WARN mq_bench::transport::mqtt: MQTT subscription eventloop error; continuing poll loop client_id=sub-mqb-5bfe15c8e69e4235-2573b3879e9e4449995aed807d32f375 error=Mqtt state: Connection closed by peer abruptly
2026-09-28T18:09:50.770906Z  WARN mq_bench::transport::mqtt: MQTT subscription eventloop error; continuing poll loop client_id=sub-mqb-5bfe15c8e69e4235-0283d92b04fa4308aeee090cc27f9d8c error=Mqtt state: Connection closed by peer abruptly
2026-09-28T18:09:50.771906Z  WARN mq_bench::transport::mqtt: MQTT subscription eventloop error; continuing poll loop client_id=sub-mqb-5bfe15c8e69e4235-14bf35f472c6492a9f04f05daed80b6f error=Mqtt state: Connection closed by peer abruptly
2026-09-28T18:09:50.772769Z  WARN mq_bench::transport::mqtt: MQTT subscription eventloop error; continuing poll loop client_id=sub-mqb-5bfe15c8e69e4235-ea41d84019d34e6fbbcb4212dc21bd1e error=Mqtt state: Connection closed by peer abruptly
2026-09-28T18:09:50.773485Z  WARN mq_bench::transport::mqtt: MQTT subscription eventloop error; continuing poll loop client_id=sub-mqb-5bfe15c8e69e4235-eb7ad3f5cc43446789e6d26b5304774e error=Mqtt state: Connection closed by peer abruptly
2026-09-28T18:09:50.774572Z  WARN mq_bench::transport::mqtt: MQTT subscription eventloop error; continuing poll loop client_id=sub-mqb-5bfe15c8e69e4235-7f69479d80a9401c894976ff193db386 error=Mqtt state: Connection closed by peer abruptly
2026-09-28T18:09:50.775312Z  WARN mq_bench::transport::mqtt: MQTT subscription eventloop error; continuing poll loop client_id=sub-mqb-5bfe15c8e69e4235-bf31705045bc44b19e1b0226a9a78cfc error=Mqtt state: Connection closed by peer abruptly
2026-09-28T18:09:50.776392Z  WARN mq_bench::transport::mqtt: MQTT subscription eventloop error; continuing poll loop client_id=sub-mqb-5bfe15c8e69e4235-2e256384047e403ba043165d31804893 error=Mqtt state: Mqtt serialization/deserialization error: IO: Connection reset by peer (os error 104)
2026-09-28T18:09:50.777522Z  WARN mq_bench::transport::mqtt: MQTT subscription eventloop error; continuing poll loop client_id=sub-mqb-5bfe15c8e69e4235-a02a03d832cf4319bacc64b72cbc3e4f error=Mqtt state: Connection closed by peer abruptly
2026-09-28T18:09:50.778573Z  WARN mq_bench::transport::mqtt: MQTT subscription eventloop error; continuing poll loop client_id=sub-mqb-5bfe15c8e69e4235-b0ab99a90dc047048efef998862b3afb error=Mqtt state: Connection closed by peer abruptly
