mq-bench starting with run_id: auto
Writing CSV output to: artifacts/fanout_bursty_20260928_175835_mqtt_hivemq_p64_s1000_u10_bursty/fanout_singlesite/sub_7_5.csv
2026-09-28T17:58:35.823562Z  INFO mq_bench::roles::subscriber: Starting subscriber engine=Mqtt key=topic_7 endpoint=None crash_enabled=false
2026-09-28T17:58:35.823609Z  INFO mq_bench::roles::subscriber: Connected via transport engine=Mqtt
2026-09-28T17:58:35.930465Z  INFO mq_bench::roles::subscriber: Subscribed to key expression key=topic_7
2026-09-28T17:58:42.491704Z  INFO mq_bench::roles::subscriber: Starting subscriber engine=Mqtt key=topic_7 endpoint=None crash_enabled=false
2026-09-28T17:58:42.491786Z  INFO mq_bench::roles::subscriber: Connected via transport engine=Mqtt
2026-09-28T17:58:42.497939Z  INFO mq_bench::roles::subscriber: Subscribed to key expression key=topic_7
2026-09-28T17:58:49.159951Z  INFO mq_bench::roles::subscriber: Starting subscriber engine=Mqtt key=topic_7 endpoint=None crash_enabled=false
2026-09-28T17:58:49.160042Z  INFO mq_bench::roles::subscriber: Connected via transport engine=Mqtt
2026-09-28T17:58:49.166144Z  INFO mq_bench::roles::subscriber: Subscribed to key expression key=topic_7
2026-09-28T17:58:55.827610Z  INFO mq_bench::roles::subscriber: Starting subscriber engine=Mqtt key=topic_7 endpoint=None crash_enabled=false
2026-09-28T17:58:55.827649Z  INFO mq_bench::roles::subscriber: Connected via transport engine=Mqtt
2026-09-28T17:58:55.833049Z  INFO mq_bench::roles::subscriber: Subscribed to key expression key=topic_7
2026-09-28T17:59:02.495158Z  INFO mq_bench::roles::subscriber: Starting subscriber engine=Mqtt key=topic_7 endpoint=None crash_enabled=false
2026-09-28T17:59:02.495238Z  INFO mq_bench::roles::subscriber: Connected via transport engine=Mqtt
2026-09-28T17:59:02.499348Z  INFO mq_bench::roles::subscriber: Subscribed to key expression key=topic_7
2026-09-28T17:59:09.162079Z  INFO mq_bench::roles::subscriber: Starting subscriber engine=Mqtt key=topic_7 endpoint=None crash_enabled=false
2026-09-28T17:59:09.162122Z  INFO mq_bench::roles::subscriber: Connected via transport engine=Mqtt
2026-09-28T17:59:09.167423Z  INFO mq_bench::roles::subscriber: Subscribed to key expression key=topic_7
2026-09-28T17:59:15.829647Z  INFO mq_bench::roles::subscriber: Starting subscriber engine=Mqtt key=topic_7 endpoint=None crash_enabled=false
2026-09-28T17:59:15.829693Z  INFO mq_bench::roles::subscriber: Connected via transport engine=Mqtt
2026-09-28T17:59:15.833692Z  INFO mq_bench::roles::subscriber: Subscribed to key expression key=topic_7
2026-09-28T17:59:22.497511Z  INFO mq_bench::roles::subscriber: Starting subscriber engine=Mqtt key=topic_7 endpoint=None crash_enabled=false
2026-09-28T17:59:22.497568Z  INFO mq_bench::roles::subscriber: Connected via transport engine=Mqtt
2026-09-28T17:59:22.500942Z  INFO mq_bench::roles::subscriber: Subscribed to key expression key=topic_7
2026-09-28T17:59:29.165911Z  INFO mq_bench::roles::subscriber: Starting subscriber engine=Mqtt key=topic_7 endpoint=None crash_enabled=false
2026-09-28T17:59:29.165986Z  INFO mq_bench::roles::subscriber: Connected via transport engine=Mqtt
2026-09-28T17:59:29.169129Z  INFO mq_bench::roles::subscriber: Subscribed to key expression key=topic_7
2026-09-28T17:59:35.833612Z  INFO mq_bench::roles::subscriber: Starting subscriber engine=Mqtt key=topic_7 endpoint=None crash_enabled=false
2026-09-28T17:59:35.833656Z  INFO mq_bench::roles::subscriber: Connected via transport engine=Mqtt
2026-09-28T17:59:35.842195Z  INFO mq_bench::roles::subscriber: Subscribed to key expression key=topic_7
2026-09-28T18:09:50.770037Z  WARN mq_bench::transport::mqtt: MQTT subscription eventloop error; continuing poll loop client_id=sub-mqb-5bfe14c8e69e4082-45ab33d085024603aa1e7bb7a1c2447f error=Mqtt state: Connection closed by peer abruptly
2026-09-28T18:09:50.770805Z  WARN mq_bench::transport::mqtt: MQTT subscription eventloop error; continuing poll loop client_id=sub-mqb-5bfe14c8e69e4082-69d1dbf0d2ba40658dafc529c7df6b15 error=Mqtt state: Connection closed by peer abruptly
2026-09-28T18:09:50.771822Z  WARN mq_bench::transport::mqtt: MQTT subscription eventloop error; continuing poll loop client_id=sub-mqb-5bfe14c8e69e4082-bb5337467e59430b90c1952f4c17d5ed error=Mqtt state: Connection closed by peer abruptly
2026-09-28T18:09:50.772709Z  WARN mq_bench::transport::mqtt: MQTT subscription eventloop error; continuing poll loop client_id=sub-mqb-5bfe14c8e69e4082-0e2c937fb8a747899f183e0d149cd9bc error=Mqtt state: Connection closed by peer abruptly
2026-09-28T18:09:50.773501Z  WARN mq_bench::transport::mqtt: MQTT subscription eventloop error; continuing poll loop client_id=sub-mqb-5bfe14c8e69e4082-165f34bd68994b5eae8e13282047ecec error=Mqtt state: Connection closed by peer abruptly
2026-09-28T18:09:50.774490Z  WARN mq_bench::transport::mqtt: MQTT subscription eventloop error; continuing poll loop client_id=sub-mqb-5bfe14c8e69e4082-c7b60fc663774e64b5293be6a9372cc8 error=Mqtt state: Connection closed by peer abruptly
2026-09-28T18:09:50.775249Z  WARN mq_bench::transport::mqtt: MQTT subscription eventloop error; continuing poll loop client_id=sub-mqb-5bfe14c8e69e4082-e339bd198f2646a8982b1c2a662a520c error=Mqtt state: Connection closed by peer abruptly
2026-09-28T18:09:50.776419Z  WARN mq_bench::transport::mqtt: MQTT subscription eventloop error; continuing poll loop client_id=sub-mqb-5bfe14c8e69e4082-07821293738549128d6461528ee4f9f9 error=Mqtt state: Mqtt serialization/deserialization error: IO: Connection reset by peer (os error 104)
2026-09-28T18:09:50.777275Z  WARN mq_bench::transport::mqtt: MQTT subscription eventloop error; continuing poll loop client_id=sub-mqb-5bfe14c8e69e4082-0d105987b3d840ba96dee9e52518bceb error=Mqtt state: Connection closed by peer abruptly
2026-09-28T18:09:50.778484Z  WARN mq_bench::transport::mqtt: MQTT subscription eventloop error; continuing poll loop client_id=sub-mqb-5bfe14c8e69e4082-1b3ed61558574e4fb9d0b93e0c13c7ad error=Mqtt state: Connection closed by peer abruptly
