mq-bench starting with run_id: auto
Writing CSV output to: artifacts/fanout_bursty_20260928_175835_mqtt_hivemq_p64_s1000_u10_bursty/fanout_singlesite/sub_9_3.csv
2026-09-28T17:58:35.893763Z  INFO mq_bench::roles::subscriber: Starting subscriber engine=Mqtt key=topic_9 endpoint=None crash_enabled=false
2026-09-28T17:58:35.893808Z  INFO mq_bench::roles::subscriber: Connected via transport engine=Mqtt
2026-09-28T17:58:35.924860Z  INFO mq_bench::roles::subscriber: Subscribed to key expression key=topic_9
2026-09-28T17:58:42.561711Z  INFO mq_bench::roles::subscriber: Starting subscriber engine=Mqtt key=topic_9 endpoint=None crash_enabled=false
2026-09-28T17:58:42.561800Z  INFO mq_bench::roles::subscriber: Connected via transport engine=Mqtt
2026-09-28T17:58:42.564523Z  INFO mq_bench::roles::subscriber: Subscribed to key expression key=topic_9
2026-09-28T17:58:49.230386Z  INFO mq_bench::roles::subscriber: Starting subscriber engine=Mqtt key=topic_9 endpoint=None crash_enabled=false
2026-09-28T17:58:49.230465Z  INFO mq_bench::roles::subscriber: Connected via transport engine=Mqtt
2026-09-28T17:58:49.235760Z  INFO mq_bench::roles::subscriber: Subscribed to key expression key=topic_9
2026-09-28T17:58:55.898246Z  INFO mq_bench::roles::subscriber: Starting subscriber engine=Mqtt key=topic_9 endpoint=None crash_enabled=false
2026-09-28T17:58:55.898291Z  INFO mq_bench::roles::subscriber: Connected via transport engine=Mqtt
2026-09-28T17:58:55.903728Z  INFO mq_bench::roles::subscriber: Subscribed to key expression key=topic_9
2026-09-28T17:59:02.565785Z  INFO mq_bench::roles::subscriber: Starting subscriber engine=Mqtt key=topic_9 endpoint=None crash_enabled=false
2026-09-28T17:59:02.565866Z  INFO mq_bench::roles::subscriber: Connected via transport engine=Mqtt
2026-09-28T17:59:02.570261Z  INFO mq_bench::roles::subscriber: Subscribed to key expression key=topic_9
2026-09-28T17:59:09.234076Z  INFO mq_bench::roles::subscriber: Starting subscriber engine=Mqtt key=topic_9 endpoint=None crash_enabled=false
2026-09-28T17:59:09.234116Z  INFO mq_bench::roles::subscriber: Connected via transport engine=Mqtt
2026-09-28T17:59:09.238988Z  INFO mq_bench::roles::subscriber: Subscribed to key expression key=topic_9
2026-09-28T17:59:15.902158Z  INFO mq_bench::roles::subscriber: Starting subscriber engine=Mqtt key=topic_9 endpoint=None crash_enabled=false
2026-09-28T17:59:15.902213Z  INFO mq_bench::roles::subscriber: Connected via transport engine=Mqtt
2026-09-28T17:59:15.905994Z  INFO mq_bench::roles::subscriber: Subscribed to key expression key=topic_9
2026-09-28T17:59:22.569932Z  INFO mq_bench::roles::subscriber: Starting subscriber engine=Mqtt key=topic_9 endpoint=None crash_enabled=false
2026-09-28T17:59:22.569974Z  INFO mq_bench::roles::subscriber: Connected via transport engine=Mqtt
2026-09-28T17:59:22.573859Z  INFO mq_bench::roles::subscriber: Subscribed to key expression key=topic_9
2026-09-28T17:59:29.237935Z  INFO mq_bench::roles::subscriber: Starting subscriber engine=Mqtt key=topic_9 endpoint=None crash_enabled=false
2026-09-28T17:59:29.237987Z  INFO mq_bench::roles::subscriber: Connected via transport engine=Mqtt
2026-09-28T17:59:29.244813Z  INFO mq_bench::roles::subscriber: Subscribed to key expression key=topic_9
2026-09-28T17:59:35.906407Z  INFO mq_bench::roles::subscriber: Starting subscriber engine=Mqtt key=topic_9 endpoint=None crash_enabled=false
2026-09-28T17:59:35.906454Z  INFO mq_bench::roles::subscriber: Connected via transport engine=Mqtt
2026-09-28T17:59:35.910721Z  INFO mq_bench::roles::subscriber: Subscribed to key expression key=topic_9
2026-09-28T18:09:50.769671Z  WARN mq_bench::transport::mqtt: MQTT subscription eventloop error; continuing poll loop client_id=sub-mqb-5bfe16c8e69e43e8-011113f11ccd456e8ce7ebd802658634 error=Mqtt state: Connection closed by peer abruptly
2026-09-28T18:09:50.770588Z  WARN mq_bench::transport::mqtt: MQTT subscription eventloop error; continuing poll loop client_id=sub-mqb-5bfe16c8e69e43e8-aee1b754265b4f979c75e9c6742c0f74 error=Mqtt state: Connection closed by peer abruptly
2026-09-28T18:09:50.771683Z  WARN mq_bench::transport::mqtt: MQTT subscription eventloop error; continuing poll loop client_id=sub-mqb-5bfe16c8e69e43e8-160d3b532dc946aabb666c37428a5b55 error=Mqtt state: Connection closed by peer abruptly
2026-09-28T18:09:50.772557Z  WARN mq_bench::transport::mqtt: MQTT subscription eventloop error; continuing poll loop client_id=sub-mqb-5bfe16c8e69e43e8-4bedd5a9fdfd4c758d01397692509eb2 error=Mqtt state: Connection closed by peer abruptly
2026-09-28T18:09:50.773271Z  WARN mq_bench::transport::mqtt: MQTT subscription eventloop error; continuing poll loop client_id=sub-mqb-5bfe16c8e69e43e8-d981cb422a0d44d5a24821bfc4c57853 error=Mqtt state: Connection closed by peer abruptly
2026-09-28T18:09:50.774365Z  WARN mq_bench::transport::mqtt: MQTT subscription eventloop error; continuing poll loop client_id=sub-mqb-5bfe16c8e69e43e8-3c0e1e5ed0234f80a1901cce24f2c22f error=Mqtt state: Connection closed by peer abruptly
2026-09-28T18:09:50.775170Z  WARN mq_bench::transport::mqtt: MQTT subscription eventloop error; continuing poll loop client_id=sub-mqb-5bfe16c8e69e43e8-544d05d28ff443c28ad79524a12bf87c error=Mqtt state: Connection closed by peer abruptly
2026-09-28T18:09:50.776207Z  WARN mq_bench::transport::mqtt: MQTT subscription eventloop error; continuing poll loop client_id=sub-mqb-5bfe16c8e69e43e8-e2d56ab2a3424a229e4a6dfb485c6c11 error=Mqtt state: Mqtt serialization/deserialization error: IO: Connection reset by peer (os error 104)
2026-09-28T18:09:50.777070Z  WARN mq_bench::transport::mqtt: MQTT subscription eventloop error; continuing poll loop client_id=sub-mqb-5bfe16c8e69e43e8-8e80a20f5a0345559eeb4a1b4623932d error=Mqtt state: Connection closed by peer abruptly
2026-09-28T18:09:50.778330Z  WARN mq_bench::transport::mqtt: MQTT subscription eventloop error; continuing poll loop client_id=sub-mqb-5bfe16c8e69e43e8-3b6022d6d8a64cbba922912809e845d6 error=Mqtt state: Connection closed by peer abruptly
