mq-bench starting with run_id: auto
Writing CSV output to: artifacts/fanout_bursty_20260928_175835_mqtt_hivemq_p64_s1000_u10_bursty/fanout_singlesite/sub_2_0.csv
2026-09-28T17:58:35.617919Z  INFO mq_bench::roles::subscriber: Starting subscriber engine=Mqtt key=topic_2 endpoint=None crash_enabled=false
2026-09-28T17:58:35.617965Z  INFO mq_bench::roles::subscriber: Connected via transport engine=Mqtt
2026-09-28T17:58:35.904562Z  INFO mq_bench::roles::subscriber: Subscribed to key expression key=topic_2
2026-09-28T17:58:42.286514Z  INFO mq_bench::roles::subscriber: Starting subscriber engine=Mqtt key=topic_2 endpoint=None crash_enabled=false
2026-09-28T17:58:42.286618Z  INFO mq_bench::roles::subscriber: Connected via transport engine=Mqtt
2026-09-28T17:58:42.300659Z  INFO mq_bench::roles::subscriber: Subscribed to key expression key=topic_2
2026-09-28T17:58:48.954189Z  INFO mq_bench::roles::subscriber: Starting subscriber engine=Mqtt key=topic_2 endpoint=None crash_enabled=false
2026-09-28T17:58:48.954242Z  INFO mq_bench::roles::subscriber: Connected via transport engine=Mqtt
2026-09-28T17:58:48.961964Z  INFO mq_bench::roles::subscriber: Subscribed to key expression key=topic_2
2026-09-28T17:58:55.622570Z  INFO mq_bench::roles::subscriber: Starting subscriber engine=Mqtt key=topic_2 endpoint=None crash_enabled=false
2026-09-28T17:58:55.622613Z  INFO mq_bench::roles::subscriber: Connected via transport engine=Mqtt
2026-09-28T17:58:55.628415Z  INFO mq_bench::roles::subscriber: Subscribed to key expression key=topic_2
2026-09-28T17:59:02.290547Z  INFO mq_bench::roles::subscriber: Starting subscriber engine=Mqtt key=topic_2 endpoint=None crash_enabled=false
2026-09-28T17:59:02.290589Z  INFO mq_bench::roles::subscriber: Connected via transport engine=Mqtt
2026-09-28T17:59:02.295961Z  INFO mq_bench::roles::subscriber: Subscribed to key expression key=topic_2
2026-09-28T17:59:08.957833Z  INFO mq_bench::roles::subscriber: Starting subscriber engine=Mqtt key=topic_2 endpoint=None crash_enabled=false
2026-09-28T17:59:08.957887Z  INFO mq_bench::roles::subscriber: Connected via transport engine=Mqtt
2026-09-28T17:59:08.962685Z  INFO mq_bench::roles::subscriber: Subscribed to key expression key=topic_2
2026-09-28T17:59:15.624834Z  INFO mq_bench::roles::subscriber: Starting subscriber engine=Mqtt key=topic_2 endpoint=None crash_enabled=false
2026-09-28T17:59:15.624943Z  INFO mq_bench::roles::subscriber: Connected via transport engine=Mqtt
2026-09-28T17:59:15.628879Z  INFO mq_bench::roles::subscriber: Subscribed to key expression key=topic_2
2026-09-28T17:59:22.291758Z  INFO mq_bench::roles::subscriber: Starting subscriber engine=Mqtt key=topic_2 endpoint=None crash_enabled=false
2026-09-28T17:59:22.291803Z  INFO mq_bench::roles::subscriber: Connected via transport engine=Mqtt
2026-09-28T17:59:22.295539Z  INFO mq_bench::roles::subscriber: Subscribed to key expression key=topic_2
2026-09-28T17:59:28.959610Z  INFO mq_bench::roles::subscriber: Starting subscriber engine=Mqtt key=topic_2 endpoint=None crash_enabled=false
2026-09-28T17:59:28.959663Z  INFO mq_bench::roles::subscriber: Connected via transport engine=Mqtt
2026-09-28T17:59:28.962843Z  INFO mq_bench::roles::subscriber: Subscribed to key expression key=topic_2
2026-09-28T17:59:35.626878Z  INFO mq_bench::roles::subscriber: Starting subscriber engine=Mqtt key=topic_2 endpoint=None crash_enabled=false
2026-09-28T17:59:35.626946Z  INFO mq_bench::roles::subscriber: Connected via transport engine=Mqtt
2026-09-28T17:59:35.631033Z  INFO mq_bench::roles::subscriber: Subscribed to key expression key=topic_2
2026-09-28T18:09:50.770454Z  WARN mq_bench::transport::mqtt: MQTT subscription eventloop error; continuing poll loop client_id=sub-mqb-5bfe11c8e69e3b69-d7fe9b313c2b488f897c272726ed3b49 error=Mqtt state: Connection closed by peer abruptly
2026-09-28T18:09:50.771340Z  WARN mq_bench::transport::mqtt: MQTT subscription eventloop error; continuing poll loop client_id=sub-mqb-5bfe11c8e69e3b69-dbdb24a943e144b1859ade6e283001c5 error=Mqtt state: Connection closed by peer abruptly
2026-09-28T18:09:50.772305Z  WARN mq_bench::transport::mqtt: MQTT subscription eventloop error; continuing poll loop client_id=sub-mqb-5bfe11c8e69e3b69-532838c7fa3e4051b77c95236fee6dca error=Mqtt state: Connection closed by peer abruptly
2026-09-28T18:09:50.773132Z  WARN mq_bench::transport::mqtt: MQTT subscription eventloop error; continuing poll loop client_id=sub-mqb-5bfe11c8e69e3b69-04e87d09e81e4e95968674fa635fcae8 error=Mqtt state: Connection closed by peer abruptly
2026-09-28T18:09:50.774125Z  WARN mq_bench::transport::mqtt: MQTT subscription eventloop error; continuing poll loop client_id=sub-mqb-5bfe11c8e69e3b69-916f285064044bd1a2e24e6511984cb2 error=Mqtt state: Connection closed by peer abruptly
2026-09-28T18:09:50.774998Z  WARN mq_bench::transport::mqtt: MQTT subscription eventloop error; continuing poll loop client_id=sub-mqb-5bfe11c8e69e3b69-8b1d335ebc3347c689fe4d799bb48f14 error=Mqtt state: Connection closed by peer abruptly
2026-09-28T18:09:50.775790Z  WARN mq_bench::transport::mqtt: MQTT subscription eventloop error; continuing poll loop client_id=sub-mqb-5bfe11c8e69e3b69-20007ba06c564950bb980a9c83624bb1 error=Mqtt state: Connection closed by peer abruptly
2026-09-28T18:09:50.776781Z  WARN mq_bench::transport::mqtt: MQTT subscription eventloop error; continuing poll loop client_id=sub-mqb-5bfe11c8e69e3b69-bd4a885f2c24443fac72222709171959 error=Mqtt state: Mqtt serialization/deserialization error: IO: Connection reset by peer (os error 104)
2026-09-28T18:09:50.778031Z  WARN mq_bench::transport::mqtt: MQTT subscription eventloop error; continuing poll loop client_id=sub-mqb-5bfe11c8e69e3b69-16b0a1b524a84a9d833bed96bebe65d9 error=Mqtt state: Connection closed by peer abruptly
2026-09-28T18:09:50.778870Z  WARN mq_bench::transport::mqtt: MQTT subscription eventloop error; continuing poll loop client_id=sub-mqb-5bfe11c8e69e3b69-05e8d0e274414632bae32e1ee63d4a56 error=Mqtt state: Connection closed by peer abruptly
