mq-bench starting with run_id: auto
Writing CSV output to: artifacts/fanout_bursty_20260928_175835_mqtt_hivemq_p64_s1000_u10_bursty/fanout_singlesite/sub_8_0.csv
2026-09-28T17:58:35.841869Z  INFO mq_bench::roles::subscriber: Starting subscriber engine=Mqtt key=topic_8 endpoint=None crash_enabled=false
2026-09-28T17:58:35.841911Z  INFO mq_bench::roles::subscriber: Connected via transport engine=Mqtt
2026-09-28T17:58:35.907785Z  INFO mq_bench::roles::subscriber: Subscribed to key expression key=topic_8
2026-09-28T17:58:42.509113Z  INFO mq_bench::roles::subscriber: Starting subscriber engine=Mqtt key=topic_8 endpoint=None crash_enabled=false
2026-09-28T17:58:42.509195Z  INFO mq_bench::roles::subscriber: Connected via transport engine=Mqtt
2026-09-28T17:58:42.515999Z  INFO mq_bench::roles::subscriber: Subscribed to key expression key=topic_8
2026-09-28T17:58:49.176935Z  INFO mq_bench::roles::subscriber: Starting subscriber engine=Mqtt key=topic_8 endpoint=None crash_enabled=false
2026-09-28T17:58:49.177020Z  INFO mq_bench::roles::subscriber: Connected via transport engine=Mqtt
2026-09-28T17:58:49.182664Z  INFO mq_bench::roles::subscriber: Subscribed to key expression key=topic_8
2026-09-28T17:58:55.843896Z  INFO mq_bench::roles::subscriber: Starting subscriber engine=Mqtt key=topic_8 endpoint=None crash_enabled=false
2026-09-28T17:58:55.844072Z  INFO mq_bench::roles::subscriber: Connected via transport engine=Mqtt
2026-09-28T17:58:55.853621Z  INFO mq_bench::roles::subscriber: Subscribed to key expression key=topic_8
2026-09-28T17:59:02.511608Z  INFO mq_bench::roles::subscriber: Starting subscriber engine=Mqtt key=topic_8 endpoint=None crash_enabled=false
2026-09-28T17:59:02.511661Z  INFO mq_bench::roles::subscriber: Connected via transport engine=Mqtt
2026-09-28T17:59:02.516845Z  INFO mq_bench::roles::subscriber: Subscribed to key expression key=topic_8
2026-09-28T17:59:09.179416Z  INFO mq_bench::roles::subscriber: Starting subscriber engine=Mqtt key=topic_8 endpoint=None crash_enabled=false
2026-09-28T17:59:09.179459Z  INFO mq_bench::roles::subscriber: Connected via transport engine=Mqtt
2026-09-28T17:59:09.188798Z  INFO mq_bench::roles::subscriber: Subscribed to key expression key=topic_8
2026-09-28T17:59:15.846843Z  INFO mq_bench::roles::subscriber: Starting subscriber engine=Mqtt key=topic_8 endpoint=None crash_enabled=false
2026-09-28T17:59:15.846885Z  INFO mq_bench::roles::subscriber: Connected via transport engine=Mqtt
2026-09-28T17:59:15.850901Z  INFO mq_bench::roles::subscriber: Subscribed to key expression key=topic_8
2026-09-28T17:59:22.514736Z  INFO mq_bench::roles::subscriber: Starting subscriber engine=Mqtt key=topic_8 endpoint=None crash_enabled=false
2026-09-28T17:59:22.514788Z  INFO mq_bench::roles::subscriber: Connected via transport engine=Mqtt
2026-09-28T17:59:22.517753Z  INFO mq_bench::roles::subscriber: Subscribed to key expression key=topic_8
2026-09-28T17:59:29.182775Z  INFO mq_bench::roles::subscriber: Starting subscriber engine=Mqtt key=topic_8 endpoint=None crash_enabled=false
2026-09-28T17:59:29.182817Z  INFO mq_bench::roles::subscriber: Connected via transport engine=Mqtt
2026-09-28T17:59:29.186544Z  INFO mq_bench::roles::subscriber: Subscribed to key expression key=topic_8
2026-09-28T17:59:35.850077Z  INFO mq_bench::roles::subscriber: Starting subscriber engine=Mqtt key=topic_8 endpoint=None crash_enabled=false
2026-09-28T17:59:35.850118Z  INFO mq_bench::roles::subscriber: Connected via transport engine=Mqtt
2026-09-28T17:59:35.855495Z  INFO mq_bench::roles::subscriber: Subscribed to key expression key=topic_8
2026-09-28T18:09:50.769997Z  WARN mq_bench::transport::mqtt: MQTT subscription eventloop error; continuing poll loop client_id=sub-mqb-5bfe17c8e69e459b-f2c84c01dcd84eebaba9c700048917ea error=Mqtt state: Connection closed by peer abruptly
2026-09-28T18:09:50.770754Z  WARN mq_bench::transport::mqtt: MQTT subscription eventloop error; continuing poll loop client_id=sub-mqb-5bfe17c8e69e459b-ca0928ea37184290a98b7446e93835be error=Mqtt state: Connection closed by peer abruptly
2026-09-28T18:09:50.771890Z  WARN mq_bench::transport::mqtt: MQTT subscription eventloop error; continuing poll loop client_id=sub-mqb-5bfe17c8e69e459b-5fd43078aced42ab8bd4dcfc522f7f1c error=Mqtt state: Connection closed by peer abruptly
2026-09-28T18:09:50.772631Z  WARN mq_bench::transport::mqtt: MQTT subscription eventloop error; continuing poll loop client_id=sub-mqb-5bfe17c8e69e459b-aeb9dd313e76464eb74ed02c7b5a9833 error=Mqtt state: Connection closed by peer abruptly
2026-09-28T18:09:50.773323Z  WARN mq_bench::transport::mqtt: MQTT subscription eventloop error; continuing poll loop client_id=sub-mqb-5bfe17c8e69e459b-b93eb7902484470fb9cc274227af1f24 error=Mqtt state: Connection closed by peer abruptly
2026-09-28T18:09:50.774405Z  WARN mq_bench::transport::mqtt: MQTT subscription eventloop error; continuing poll loop client_id=sub-mqb-5bfe17c8e69e459b-d7d6419778f34a09ae12a797a8fac55e error=Mqtt state: Connection closed by peer abruptly
2026-09-28T18:09:50.775158Z  WARN mq_bench::transport::mqtt: MQTT subscription eventloop error; continuing poll loop client_id=sub-mqb-5bfe17c8e69e459b-808333ce8b21419fbae10dd184320f10 error=Mqtt state: Connection closed by peer abruptly
2026-09-28T18:09:50.776295Z  WARN mq_bench::transport::mqtt: MQTT subscription eventloop error; continuing poll loop client_id=sub-mqb-5bfe17c8e69e459b-e13570246ebf4139b25660b99fe4cd43 error=Mqtt state: Mqtt serialization/deserialization error: IO: Connection reset by peer (os error 104)
2026-09-28T18:09:50.777181Z  WARN mq_bench::transport::mqtt: MQTT subscription eventloop error; continuing poll loop client_id=sub-mqb-5bfe17c8e69e459b-c53f348c035c42609bd71d022ae40c9e error=Mqtt state: Connection closed by peer abruptly
2026-09-28T18:09:50.778377Z  WARN mq_bench::transport::mqtt: MQTT subscription eventloop error; continuing poll loop client_id=sub-mqb-5bfe17c8e69e459b-16ba7e92fc014237a24db15d0a97a44b error=Mqtt state: Connection closed by peer abruptly
