mq-bench starting with run_id: auto
Writing CSV output to: artifacts/fanout_bursty_20260928_175835_mqtt_hivemq_p64_s1000_u10_bursty/fanout_singlesite/sub_1_5.csv
2026-09-28T17:58:35.599622Z  INFO mq_bench::roles::subscriber: Starting subscriber engine=Mqtt key=topic_1 endpoint=None crash_enabled=false
2026-09-28T17:58:35.599669Z  INFO mq_bench::roles::subscriber: Connected via transport engine=Mqtt
2026-09-28T17:58:35.889977Z  INFO mq_bench::roles::subscriber: Subscribed to key expression key=topic_1
2026-09-28T17:58:42.267107Z  INFO mq_bench::roles::subscriber: Starting subscriber engine=Mqtt key=topic_1 endpoint=None crash_enabled=false
2026-09-28T17:58:42.267202Z  INFO mq_bench::roles::subscriber: Connected via transport engine=Mqtt
2026-09-28T17:58:42.293779Z  INFO mq_bench::roles::subscriber: Subscribed to key expression key=topic_1
2026-09-28T17:58:48.934711Z  INFO mq_bench::roles::subscriber: Starting subscriber engine=Mqtt key=topic_1 endpoint=None crash_enabled=false
2026-09-28T17:58:48.934797Z  INFO mq_bench::roles::subscriber: Connected via transport engine=Mqtt
2026-09-28T17:58:48.942703Z  INFO mq_bench::roles::subscriber: Subscribed to key expression key=topic_1
2026-09-28T17:58:55.603223Z  INFO mq_bench::roles::subscriber: Starting subscriber engine=Mqtt key=topic_1 endpoint=None crash_enabled=false
2026-09-28T17:58:55.603325Z  INFO mq_bench::roles::subscriber: Connected via transport engine=Mqtt
2026-09-28T17:58:55.611298Z  INFO mq_bench::roles::subscriber: Subscribed to key expression key=topic_1
2026-09-28T17:59:02.271370Z  INFO mq_bench::roles::subscriber: Starting subscriber engine=Mqtt key=topic_1 endpoint=None crash_enabled=false
2026-09-28T17:59:02.271424Z  INFO mq_bench::roles::subscriber: Connected via transport engine=Mqtt
2026-09-28T17:59:02.276429Z  INFO mq_bench::roles::subscriber: Subscribed to key expression key=topic_1
2026-09-28T17:59:08.939279Z  INFO mq_bench::roles::subscriber: Starting subscriber engine=Mqtt key=topic_1 endpoint=None crash_enabled=false
2026-09-28T17:59:08.939326Z  INFO mq_bench::roles::subscriber: Connected via transport engine=Mqtt
2026-09-28T17:59:08.945642Z  INFO mq_bench::roles::subscriber: Subscribed to key expression key=topic_1
2026-09-28T17:59:15.606864Z  INFO mq_bench::roles::subscriber: Starting subscriber engine=Mqtt key=topic_1 endpoint=None crash_enabled=false
2026-09-28T17:59:15.606907Z  INFO mq_bench::roles::subscriber: Connected via transport engine=Mqtt
2026-09-28T17:59:15.610948Z  INFO mq_bench::roles::subscriber: Subscribed to key expression key=topic_1
2026-09-28T17:59:22.275022Z  INFO mq_bench::roles::subscriber: Starting subscriber engine=Mqtt key=topic_1 endpoint=None crash_enabled=false
2026-09-28T17:59:22.275082Z  INFO mq_bench::roles::subscriber: Connected via transport engine=Mqtt
2026-09-28T17:59:22.280587Z  INFO mq_bench::roles::subscriber: Subscribed to key expression key=topic_1
2026-09-28T17:59:28.942610Z  INFO mq_bench::roles::subscriber: Starting subscriber engine=Mqtt key=topic_1 endpoint=None crash_enabled=false
2026-09-28T17:59:28.942648Z  INFO mq_bench::roles::subscriber: Connected via transport engine=Mqtt
2026-09-28T17:59:28.945942Z  INFO mq_bench::roles::subscriber: Subscribed to key expression key=topic_1
2026-09-28T17:59:35.610070Z  INFO mq_bench::roles::subscriber: Starting subscriber engine=Mqtt key=topic_1 endpoint=None crash_enabled=false
2026-09-28T17:59:35.610109Z  INFO mq_bench::roles::subscriber: Connected via transport engine=Mqtt
2026-09-28T17:59:35.613497Z  INFO mq_bench::roles::subscriber: Subscribed to key expression key=topic_1
2026-09-28T18:09:50.770478Z  WARN mq_bench::transport::mqtt: MQTT subscription eventloop error; continuing poll loop client_id=sub-mqb-5bfe0ec8e69e3650-63dd2a7d60a046c7a0285f498011d9b1 error=Mqtt state: Connection closed by peer abruptly
2026-09-28T18:09:50.771389Z  WARN mq_bench::transport::mqtt: MQTT subscription eventloop error; continuing poll loop client_id=sub-mqb-5bfe0ec8e69e3650-039309583def403db12c097c158a9652 error=Mqtt state: Connection closed by peer abruptly
2026-09-28T18:09:50.772276Z  WARN mq_bench::transport::mqtt: MQTT subscription eventloop error; continuing poll loop client_id=sub-mqb-5bfe0ec8e69e3650-6bfd71b345274a7989f44f656a45ddea error=Mqtt state: Connection closed by peer abruptly
2026-09-28T18:09:50.773144Z  WARN mq_bench::transport::mqtt: MQTT subscription eventloop error; continuing poll loop client_id=sub-mqb-5bfe0ec8e69e3650-5e7db3bc0dde43bfb92665d9c1a3333c error=Mqtt state: Connection closed by peer abruptly
2026-09-28T18:09:50.774064Z  WARN mq_bench::transport::mqtt: MQTT subscription eventloop error; continuing poll loop client_id=sub-mqb-5bfe0ec8e69e3650-b3fc58fd0e7444e0ae1dd57a37672d4d error=Mqtt state: Connection closed by peer abruptly
2026-09-28T18:09:50.774987Z  WARN mq_bench::transport::mqtt: MQTT subscription eventloop error; continuing poll loop client_id=sub-mqb-5bfe0ec8e69e3650-c075f8d023cb43cbb9c66363035517bd error=Mqtt state: Connection closed by peer abruptly
2026-09-28T18:09:50.775880Z  WARN mq_bench::transport::mqtt: MQTT subscription eventloop error; continuing poll loop client_id=sub-mqb-5bfe0ec8e69e3650-4712bcde26c541b8b08e17a92c5bb4ad error=Mqtt state: Connection closed by peer abruptly
2026-09-28T18:09:50.776846Z  WARN mq_bench::transport::mqtt: MQTT subscription eventloop error; continuing poll loop client_id=sub-mqb-5bfe0ec8e69e3650-8c3e602d4d704666bd076a7eb70c9fa7 error=Mqtt state: Mqtt serialization/deserialization error: IO: Connection reset by peer (os error 104)
2026-09-28T18:09:50.778057Z  WARN mq_bench::transport::mqtt: MQTT subscription eventloop error; continuing poll loop client_id=sub-mqb-5bfe0ec8e69e3650-e6772cac43ef449eb4580bc8f8cee4e0 error=Mqtt state: Connection closed by peer abruptly
2026-09-28T18:09:50.778817Z  WARN mq_bench::transport::mqtt: MQTT subscription eventloop error; continuing poll loop client_id=sub-mqb-5bfe0ec8e69e3650-e7f422cd7fde461fa7f647026b82331a error=Mqtt state: Connection closed by peer abruptly
