mq-bench starting with run_id: auto
Writing CSV output to: artifacts/fanout_bursty_20260928_175835_mqtt_hivemq_p64_s1000_u10_bursty/fanout_singlesite/sub_2_4.csv
2026-09-28T17:58:35.632542Z  INFO mq_bench::roles::subscriber: Starting subscriber engine=Mqtt key=topic_2 endpoint=None crash_enabled=false
2026-09-28T17:58:35.632583Z  INFO mq_bench::roles::subscriber: Connected via transport engine=Mqtt
2026-09-28T17:58:35.888663Z  INFO mq_bench::roles::subscriber: Subscribed to key expression key=topic_2
2026-09-28T17:58:42.300641Z  INFO mq_bench::roles::subscriber: Starting subscriber engine=Mqtt key=topic_2 endpoint=None crash_enabled=false
2026-09-28T17:58:42.300731Z  INFO mq_bench::roles::subscriber: Connected via transport engine=Mqtt
2026-09-28T17:58:42.316537Z  INFO mq_bench::roles::subscriber: Subscribed to key expression key=topic_2
2026-09-28T17:58:48.968524Z  INFO mq_bench::roles::subscriber: Starting subscriber engine=Mqtt key=topic_2 endpoint=None crash_enabled=false
2026-09-28T17:58:48.968612Z  INFO mq_bench::roles::subscriber: Connected via transport engine=Mqtt
2026-09-28T17:58:48.979122Z  INFO mq_bench::roles::subscriber: Subscribed to key expression key=topic_2
2026-09-28T17:58:55.635593Z  INFO mq_bench::roles::subscriber: Starting subscriber engine=Mqtt key=topic_2 endpoint=None crash_enabled=false
2026-09-28T17:58:55.635634Z  INFO mq_bench::roles::subscriber: Connected via transport engine=Mqtt
2026-09-28T17:58:55.647208Z  INFO mq_bench::roles::subscriber: Subscribed to key expression key=topic_2
2026-09-28T17:59:02.304286Z  INFO mq_bench::roles::subscriber: Starting subscriber engine=Mqtt key=topic_2 endpoint=None crash_enabled=false
2026-09-28T17:59:02.304366Z  INFO mq_bench::roles::subscriber: Connected via transport engine=Mqtt
2026-09-28T17:59:02.310548Z  INFO mq_bench::roles::subscriber: Subscribed to key expression key=topic_2
2026-09-28T17:59:08.972120Z  INFO mq_bench::roles::subscriber: Starting subscriber engine=Mqtt key=topic_2 endpoint=None crash_enabled=false
2026-09-28T17:59:08.972165Z  INFO mq_bench::roles::subscriber: Connected via transport engine=Mqtt
2026-09-28T17:59:08.976466Z  INFO mq_bench::roles::subscriber: Subscribed to key expression key=topic_2
2026-09-28T17:59:15.639869Z  INFO mq_bench::roles::subscriber: Starting subscriber engine=Mqtt key=topic_2 endpoint=None crash_enabled=false
2026-09-28T17:59:15.639905Z  INFO mq_bench::roles::subscriber: Connected via transport engine=Mqtt
2026-09-28T17:59:15.644011Z  INFO mq_bench::roles::subscriber: Subscribed to key expression key=topic_2
2026-09-28T17:59:22.307811Z  INFO mq_bench::roles::subscriber: Starting subscriber engine=Mqtt key=topic_2 endpoint=None crash_enabled=false
2026-09-28T17:59:22.307867Z  INFO mq_bench::roles::subscriber: Connected via transport engine=Mqtt
2026-09-28T17:59:22.312641Z  INFO mq_bench::roles::subscriber: Subscribed to key expression key=topic_2
2026-09-28T17:59:28.975386Z  INFO mq_bench::roles::subscriber: Starting subscriber engine=Mqtt key=topic_2 endpoint=None crash_enabled=false
2026-09-28T17:59:28.975447Z  INFO mq_bench::roles::subscriber: Connected via transport engine=Mqtt
2026-09-28T17:59:28.978730Z  INFO mq_bench::roles::subscriber: Subscribed to key expression key=topic_2
2026-09-28T17:59:35.642889Z  INFO mq_bench::roles::subscriber: Starting subscriber engine=Mqtt key=topic_2 endpoint=None crash_enabled=false
2026-09-28T17:59:35.642950Z  INFO mq_bench::roles::subscriber: Connected via transport engine=Mqtt
2026-09-28T17:59:35.646262Z  INFO mq_bench::roles::subscriber: Subscribed to key expression key=topic_2
2026-09-28T18:09:50.770411Z  WARN mq_bench::transport::mqtt: MQTT subscription eventloop error; continuing poll loop client_id=sub-mqb-5bfe11c8e69e3b69-8890d96c478b4df085ebc4a8d633baf0 error=Mqtt state: Connection closed by peer abruptly
2026-09-28T18:09:50.771263Z  WARN mq_bench::transport::mqtt: MQTT subscription eventloop error; continuing poll loop client_id=sub-mqb-5bfe11c8e69e3b69-82c34b873ccf4ebb9f55ec2bf2be90f6 error=Mqtt state: Connection closed by peer abruptly
2026-09-28T18:09:50.772219Z  WARN mq_bench::transport::mqtt: MQTT subscription eventloop error; continuing poll loop client_id=sub-mqb-5bfe11c8e69e3b69-18db7d5f8f8c42b88f6ea5ca9e25a364 error=Mqtt state: Connection closed by peer abruptly
2026-09-28T18:09:50.773085Z  WARN mq_bench::transport::mqtt: MQTT subscription eventloop error; continuing poll loop client_id=sub-mqb-5bfe11c8e69e3b69-006fed899e7049399508a4fc9332992b error=Mqtt state: Connection closed by peer abruptly
2026-09-28T18:09:50.774032Z  WARN mq_bench::transport::mqtt: MQTT subscription eventloop error; continuing poll loop client_id=sub-mqb-5bfe11c8e69e3b69-2ba31cc2088445e087879aa751ad66bc error=Mqtt state: Connection closed by peer abruptly
2026-09-28T18:09:50.774955Z  WARN mq_bench::transport::mqtt: MQTT subscription eventloop error; continuing poll loop client_id=sub-mqb-5bfe11c8e69e3b69-40c4c9574ce3494b94fee1900ca0fa22 error=Mqtt state: Connection closed by peer abruptly
2026-09-28T18:09:50.775694Z  WARN mq_bench::transport::mqtt: MQTT subscription eventloop error; continuing poll loop client_id=sub-mqb-5bfe11c8e69e3b69-84cbf91cdc884528bd38f50a058db825 error=Mqtt state: Connection closed by peer abruptly
2026-09-28T18:09:50.776704Z  WARN mq_bench::transport::mqtt: MQTT subscription eventloop error; continuing poll loop client_id=sub-mqb-5bfe11c8e69e3b69-7eb49047dc5345a5a698a8e141f990d9 error=Mqtt state: Mqtt serialization/deserialization error: IO: Connection reset by peer (os error 104)
2026-09-28T18:09:50.777904Z  WARN mq_bench::transport::mqtt: MQTT subscription eventloop error; continuing poll loop client_id=sub-mqb-5bfe11c8e69e3b69-e95babe69b484da7ab2abaaf258da2a6 error=Mqtt state: Connection closed by peer abruptly
2026-09-28T18:09:50.778759Z  WARN mq_bench::transport::mqtt: MQTT subscription eventloop error; continuing poll loop client_id=sub-mqb-5bfe11c8e69e3b69-d3a61502b5d14894b026df21f2461af9 error=Mqtt state: Connection closed by peer abruptly
