mq-bench starting with run_id: auto
Writing CSV output to: artifacts/fanout_bursty_20260928_175835_mqtt_hivemq_p64_s1000_u10_bursty/fanout_singlesite/sub_7_7.csv
2026-09-28T17:58:35.830678Z  INFO mq_bench::roles::subscriber: Starting subscriber engine=Mqtt key=topic_7 endpoint=None crash_enabled=false
2026-09-28T17:58:35.830735Z  INFO mq_bench::roles::subscriber: Connected via transport engine=Mqtt
2026-09-28T17:58:35.921038Z  INFO mq_bench::roles::subscriber: Subscribed to key expression key=topic_7
2026-09-28T17:58:42.498718Z  INFO mq_bench::roles::subscriber: Starting subscriber engine=Mqtt key=topic_7 endpoint=None crash_enabled=false
2026-09-28T17:58:42.498808Z  INFO mq_bench::roles::subscriber: Connected via transport engine=Mqtt
2026-09-28T17:58:42.506658Z  INFO mq_bench::roles::subscriber: Subscribed to key expression key=topic_7
2026-09-28T17:58:49.166593Z  INFO mq_bench::roles::subscriber: Starting subscriber engine=Mqtt key=topic_7 endpoint=None crash_enabled=false
2026-09-28T17:58:49.166672Z  INFO mq_bench::roles::subscriber: Connected via transport engine=Mqtt
2026-09-28T17:58:49.172658Z  INFO mq_bench::roles::subscriber: Subscribed to key expression key=topic_7
2026-09-28T17:58:55.834837Z  INFO mq_bench::roles::subscriber: Starting subscriber engine=Mqtt key=topic_7 endpoint=None crash_enabled=false
2026-09-28T17:58:55.834877Z  INFO mq_bench::roles::subscriber: Connected via transport engine=Mqtt
2026-09-28T17:58:55.840285Z  INFO mq_bench::roles::subscriber: Subscribed to key expression key=topic_7
2026-09-28T17:59:02.502437Z  INFO mq_bench::roles::subscriber: Starting subscriber engine=Mqtt key=topic_7 endpoint=None crash_enabled=false
2026-09-28T17:59:02.502521Z  INFO mq_bench::roles::subscriber: Connected via transport engine=Mqtt
2026-09-28T17:59:02.507845Z  INFO mq_bench::roles::subscriber: Subscribed to key expression key=topic_7
2026-09-28T17:59:09.170491Z  INFO mq_bench::roles::subscriber: Starting subscriber engine=Mqtt key=topic_7 endpoint=None crash_enabled=false
2026-09-28T17:59:09.170531Z  INFO mq_bench::roles::subscriber: Connected via transport engine=Mqtt
2026-09-28T17:59:09.176326Z  INFO mq_bench::roles::subscriber: Subscribed to key expression key=topic_7
2026-09-28T17:59:15.838367Z  INFO mq_bench::roles::subscriber: Starting subscriber engine=Mqtt key=topic_7 endpoint=None crash_enabled=false
2026-09-28T17:59:15.838408Z  INFO mq_bench::roles::subscriber: Connected via transport engine=Mqtt
2026-09-28T17:59:15.843949Z  INFO mq_bench::roles::subscriber: Subscribed to key expression key=topic_7
2026-09-28T17:59:22.506764Z  INFO mq_bench::roles::subscriber: Starting subscriber engine=Mqtt key=topic_7 endpoint=None crash_enabled=false
2026-09-28T17:59:22.506806Z  INFO mq_bench::roles::subscriber: Connected via transport engine=Mqtt
2026-09-28T17:59:22.509309Z  INFO mq_bench::roles::subscriber: Subscribed to key expression key=topic_7
2026-09-28T17:59:29.174274Z  INFO mq_bench::roles::subscriber: Starting subscriber engine=Mqtt key=topic_7 endpoint=None crash_enabled=false
2026-09-28T17:59:29.174320Z  INFO mq_bench::roles::subscriber: Connected via transport engine=Mqtt
2026-09-28T17:59:29.177702Z  INFO mq_bench::roles::subscriber: Subscribed to key expression key=topic_7
2026-09-28T17:59:35.841096Z  INFO mq_bench::roles::subscriber: Starting subscriber engine=Mqtt key=topic_7 endpoint=None crash_enabled=false
2026-09-28T17:59:35.841142Z  INFO mq_bench::roles::subscriber: Connected via transport engine=Mqtt
2026-09-28T17:59:35.845356Z  INFO mq_bench::roles::subscriber: Subscribed to key expression key=topic_7
2026-09-28T18:09:50.769822Z  WARN mq_bench::transport::mqtt: MQTT subscription eventloop error; continuing poll loop client_id=sub-mqb-5bfe14c8e69e4082-7cc25469bacd4b1fa0ed4b29314af8d5 error=Mqtt state: Connection closed by peer abruptly
2026-09-28T18:09:50.770745Z  WARN mq_bench::transport::mqtt: MQTT subscription eventloop error; continuing poll loop client_id=sub-mqb-5bfe14c8e69e4082-aa02f3c2235f4e92971292d6b8f7419e error=Mqtt state: Connection closed by peer abruptly
2026-09-28T18:09:50.771741Z  WARN mq_bench::transport::mqtt: MQTT subscription eventloop error; continuing poll loop client_id=sub-mqb-5bfe14c8e69e4082-f47434422e7f40b1a59d09f4175c22b2 error=Mqtt state: Connection closed by peer abruptly
2026-09-28T18:09:50.772629Z  WARN mq_bench::transport::mqtt: MQTT subscription eventloop error; continuing poll loop client_id=sub-mqb-5bfe14c8e69e4082-9019c65c78614b73a776f10f2dafe1ad error=Mqtt state: Connection closed by peer abruptly
2026-09-28T18:09:50.773368Z  WARN mq_bench::transport::mqtt: MQTT subscription eventloop error; continuing poll loop client_id=sub-mqb-5bfe14c8e69e4082-75901a0e15c94b27823fd0b9e4fe28ba error=Mqtt state: Connection closed by peer abruptly
2026-09-28T18:09:50.774423Z  WARN mq_bench::transport::mqtt: MQTT subscription eventloop error; continuing poll loop client_id=sub-mqb-5bfe14c8e69e4082-828dfc75864c44f19d34b44d1b2377d4 error=Mqtt state: Connection closed by peer abruptly
2026-09-28T18:09:50.775180Z  WARN mq_bench::transport::mqtt: MQTT subscription eventloop error; continuing poll loop client_id=sub-mqb-5bfe14c8e69e4082-ad17717af0014266a9e58964960c44dd error=Mqtt state: Connection closed by peer abruptly
2026-09-28T18:09:50.776282Z  WARN mq_bench::transport::mqtt: MQTT subscription eventloop error; continuing poll loop client_id=sub-mqb-5bfe14c8e69e4082-26e30e4a55ea49bda8a7f1f8eff39ff5 error=Mqtt state: Mqtt serialization/deserialization error: IO: Connection reset by peer (os error 104)
2026-09-28T18:09:50.777217Z  WARN mq_bench::transport::mqtt: MQTT subscription eventloop error; continuing poll loop client_id=sub-mqb-5bfe14c8e69e4082-23fb8bfeba3d4e4fa4eff032b57691ac error=Mqtt state: Connection closed by peer abruptly
2026-09-28T18:09:50.778390Z  WARN mq_bench::transport::mqtt: MQTT subscription eventloop error; continuing poll loop client_id=sub-mqb-5bfe14c8e69e4082-f319f764cadc4063b374dfbf1d41f16b error=Mqtt state: Connection closed by peer abruptly
