mq-bench starting with run_id: auto
Writing CSV output to: artifacts/fanout_bursty_20260928_175835_mqtt_hivemq_p64_s1000_u10_bursty/fanout_singlesite/sub_3_2.csv
2026-09-28T17:58:35.662167Z  INFO mq_bench::roles::subscriber: Starting subscriber engine=Mqtt key=topic_3 endpoint=None crash_enabled=false
2026-09-28T17:58:35.662210Z  INFO mq_bench::roles::subscriber: Connected via transport engine=Mqtt
2026-09-28T17:58:35.894571Z  INFO mq_bench::roles::subscriber: Subscribed to key expression key=topic_3
2026-09-28T17:58:42.329174Z  INFO mq_bench::roles::subscriber: Starting subscriber engine=Mqtt key=topic_3 endpoint=None crash_enabled=false
2026-09-28T17:58:42.329264Z  INFO mq_bench::roles::subscriber: Connected via transport engine=Mqtt
2026-09-28T17:58:42.336261Z  INFO mq_bench::roles::subscriber: Subscribed to key expression key=topic_3
2026-09-28T17:58:48.996949Z  INFO mq_bench::roles::subscriber: Starting subscriber engine=Mqtt key=topic_3 endpoint=None crash_enabled=false
2026-09-28T17:58:48.997044Z  INFO mq_bench::roles::subscriber: Connected via transport engine=Mqtt
2026-09-28T17:58:49.005684Z  INFO mq_bench::roles::subscriber: Subscribed to key expression key=topic_3
2026-09-28T17:58:55.664594Z  INFO mq_bench::roles::subscriber: Starting subscriber engine=Mqtt key=topic_3 endpoint=None crash_enabled=false
2026-09-28T17:58:55.664631Z  INFO mq_bench::roles::subscriber: Connected via transport engine=Mqtt
2026-09-28T17:58:55.671817Z  INFO mq_bench::roles::subscriber: Subscribed to key expression key=topic_3
2026-09-28T17:59:02.332564Z  INFO mq_bench::roles::subscriber: Starting subscriber engine=Mqtt key=topic_3 endpoint=None crash_enabled=false
2026-09-28T17:59:02.332656Z  INFO mq_bench::roles::subscriber: Connected via transport engine=Mqtt
2026-09-28T17:59:02.340065Z  INFO mq_bench::roles::subscriber: Subscribed to key expression key=topic_3
2026-09-28T17:59:08.999974Z  INFO mq_bench::roles::subscriber: Starting subscriber engine=Mqtt key=topic_3 endpoint=None crash_enabled=false
2026-09-28T17:59:09.000020Z  INFO mq_bench::roles::subscriber: Connected via transport engine=Mqtt
2026-09-28T17:59:09.006814Z  INFO mq_bench::roles::subscriber: Subscribed to key expression key=topic_3
2026-09-28T17:59:15.667014Z  INFO mq_bench::roles::subscriber: Starting subscriber engine=Mqtt key=topic_3 endpoint=None crash_enabled=false
2026-09-28T17:59:15.667059Z  INFO mq_bench::roles::subscriber: Connected via transport engine=Mqtt
2026-09-28T17:59:15.671377Z  INFO mq_bench::roles::subscriber: Subscribed to key expression key=topic_3
2026-09-28T17:59:22.334426Z  INFO mq_bench::roles::subscriber: Starting subscriber engine=Mqtt key=topic_3 endpoint=None crash_enabled=false
2026-09-28T17:59:22.334463Z  INFO mq_bench::roles::subscriber: Connected via transport engine=Mqtt
2026-09-28T17:59:22.339248Z  INFO mq_bench::roles::subscriber: Subscribed to key expression key=topic_3
2026-09-28T17:59:29.002273Z  INFO mq_bench::roles::subscriber: Starting subscriber engine=Mqtt key=topic_3 endpoint=None crash_enabled=false
2026-09-28T17:59:29.002314Z  INFO mq_bench::roles::subscriber: Connected via transport engine=Mqtt
2026-09-28T17:59:29.005726Z  INFO mq_bench::roles::subscriber: Subscribed to key expression key=topic_3
2026-09-28T17:59:35.670516Z  INFO mq_bench::roles::subscriber: Starting subscriber engine=Mqtt key=topic_3 endpoint=None crash_enabled=false
2026-09-28T17:59:35.670558Z  INFO mq_bench::roles::subscriber: Connected via transport engine=Mqtt
2026-09-28T17:59:35.675189Z  INFO mq_bench::roles::subscriber: Subscribed to key expression key=topic_3
2026-09-28T18:09:50.770341Z  WARN mq_bench::transport::mqtt: MQTT subscription eventloop error; continuing poll loop client_id=sub-mqb-5bfe10c8e69e39b6-85080169141247ebabc589055809c1a2 error=Mqtt state: Connection closed by peer abruptly
2026-09-28T18:09:50.771180Z  WARN mq_bench::transport::mqtt: MQTT subscription eventloop error; continuing poll loop client_id=sub-mqb-5bfe10c8e69e39b6-67359280090442aab9edf36b3afd0bc0 error=Mqtt state: Connection closed by peer abruptly
2026-09-28T18:09:50.772149Z  WARN mq_bench::transport::mqtt: MQTT subscription eventloop error; continuing poll loop client_id=sub-mqb-5bfe10c8e69e39b6-78441d2171034994a63279a284fa8862 error=Mqtt state: Connection closed by peer abruptly
2026-09-28T18:09:50.773048Z  WARN mq_bench::transport::mqtt: MQTT subscription eventloop error; continuing poll loop client_id=sub-mqb-5bfe10c8e69e39b6-de374e2963c74e96957ad7169ce1af71 error=Mqtt state: Connection closed by peer abruptly
2026-09-28T18:09:50.773885Z  WARN mq_bench::transport::mqtt: MQTT subscription eventloop error; continuing poll loop client_id=sub-mqb-5bfe10c8e69e39b6-0d649f4407f045f78915321dc327cff0 error=Mqtt state: Connection closed by peer abruptly
2026-09-28T18:09:50.774771Z  WARN mq_bench::transport::mqtt: MQTT subscription eventloop error; continuing poll loop client_id=sub-mqb-5bfe10c8e69e39b6-0e2c516120d34863a5122fc1263e161d error=Mqtt state: Connection closed by peer abruptly
2026-09-28T18:09:50.775584Z  WARN mq_bench::transport::mqtt: MQTT subscription eventloop error; continuing poll loop client_id=sub-mqb-5bfe10c8e69e39b6-26f2b1be2f61423487bd3d631e6b4e04 error=Mqtt state: Connection closed by peer abruptly
2026-09-28T18:09:50.776604Z  WARN mq_bench::transport::mqtt: MQTT subscription eventloop error; continuing poll loop client_id=sub-mqb-5bfe10c8e69e39b6-0901ad387cc9402e8e9f6f3a87874f11 error=Mqtt state: Mqtt serialization/deserialization error: IO: Connection reset by peer (os error 104)
2026-09-28T18:09:50.777828Z  WARN mq_bench::transport::mqtt: MQTT subscription eventloop error; continuing poll loop client_id=sub-mqb-5bfe10c8e69e39b6-f0565cf1a5e7463abd04d0404c1ccbcc error=Mqtt state: Connection closed by peer abruptly
2026-09-28T18:09:50.778701Z  WARN mq_bench::transport::mqtt: MQTT subscription eventloop error; continuing poll loop client_id=sub-mqb-5bfe10c8e69e39b6-61c75aed585248d5af786ae3997ce2e3 error=Mqtt state: Connection closed by peer abruptly
