mq-bench starting with run_id: auto
Writing CSV output to: artifacts/fanout_bursty_20260928_175835_mqtt_hivemq_p64_s1000_u10_bursty/fanout_singlesite/sub_5_5.csv
2026-09-28T17:58:35.747449Z  INFO mq_bench::roles::subscriber: Starting subscriber engine=Mqtt key=topic_5 endpoint=None crash_enabled=false
2026-09-28T17:58:35.747495Z  INFO mq_bench::roles::subscriber: Connected via transport engine=Mqtt
2026-09-28T17:58:35.896839Z  INFO mq_bench::roles::subscriber: Subscribed to key expression key=topic_5
2026-09-28T17:58:42.415101Z  INFO mq_bench::roles::subscriber: Starting subscriber engine=Mqtt key=topic_5 endpoint=None crash_enabled=false
2026-09-28T17:58:42.415205Z  INFO mq_bench::roles::subscriber: Connected via transport engine=Mqtt
2026-09-28T17:58:42.422491Z  INFO mq_bench::roles::subscriber: Subscribed to key expression key=topic_5
2026-09-28T17:58:49.082493Z  INFO mq_bench::roles::subscriber: Starting subscriber engine=Mqtt key=topic_5 endpoint=None crash_enabled=false
2026-09-28T17:58:49.082583Z  INFO mq_bench::roles::subscriber: Connected via transport engine=Mqtt
2026-09-28T17:58:49.091968Z  INFO mq_bench::roles::subscriber: Subscribed to key expression key=topic_5
2026-09-28T17:58:55.750292Z  INFO mq_bench::roles::subscriber: Starting subscriber engine=Mqtt key=topic_5 endpoint=None crash_enabled=false
2026-09-28T17:58:55.750345Z  INFO mq_bench::roles::subscriber: Connected via transport engine=Mqtt
2026-09-28T17:58:55.759487Z  INFO mq_bench::roles::subscriber: Subscribed to key expression key=topic_5
2026-09-28T17:59:02.417512Z  INFO mq_bench::roles::subscriber: Starting subscriber engine=Mqtt key=topic_5 endpoint=None crash_enabled=false
2026-09-28T17:59:02.417624Z  INFO mq_bench::roles::subscriber: Connected via transport engine=Mqtt
2026-09-28T17:59:02.423484Z  INFO mq_bench::roles::subscriber: Subscribed to key expression key=topic_5
2026-09-28T17:59:09.085303Z  INFO mq_bench::roles::subscriber: Starting subscriber engine=Mqtt key=topic_5 endpoint=None crash_enabled=false
2026-09-28T17:59:09.085350Z  INFO mq_bench::roles::subscriber: Connected via transport engine=Mqtt
2026-09-28T17:59:09.092579Z  INFO mq_bench::roles::subscriber: Subscribed to key expression key=topic_5
2026-09-28T17:59:15.752802Z  INFO mq_bench::roles::subscriber: Starting subscriber engine=Mqtt key=topic_5 endpoint=None crash_enabled=false
2026-09-28T17:59:15.752847Z  INFO mq_bench::roles::subscriber: Connected via transport engine=Mqtt
2026-09-28T17:59:15.756190Z  INFO mq_bench::roles::subscriber: Subscribed to key expression key=topic_5
2026-09-28T17:59:22.421091Z  INFO mq_bench::roles::subscriber: Starting subscriber engine=Mqtt key=topic_5 endpoint=None crash_enabled=false
2026-09-28T17:59:22.421134Z  INFO mq_bench::roles::subscriber: Connected via transport engine=Mqtt
2026-09-28T17:59:22.427544Z  INFO mq_bench::roles::subscriber: Subscribed to key expression key=topic_5
2026-09-28T17:59:29.088740Z  INFO mq_bench::roles::subscriber: Starting subscriber engine=Mqtt key=topic_5 endpoint=None crash_enabled=false
2026-09-28T17:59:29.088783Z  INFO mq_bench::roles::subscriber: Connected via transport engine=Mqtt
2026-09-28T17:59:29.093074Z  INFO mq_bench::roles::subscriber: Subscribed to key expression key=topic_5
2026-09-28T17:59:35.756577Z  INFO mq_bench::roles::subscriber: Starting subscriber engine=Mqtt key=topic_5 endpoint=None crash_enabled=false
2026-09-28T17:59:35.756627Z  INFO mq_bench::roles::subscriber: Connected via transport engine=Mqtt
2026-09-28T17:59:35.759985Z  INFO mq_bench::roles::subscriber: Subscribed to key expression key=topic_5
2026-09-28T18:09:50.770044Z  WARN mq_bench::transport::mqtt: MQTT subscription eventloop error; continuing poll loop client_id=sub-mqb-5bfe12c8e69e3d1c-482edaf2f10b42ca9d90f76b00a24fa8 error=Mqtt state: Connection closed by peer abruptly
2026-09-28T18:09:50.770904Z  WARN mq_bench::transport::mqtt: MQTT subscription eventloop error; continuing poll loop client_id=sub-mqb-5bfe12c8e69e3d1c-b81b58f26d494814975bf47854c3d1c0 error=Mqtt state: Connection closed by peer abruptly
2026-09-28T18:09:50.772096Z  WARN mq_bench::transport::mqtt: MQTT subscription eventloop error; continuing poll loop client_id=sub-mqb-5bfe12c8e69e3d1c-7dabb7de966b4aa2a562d4fa5008acbe error=Mqtt state: Connection closed by peer abruptly
2026-09-28T18:09:50.772748Z  WARN mq_bench::transport::mqtt: MQTT subscription eventloop error; continuing poll loop client_id=sub-mqb-5bfe12c8e69e3d1c-b34fa8ea60ef4674b52459b9cb5ad32f error=Mqtt state: Connection closed by peer abruptly
2026-09-28T18:09:50.773467Z  WARN mq_bench::transport::mqtt: MQTT subscription eventloop error; continuing poll loop client_id=sub-mqb-5bfe12c8e69e3d1c-bf6b24a064b5468aa3bd80fffc76931b error=Mqtt state: Connection closed by peer abruptly
2026-09-28T18:09:50.774612Z  WARN mq_bench::transport::mqtt: MQTT subscription eventloop error; continuing poll loop client_id=sub-mqb-5bfe12c8e69e3d1c-2d8151c9bcd84e1bbc0e553ab3bc0565 error=Mqtt state: Connection closed by peer abruptly
2026-09-28T18:09:50.775366Z  WARN mq_bench::transport::mqtt: MQTT subscription eventloop error; continuing poll loop client_id=sub-mqb-5bfe12c8e69e3d1c-3c9631d8aa39445c889b8c4af0cbff69 error=Mqtt state: Connection closed by peer abruptly
2026-09-28T18:09:50.776445Z  WARN mq_bench::transport::mqtt: MQTT subscription eventloop error; continuing poll loop client_id=sub-mqb-5bfe12c8e69e3d1c-0c1e4d34111c484893e03bb5c3b3281e error=Mqtt state: Mqtt serialization/deserialization error: IO: Connection reset by peer (os error 104)
2026-09-28T18:09:50.777553Z  WARN mq_bench::transport::mqtt: MQTT subscription eventloop error; continuing poll loop client_id=sub-mqb-5bfe12c8e69e3d1c-fcacbebbe58348f59a03762fcf960420 error=Mqtt state: Connection closed by peer abruptly
2026-09-28T18:09:50.778587Z  WARN mq_bench::transport::mqtt: MQTT subscription eventloop error; continuing poll loop client_id=sub-mqb-5bfe12c8e69e3d1c-ee45244a7341416c850da7cbbd8617c7 error=Mqtt state: Connection closed by peer abruptly
