mq-bench starting with run_id: auto
Writing CSV output to: artifacts/fanout_bursty_20260928_175835_mqtt_hivemq_p64_s1000_u10_bursty/fanout_singlesite/sub_2_9.csv
2026-09-28T17:58:35.650500Z  INFO mq_bench::roles::subscriber: Starting subscriber engine=Mqtt key=topic_2 endpoint=None crash_enabled=false
2026-09-28T17:58:35.650554Z  INFO mq_bench::roles::subscriber: Connected via transport engine=Mqtt
2026-09-28T17:58:35.893425Z  INFO mq_bench::roles::subscriber: Subscribed to key expression key=topic_2
2026-09-28T17:58:42.318401Z  INFO mq_bench::roles::subscriber: Starting subscriber engine=Mqtt key=topic_2 endpoint=None crash_enabled=false
2026-09-28T17:58:42.318489Z  INFO mq_bench::roles::subscriber: Connected via transport engine=Mqtt
2026-09-28T17:58:42.330366Z  INFO mq_bench::roles::subscriber: Subscribed to key expression key=topic_2
2026-09-28T17:58:48.986319Z  INFO mq_bench::roles::subscriber: Starting subscriber engine=Mqtt key=topic_2 endpoint=None crash_enabled=false
2026-09-28T17:58:48.986400Z  INFO mq_bench::roles::subscriber: Connected via transport engine=Mqtt
2026-09-28T17:58:48.995563Z  INFO mq_bench::roles::subscriber: Subscribed to key expression key=topic_2
2026-09-28T17:58:55.653895Z  INFO mq_bench::roles::subscriber: Starting subscriber engine=Mqtt key=topic_2 endpoint=None crash_enabled=false
2026-09-28T17:58:55.653965Z  INFO mq_bench::roles::subscriber: Connected via transport engine=Mqtt
2026-09-28T17:58:55.659571Z  INFO mq_bench::roles::subscriber: Subscribed to key expression key=topic_2
2026-09-28T17:59:02.321574Z  INFO mq_bench::roles::subscriber: Starting subscriber engine=Mqtt key=topic_2 endpoint=None crash_enabled=false
2026-09-28T17:59:02.321657Z  INFO mq_bench::roles::subscriber: Connected via transport engine=Mqtt
2026-09-28T17:59:02.333675Z  INFO mq_bench::roles::subscriber: Subscribed to key expression key=topic_2
2026-09-28T17:59:08.988663Z  INFO mq_bench::roles::subscriber: Starting subscriber engine=Mqtt key=topic_2 endpoint=None crash_enabled=false
2026-09-28T17:59:08.988700Z  INFO mq_bench::roles::subscriber: Connected via transport engine=Mqtt
2026-09-28T17:59:08.996124Z  INFO mq_bench::roles::subscriber: Subscribed to key expression key=topic_2
2026-09-28T17:59:15.656064Z  INFO mq_bench::roles::subscriber: Starting subscriber engine=Mqtt key=topic_2 endpoint=None crash_enabled=false
2026-09-28T17:59:15.656108Z  INFO mq_bench::roles::subscriber: Connected via transport engine=Mqtt
2026-09-28T17:59:15.661102Z  INFO mq_bench::roles::subscriber: Subscribed to key expression key=topic_2
2026-09-28T17:59:22.323947Z  INFO mq_bench::roles::subscriber: Starting subscriber engine=Mqtt key=topic_2 endpoint=None crash_enabled=false
2026-09-28T17:59:22.324020Z  INFO mq_bench::roles::subscriber: Connected via transport engine=Mqtt
2026-09-28T17:59:22.328437Z  INFO mq_bench::roles::subscriber: Subscribed to key expression key=topic_2
2026-09-28T17:59:28.991583Z  INFO mq_bench::roles::subscriber: Starting subscriber engine=Mqtt key=topic_2 endpoint=None crash_enabled=false
2026-09-28T17:59:28.991625Z  INFO mq_bench::roles::subscriber: Connected via transport engine=Mqtt
2026-09-28T17:59:28.995262Z  INFO mq_bench::roles::subscriber: Subscribed to key expression key=topic_2
2026-09-28T17:59:35.658790Z  INFO mq_bench::roles::subscriber: Starting subscriber engine=Mqtt key=topic_2 endpoint=None crash_enabled=false
2026-09-28T17:59:35.658832Z  INFO mq_bench::roles::subscriber: Connected via transport engine=Mqtt
2026-09-28T17:59:35.662815Z  INFO mq_bench::roles::subscriber: Subscribed to key expression key=topic_2
2026-09-28T18:09:50.770415Z  WARN mq_bench::transport::mqtt: MQTT subscription eventloop error; continuing poll loop client_id=sub-mqb-5bfe11c8e69e3b69-b37506bd425c4a72a5dee10edf262fee error=Mqtt state: Connection closed by peer abruptly
2026-09-28T18:09:50.771183Z  WARN mq_bench::transport::mqtt: MQTT subscription eventloop error; continuing poll loop client_id=sub-mqb-5bfe11c8e69e3b69-fa5d5e324e684cdd8b1c1419a64d64ad error=Mqtt state: Connection closed by peer abruptly
2026-09-28T18:09:50.772231Z  WARN mq_bench::transport::mqtt: MQTT subscription eventloop error; continuing poll loop client_id=sub-mqb-5bfe11c8e69e3b69-72ba57a807814de3a312f82f13cbddec error=Mqtt state: Connection closed by peer abruptly
2026-09-28T18:09:50.773104Z  WARN mq_bench::transport::mqtt: MQTT subscription eventloop error; continuing poll loop client_id=sub-mqb-5bfe11c8e69e3b69-2039a623997f4e6cae75e2cc0e04ad4f error=Mqtt state: Connection closed by peer abruptly
2026-09-28T18:09:50.773909Z  WARN mq_bench::transport::mqtt: MQTT subscription eventloop error; continuing poll loop client_id=sub-mqb-5bfe11c8e69e3b69-bf74569de64849c9a97be4b75b12e48a error=Mqtt state: Connection closed by peer abruptly
2026-09-28T18:09:50.774749Z  WARN mq_bench::transport::mqtt: MQTT subscription eventloop error; continuing poll loop client_id=sub-mqb-5bfe11c8e69e3b69-400c31c85c3c45719b7ca5edfe8ff3db error=Mqtt state: Connection closed by peer abruptly
2026-09-28T18:09:50.775683Z  WARN mq_bench::transport::mqtt: MQTT subscription eventloop error; continuing poll loop client_id=sub-mqb-5bfe11c8e69e3b69-70b4547b1cc64747a40e21c982822c19 error=Mqtt state: Connection closed by peer abruptly
2026-09-28T18:09:50.776658Z  WARN mq_bench::transport::mqtt: MQTT subscription eventloop error; continuing poll loop client_id=sub-mqb-5bfe11c8e69e3b69-4b1c224ce19a42428d125b4c231a9daf error=Mqtt state: Mqtt serialization/deserialization error: IO: Connection reset by peer (os error 104)
2026-09-28T18:09:50.777869Z  WARN mq_bench::transport::mqtt: MQTT subscription eventloop error; continuing poll loop client_id=sub-mqb-5bfe11c8e69e3b69-1b62d9d3045a46b6951c459f9183637a error=Mqtt state: Connection closed by peer abruptly
2026-09-28T18:09:50.778761Z  WARN mq_bench::transport::mqtt: MQTT subscription eventloop error; continuing poll loop client_id=sub-mqb-5bfe11c8e69e3b69-0d9175354dfd48caa62584369d500916 error=Mqtt state: Connection closed by peer abruptly
