mq-bench starting with run_id: auto
Writing CSV output to: artifacts/fanout_bursty_20260929_225422_mqtt_hivemq_p64_s1000_u10_bursty/fanout_singlesite/sub_1_2.csv
2026-09-29T22:54:22.635192Z  INFO mq_bench::roles::subscriber: Starting subscriber engine=Mqtt key=topic_1 endpoint=None crash_enabled=false
2026-09-29T22:54:22.635190Z  INFO mq_bench::roles::subscriber: Starting subscriber engine=Mqtt key=topic_1 endpoint=None crash_enabled=false
2026-09-29T22:54:22.635190Z  INFO mq_bench::roles::subscriber: Starting subscriber engine=Mqtt key=topic_1 endpoint=None crash_enabled=false
2026-09-29T22:54:22.635199Z  INFO mq_bench::roles::subscriber: Starting subscriber engine=Mqtt key=topic_1 endpoint=None crash_enabled=false
2026-09-29T22:54:22.635308Z  INFO mq_bench::roles::subscriber: Connected via transport engine=Mqtt
2026-09-29T22:54:22.635203Z  INFO mq_bench::roles::subscriber: Starting subscriber engine=Mqtt key=topic_1 endpoint=None crash_enabled=false
2026-09-29T22:54:22.635315Z  INFO mq_bench::roles::subscriber: Connected via transport engine=Mqtt
2026-09-29T22:54:22.635212Z  INFO mq_bench::roles::subscriber: Starting subscriber engine=Mqtt key=topic_1 endpoint=None crash_enabled=false
2026-09-29T22:54:22.635322Z  INFO mq_bench::roles::subscriber: Connected via transport engine=Mqtt
2026-09-29T22:54:22.635222Z  INFO mq_bench::roles::subscriber: Starting subscriber engine=Mqtt key=topic_1 endpoint=None crash_enabled=false
2026-09-29T22:54:22.635330Z  INFO mq_bench::roles::subscriber: Connected via transport engine=Mqtt
2026-09-29T22:54:22.635219Z  INFO mq_bench::roles::subscriber: Starting subscriber engine=Mqtt key=topic_1 endpoint=None crash_enabled=false
2026-09-29T22:54:22.635230Z  INFO mq_bench::roles::subscriber: Starting subscriber engine=Mqtt key=topic_1 endpoint=None crash_enabled=false
2026-09-29T22:54:22.635236Z  INFO mq_bench::roles::subscriber: Starting subscriber engine=Mqtt key=topic_1 endpoint=None crash_enabled=false
2026-09-29T22:54:22.635358Z  INFO mq_bench::roles::subscriber: Connected via transport engine=Mqtt
2026-09-29T22:54:22.635336Z  INFO mq_bench::roles::subscriber: Connected via transport engine=Mqtt
2026-09-29T22:54:22.635366Z  INFO mq_bench::roles::subscriber: Connected via transport engine=Mqtt
2026-09-29T22:54:22.635348Z  INFO mq_bench::roles::subscriber: Connected via transport engine=Mqtt
2026-09-29T22:54:22.635377Z  INFO mq_bench::roles::subscriber: Connected via transport engine=Mqtt
2026-09-29T22:54:22.635382Z  INFO mq_bench::roles::subscriber: Connected via transport engine=Mqtt
2026-09-29T22:54:23.132454Z  INFO mq_bench::roles::subscriber: Subscribed to key expression key=topic_1
2026-09-29T22:54:23.222361Z  INFO mq_bench::roles::subscriber: Subscribed to key expression key=topic_1
2026-09-29T22:54:23.268020Z  INFO mq_bench::roles::subscriber: Subscribed to key expression key=topic_1
2026-09-29T22:54:23.361700Z  INFO mq_bench::roles::subscriber: Subscribed to key expression key=topic_1
2026-09-29T22:54:23.463649Z  INFO mq_bench::roles::subscriber: Subscribed to key expression key=topic_1
2026-09-29T22:54:23.478382Z  INFO mq_bench::roles::subscriber: Subscribed to key expression key=topic_1
2026-09-29T22:54:23.479796Z  INFO mq_bench::roles::subscriber: Subscribed to key expression key=topic_1
2026-09-29T22:54:23.502899Z  INFO mq_bench::roles::subscriber: Subscribed to key expression key=topic_1
2026-09-29T22:54:23.504345Z  INFO mq_bench::roles::subscriber: Subscribed to key expression key=topic_1
2026-09-29T22:54:23.519273Z  INFO mq_bench::roles::subscriber: Subscribed to key expression key=topic_1
2026-09-29T23:04:40.551478Z  WARN mq_bench::transport::mqtt: MQTT subscription eventloop error; continuing poll loop client_id=sub-mqb-5bfe0ec8e69e3650-69d4bc2024084e5fb65b344ea6c6f788 error=Mqtt state: Connection closed by peer abruptly
2026-09-29T23:04:40.551486Z  WARN mq_bench::transport::mqtt: MQTT subscription eventloop error; continuing poll loop client_id=sub-mqb-5bfe0ec8e69e3650-4568e954147f48abbc193dc4ab44f19e error=Mqtt state: Connection closed by peer abruptly
2026-09-29T23:04:40.551549Z  WARN mq_bench::transport::mqtt: MQTT subscription eventloop error; continuing poll loop client_id=sub-mqb-5bfe0ec8e69e3650-9c2b4095fa824217bbaa503fd79ce70c error=Mqtt state: Connection closed by peer abruptly
2026-09-29T23:04:40.551586Z  WARN mq_bench::transport::mqtt: MQTT subscription eventloop error; continuing poll loop client_id=sub-mqb-5bfe0ec8e69e3650-544d5f6c8d8d4b23bd211c85bb0c9956 error=Mqtt state: Connection closed by peer abruptly
2026-09-29T23:04:40.551596Z  WARN mq_bench::transport::mqtt: MQTT subscription eventloop error; continuing poll loop client_id=sub-mqb-5bfe0ec8e69e3650-367922a089f44e79878a1fd4efb4e2dd error=Mqtt state: Connection closed by peer abruptly
2026-09-29T23:04:40.551617Z  WARN mq_bench::transport::mqtt: MQTT subscription eventloop error; continuing poll loop client_id=sub-mqb-5bfe0ec8e69e3650-29113fedbc3e4d0981c4cdf60a7df474 error=Mqtt state: Connection closed by peer abruptly
2026-09-29T23:04:40.551630Z  WARN mq_bench::transport::mqtt: MQTT subscription eventloop error; continuing poll loop client_id=sub-mqb-5bfe0ec8e69e3650-1eac3641b0c347e5ab246089b5cb77d4 error=Mqtt state: Connection closed by peer abruptly
2026-09-29T23:04:40.551667Z  WARN mq_bench::transport::mqtt: MQTT subscription eventloop error; continuing poll loop client_id=sub-mqb-5bfe0ec8e69e3650-d364ef726982496eb07cce20ae380734 error=Mqtt state: Connection closed by peer abruptly
2026-09-29T23:04:40.551670Z  WARN mq_bench::transport::mqtt: MQTT subscription eventloop error; continuing poll loop client_id=sub-mqb-5bfe0ec8e69e3650-b9b5b33c44b44dd1a08bcb9909ce9d7e error=Mqtt state: Connection closed by peer abruptly
2026-09-29T23:04:40.551707Z  WARN mq_bench::transport::mqtt: MQTT subscription eventloop error; continuing poll loop client_id=sub-mqb-5bfe0ec8e69e3650-f8af0f34f53e49b598077a2da6a19a18 error=Mqtt state: Connection closed by peer abruptly
