mq-bench starting with run_id: auto
Writing CSV output to: artifacts/fanout_bursty_20260929_225422_mqtt_hivemq_p64_s1000_u10_bursty/fanout_singlesite/sub_5_7.csv
2026-09-29T22:54:22.804003Z  INFO mq_bench::roles::subscriber: Starting subscriber engine=Mqtt key=topic_5 endpoint=None crash_enabled=false
2026-09-29T22:54:22.804002Z  INFO mq_bench::roles::subscriber: Starting subscriber engine=Mqtt key=topic_5 endpoint=None crash_enabled=false
2026-09-29T22:54:22.804010Z  INFO mq_bench::roles::subscriber: Starting subscriber engine=Mqtt key=topic_5 endpoint=None crash_enabled=false
2026-09-29T22:54:22.804000Z  INFO mq_bench::roles::subscriber: Starting subscriber engine=Mqtt key=topic_5 endpoint=None crash_enabled=false
2026-09-29T22:54:22.804021Z  INFO mq_bench::roles::subscriber: Starting subscriber engine=Mqtt key=topic_5 endpoint=None crash_enabled=false
2026-09-29T22:54:22.804027Z  INFO mq_bench::roles::subscriber: Starting subscriber engine=Mqtt key=topic_5 endpoint=None crash_enabled=false
2026-09-29T22:54:22.804034Z  INFO mq_bench::roles::subscriber: Starting subscriber engine=Mqtt key=topic_5 endpoint=None crash_enabled=false
2026-09-29T22:54:22.804042Z  INFO mq_bench::roles::subscriber: Connected via transport engine=Mqtt
2026-09-29T22:54:22.804044Z  INFO mq_bench::roles::subscriber: Connected via transport engine=Mqtt
2026-09-29T22:54:22.804047Z  INFO mq_bench::roles::subscriber: Connected via transport engine=Mqtt
2026-09-29T22:54:22.804043Z  INFO mq_bench::roles::subscriber: Starting subscriber engine=Mqtt key=topic_5 endpoint=None crash_enabled=false
2026-09-29T22:54:22.804051Z  INFO mq_bench::roles::subscriber: Connected via transport engine=Mqtt
2026-09-29T22:54:22.804048Z  INFO mq_bench::roles::subscriber: Starting subscriber engine=Mqtt key=topic_5 endpoint=None crash_enabled=false
2026-09-29T22:54:22.804054Z  INFO mq_bench::roles::subscriber: Connected via transport engine=Mqtt
2026-09-29T22:54:22.804057Z  INFO mq_bench::roles::subscriber: Connected via transport engine=Mqtt
2026-09-29T22:54:22.804055Z  INFO mq_bench::roles::subscriber: Starting subscriber engine=Mqtt key=topic_5 endpoint=None crash_enabled=false
2026-09-29T22:54:22.804067Z  INFO mq_bench::roles::subscriber: Connected via transport engine=Mqtt
2026-09-29T22:54:22.804080Z  INFO mq_bench::roles::subscriber: Connected via transport engine=Mqtt
2026-09-29T22:54:22.804080Z  INFO mq_bench::roles::subscriber: Connected via transport engine=Mqtt
2026-09-29T22:54:22.804088Z  INFO mq_bench::roles::subscriber: Connected via transport engine=Mqtt
2026-09-29T22:54:23.351784Z  INFO mq_bench::roles::subscriber: Subscribed to key expression key=topic_5
2026-09-29T22:54:23.362009Z  INFO mq_bench::roles::subscriber: Subscribed to key expression key=topic_5
2026-09-29T22:54:23.430555Z  INFO mq_bench::roles::subscriber: Subscribed to key expression key=topic_5
2026-09-29T22:54:23.448586Z  INFO mq_bench::roles::subscriber: Subscribed to key expression key=topic_5
2026-09-29T22:54:23.462658Z  INFO mq_bench::roles::subscriber: Subscribed to key expression key=topic_5
2026-09-29T22:54:23.462724Z  INFO mq_bench::roles::subscriber: Subscribed to key expression key=topic_5
2026-09-29T22:54:23.477650Z  INFO mq_bench::roles::subscriber: Subscribed to key expression key=topic_5
2026-09-29T22:54:23.495631Z  INFO mq_bench::roles::subscriber: Subscribed to key expression key=topic_5
2026-09-29T22:54:23.519710Z  INFO mq_bench::roles::subscriber: Subscribed to key expression key=topic_5
2026-09-29T22:54:23.539570Z  INFO mq_bench::roles::subscriber: Subscribed to key expression key=topic_5
2026-09-29T23:04:40.547427Z  WARN mq_bench::transport::mqtt: MQTT subscription eventloop error; continuing poll loop client_id=sub-mqb-5bfe12c8e69e3d1c-93e566b497dc421f85752915b30f555b error=Mqtt state: Connection closed by peer abruptly
2026-09-29T23:04:40.547431Z  WARN mq_bench::transport::mqtt: MQTT subscription eventloop error; continuing poll loop client_id=sub-mqb-5bfe12c8e69e3d1c-7398d3f3ae594dd19e6dc29ba7e4490c error=Mqtt state: Connection closed by peer abruptly
2026-09-29T23:04:40.547502Z  WARN mq_bench::transport::mqtt: MQTT subscription eventloop error; continuing poll loop client_id=sub-mqb-5bfe12c8e69e3d1c-48f2d1b3e1c74938bcd7af5da6a9c55a error=Mqtt state: Connection closed by peer abruptly
2026-09-29T23:04:40.547480Z  WARN mq_bench::transport::mqtt: MQTT subscription eventloop error; continuing poll loop client_id=sub-mqb-5bfe12c8e69e3d1c-f4bf2f3d63b040159f485bd795336352 error=Mqtt state: Connection closed by peer abruptly
2026-09-29T23:04:40.547535Z  WARN mq_bench::transport::mqtt: MQTT subscription eventloop error; continuing poll loop client_id=sub-mqb-5bfe12c8e69e3d1c-dbc1a4cdeb1e412c8833374ec9bc34d9 error=Mqtt state: Connection closed by peer abruptly
2026-09-29T23:04:40.547583Z  WARN mq_bench::transport::mqtt: MQTT subscription eventloop error; continuing poll loop client_id=sub-mqb-5bfe12c8e69e3d1c-a8fa16b0613e4d04811bdb35437b7d93 error=Mqtt state: Connection closed by peer abruptly
2026-09-29T23:04:40.547570Z  WARN mq_bench::transport::mqtt: MQTT subscription eventloop error; continuing poll loop client_id=sub-mqb-5bfe12c8e69e3d1c-3b7f595de38a4329b779cb3e926caf4c error=Mqtt state: Connection closed by peer abruptly
2026-09-29T23:04:40.547603Z  WARN mq_bench::transport::mqtt: MQTT subscription eventloop error; continuing poll loop client_id=sub-mqb-5bfe12c8e69e3d1c-89b1ff9c3d2541a6a55a009efe99d300 error=Mqtt state: Connection closed by peer abruptly
2026-09-29T23:04:40.547630Z  WARN mq_bench::transport::mqtt: MQTT subscription eventloop error; continuing poll loop client_id=sub-mqb-5bfe12c8e69e3d1c-218dad504d514235b3ee731ee750ff3f error=Mqtt state: Connection closed by peer abruptly
2026-09-29T23:04:40.547655Z  WARN mq_bench::transport::mqtt: MQTT subscription eventloop error; continuing poll loop client_id=sub-mqb-5bfe12c8e69e3d1c-ff59a25dd68940d0a9ec124134fb3401 error=Mqtt state: Connection closed by peer abruptly
