mq-bench starting with run_id: auto
Writing CSV output to: artifacts/fanout_bursty_20260929_225422_mqtt_hivemq_p64_s1000_u10_bursty/fanout_singlesite/sub_3_0.csv
2026-09-29T22:54:22.702471Z  INFO mq_bench::roles::subscriber: Starting subscriber engine=Mqtt key=topic_3 endpoint=None crash_enabled=false
2026-09-29T22:54:22.702479Z  INFO mq_bench::roles::subscriber: Starting subscriber engine=Mqtt key=topic_3 endpoint=None crash_enabled=false
2026-09-29T22:54:22.702469Z  INFO mq_bench::roles::subscriber: Starting subscriber engine=Mqtt key=topic_3 endpoint=None crash_enabled=false
2026-09-29T22:54:22.702475Z  INFO mq_bench::roles::subscriber: Starting subscriber engine=Mqtt key=topic_3 endpoint=None crash_enabled=false
2026-09-29T22:54:22.702492Z  INFO mq_bench::roles::subscriber: Starting subscriber engine=Mqtt key=topic_3 endpoint=None crash_enabled=false
2026-09-29T22:54:22.702523Z  INFO mq_bench::roles::subscriber: Starting subscriber engine=Mqtt key=topic_3 endpoint=None crash_enabled=false
2026-09-29T22:54:22.702530Z  INFO mq_bench::roles::subscriber: Starting subscriber engine=Mqtt key=topic_3 endpoint=None crash_enabled=false
2026-09-29T22:54:22.702532Z  INFO mq_bench::roles::subscriber: Connected via transport engine=Mqtt
2026-09-29T22:54:22.702539Z  INFO mq_bench::roles::subscriber: Connected via transport engine=Mqtt
2026-09-29T22:54:22.702505Z  INFO mq_bench::roles::subscriber: Starting subscriber engine=Mqtt key=topic_3 endpoint=None crash_enabled=false
2026-09-29T22:54:22.702530Z  INFO mq_bench::roles::subscriber: Connected via transport engine=Mqtt
2026-09-29T22:54:22.702497Z  INFO mq_bench::roles::subscriber: Starting subscriber engine=Mqtt key=topic_3 endpoint=None crash_enabled=false
2026-09-29T22:54:22.702559Z  INFO mq_bench::roles::subscriber: Connected via transport engine=Mqtt
2026-09-29T22:54:22.702557Z  INFO mq_bench::roles::subscriber: Connected via transport engine=Mqtt
2026-09-29T22:54:22.702522Z  INFO mq_bench::roles::subscriber: Connected via transport engine=Mqtt
2026-09-29T22:54:22.702538Z  INFO mq_bench::roles::subscriber: Starting subscriber engine=Mqtt key=topic_3 endpoint=None crash_enabled=false
2026-09-29T22:54:22.702572Z  INFO mq_bench::roles::subscriber: Connected via transport engine=Mqtt
2026-09-29T22:54:22.702560Z  INFO mq_bench::roles::subscriber: Connected via transport engine=Mqtt
2026-09-29T22:54:22.702588Z  INFO mq_bench::roles::subscriber: Connected via transport engine=Mqtt
2026-09-29T22:54:22.702599Z  INFO mq_bench::roles::subscriber: Connected via transport engine=Mqtt
2026-09-29T22:54:23.265667Z  INFO mq_bench::roles::subscriber: Subscribed to key expression key=topic_3
2026-09-29T22:54:23.374556Z  INFO mq_bench::roles::subscriber: Subscribed to key expression key=topic_3
2026-09-29T22:54:23.417768Z  INFO mq_bench::roles::subscriber: Subscribed to key expression key=topic_3
2026-09-29T22:54:23.418785Z  INFO mq_bench::roles::subscriber: Subscribed to key expression key=topic_3
2026-09-29T22:54:23.441833Z  INFO mq_bench::roles::subscriber: Subscribed to key expression key=topic_3
2026-09-29T22:54:23.459600Z  INFO mq_bench::roles::subscriber: Subscribed to key expression key=topic_3
2026-09-29T22:54:23.475139Z  INFO mq_bench::roles::subscriber: Subscribed to key expression key=topic_3
2026-09-29T22:54:23.498472Z  INFO mq_bench::roles::subscriber: Subscribed to key expression key=topic_3
2026-09-29T22:54:23.509945Z  INFO mq_bench::roles::subscriber: Subscribed to key expression key=topic_3
2026-09-29T22:54:23.516236Z  INFO mq_bench::roles::subscriber: Subscribed to key expression key=topic_3
2026-09-29T23:04:40.550259Z  WARN mq_bench::transport::mqtt: MQTT subscription eventloop error; continuing poll loop client_id=sub-mqb-5bfe10c8e69e39b6-0fa973e948b5477a81cffb30a5b9589e error=Mqtt state: Connection closed by peer abruptly
2026-09-29T23:04:40.550270Z  WARN mq_bench::transport::mqtt: MQTT subscription eventloop error; continuing poll loop client_id=sub-mqb-5bfe10c8e69e39b6-412e10212f924c1e995f3d8276bdcc1e error=Mqtt state: Connection closed by peer abruptly
2026-09-29T23:04:40.550320Z  WARN mq_bench::transport::mqtt: MQTT subscription eventloop error; continuing poll loop client_id=sub-mqb-5bfe10c8e69e39b6-02384aceca3d4138a53e3aae4be0ead0 error=Mqtt state: Connection closed by peer abruptly
2026-09-29T23:04:40.550263Z  WARN mq_bench::transport::mqtt: MQTT subscription eventloop error; continuing poll loop client_id=sub-mqb-5bfe10c8e69e39b6-23992c1f781a4dc497d683b2e485f16d error=Mqtt state: Connection closed by peer abruptly
2026-09-29T23:04:40.550390Z  WARN mq_bench::transport::mqtt: MQTT subscription eventloop error; continuing poll loop client_id=sub-mqb-5bfe10c8e69e39b6-8a5fba7f9d7342cda20adf1bdb90e034 error=Mqtt state: Connection closed by peer abruptly
2026-09-29T23:04:40.550389Z  WARN mq_bench::transport::mqtt: MQTT subscription eventloop error; continuing poll loop client_id=sub-mqb-5bfe10c8e69e39b6-5ba8ff53306b4393a6b2b563bf120609 error=Mqtt state: Connection closed by peer abruptly
2026-09-29T23:04:40.550423Z  WARN mq_bench::transport::mqtt: MQTT subscription eventloop error; continuing poll loop client_id=sub-mqb-5bfe10c8e69e39b6-0bcc29e6f1ba49dfa078fd367011e7b4 error=Mqtt state: Connection closed by peer abruptly
2026-09-29T23:04:40.550428Z  WARN mq_bench::transport::mqtt: MQTT subscription eventloop error; continuing poll loop client_id=sub-mqb-5bfe10c8e69e39b6-82cab1365be24e7493ac8d629c5a9e72 error=Mqtt state: Connection closed by peer abruptly
2026-09-29T23:04:40.550436Z  WARN mq_bench::transport::mqtt: MQTT subscription eventloop error; continuing poll loop client_id=sub-mqb-5bfe10c8e69e39b6-6d2c2e8c8dee4786a96a69323b689c7f error=Mqtt state: Connection closed by peer abruptly
2026-09-29T23:04:40.550485Z  WARN mq_bench::transport::mqtt: MQTT subscription eventloop error; continuing poll loop client_id=sub-mqb-5bfe10c8e69e39b6-b314046b26b34be0b8ad904c938a7398 error=Mqtt state: Connection closed by peer abruptly
