mq-bench starting with run_id: auto
Writing CSV output to: artifacts/fanout_bursty_20260929_225422_mqtt_hivemq_p64_s1000_u10_bursty/fanout_singlesite/sub_4_4.csv
2026-09-29T22:54:22.754277Z  INFO mq_bench::roles::subscriber: Starting subscriber engine=Mqtt key=topic_4 endpoint=None crash_enabled=false
2026-09-29T22:54:22.754276Z  INFO mq_bench::roles::subscriber: Starting subscriber engine=Mqtt key=topic_4 endpoint=None crash_enabled=false
2026-09-29T22:54:22.754282Z  INFO mq_bench::roles::subscriber: Starting subscriber engine=Mqtt key=topic_4 endpoint=None crash_enabled=false
2026-09-29T22:54:22.754288Z  INFO mq_bench::roles::subscriber: Starting subscriber engine=Mqtt key=topic_4 endpoint=None crash_enabled=false
2026-09-29T22:54:22.754292Z  INFO mq_bench::roles::subscriber: Starting subscriber engine=Mqtt key=topic_4 endpoint=None crash_enabled=false
2026-09-29T22:54:22.754306Z  INFO mq_bench::roles::subscriber: Starting subscriber engine=Mqtt key=topic_4 endpoint=None crash_enabled=false
2026-09-29T22:54:22.754459Z  INFO mq_bench::roles::subscriber: Connected via transport engine=Mqtt
2026-09-29T22:54:22.754310Z  INFO mq_bench::roles::subscriber: Starting subscriber engine=Mqtt key=topic_4 endpoint=None crash_enabled=false
2026-09-29T22:54:22.754465Z  INFO mq_bench::roles::subscriber: Connected via transport engine=Mqtt
2026-09-29T22:54:22.754470Z  INFO mq_bench::roles::subscriber: Connected via transport engine=Mqtt
2026-09-29T22:54:22.754313Z  INFO mq_bench::roles::subscriber: Starting subscriber engine=Mqtt key=topic_4 endpoint=None crash_enabled=false
2026-09-29T22:54:22.754479Z  INFO mq_bench::roles::subscriber: Connected via transport engine=Mqtt
2026-09-29T22:54:22.754322Z  INFO mq_bench::roles::subscriber: Starting subscriber engine=Mqtt key=topic_4 endpoint=None crash_enabled=false
2026-09-29T22:54:22.754491Z  INFO mq_bench::roles::subscriber: Connected via transport engine=Mqtt
2026-09-29T22:54:22.754327Z  INFO mq_bench::roles::subscriber: Starting subscriber engine=Mqtt key=topic_4 endpoint=None crash_enabled=false
2026-09-29T22:54:22.754453Z  INFO mq_bench::roles::subscriber: Connected via transport engine=Mqtt
2026-09-29T22:54:22.754505Z  INFO mq_bench::roles::subscriber: Connected via transport engine=Mqtt
2026-09-29T22:54:22.754453Z  INFO mq_bench::roles::subscriber: Connected via transport engine=Mqtt
2026-09-29T22:54:22.754510Z  INFO mq_bench::roles::subscriber: Connected via transport engine=Mqtt
2026-09-29T22:54:22.754528Z  INFO mq_bench::roles::subscriber: Connected via transport engine=Mqtt
2026-09-29T22:54:23.165982Z  INFO mq_bench::roles::subscriber: Subscribed to key expression key=topic_4
2026-09-29T22:54:23.266086Z  INFO mq_bench::roles::subscriber: Subscribed to key expression key=topic_4
2026-09-29T22:54:23.412031Z  INFO mq_bench::roles::subscriber: Subscribed to key expression key=topic_4
2026-09-29T22:54:23.412197Z  INFO mq_bench::roles::subscriber: Subscribed to key expression key=topic_4
2026-09-29T22:54:23.476094Z  INFO mq_bench::roles::subscriber: Subscribed to key expression key=topic_4
2026-09-29T22:54:23.483441Z  INFO mq_bench::roles::subscriber: Subscribed to key expression key=topic_4
2026-09-29T22:54:23.502229Z  INFO mq_bench::roles::subscriber: Subscribed to key expression key=topic_4
2026-09-29T22:54:23.505779Z  INFO mq_bench::roles::subscriber: Subscribed to key expression key=topic_4
2026-09-29T22:54:23.508355Z  INFO mq_bench::roles::subscriber: Subscribed to key expression key=topic_4
2026-09-29T22:54:23.539225Z  INFO mq_bench::roles::subscriber: Subscribed to key expression key=topic_4
2026-09-29T23:04:40.548803Z  WARN mq_bench::transport::mqtt: MQTT subscription eventloop error; continuing poll loop client_id=sub-mqb-5bfe13c8e69e3ecf-aaaede2fb38c467587fd42f51eac30d1 error=Mqtt state: Connection closed by peer abruptly
2026-09-29T23:04:40.548816Z  WARN mq_bench::transport::mqtt: MQTT subscription eventloop error; continuing poll loop client_id=sub-mqb-5bfe13c8e69e3ecf-07d1cfd3a88649ffb35cadf9187cbd4b error=Mqtt state: Connection closed by peer abruptly
2026-09-29T23:04:40.548816Z  WARN mq_bench::transport::mqtt: MQTT subscription eventloop error; continuing poll loop client_id=sub-mqb-5bfe13c8e69e3ecf-5100c13890404c97b1fe421f9b8f3821 error=Mqtt state: Connection closed by peer abruptly
2026-09-29T23:04:40.548872Z  WARN mq_bench::transport::mqtt: MQTT subscription eventloop error; continuing poll loop client_id=sub-mqb-5bfe13c8e69e3ecf-2a4b77e7c83848328ea278fe71f0c4d6 error=Mqtt state: Connection closed by peer abruptly
2026-09-29T23:04:40.548911Z  WARN mq_bench::transport::mqtt: MQTT subscription eventloop error; continuing poll loop client_id=sub-mqb-5bfe13c8e69e3ecf-dafd2255f0394bd5b9e274a6ed0f3771 error=Mqtt state: Connection closed by peer abruptly
2026-09-29T23:04:40.548966Z  WARN mq_bench::transport::mqtt: MQTT subscription eventloop error; continuing poll loop client_id=sub-mqb-5bfe13c8e69e3ecf-06c20294c4674401860d7a490ba666bc error=Mqtt state: Connection closed by peer abruptly
2026-09-29T23:04:40.548979Z  WARN mq_bench::transport::mqtt: MQTT subscription eventloop error; continuing poll loop client_id=sub-mqb-5bfe13c8e69e3ecf-d7a69d4d2bee40adb124e64e4ea2513d error=Mqtt state: Connection closed by peer abruptly
2026-09-29T23:04:40.549011Z  WARN mq_bench::transport::mqtt: MQTT subscription eventloop error; continuing poll loop client_id=sub-mqb-5bfe13c8e69e3ecf-0a9ad72fe3554f98aebd3fe09d652e32 error=Mqtt state: Connection closed by peer abruptly
2026-09-29T23:04:40.549014Z  WARN mq_bench::transport::mqtt: MQTT subscription eventloop error; continuing poll loop client_id=sub-mqb-5bfe13c8e69e3ecf-ab71dad820f74fefa82bbce0b7debb38 error=Mqtt state: Connection closed by peer abruptly
2026-09-29T23:04:40.549031Z  WARN mq_bench::transport::mqtt: MQTT subscription eventloop error; continuing poll loop client_id=sub-mqb-5bfe13c8e69e3ecf-0782a9e1d6a84a369d6d538d59c968d7 error=Mqtt state: Connection closed by peer abruptly
