mq-bench starting with run_id: auto
Writing CSV output to: artifacts/fanout_bursty_20260929_225422_mqtt_hivemq_p64_s1000_u10_bursty/fanout_singlesite/sub_7_6.csv
2026-09-29T22:54:22.878264Z  INFO mq_bench::roles::subscriber: Starting subscriber engine=Mqtt key=topic_7 endpoint=None crash_enabled=false
2026-09-29T22:54:22.878276Z  INFO mq_bench::roles::subscriber: Starting subscriber engine=Mqtt key=topic_7 endpoint=None crash_enabled=false
2026-09-29T22:54:22.878262Z  INFO mq_bench::roles::subscriber: Starting subscriber engine=Mqtt key=topic_7 endpoint=None crash_enabled=false
2026-09-29T22:54:22.878262Z  INFO mq_bench::roles::subscriber: Starting subscriber engine=Mqtt key=topic_7 endpoint=None crash_enabled=false
2026-09-29T22:54:22.878268Z  INFO mq_bench::roles::subscriber: Starting subscriber engine=Mqtt key=topic_7 endpoint=None crash_enabled=false
2026-09-29T22:54:22.878282Z  INFO mq_bench::roles::subscriber: Starting subscriber engine=Mqtt key=topic_7 endpoint=None crash_enabled=false
2026-09-29T22:54:22.878302Z  INFO mq_bench::roles::subscriber: Starting subscriber engine=Mqtt key=topic_7 endpoint=None crash_enabled=false
2026-09-29T22:54:22.878309Z  INFO mq_bench::roles::subscriber: Connected via transport engine=Mqtt
2026-09-29T22:54:22.878310Z  INFO mq_bench::roles::subscriber: Connected via transport engine=Mqtt
2026-09-29T22:54:22.878314Z  INFO mq_bench::roles::subscriber: Connected via transport engine=Mqtt
2026-09-29T22:54:22.878316Z  INFO mq_bench::roles::subscriber: Connected via transport engine=Mqtt
2026-09-29T22:54:22.878312Z  INFO mq_bench::roles::subscriber: Starting subscriber engine=Mqtt key=topic_7 endpoint=None crash_enabled=false
2026-09-29T22:54:22.878315Z  INFO mq_bench::roles::subscriber: Starting subscriber engine=Mqtt key=topic_7 endpoint=None crash_enabled=false
2026-09-29T22:54:22.878321Z  INFO mq_bench::roles::subscriber: Connected via transport engine=Mqtt
2026-09-29T22:54:22.878324Z  INFO mq_bench::roles::subscriber: Connected via transport engine=Mqtt
2026-09-29T22:54:22.878323Z  INFO mq_bench::roles::subscriber: Starting subscriber engine=Mqtt key=topic_7 endpoint=None crash_enabled=false
2026-09-29T22:54:22.878346Z  INFO mq_bench::roles::subscriber: Connected via transport engine=Mqtt
2026-09-29T22:54:22.878346Z  INFO mq_bench::roles::subscriber: Connected via transport engine=Mqtt
2026-09-29T22:54:22.878347Z  INFO mq_bench::roles::subscriber: Connected via transport engine=Mqtt
2026-09-29T22:54:22.878364Z  INFO mq_bench::roles::subscriber: Connected via transport engine=Mqtt
2026-09-29T22:54:23.352299Z  INFO mq_bench::roles::subscriber: Subscribed to key expression key=topic_7
2026-09-29T22:54:23.414823Z  INFO mq_bench::roles::subscriber: Subscribed to key expression key=topic_7
2026-09-29T22:54:23.492824Z  INFO mq_bench::roles::subscriber: Subscribed to key expression key=topic_7
2026-09-29T22:54:23.493784Z  INFO mq_bench::roles::subscriber: Subscribed to key expression key=topic_7
2026-09-29T22:54:23.501856Z  INFO mq_bench::roles::subscriber: Subscribed to key expression key=topic_7
2026-09-29T22:54:23.504877Z  INFO mq_bench::roles::subscriber: Subscribed to key expression key=topic_7
2026-09-29T22:54:23.508641Z  INFO mq_bench::roles::subscriber: Subscribed to key expression key=topic_7
2026-09-29T22:54:23.518149Z  INFO mq_bench::roles::subscriber: Subscribed to key expression key=topic_7
2026-09-29T22:54:23.527995Z  INFO mq_bench::roles::subscriber: Subscribed to key expression key=topic_7
2026-09-29T22:54:23.530060Z  INFO mq_bench::roles::subscriber: Subscribed to key expression key=topic_7
2026-09-29T23:04:40.545830Z  WARN mq_bench::transport::mqtt: MQTT subscription eventloop error; continuing poll loop client_id=sub-mqb-5bfe14c8e69e4082-6f5193ca3384410c85710b8aa3b84f2d error=Mqtt state: Connection closed by peer abruptly
2026-09-29T23:04:40.545833Z  WARN mq_bench::transport::mqtt: MQTT subscription eventloop error; continuing poll loop client_id=sub-mqb-5bfe14c8e69e4082-5a4f93e9195a41b7aa7553160965cc5d error=Mqtt state: Connection closed by peer abruptly
2026-09-29T23:04:40.545834Z  WARN mq_bench::transport::mqtt: MQTT subscription eventloop error; continuing poll loop client_id=sub-mqb-5bfe14c8e69e4082-d1e9aee8ccfa480983a7364055364a24 error=Mqtt state: Connection closed by peer abruptly
2026-09-29T23:04:40.545867Z  WARN mq_bench::transport::mqtt: MQTT subscription eventloop error; continuing poll loop client_id=sub-mqb-5bfe14c8e69e4082-c45d5dc759314c60a081895917807b8c error=Mqtt state: Connection closed by peer abruptly
2026-09-29T23:04:40.545896Z  WARN mq_bench::transport::mqtt: MQTT subscription eventloop error; continuing poll loop client_id=sub-mqb-5bfe14c8e69e4082-1c64d3af5a684a1ab9813a2f9009576b error=Mqtt state: Connection closed by peer abruptly
2026-09-29T23:04:40.545946Z  WARN mq_bench::transport::mqtt: MQTT subscription eventloop error; continuing poll loop client_id=sub-mqb-5bfe14c8e69e4082-685ecf8d11864c07a4097790978a676b error=Mqtt state: Connection closed by peer abruptly
2026-09-29T23:04:40.545980Z  WARN mq_bench::transport::mqtt: MQTT subscription eventloop error; continuing poll loop client_id=sub-mqb-5bfe14c8e69e4082-344162cc012e400395327120b6b6b54e error=Mqtt state: Connection closed by peer abruptly
2026-09-29T23:04:40.546023Z  WARN mq_bench::transport::mqtt: MQTT subscription eventloop error; continuing poll loop client_id=sub-mqb-5bfe14c8e69e4082-a3e1d9e5b1764431b013a7df82ad2638 error=Mqtt state: Connection closed by peer abruptly
2026-09-29T23:04:40.546042Z  WARN mq_bench::transport::mqtt: MQTT subscription eventloop error; continuing poll loop client_id=sub-mqb-5bfe14c8e69e4082-d92ca6c8f58943bfba3f538e42862abe error=Mqtt state: Connection closed by peer abruptly
2026-09-29T23:04:40.546056Z  WARN mq_bench::transport::mqtt: MQTT subscription eventloop error; continuing poll loop client_id=sub-mqb-5bfe14c8e69e4082-754e8afdd9594ef7b1e2257a06a2b472 error=Mqtt state: Connection closed by peer abruptly
