mq-bench starting with run_id: auto
Writing CSV output to: artifacts/fanout_bursty_20260929_225422_mqtt_hivemq_p64_s1000_u10_bursty/fanout_singlesite/sub_6_2.csv
2026-09-29T22:54:22.823586Z  INFO mq_bench::roles::subscriber: Starting subscriber engine=Mqtt key=topic_6 endpoint=None crash_enabled=false
2026-09-29T22:54:22.823585Z  INFO mq_bench::roles::subscriber: Starting subscriber engine=Mqtt key=topic_6 endpoint=None crash_enabled=false
2026-09-29T22:54:22.823593Z  INFO mq_bench::roles::subscriber: Starting subscriber engine=Mqtt key=topic_6 endpoint=None crash_enabled=false
2026-09-29T22:54:22.823600Z  INFO mq_bench::roles::subscriber: Starting subscriber engine=Mqtt key=topic_6 endpoint=None crash_enabled=false
2026-09-29T22:54:22.823591Z  INFO mq_bench::roles::subscriber: Starting subscriber engine=Mqtt key=topic_6 endpoint=None crash_enabled=false
2026-09-29T22:54:22.823583Z  INFO mq_bench::roles::subscriber: Starting subscriber engine=Mqtt key=topic_6 endpoint=None crash_enabled=false
2026-09-29T22:54:22.823613Z  INFO mq_bench::roles::subscriber: Starting subscriber engine=Mqtt key=topic_6 endpoint=None crash_enabled=false
2026-09-29T22:54:22.823619Z  INFO mq_bench::roles::subscriber: Starting subscriber engine=Mqtt key=topic_6 endpoint=None crash_enabled=false
2026-09-29T22:54:22.823625Z  INFO mq_bench::roles::subscriber: Connected via transport engine=Mqtt
2026-09-29T22:54:22.823629Z  INFO mq_bench::roles::subscriber: Connected via transport engine=Mqtt
2026-09-29T22:54:22.823629Z  INFO mq_bench::roles::subscriber: Connected via transport engine=Mqtt
2026-09-29T22:54:22.823624Z  INFO mq_bench::roles::subscriber: Connected via transport engine=Mqtt
2026-09-29T22:54:22.823636Z  INFO mq_bench::roles::subscriber: Connected via transport engine=Mqtt
2026-09-29T22:54:22.823632Z  INFO mq_bench::roles::subscriber: Starting subscriber engine=Mqtt key=topic_6 endpoint=None crash_enabled=false
2026-09-29T22:54:22.823644Z  INFO mq_bench::roles::subscriber: Connected via transport engine=Mqtt
2026-09-29T22:54:22.823655Z  INFO mq_bench::roles::subscriber: Connected via transport engine=Mqtt
2026-09-29T22:54:22.823657Z  INFO mq_bench::roles::subscriber: Connected via transport engine=Mqtt
2026-09-29T22:54:22.823651Z  INFO mq_bench::roles::subscriber: Starting subscriber engine=Mqtt key=topic_6 endpoint=None crash_enabled=false
2026-09-29T22:54:22.823669Z  INFO mq_bench::roles::subscriber: Connected via transport engine=Mqtt
2026-09-29T22:54:22.823691Z  INFO mq_bench::roles::subscriber: Connected via transport engine=Mqtt
2026-09-29T22:54:23.256105Z  INFO mq_bench::roles::subscriber: Subscribed to key expression key=topic_6
2026-09-29T22:54:23.432709Z  INFO mq_bench::roles::subscriber: Subscribed to key expression key=topic_6
2026-09-29T22:54:23.439662Z  INFO mq_bench::roles::subscriber: Subscribed to key expression key=topic_6
2026-09-29T22:54:23.451505Z  INFO mq_bench::roles::subscriber: Subscribed to key expression key=topic_6
2026-09-29T22:54:23.487534Z  INFO mq_bench::roles::subscriber: Subscribed to key expression key=topic_6
2026-09-29T22:54:23.493685Z  INFO mq_bench::roles::subscriber: Subscribed to key expression key=topic_6
2026-09-29T22:54:23.500878Z  INFO mq_bench::roles::subscriber: Subscribed to key expression key=topic_6
2026-09-29T22:54:23.501788Z  INFO mq_bench::roles::subscriber: Subscribed to key expression key=topic_6
2026-09-29T22:54:23.514472Z  INFO mq_bench::roles::subscriber: Subscribed to key expression key=topic_6
2026-09-29T22:54:23.517977Z  INFO mq_bench::roles::subscriber: Subscribed to key expression key=topic_6
2026-09-29T23:04:40.547078Z  WARN mq_bench::transport::mqtt: MQTT subscription eventloop error; continuing poll loop client_id=sub-mqb-5bfe15c8e69e4235-3e1eb6e310ab4650b91f3240a1e547af error=Mqtt state: Connection closed by peer abruptly
2026-09-29T23:04:40.547074Z  WARN mq_bench::transport::mqtt: MQTT subscription eventloop error; continuing poll loop client_id=sub-mqb-5bfe15c8e69e4235-9de250056cd9415ea77f80fa88a0b09c error=Mqtt state: Connection closed by peer abruptly
2026-09-29T23:04:40.547111Z  WARN mq_bench::transport::mqtt: MQTT subscription eventloop error; continuing poll loop client_id=sub-mqb-5bfe15c8e69e4235-f8d5a324d22f435fb4cb952264df9f80 error=Mqtt state: Connection closed by peer abruptly
2026-09-29T23:04:40.547088Z  WARN mq_bench::transport::mqtt: MQTT subscription eventloop error; continuing poll loop client_id=sub-mqb-5bfe15c8e69e4235-3a9545b5ab0249e2a914a5808ceed3c3 error=Mqtt state: Connection closed by peer abruptly
2026-09-29T23:04:40.547166Z  WARN mq_bench::transport::mqtt: MQTT subscription eventloop error; continuing poll loop client_id=sub-mqb-5bfe15c8e69e4235-7900662b01cd4813b35eec254b492004 error=Mqtt state: Connection closed by peer abruptly
2026-09-29T23:04:40.547168Z  WARN mq_bench::transport::mqtt: MQTT subscription eventloop error; continuing poll loop client_id=sub-mqb-5bfe15c8e69e4235-df37c9b13d084b60bba6146d8f126430 error=Mqtt state: Connection closed by peer abruptly
2026-09-29T23:04:40.547192Z  WARN mq_bench::transport::mqtt: MQTT subscription eventloop error; continuing poll loop client_id=sub-mqb-5bfe15c8e69e4235-1f2552248f0149f9a088c2d70061238f error=Mqtt state: Connection closed by peer abruptly
2026-09-29T23:04:40.547202Z  WARN mq_bench::transport::mqtt: MQTT subscription eventloop error; continuing poll loop client_id=sub-mqb-5bfe15c8e69e4235-40b09305f3054e139ce9265b694497f9 error=Mqtt state: Connection closed by peer abruptly
2026-09-29T23:04:40.547247Z  WARN mq_bench::transport::mqtt: MQTT subscription eventloop error; continuing poll loop client_id=sub-mqb-5bfe15c8e69e4235-268d717252574237b49df34ae4148926 error=Mqtt state: Connection closed by peer abruptly
2026-09-29T23:04:40.547256Z  WARN mq_bench::transport::mqtt: MQTT subscription eventloop error; continuing poll loop client_id=sub-mqb-5bfe15c8e69e4235-ec9d8e9997e445229f52b7473fd0edb1 error=Mqtt state: Connection closed by peer abruptly
