mq-bench starting with run_id: auto
Writing CSV output to: artifacts/fanout_bursty_20260929_225422_mqtt_hivemq_p64_s1000_u10_bursty/fanout_singlesite/sub_3_5.csv
2026-09-29T22:54:22.720503Z  INFO mq_bench::roles::subscriber: Starting subscriber engine=Mqtt key=topic_3 endpoint=None crash_enabled=false
2026-09-29T22:54:22.720499Z  INFO mq_bench::roles::subscriber: Starting subscriber engine=Mqtt key=topic_3 endpoint=None crash_enabled=false
2026-09-29T22:54:22.720514Z  INFO mq_bench::roles::subscriber: Starting subscriber engine=Mqtt key=topic_3 endpoint=None crash_enabled=false
2026-09-29T22:54:22.720497Z  INFO mq_bench::roles::subscriber: Starting subscriber engine=Mqtt key=topic_3 endpoint=None crash_enabled=false
2026-09-29T22:54:22.720502Z  INFO mq_bench::roles::subscriber: Starting subscriber engine=Mqtt key=topic_3 endpoint=None crash_enabled=false
2026-09-29T22:54:22.720534Z  INFO mq_bench::roles::subscriber: Starting subscriber engine=Mqtt key=topic_3 endpoint=None crash_enabled=false
2026-09-29T22:54:22.720521Z  INFO mq_bench::roles::subscriber: Starting subscriber engine=Mqtt key=topic_3 endpoint=None crash_enabled=false
2026-09-29T22:54:22.720541Z  INFO mq_bench::roles::subscriber: Starting subscriber engine=Mqtt key=topic_3 endpoint=None crash_enabled=false
2026-09-29T22:54:22.720549Z  INFO mq_bench::roles::subscriber: Connected via transport engine=Mqtt
2026-09-29T22:54:22.720549Z  INFO mq_bench::roles::subscriber: Connected via transport engine=Mqtt
2026-09-29T22:54:22.720508Z  INFO mq_bench::roles::subscriber: Starting subscriber engine=Mqtt key=topic_3 endpoint=None crash_enabled=false
2026-09-29T22:54:22.720547Z  INFO mq_bench::roles::subscriber: Starting subscriber engine=Mqtt key=topic_3 endpoint=None crash_enabled=false
2026-09-29T22:54:22.720564Z  INFO mq_bench::roles::subscriber: Connected via transport engine=Mqtt
2026-09-29T22:54:22.720565Z  INFO mq_bench::roles::subscriber: Connected via transport engine=Mqtt
2026-09-29T22:54:22.720549Z  INFO mq_bench::roles::subscriber: Connected via transport engine=Mqtt
2026-09-29T22:54:22.720550Z  INFO mq_bench::roles::subscriber: Connected via transport engine=Mqtt
2026-09-29T22:54:22.720572Z  INFO mq_bench::roles::subscriber: Connected via transport engine=Mqtt
2026-09-29T22:54:22.720573Z  INFO mq_bench::roles::subscriber: Connected via transport engine=Mqtt
2026-09-29T22:54:22.720595Z  INFO mq_bench::roles::subscriber: Connected via transport engine=Mqtt
2026-09-29T22:54:22.720605Z  INFO mq_bench::roles::subscriber: Connected via transport engine=Mqtt
2026-09-29T22:54:23.190267Z  INFO mq_bench::roles::subscriber: Subscribed to key expression key=topic_3
2026-09-29T22:54:23.417808Z  INFO mq_bench::roles::subscriber: Subscribed to key expression key=topic_3
2026-09-29T22:54:23.439584Z  INFO mq_bench::roles::subscriber: Subscribed to key expression key=topic_3
2026-09-29T22:54:23.461704Z  INFO mq_bench::roles::subscriber: Subscribed to key expression key=topic_3
2026-09-29T22:54:23.467339Z  INFO mq_bench::roles::subscriber: Subscribed to key expression key=topic_3
2026-09-29T22:54:23.472020Z  INFO mq_bench::roles::subscriber: Subscribed to key expression key=topic_3
2026-09-29T22:54:23.475992Z  INFO mq_bench::roles::subscriber: Subscribed to key expression key=topic_3
2026-09-29T22:54:23.478794Z  INFO mq_bench::roles::subscriber: Subscribed to key expression key=topic_3
2026-09-29T22:54:23.505095Z  INFO mq_bench::roles::subscriber: Subscribed to key expression key=topic_3
2026-09-29T22:54:23.538825Z  INFO mq_bench::roles::subscriber: Subscribed to key expression key=topic_3
2026-09-29T23:04:40.549961Z  WARN mq_bench::transport::mqtt: MQTT subscription eventloop error; continuing poll loop client_id=sub-mqb-5bfe10c8e69e39b6-1a5cd895018d4e37a216f1d86574a27e error=Mqtt state: Connection closed by peer abruptly
2026-09-29T23:04:40.549989Z  WARN mq_bench::transport::mqtt: MQTT subscription eventloop error; continuing poll loop client_id=sub-mqb-5bfe10c8e69e39b6-89ebc825eadd4d06a88a90e8938705c4 error=Mqtt state: Connection closed by peer abruptly
2026-09-29T23:04:40.550000Z  WARN mq_bench::transport::mqtt: MQTT subscription eventloop error; continuing poll loop client_id=sub-mqb-5bfe10c8e69e39b6-87ea35feb6414e79996ced3893a82873 error=Mqtt state: Connection closed by peer abruptly
2026-09-29T23:04:40.550075Z  WARN mq_bench::transport::mqtt: MQTT subscription eventloop error; continuing poll loop client_id=sub-mqb-5bfe10c8e69e39b6-33d725050a1644039655101b125e8a05 error=Mqtt state: Connection closed by peer abruptly
2026-09-29T23:04:40.550116Z  WARN mq_bench::transport::mqtt: MQTT subscription eventloop error; continuing poll loop client_id=sub-mqb-5bfe10c8e69e39b6-f4c4d2c5afe14bf7ba7e072117b43635 error=Mqtt state: Connection closed by peer abruptly
2026-09-29T23:04:40.550119Z  WARN mq_bench::transport::mqtt: MQTT subscription eventloop error; continuing poll loop client_id=sub-mqb-5bfe10c8e69e39b6-0c5096271d2c42999927dff7c87765c1 error=Mqtt state: Connection closed by peer abruptly
2026-09-29T23:04:40.550113Z  WARN mq_bench::transport::mqtt: MQTT subscription eventloop error; continuing poll loop client_id=sub-mqb-5bfe10c8e69e39b6-68e757045d084134b7e3ceb287d2442e error=Mqtt state: Connection closed by peer abruptly
2026-09-29T23:04:40.550017Z  WARN mq_bench::transport::mqtt: MQTT subscription eventloop error; continuing poll loop client_id=sub-mqb-5bfe10c8e69e39b6-b932ea08acb349ef92a60b980c2ad0e8 error=Mqtt state: Connection closed by peer abruptly
2026-09-29T23:04:40.550154Z  WARN mq_bench::transport::mqtt: MQTT subscription eventloop error; continuing poll loop client_id=sub-mqb-5bfe10c8e69e39b6-80cf0395e6a1455ab38713e66afde191 error=Mqtt state: Connection closed by peer abruptly
2026-09-29T23:04:40.550041Z  WARN mq_bench::transport::mqtt: MQTT subscription eventloop error; continuing poll loop client_id=sub-mqb-5bfe10c8e69e39b6-43252b848c91476b8695f3f5f3466e90 error=Mqtt state: Connection closed by peer abruptly
