mq-bench starting with run_id: auto
Writing CSV output to: artifacts/fanout_bursty_20260929_225422_mqtt_hivemq_p64_s1000_u10_bursty/fanout_singlesite/sub_0_6.csv
2026-09-29T22:54:22.612373Z  INFO mq_bench::roles::subscriber: Starting subscriber engine=Mqtt key=topic_0 endpoint=None crash_enabled=false
2026-09-29T22:54:22.612377Z  INFO mq_bench::roles::subscriber: Starting subscriber engine=Mqtt key=topic_0 endpoint=None crash_enabled=false
2026-09-29T22:54:22.612389Z  INFO mq_bench::roles::subscriber: Starting subscriber engine=Mqtt key=topic_0 endpoint=None crash_enabled=false
2026-09-29T22:54:22.612374Z  INFO mq_bench::roles::subscriber: Starting subscriber engine=Mqtt key=topic_0 endpoint=None crash_enabled=false
2026-09-29T22:54:22.612395Z  INFO mq_bench::roles::subscriber: Starting subscriber engine=Mqtt key=topic_0 endpoint=None crash_enabled=false
2026-09-29T22:54:22.612383Z  INFO mq_bench::roles::subscriber: Starting subscriber engine=Mqtt key=topic_0 endpoint=None crash_enabled=false
2026-09-29T22:54:22.612405Z  INFO mq_bench::roles::subscriber: Starting subscriber engine=Mqtt key=topic_0 endpoint=None crash_enabled=false
2026-09-29T22:54:22.612413Z  INFO mq_bench::roles::subscriber: Connected via transport engine=Mqtt
2026-09-29T22:54:22.612413Z  INFO mq_bench::roles::subscriber: Starting subscriber engine=Mqtt key=topic_0 endpoint=None crash_enabled=false
2026-09-29T22:54:22.612419Z  INFO mq_bench::roles::subscriber: Connected via transport engine=Mqtt
2026-09-29T22:54:22.612420Z  INFO mq_bench::roles::subscriber: Connected via transport engine=Mqtt
2026-09-29T22:54:22.612423Z  INFO mq_bench::roles::subscriber: Connected via transport engine=Mqtt
2026-09-29T22:54:22.612424Z  INFO mq_bench::roles::subscriber: Connected via transport engine=Mqtt
2026-09-29T22:54:22.612420Z  INFO mq_bench::roles::subscriber: Starting subscriber engine=Mqtt key=topic_0 endpoint=None crash_enabled=false
2026-09-29T22:54:22.612429Z  INFO mq_bench::roles::subscriber: Connected via transport engine=Mqtt
2026-09-29T22:54:22.612426Z  INFO mq_bench::roles::subscriber: Starting subscriber engine=Mqtt key=topic_0 endpoint=None crash_enabled=false
2026-09-29T22:54:22.612439Z  INFO mq_bench::roles::subscriber: Connected via transport engine=Mqtt
2026-09-29T22:54:22.612525Z  INFO mq_bench::roles::subscriber: Connected via transport engine=Mqtt
2026-09-29T22:54:22.612554Z  INFO mq_bench::roles::subscriber: Connected via transport engine=Mqtt
2026-09-29T22:54:22.612566Z  INFO mq_bench::roles::subscriber: Connected via transport engine=Mqtt
2026-09-29T22:54:23.195753Z  INFO mq_bench::roles::subscriber: Subscribed to key expression key=topic_0
2026-09-29T22:54:23.228799Z  INFO mq_bench::roles::subscriber: Subscribed to key expression key=topic_0
2026-09-29T22:54:23.390856Z  INFO mq_bench::roles::subscriber: Subscribed to key expression key=topic_0
2026-09-29T22:54:23.397150Z  INFO mq_bench::roles::subscriber: Subscribed to key expression key=topic_0
2026-09-29T22:54:23.412507Z  INFO mq_bench::roles::subscriber: Subscribed to key expression key=topic_0
2026-09-29T22:54:23.475627Z  INFO mq_bench::roles::subscriber: Subscribed to key expression key=topic_0
2026-09-29T22:54:23.501014Z  INFO mq_bench::roles::subscriber: Subscribed to key expression key=topic_0
2026-09-29T22:54:23.502816Z  INFO mq_bench::roles::subscriber: Subscribed to key expression key=topic_0
2026-09-29T22:54:23.509352Z  INFO mq_bench::roles::subscriber: Subscribed to key expression key=topic_0
2026-09-29T22:54:23.509565Z  INFO mq_bench::roles::subscriber: Subscribed to key expression key=topic_0
2026-09-29T23:04:40.551950Z  WARN mq_bench::transport::mqtt: MQTT subscription eventloop error; continuing poll loop client_id=sub-mqb-5bfe0fc8e69e3803-db1d16888f1f49c084531cae016d4d22 error=Mqtt state: Connection closed by peer abruptly
2026-09-29T23:04:40.551955Z  WARN mq_bench::transport::mqtt: MQTT subscription eventloop error; continuing poll loop client_id=sub-mqb-5bfe0fc8e69e3803-39af84e311b4486b9ee2f5d61887e003 error=Mqtt state: Connection closed by peer abruptly
2026-09-29T23:04:40.551953Z  WARN mq_bench::transport::mqtt: MQTT subscription eventloop error; continuing poll loop client_id=sub-mqb-5bfe0fc8e69e3803-4758ea7217a940678b07003d053da9d8 error=Mqtt state: Connection closed by peer abruptly
2026-09-29T23:04:40.552036Z  WARN mq_bench::transport::mqtt: MQTT subscription eventloop error; continuing poll loop client_id=sub-mqb-5bfe0fc8e69e3803-c922fc1eb87546508f0a7510c461199a error=Mqtt state: Connection closed by peer abruptly
2026-09-29T23:04:40.551973Z  WARN mq_bench::transport::mqtt: MQTT subscription eventloop error; continuing poll loop client_id=sub-mqb-5bfe0fc8e69e3803-3016f241198a40ff9149e922c34dcb03 error=Mqtt state: Connection closed by peer abruptly
2026-09-29T23:04:40.552061Z  WARN mq_bench::transport::mqtt: MQTT subscription eventloop error; continuing poll loop client_id=sub-mqb-5bfe0fc8e69e3803-68e6da7b287c43898349b254a016be27 error=Mqtt state: Connection closed by peer abruptly
2026-09-29T23:04:40.552078Z  WARN mq_bench::transport::mqtt: MQTT subscription eventloop error; continuing poll loop client_id=sub-mqb-5bfe0fc8e69e3803-0344e8fbd64c4db6aa8f60dc9c0f7cc4 error=Mqtt state: Connection closed by peer abruptly
2026-09-29T23:04:40.552001Z  WARN mq_bench::transport::mqtt: MQTT subscription eventloop error; continuing poll loop client_id=sub-mqb-5bfe0fc8e69e3803-2890ba4adf7e46d49d7556da6709afe0 error=Mqtt state: Connection closed by peer abruptly
2026-09-29T23:04:40.552085Z  WARN mq_bench::transport::mqtt: MQTT subscription eventloop error; continuing poll loop client_id=sub-mqb-5bfe0fc8e69e3803-f4ba2800ca6d4dfa81ee2bc6e06b9115 error=Mqtt state: Connection closed by peer abruptly
2026-09-29T23:04:40.552118Z  WARN mq_bench::transport::mqtt: MQTT subscription eventloop error; continuing poll loop client_id=sub-mqb-5bfe0fc8e69e3803-b41adbd3538d4ac8810a39265d7e5071 error=Mqtt state: Connection closed by peer abruptly
