mq-bench starting with run_id: auto
Writing CSV output to: artifacts/fanout_bursty_20260929_225422_mqtt_hivemq_p64_s1000_u10_bursty/fanout_singlesite/sub_8_1.csv
2026-09-29T22:54:22.897699Z  INFO mq_bench::roles::subscriber: Starting subscriber engine=Mqtt key=topic_8 endpoint=None crash_enabled=false
2026-09-29T22:54:22.897693Z  INFO mq_bench::roles::subscriber: Starting subscriber engine=Mqtt key=topic_8 endpoint=None crash_enabled=false
2026-09-29T22:54:22.897692Z  INFO mq_bench::roles::subscriber: Starting subscriber engine=Mqtt key=topic_8 endpoint=None crash_enabled=false
2026-09-29T22:54:22.897712Z  INFO mq_bench::roles::subscriber: Starting subscriber engine=Mqtt key=topic_8 endpoint=None crash_enabled=false
2026-09-29T22:54:22.897716Z  INFO mq_bench::roles::subscriber: Starting subscriber engine=Mqtt key=topic_8 endpoint=None crash_enabled=false
2026-09-29T22:54:22.897722Z  INFO mq_bench::roles::subscriber: Starting subscriber engine=Mqtt key=topic_8 endpoint=None crash_enabled=false
2026-09-29T22:54:22.897728Z  INFO mq_bench::roles::subscriber: Starting subscriber engine=Mqtt key=topic_8 endpoint=None crash_enabled=false
2026-09-29T22:54:22.897734Z  INFO mq_bench::roles::subscriber: Connected via transport engine=Mqtt
2026-09-29T22:54:22.897736Z  INFO mq_bench::roles::subscriber: Connected via transport engine=Mqtt
2026-09-29T22:54:22.897740Z  INFO mq_bench::roles::subscriber: Connected via transport engine=Mqtt
2026-09-29T22:54:22.897742Z  INFO mq_bench::roles::subscriber: Connected via transport engine=Mqtt
2026-09-29T22:54:22.897738Z  INFO mq_bench::roles::subscriber: Starting subscriber engine=Mqtt key=topic_8 endpoint=None crash_enabled=false
2026-09-29T22:54:22.897746Z  INFO mq_bench::roles::subscriber: Connected via transport engine=Mqtt
2026-09-29T22:54:22.897748Z  INFO mq_bench::roles::subscriber: Starting subscriber engine=Mqtt key=topic_8 endpoint=None crash_enabled=false
2026-09-29T22:54:22.897758Z  INFO mq_bench::roles::subscriber: Connected via transport engine=Mqtt
2026-09-29T22:54:22.897754Z  INFO mq_bench::roles::subscriber: Starting subscriber engine=Mqtt key=topic_8 endpoint=None crash_enabled=false
2026-09-29T22:54:22.897753Z  INFO mq_bench::roles::subscriber: Connected via transport engine=Mqtt
2026-09-29T22:54:22.897772Z  INFO mq_bench::roles::subscriber: Connected via transport engine=Mqtt
2026-09-29T22:54:22.897783Z  INFO mq_bench::roles::subscriber: Connected via transport engine=Mqtt
2026-09-29T22:54:22.897788Z  INFO mq_bench::roles::subscriber: Connected via transport engine=Mqtt
2026-09-29T22:54:23.342533Z  INFO mq_bench::roles::subscriber: Subscribed to key expression key=topic_8
2026-09-29T22:54:23.442339Z  INFO mq_bench::roles::subscriber: Subscribed to key expression key=topic_8
2026-09-29T22:54:23.445030Z  INFO mq_bench::roles::subscriber: Subscribed to key expression key=topic_8
2026-09-29T22:54:23.462907Z  INFO mq_bench::roles::subscriber: Subscribed to key expression key=topic_8
2026-09-29T22:54:23.464110Z  INFO mq_bench::roles::subscriber: Subscribed to key expression key=topic_8
2026-09-29T22:54:23.503168Z  INFO mq_bench::roles::subscriber: Subscribed to key expression key=topic_8
2026-09-29T22:54:23.506125Z  INFO mq_bench::roles::subscriber: Subscribed to key expression key=topic_8
2026-09-29T22:54:23.519101Z  INFO mq_bench::roles::subscriber: Subscribed to key expression key=topic_8
2026-09-29T22:54:23.532046Z  INFO mq_bench::roles::subscriber: Subscribed to key expression key=topic_8
2026-09-29T22:54:23.535174Z  INFO mq_bench::roles::subscriber: Subscribed to key expression key=topic_8
2026-09-29T23:04:40.545422Z  WARN mq_bench::transport::mqtt: MQTT subscription eventloop error; continuing poll loop client_id=sub-mqb-5bfe17c8e69e459b-03b79514de4d48fea0b5caf6585d3b36 error=Mqtt state: Connection closed by peer abruptly
2026-09-29T23:04:40.545622Z  WARN mq_bench::transport::mqtt: MQTT subscription eventloop error; continuing poll loop client_id=sub-mqb-5bfe17c8e69e459b-9db29d5708054574b86cce6063533500 error=Mqtt state: Connection closed by peer abruptly
2026-09-29T23:04:40.545702Z  WARN mq_bench::transport::mqtt: MQTT subscription eventloop error; continuing poll loop client_id=sub-mqb-5bfe17c8e69e459b-2e75ed4c29734d3c917c0075c1da798d error=Mqtt state: Connection closed by peer abruptly
2026-09-29T23:04:40.545721Z  WARN mq_bench::transport::mqtt: MQTT subscription eventloop error; continuing poll loop client_id=sub-mqb-5bfe17c8e69e459b-cce114f6083d43d086fbeb090f374c27 error=Mqtt state: Connection closed by peer abruptly
2026-09-29T23:04:40.545747Z  WARN mq_bench::transport::mqtt: MQTT subscription eventloop error; continuing poll loop client_id=sub-mqb-5bfe17c8e69e459b-aafa4e65b5314af1a57a0451a4fa3591 error=Mqtt state: Connection closed by peer abruptly
2026-09-29T23:04:40.545759Z  WARN mq_bench::transport::mqtt: MQTT subscription eventloop error; continuing poll loop client_id=sub-mqb-5bfe17c8e69e459b-ae2470f764eb4d2f93f0c4d471dc3618 error=Mqtt state: Connection closed by peer abruptly
2026-09-29T23:04:40.545792Z  WARN mq_bench::transport::mqtt: MQTT subscription eventloop error; continuing poll loop client_id=sub-mqb-5bfe17c8e69e459b-585acb6b3425403c8036a0b394b31749 error=Mqtt state: Connection closed by peer abruptly
2026-09-29T23:04:40.545836Z  WARN mq_bench::transport::mqtt: MQTT subscription eventloop error; continuing poll loop client_id=sub-mqb-5bfe17c8e69e459b-6cbe802d9ba24bf5baf7a74e16550a60 error=Mqtt state: Connection closed by peer abruptly
2026-09-29T23:04:40.545852Z  WARN mq_bench::transport::mqtt: MQTT subscription eventloop error; continuing poll loop client_id=sub-mqb-5bfe17c8e69e459b-ce5c0de9846840e08fa881f6f5b1f77c error=Mqtt state: Connection closed by peer abruptly
2026-09-29T23:04:40.545878Z  WARN mq_bench::transport::mqtt: MQTT subscription eventloop error; continuing poll loop client_id=sub-mqb-5bfe17c8e69e459b-a2ed16553ef9435c979e098e24b59eff error=Mqtt state: Connection closed by peer abruptly
