mq-bench starting with run_id: auto
Writing CSV output to: artifacts/fanout_bursty_20260929_225422_mqtt_hivemq_p64_s1000_u10_bursty/fanout_singlesite/sub_6_6.csv
2026-09-29T22:54:22.838477Z  INFO mq_bench::roles::subscriber: Starting subscriber engine=Mqtt key=topic_6 endpoint=None crash_enabled=false
2026-09-29T22:54:22.838480Z  INFO mq_bench::roles::subscriber: Starting subscriber engine=Mqtt key=topic_6 endpoint=None crash_enabled=false
2026-09-29T22:54:22.838488Z  INFO mq_bench::roles::subscriber: Starting subscriber engine=Mqtt key=topic_6 endpoint=None crash_enabled=false
2026-09-29T22:54:22.838470Z  INFO mq_bench::roles::subscriber: Starting subscriber engine=Mqtt key=topic_6 endpoint=None crash_enabled=false
2026-09-29T22:54:22.838472Z  INFO mq_bench::roles::subscriber: Starting subscriber engine=Mqtt key=topic_6 endpoint=None crash_enabled=false
2026-09-29T22:54:22.838508Z  INFO mq_bench::roles::subscriber: Starting subscriber engine=Mqtt key=topic_6 endpoint=None crash_enabled=false
2026-09-29T22:54:22.838493Z  INFO mq_bench::roles::subscriber: Starting subscriber engine=Mqtt key=topic_6 endpoint=None crash_enabled=false
2026-09-29T22:54:22.838517Z  INFO mq_bench::roles::subscriber: Connected via transport engine=Mqtt
2026-09-29T22:54:22.838520Z  INFO mq_bench::roles::subscriber: Starting subscriber engine=Mqtt key=topic_6 endpoint=None crash_enabled=false
2026-09-29T22:54:22.838501Z  INFO mq_bench::roles::subscriber: Starting subscriber engine=Mqtt key=topic_6 endpoint=None crash_enabled=false
2026-09-29T22:54:22.838527Z  INFO mq_bench::roles::subscriber: Connected via transport engine=Mqtt
2026-09-29T22:54:22.838519Z  INFO mq_bench::roles::subscriber: Connected via transport engine=Mqtt
2026-09-29T22:54:22.838519Z  INFO mq_bench::roles::subscriber: Connected via transport engine=Mqtt
2026-09-29T22:54:22.838536Z  INFO mq_bench::roles::subscriber: Connected via transport engine=Mqtt
2026-09-29T22:54:22.838513Z  INFO mq_bench::roles::subscriber: Starting subscriber engine=Mqtt key=topic_6 endpoint=None crash_enabled=false
2026-09-29T22:54:22.838541Z  INFO mq_bench::roles::subscriber: Connected via transport engine=Mqtt
2026-09-29T22:54:22.838546Z  INFO mq_bench::roles::subscriber: Connected via transport engine=Mqtt
2026-09-29T22:54:22.838548Z  INFO mq_bench::roles::subscriber: Connected via transport engine=Mqtt
2026-09-29T22:54:22.838553Z  INFO mq_bench::roles::subscriber: Connected via transport engine=Mqtt
2026-09-29T22:54:22.838601Z  INFO mq_bench::roles::subscriber: Connected via transport engine=Mqtt
2026-09-29T22:54:23.391902Z  INFO mq_bench::roles::subscriber: Subscribed to key expression key=topic_6
2026-09-29T22:54:23.436705Z  INFO mq_bench::roles::subscriber: Subscribed to key expression key=topic_6
2026-09-29T22:54:23.439751Z  INFO mq_bench::roles::subscriber: Subscribed to key expression key=topic_6
2026-09-29T22:54:23.448807Z  INFO mq_bench::roles::subscriber: Subscribed to key expression key=topic_6
2026-09-29T22:54:23.467139Z  INFO mq_bench::roles::subscriber: Subscribed to key expression key=topic_6
2026-09-29T22:54:23.494778Z  INFO mq_bench::roles::subscriber: Subscribed to key expression key=topic_6
2026-09-29T22:54:23.494845Z  INFO mq_bench::roles::subscriber: Subscribed to key expression key=topic_6
2026-09-29T22:54:23.500941Z  INFO mq_bench::roles::subscriber: Subscribed to key expression key=topic_6
2026-09-29T22:54:23.522015Z  INFO mq_bench::roles::subscriber: Subscribed to key expression key=topic_6
2026-09-29T22:54:23.534757Z  INFO mq_bench::roles::subscriber: Subscribed to key expression key=topic_6
2026-09-29T23:04:40.546783Z  WARN mq_bench::transport::mqtt: MQTT subscription eventloop error; continuing poll loop client_id=sub-mqb-5bfe15c8e69e4235-e84561924c6a4d1c937a6bdec660f038 error=Mqtt state: Connection closed by peer abruptly
2026-09-29T23:04:40.546968Z  WARN mq_bench::transport::mqtt: MQTT subscription eventloop error; continuing poll loop client_id=sub-mqb-5bfe15c8e69e4235-d6820b33df374926bf7a4b43f0842989 error=Mqtt state: Connection closed by peer abruptly
2026-09-29T23:04:40.547007Z  WARN mq_bench::transport::mqtt: MQTT subscription eventloop error; continuing poll loop client_id=sub-mqb-5bfe15c8e69e4235-e1d5f60fa62341a79bbca8f61ff1510b error=Mqtt state: Connection closed by peer abruptly
2026-09-29T23:04:40.547083Z  WARN mq_bench::transport::mqtt: MQTT subscription eventloop error; continuing poll loop client_id=sub-mqb-5bfe15c8e69e4235-d5dda734d17d47c1a146b302843b3eaa error=Mqtt state: Connection closed by peer abruptly
2026-09-29T23:04:40.547094Z  WARN mq_bench::transport::mqtt: MQTT subscription eventloop error; continuing poll loop client_id=sub-mqb-5bfe15c8e69e4235-e39c2c84257846da9d760bcc06313e3c error=Mqtt state: Connection closed by peer abruptly
2026-09-29T23:04:40.547102Z  WARN mq_bench::transport::mqtt: MQTT subscription eventloop error; continuing poll loop client_id=sub-mqb-5bfe15c8e69e4235-949da2e5ef61416bbadb17100827c74b error=Mqtt state: Connection closed by peer abruptly
2026-09-29T23:04:40.547106Z  WARN mq_bench::transport::mqtt: MQTT subscription eventloop error; continuing poll loop client_id=sub-mqb-5bfe15c8e69e4235-350f528556724ef2a47fbc166fb714be error=Mqtt state: Connection closed by peer abruptly
2026-09-29T23:04:40.547134Z  WARN mq_bench::transport::mqtt: MQTT subscription eventloop error; continuing poll loop client_id=sub-mqb-5bfe15c8e69e4235-eef263b8ddf74af0903c23c422380f17 error=Mqtt state: Connection closed by peer abruptly
2026-09-29T23:04:40.547174Z  WARN mq_bench::transport::mqtt: MQTT subscription eventloop error; continuing poll loop client_id=sub-mqb-5bfe15c8e69e4235-2c8b493e4c1c4287a7fa0012b1da54e5 error=Mqtt state: Connection closed by peer abruptly
2026-09-29T23:04:40.547286Z  WARN mq_bench::transport::mqtt: MQTT subscription eventloop error; continuing poll loop client_id=sub-mqb-5bfe15c8e69e4235-47fff877a18446b182b72d2ea2efc47a error=Mqtt state: Connection closed by peer abruptly
