mq-bench starting with run_id: auto
Writing CSV output to: artifacts/fanout_bursty_20260929_225422_mqtt_hivemq_p64_s1000_u10_bursty/fanout_singlesite/sub_9_6.csv
2026-09-29T22:54:22.956415Z  INFO mq_bench::roles::subscriber: Starting subscriber engine=Mqtt key=topic_9 endpoint=None crash_enabled=false
2026-09-29T22:54:22.956418Z  INFO mq_bench::roles::subscriber: Starting subscriber engine=Mqtt key=topic_9 endpoint=None crash_enabled=false
2026-09-29T22:54:22.956424Z  INFO mq_bench::roles::subscriber: Starting subscriber engine=Mqtt key=topic_9 endpoint=None crash_enabled=false
2026-09-29T22:54:22.956419Z  INFO mq_bench::roles::subscriber: Starting subscriber engine=Mqtt key=topic_9 endpoint=None crash_enabled=false
2026-09-29T22:54:22.956433Z  INFO mq_bench::roles::subscriber: Starting subscriber engine=Mqtt key=topic_9 endpoint=None crash_enabled=false
2026-09-29T22:54:22.956419Z  INFO mq_bench::roles::subscriber: Starting subscriber engine=Mqtt key=topic_9 endpoint=None crash_enabled=false
2026-09-29T22:54:22.956439Z  INFO mq_bench::roles::subscriber: Starting subscriber engine=Mqtt key=topic_9 endpoint=None crash_enabled=false
2026-09-29T22:54:22.956447Z  INFO mq_bench::roles::subscriber: Starting subscriber engine=Mqtt key=topic_9 endpoint=None crash_enabled=false
2026-09-29T22:54:22.956457Z  INFO mq_bench::roles::subscriber: Connected via transport engine=Mqtt
2026-09-29T22:54:22.956457Z  INFO mq_bench::roles::subscriber: Connected via transport engine=Mqtt
2026-09-29T22:54:22.956457Z  INFO mq_bench::roles::subscriber: Connected via transport engine=Mqtt
2026-09-29T22:54:22.956465Z  INFO mq_bench::roles::subscriber: Connected via transport engine=Mqtt
2026-09-29T22:54:22.956466Z  INFO mq_bench::roles::subscriber: Connected via transport engine=Mqtt
2026-09-29T22:54:22.956465Z  INFO mq_bench::roles::subscriber: Connected via transport engine=Mqtt
2026-09-29T22:54:22.956469Z  INFO mq_bench::roles::subscriber: Connected via transport engine=Mqtt
2026-09-29T22:54:22.956465Z  INFO mq_bench::roles::subscriber: Starting subscriber engine=Mqtt key=topic_9 endpoint=None crash_enabled=false
2026-09-29T22:54:22.956478Z  INFO mq_bench::roles::subscriber: Connected via transport engine=Mqtt
2026-09-29T22:54:22.956475Z  INFO mq_bench::roles::subscriber: Starting subscriber engine=Mqtt key=topic_9 endpoint=None crash_enabled=false
2026-09-29T22:54:22.956496Z  INFO mq_bench::roles::subscriber: Connected via transport engine=Mqtt
2026-09-29T22:54:22.956519Z  INFO mq_bench::roles::subscriber: Connected via transport engine=Mqtt
2026-09-29T22:54:23.449078Z  INFO mq_bench::roles::subscriber: Subscribed to key expression key=topic_9
2026-09-29T22:54:23.471764Z  INFO mq_bench::roles::subscriber: Subscribed to key expression key=topic_9
2026-09-29T22:54:23.495998Z  INFO mq_bench::roles::subscriber: Subscribed to key expression key=topic_9
2026-09-29T22:54:23.500638Z  INFO mq_bench::roles::subscriber: Subscribed to key expression key=topic_9
2026-09-29T22:54:23.513983Z  INFO mq_bench::roles::subscriber: Subscribed to key expression key=topic_9
2026-09-29T22:54:23.518103Z  INFO mq_bench::roles::subscriber: Subscribed to key expression key=topic_9
2026-09-29T22:54:23.528473Z  INFO mq_bench::roles::subscriber: Subscribed to key expression key=topic_9
2026-09-29T22:54:23.529460Z  INFO mq_bench::roles::subscriber: Subscribed to key expression key=topic_9
2026-09-29T22:54:23.541046Z  INFO mq_bench::roles::subscriber: Subscribed to key expression key=topic_9
2026-09-29T22:54:23.544464Z  INFO mq_bench::roles::subscriber: Subscribed to key expression key=topic_9
2026-09-29T23:04:40.543853Z  WARN mq_bench::transport::mqtt: MQTT subscription eventloop error; continuing poll loop client_id=sub-mqb-5bfe16c8e69e43e8-511008525b6843fba46f5c9bd5f855ef error=Mqtt state: Connection closed by peer abruptly
2026-09-29T23:04:40.543856Z  WARN mq_bench::transport::mqtt: MQTT subscription eventloop error; continuing poll loop client_id=sub-mqb-5bfe16c8e69e43e8-7db0c2f8c26a469bb014b32b35e1eb9c error=Mqtt state: Connection closed by peer abruptly
2026-09-29T23:04:40.543864Z  WARN mq_bench::transport::mqtt: MQTT subscription eventloop error; continuing poll loop client_id=sub-mqb-5bfe16c8e69e43e8-8adf339bab6c4fd6bc7bacddb49794db error=Mqtt state: Connection closed by peer abruptly
2026-09-29T23:04:40.543960Z  WARN mq_bench::transport::mqtt: MQTT subscription eventloop error; continuing poll loop client_id=sub-mqb-5bfe16c8e69e43e8-b5c2f523e78b4c75a892208e4f912f18 error=Mqtt state: Connection closed by peer abruptly
2026-09-29T23:04:40.544054Z  WARN mq_bench::transport::mqtt: MQTT subscription eventloop error; continuing poll loop client_id=sub-mqb-5bfe16c8e69e43e8-e0dc61eb2d3d4cd99e6b44bf08bbea9a error=Mqtt state: Connection closed by peer abruptly
2026-09-29T23:04:40.544061Z  WARN mq_bench::transport::mqtt: MQTT subscription eventloop error; continuing poll loop client_id=sub-mqb-5bfe16c8e69e43e8-be1e006572e54314831d134fc6e0d2e8 error=Mqtt state: Connection closed by peer abruptly
2026-09-29T23:04:40.544070Z  WARN mq_bench::transport::mqtt: MQTT subscription eventloop error; continuing poll loop client_id=sub-mqb-5bfe16c8e69e43e8-4b6f644a7e014b7898cdc050ed1ed65a error=Mqtt state: Connection closed by peer abruptly
2026-09-29T23:04:40.544125Z  WARN mq_bench::transport::mqtt: MQTT subscription eventloop error; continuing poll loop client_id=sub-mqb-5bfe16c8e69e43e8-3a5bd293bd9a45bcbe1007c65d6d088f error=Mqtt state: Connection closed by peer abruptly
2026-09-29T23:04:40.544173Z  WARN mq_bench::transport::mqtt: MQTT subscription eventloop error; continuing poll loop client_id=sub-mqb-5bfe16c8e69e43e8-ea28cb9f2ac34c029be0b18895ab7fb0 error=Mqtt state: Connection closed by peer abruptly
2026-09-29T23:04:40.544215Z  WARN mq_bench::transport::mqtt: MQTT subscription eventloop error; continuing poll loop client_id=sub-mqb-5bfe16c8e69e43e8-6b24dd691e4848f6b1a3810db5ae5313 error=Mqtt state: Connection closed by peer abruptly
