mq-bench starting with run_id: auto
Writing CSV output to: artifacts/fanout_bursty_20260929_225422_mqtt_hivemq_p64_s1000_u10_bursty/fanout_singlesite/sub_0_8.csv
2026-09-29T22:54:22.619786Z  INFO mq_bench::roles::subscriber: Starting subscriber engine=Mqtt key=topic_0 endpoint=None crash_enabled=false
2026-09-29T22:54:22.619772Z  INFO mq_bench::roles::subscriber: Starting subscriber engine=Mqtt key=topic_0 endpoint=None crash_enabled=false
2026-09-29T22:54:22.619797Z  INFO mq_bench::roles::subscriber: Starting subscriber engine=Mqtt key=topic_0 endpoint=None crash_enabled=false
2026-09-29T22:54:22.619773Z  INFO mq_bench::roles::subscriber: Starting subscriber engine=Mqtt key=topic_0 endpoint=None crash_enabled=false
2026-09-29T22:54:22.619767Z  INFO mq_bench::roles::subscriber: Starting subscriber engine=Mqtt key=topic_0 endpoint=None crash_enabled=false
2026-09-29T22:54:22.619776Z  INFO mq_bench::roles::subscriber: Starting subscriber engine=Mqtt key=topic_0 endpoint=None crash_enabled=false
2026-09-29T22:54:22.619809Z  INFO mq_bench::roles::subscriber: Starting subscriber engine=Mqtt key=topic_0 endpoint=None crash_enabled=false
2026-09-29T22:54:22.619821Z  INFO mq_bench::roles::subscriber: Connected via transport engine=Mqtt
2026-09-29T22:54:22.619825Z  INFO mq_bench::roles::subscriber: Connected via transport engine=Mqtt
2026-09-29T22:54:22.619803Z  INFO mq_bench::roles::subscriber: Starting subscriber engine=Mqtt key=topic_0 endpoint=None crash_enabled=false
2026-09-29T22:54:22.619831Z  INFO mq_bench::roles::subscriber: Connected via transport engine=Mqtt
2026-09-29T22:54:22.619793Z  INFO mq_bench::roles::subscriber: Starting subscriber engine=Mqtt key=topic_0 endpoint=None crash_enabled=false
2026-09-29T22:54:22.619841Z  INFO mq_bench::roles::subscriber: Connected via transport engine=Mqtt
2026-09-29T22:54:22.619834Z  INFO mq_bench::roles::subscriber: Connected via transport engine=Mqtt
2026-09-29T22:54:22.619844Z  INFO mq_bench::roles::subscriber: Connected via transport engine=Mqtt
2026-09-29T22:54:22.619853Z  INFO mq_bench::roles::subscriber: Connected via transport engine=Mqtt
2026-09-29T22:54:22.619769Z  INFO mq_bench::roles::subscriber: Starting subscriber engine=Mqtt key=topic_0 endpoint=None crash_enabled=false
2026-09-29T22:54:22.619858Z  INFO mq_bench::roles::subscriber: Connected via transport engine=Mqtt
2026-09-29T22:54:22.619867Z  INFO mq_bench::roles::subscriber: Connected via transport engine=Mqtt
2026-09-29T22:54:22.619979Z  INFO mq_bench::roles::subscriber: Connected via transport engine=Mqtt
2026-09-29T22:54:23.133502Z  INFO mq_bench::roles::subscriber: Subscribed to key expression key=topic_0
2026-09-29T22:54:23.135243Z  INFO mq_bench::roles::subscriber: Subscribed to key expression key=topic_0
2026-09-29T22:54:23.189583Z  INFO mq_bench::roles::subscriber: Subscribed to key expression key=topic_0
2026-09-29T22:54:23.254488Z  INFO mq_bench::roles::subscriber: Subscribed to key expression key=topic_0
2026-09-29T22:54:23.414968Z  INFO mq_bench::roles::subscriber: Subscribed to key expression key=topic_0
2026-09-29T22:54:23.429758Z  INFO mq_bench::roles::subscriber: Subscribed to key expression key=topic_0
2026-09-29T22:54:23.442671Z  INFO mq_bench::roles::subscriber: Subscribed to key expression key=topic_0
2026-09-29T22:54:23.480680Z  INFO mq_bench::roles::subscriber: Subscribed to key expression key=topic_0
2026-09-29T22:54:23.483959Z  INFO mq_bench::roles::subscriber: Subscribed to key expression key=topic_0
2026-09-29T22:54:23.510947Z  INFO mq_bench::roles::subscriber: Subscribed to key expression key=topic_0
2026-09-29T23:04:40.551734Z  WARN mq_bench::transport::mqtt: MQTT subscription eventloop error; continuing poll loop client_id=sub-mqb-5bfe0fc8e69e3803-f9e31037fb0c4bbab315a7821ee538c4 error=Mqtt state: Connection closed by peer abruptly
2026-09-29T23:04:40.551739Z  WARN mq_bench::transport::mqtt: MQTT subscription eventloop error; continuing poll loop client_id=sub-mqb-5bfe0fc8e69e3803-bfd18b33ac034a458730e31b994950ca error=Mqtt state: Connection closed by peer abruptly
2026-09-29T23:04:40.551749Z  WARN mq_bench::transport::mqtt: MQTT subscription eventloop error; continuing poll loop client_id=sub-mqb-5bfe0fc8e69e3803-e199efa59dcd43d29db1caec6e59cdcd error=Mqtt state: Connection closed by peer abruptly
2026-09-29T23:04:40.551762Z  WARN mq_bench::transport::mqtt: MQTT subscription eventloop error; continuing poll loop client_id=sub-mqb-5bfe0fc8e69e3803-9ee25543f4514682a5409e46486ff452 error=Mqtt state: Connection closed by peer abruptly
2026-09-29T23:04:40.551813Z  WARN mq_bench::transport::mqtt: MQTT subscription eventloop error; continuing poll loop client_id=sub-mqb-5bfe0fc8e69e3803-d2738d63fadf483f98276159019de6ba error=Mqtt state: Connection closed by peer abruptly
2026-09-29T23:04:40.551858Z  WARN mq_bench::transport::mqtt: MQTT subscription eventloop error; continuing poll loop client_id=sub-mqb-5bfe0fc8e69e3803-dfc382942e3a4f439ff71375e2179684 error=Mqtt state: Connection closed by peer abruptly
2026-09-29T23:04:40.551857Z  WARN mq_bench::transport::mqtt: MQTT subscription eventloop error; continuing poll loop client_id=sub-mqb-5bfe0fc8e69e3803-18fdd52e893b47728ab6f4d884ced311 error=Mqtt state: Connection closed by peer abruptly
2026-09-29T23:04:40.551896Z  WARN mq_bench::transport::mqtt: MQTT subscription eventloop error; continuing poll loop client_id=sub-mqb-5bfe0fc8e69e3803-1d55469640cb4d49b64dd0d770fd1940 error=Mqtt state: Connection closed by peer abruptly
2026-09-29T23:04:40.551904Z  WARN mq_bench::transport::mqtt: MQTT subscription eventloop error; continuing poll loop client_id=sub-mqb-5bfe0fc8e69e3803-ef11f448f6ac4a3ca4c423a88ff39cd0 error=Mqtt state: Connection closed by peer abruptly
2026-09-29T23:04:40.551955Z  WARN mq_bench::transport::mqtt: MQTT subscription eventloop error; continuing poll loop client_id=sub-mqb-5bfe0fc8e69e3803-3c30a6e1babf4cdcbc071c4c284e1032 error=Mqtt state: Connection closed by peer abruptly
