mq-bench starting with run_id: auto
Writing CSV output to: artifacts/fanout_bursty_20260929_225422_mqtt_hivemq_p64_s1000_u10_bursty/fanout_singlesite/sub_8_3.csv
2026-09-29T22:54:22.906175Z  INFO mq_bench::roles::subscriber: Starting subscriber engine=Mqtt key=topic_8 endpoint=None crash_enabled=false
2026-09-29T22:54:22.906184Z  INFO mq_bench::roles::subscriber: Starting subscriber engine=Mqtt key=topic_8 endpoint=None crash_enabled=false
2026-09-29T22:54:22.906191Z  INFO mq_bench::roles::subscriber: Starting subscriber engine=Mqtt key=topic_8 endpoint=None crash_enabled=false
2026-09-29T22:54:22.906176Z  INFO mq_bench::roles::subscriber: Starting subscriber engine=Mqtt key=topic_8 endpoint=None crash_enabled=false
2026-09-29T22:54:22.906199Z  INFO mq_bench::roles::subscriber: Starting subscriber engine=Mqtt key=topic_8 endpoint=None crash_enabled=false
2026-09-29T22:54:22.906207Z  INFO mq_bench::roles::subscriber: Starting subscriber engine=Mqtt key=topic_8 endpoint=None crash_enabled=false
2026-09-29T22:54:22.906175Z  INFO mq_bench::roles::subscriber: Starting subscriber engine=Mqtt key=topic_8 endpoint=None crash_enabled=false
2026-09-29T22:54:22.906218Z  INFO mq_bench::roles::subscriber: Connected via transport engine=Mqtt
2026-09-29T22:54:22.906219Z  INFO mq_bench::roles::subscriber: Connected via transport engine=Mqtt
2026-09-29T22:54:22.906215Z  INFO mq_bench::roles::subscriber: Starting subscriber engine=Mqtt key=topic_8 endpoint=None crash_enabled=false
2026-09-29T22:54:22.906225Z  INFO mq_bench::roles::subscriber: Connected via transport engine=Mqtt
2026-09-29T22:54:22.906223Z  INFO mq_bench::roles::subscriber: Starting subscriber engine=Mqtt key=topic_8 endpoint=None crash_enabled=false
2026-09-29T22:54:22.906231Z  INFO mq_bench::roles::subscriber: Connected via transport engine=Mqtt
2026-09-29T22:54:22.906233Z  INFO mq_bench::roles::subscriber: Connected via transport engine=Mqtt
2026-09-29T22:54:22.906230Z  INFO mq_bench::roles::subscriber: Starting subscriber engine=Mqtt key=topic_8 endpoint=None crash_enabled=false
2026-09-29T22:54:22.906240Z  INFO mq_bench::roles::subscriber: Connected via transport engine=Mqtt
2026-09-29T22:54:22.906244Z  INFO mq_bench::roles::subscriber: Connected via transport engine=Mqtt
2026-09-29T22:54:22.906248Z  INFO mq_bench::roles::subscriber: Connected via transport engine=Mqtt
2026-09-29T22:54:22.906254Z  INFO mq_bench::roles::subscriber: Connected via transport engine=Mqtt
2026-09-29T22:54:22.906263Z  INFO mq_bench::roles::subscriber: Connected via transport engine=Mqtt
2026-09-29T22:54:23.442662Z  INFO mq_bench::roles::subscriber: Subscribed to key expression key=topic_8
2026-09-29T22:54:23.445213Z  INFO mq_bench::roles::subscriber: Subscribed to key expression key=topic_8
2026-09-29T22:54:23.477040Z  INFO mq_bench::roles::subscriber: Subscribed to key expression key=topic_8
2026-09-29T22:54:23.489040Z  INFO mq_bench::roles::subscriber: Subscribed to key expression key=topic_8
2026-09-29T22:54:23.492876Z  INFO mq_bench::roles::subscriber: Subscribed to key expression key=topic_8
2026-09-29T22:54:23.505289Z  INFO mq_bench::roles::subscriber: Subscribed to key expression key=topic_8
2026-09-29T22:54:23.506464Z  INFO mq_bench::roles::subscriber: Subscribed to key expression key=topic_8
2026-09-29T22:54:23.531296Z  INFO mq_bench::roles::subscriber: Subscribed to key expression key=topic_8
2026-09-29T22:54:23.535233Z  INFO mq_bench::roles::subscriber: Subscribed to key expression key=topic_8
2026-09-29T22:54:23.542652Z  INFO mq_bench::roles::subscriber: Subscribed to key expression key=topic_8
2026-09-29T23:04:40.545245Z  WARN mq_bench::transport::mqtt: MQTT subscription eventloop error; continuing poll loop client_id=sub-mqb-5bfe17c8e69e459b-09ccf38c0ac1476faca94a8ca29140ee error=Mqtt state: Connection closed by peer abruptly
2026-09-29T23:04:40.545256Z  WARN mq_bench::transport::mqtt: MQTT subscription eventloop error; continuing poll loop client_id=sub-mqb-5bfe17c8e69e459b-810ac142e4bd452bab86bbb34e1f2259 error=Mqtt state: Connection closed by peer abruptly
2026-09-29T23:04:40.545246Z  WARN mq_bench::transport::mqtt: MQTT subscription eventloop error; continuing poll loop client_id=sub-mqb-5bfe17c8e69e459b-52dbfaec506a42a29b58c10317502693 error=Mqtt state: Connection closed by peer abruptly
2026-09-29T23:04:40.545290Z  WARN mq_bench::transport::mqtt: MQTT subscription eventloop error; continuing poll loop client_id=sub-mqb-5bfe17c8e69e459b-c13515f299344934a2812cdb3c03b902 error=Mqtt state: Connection closed by peer abruptly
2026-09-29T23:04:40.545390Z  WARN mq_bench::transport::mqtt: MQTT subscription eventloop error; continuing poll loop client_id=sub-mqb-5bfe17c8e69e459b-9069db38e2dd482fba66e4713a3aa540 error=Mqtt state: Connection closed by peer abruptly
2026-09-29T23:04:40.545391Z  WARN mq_bench::transport::mqtt: MQTT subscription eventloop error; continuing poll loop client_id=sub-mqb-5bfe17c8e69e459b-f7997d5d152040f78755af9bb1b296b3 error=Mqtt state: Connection closed by peer abruptly
2026-09-29T23:04:40.545390Z  WARN mq_bench::transport::mqtt: MQTT subscription eventloop error; continuing poll loop client_id=sub-mqb-5bfe17c8e69e459b-e978f2f6122b4b35b4c27062cfe81d7f error=Mqtt state: Connection closed by peer abruptly
2026-09-29T23:04:40.545355Z  WARN mq_bench::transport::mqtt: MQTT subscription eventloop error; continuing poll loop client_id=sub-mqb-5bfe17c8e69e459b-662f06c2fffc4d4b8b761962f1f11e3f error=Mqtt state: Connection closed by peer abruptly
2026-09-29T23:04:40.545455Z  WARN mq_bench::transport::mqtt: MQTT subscription eventloop error; continuing poll loop client_id=sub-mqb-5bfe17c8e69e459b-53bad3c7797e4684ba07ca5a7359eb67 error=Mqtt state: Connection closed by peer abruptly
2026-09-29T23:04:40.545501Z  WARN mq_bench::transport::mqtt: MQTT subscription eventloop error; continuing poll loop client_id=sub-mqb-5bfe17c8e69e459b-2fcbba81b7914bbda77c15c6e56dbf44 error=Mqtt state: Connection closed by peer abruptly
