mq-bench starting with run_id: auto
Writing CSV output to: artifacts/fanout_bursty_20260929_225422_mqtt_hivemq_p64_s1000_u10_bursty/fanout_singlesite/sub_5_1.csv
2026-09-29T22:54:22.781436Z  INFO mq_bench::roles::subscriber: Starting subscriber engine=Mqtt key=topic_5 endpoint=None crash_enabled=false
2026-09-29T22:54:22.781416Z  INFO mq_bench::roles::subscriber: Starting subscriber engine=Mqtt key=topic_5 endpoint=None crash_enabled=false
2026-09-29T22:54:22.781423Z  INFO mq_bench::roles::subscriber: Starting subscriber engine=Mqtt key=topic_5 endpoint=None crash_enabled=false
2026-09-29T22:54:22.781416Z  INFO mq_bench::roles::subscriber: Starting subscriber engine=Mqtt key=topic_5 endpoint=None crash_enabled=false
2026-09-29T22:54:22.781450Z  INFO mq_bench::roles::subscriber: Starting subscriber engine=Mqtt key=topic_5 endpoint=None crash_enabled=false
2026-09-29T22:54:22.781415Z  INFO mq_bench::roles::subscriber: Starting subscriber engine=Mqtt key=topic_5 endpoint=None crash_enabled=false
2026-09-29T22:54:22.781458Z  INFO mq_bench::roles::subscriber: Starting subscriber engine=Mqtt key=topic_5 endpoint=None crash_enabled=false
2026-09-29T22:54:22.781442Z  INFO mq_bench::roles::subscriber: Starting subscriber engine=Mqtt key=topic_5 endpoint=None crash_enabled=false
2026-09-29T22:54:22.781465Z  INFO mq_bench::roles::subscriber: Starting subscriber engine=Mqtt key=topic_5 endpoint=None crash_enabled=false
2026-09-29T22:54:22.781473Z  INFO mq_bench::roles::subscriber: Connected via transport engine=Mqtt
2026-09-29T22:54:22.781467Z  INFO mq_bench::roles::subscriber: Connected via transport engine=Mqtt
2026-09-29T22:54:22.781482Z  INFO mq_bench::roles::subscriber: Connected via transport engine=Mqtt
2026-09-29T22:54:22.781485Z  INFO mq_bench::roles::subscriber: Connected via transport engine=Mqtt
2026-09-29T22:54:22.781472Z  INFO mq_bench::roles::subscriber: Connected via transport engine=Mqtt
2026-09-29T22:54:22.781488Z  INFO mq_bench::roles::subscriber: Connected via transport engine=Mqtt
2026-09-29T22:54:22.781429Z  INFO mq_bench::roles::subscriber: Starting subscriber engine=Mqtt key=topic_5 endpoint=None crash_enabled=false
2026-09-29T22:54:22.781495Z  INFO mq_bench::roles::subscriber: Connected via transport engine=Mqtt
2026-09-29T22:54:22.781491Z  INFO mq_bench::roles::subscriber: Connected via transport engine=Mqtt
2026-09-29T22:54:22.781498Z  INFO mq_bench::roles::subscriber: Connected via transport engine=Mqtt
2026-09-29T22:54:22.781518Z  INFO mq_bench::roles::subscriber: Connected via transport engine=Mqtt
2026-09-29T22:54:23.255791Z  INFO mq_bench::roles::subscriber: Subscribed to key expression key=topic_5
2026-09-29T22:54:23.351617Z  INFO mq_bench::roles::subscriber: Subscribed to key expression key=topic_5
2026-09-29T22:54:23.439446Z  INFO mq_bench::roles::subscriber: Subscribed to key expression key=topic_5
2026-09-29T22:54:23.440382Z  INFO mq_bench::roles::subscriber: Subscribed to key expression key=topic_5
2026-09-29T22:54:23.462583Z  INFO mq_bench::roles::subscriber: Subscribed to key expression key=topic_5
2026-09-29T22:54:23.492673Z  INFO mq_bench::roles::subscriber: Subscribed to key expression key=topic_5
2026-09-29T22:54:23.495390Z  INFO mq_bench::roles::subscriber: Subscribed to key expression key=topic_5
2026-09-29T22:54:23.530734Z  INFO mq_bench::roles::subscriber: Subscribed to key expression key=topic_5
2026-09-29T22:54:23.537390Z  INFO mq_bench::roles::subscriber: Subscribed to key expression key=topic_5
2026-09-29T22:54:23.542055Z  INFO mq_bench::roles::subscriber: Subscribed to key expression key=topic_5
2026-09-29T23:04:40.547900Z  WARN mq_bench::transport::mqtt: MQTT subscription eventloop error; continuing poll loop client_id=sub-mqb-5bfe12c8e69e3d1c-57037d146b674a54b05192ef2c249a2e error=Mqtt state: Connection closed by peer abruptly
2026-09-29T23:04:40.547964Z  WARN mq_bench::transport::mqtt: MQTT subscription eventloop error; continuing poll loop client_id=sub-mqb-5bfe12c8e69e3d1c-8323d537869440f49a2b5064ef69d5ff error=Mqtt state: Connection closed by peer abruptly
2026-09-29T23:04:40.547983Z  WARN mq_bench::transport::mqtt: MQTT subscription eventloop error; continuing poll loop client_id=sub-mqb-5bfe12c8e69e3d1c-1433982e49e044dfa897cfe41a98ba6c error=Mqtt state: Connection closed by peer abruptly
2026-09-29T23:04:40.548002Z  WARN mq_bench::transport::mqtt: MQTT subscription eventloop error; continuing poll loop client_id=sub-mqb-5bfe12c8e69e3d1c-432a5078069345048675cf511a872ece error=Mqtt state: Connection closed by peer abruptly
2026-09-29T23:04:40.548030Z  WARN mq_bench::transport::mqtt: MQTT subscription eventloop error; continuing poll loop client_id=sub-mqb-5bfe12c8e69e3d1c-eff258f7c9d74178a50929ec77ac8f0d error=Mqtt state: Connection closed by peer abruptly
2026-09-29T23:04:40.548043Z  WARN mq_bench::transport::mqtt: MQTT subscription eventloop error; continuing poll loop client_id=sub-mqb-5bfe12c8e69e3d1c-791113ad90ce4fd79e18b559e2549a7a error=Mqtt state: Connection closed by peer abruptly
2026-09-29T23:04:40.548069Z  WARN mq_bench::transport::mqtt: MQTT subscription eventloop error; continuing poll loop client_id=sub-mqb-5bfe12c8e69e3d1c-ea49b9fb41e64bec90189050e2daa94f error=Mqtt state: Connection closed by peer abruptly
2026-09-29T23:04:40.548076Z  WARN mq_bench::transport::mqtt: MQTT subscription eventloop error; continuing poll loop client_id=sub-mqb-5bfe12c8e69e3d1c-1a0da8fb299f4c6bae9ae8151a78a084 error=Mqtt state: Connection closed by peer abruptly
2026-09-29T23:04:40.548106Z  WARN mq_bench::transport::mqtt: MQTT subscription eventloop error; continuing poll loop client_id=sub-mqb-5bfe12c8e69e3d1c-9c8ad733246f4601b53bff0e8c88feca error=Mqtt state: Connection closed by peer abruptly
2026-09-29T23:04:40.548107Z  WARN mq_bench::transport::mqtt: MQTT subscription eventloop error; continuing poll loop client_id=sub-mqb-5bfe12c8e69e3d1c-2529dc4ff93f43639848ffe77fe7e3ec error=Mqtt state: Connection closed by peer abruptly
