mq-bench starting with run_id: auto
Writing CSV output to: artifacts/fanout_bursty_20260929_225422_mqtt_hivemq_p64_s1000_u10_bursty/fanout_singlesite/sub_4_5.csv
2026-09-29T22:54:22.758385Z  INFO mq_bench::roles::subscriber: Starting subscriber engine=Mqtt key=topic_4 endpoint=None crash_enabled=false
2026-09-29T22:54:22.758389Z  INFO mq_bench::roles::subscriber: Starting subscriber engine=Mqtt key=topic_4 endpoint=None crash_enabled=false
2026-09-29T22:54:22.758392Z  INFO mq_bench::roles::subscriber: Starting subscriber engine=Mqtt key=topic_4 endpoint=None crash_enabled=false
2026-09-29T22:54:22.758386Z  INFO mq_bench::roles::subscriber: Starting subscriber engine=Mqtt key=topic_4 endpoint=None crash_enabled=false
2026-09-29T22:54:22.758405Z  INFO mq_bench::roles::subscriber: Starting subscriber engine=Mqtt key=topic_4 endpoint=None crash_enabled=false
2026-09-29T22:54:22.758403Z  INFO mq_bench::roles::subscriber: Starting subscriber engine=Mqtt key=topic_4 endpoint=None crash_enabled=false
2026-09-29T22:54:22.758423Z  INFO mq_bench::roles::subscriber: Starting subscriber engine=Mqtt key=topic_4 endpoint=None crash_enabled=false
2026-09-29T22:54:22.758439Z  INFO mq_bench::roles::subscriber: Connected via transport engine=Mqtt
2026-09-29T22:54:22.758434Z  INFO mq_bench::roles::subscriber: Starting subscriber engine=Mqtt key=topic_4 endpoint=None crash_enabled=false
2026-09-29T22:54:22.758445Z  INFO mq_bench::roles::subscriber: Connected via transport engine=Mqtt
2026-09-29T22:54:22.758448Z  INFO mq_bench::roles::subscriber: Connected via transport engine=Mqtt
2026-09-29T22:54:22.758432Z  INFO mq_bench::roles::subscriber: Connected via transport engine=Mqtt
2026-09-29T22:54:22.758446Z  INFO mq_bench::roles::subscriber: Starting subscriber engine=Mqtt key=topic_4 endpoint=None crash_enabled=false
2026-09-29T22:54:22.758433Z  INFO mq_bench::roles::subscriber: Connected via transport engine=Mqtt
2026-09-29T22:54:22.758431Z  INFO mq_bench::roles::subscriber: Connected via transport engine=Mqtt
2026-09-29T22:54:22.758465Z  INFO mq_bench::roles::subscriber: Connected via transport engine=Mqtt
2026-09-29T22:54:22.758473Z  INFO mq_bench::roles::subscriber: Connected via transport engine=Mqtt
2026-09-29T22:54:22.758483Z  INFO mq_bench::roles::subscriber: Connected via transport engine=Mqtt
2026-09-29T22:54:22.758472Z  INFO mq_bench::roles::subscriber: Starting subscriber engine=Mqtt key=topic_4 endpoint=None crash_enabled=false
2026-09-29T22:54:22.758508Z  INFO mq_bench::roles::subscriber: Connected via transport engine=Mqtt
2026-09-29T22:54:23.391544Z  INFO mq_bench::roles::subscriber: Subscribed to key expression key=topic_4
2026-09-29T22:54:23.432500Z  INFO mq_bench::roles::subscriber: Subscribed to key expression key=topic_4
2026-09-29T22:54:23.438498Z  INFO mq_bench::roles::subscriber: Subscribed to key expression key=topic_4
2026-09-29T22:54:23.446563Z  INFO mq_bench::roles::subscriber: Subscribed to key expression key=topic_4
2026-09-29T22:54:23.462198Z  INFO mq_bench::roles::subscriber: Subscribed to key expression key=topic_4
2026-09-29T22:54:23.495298Z  INFO mq_bench::roles::subscriber: Subscribed to key expression key=topic_4
2026-09-29T22:54:23.495689Z  INFO mq_bench::roles::subscriber: Subscribed to key expression key=topic_4
2026-09-29T22:54:23.514358Z  INFO mq_bench::roles::subscriber: Subscribed to key expression key=topic_4
2026-09-29T22:54:23.530553Z  INFO mq_bench::roles::subscriber: Subscribed to key expression key=topic_4
2026-09-29T22:54:23.537210Z  INFO mq_bench::roles::subscriber: Subscribed to key expression key=topic_4
2026-09-29T23:04:40.548621Z  WARN mq_bench::transport::mqtt: MQTT subscription eventloop error; continuing poll loop client_id=sub-mqb-5bfe13c8e69e3ecf-a726c01b04044db99862e53d0460e0f2 error=Mqtt state: Connection closed by peer abruptly
2026-09-29T23:04:40.548650Z  WARN mq_bench::transport::mqtt: MQTT subscription eventloop error; continuing poll loop client_id=sub-mqb-5bfe13c8e69e3ecf-95631dbd1ee84491b31fbe0e9aa85af9 error=Mqtt state: Connection closed by peer abruptly
2026-09-29T23:04:40.548662Z  WARN mq_bench::transport::mqtt: MQTT subscription eventloop error; continuing poll loop client_id=sub-mqb-5bfe13c8e69e3ecf-6b3a73bebb564a1f8b23f8b5cee8b7fa error=Mqtt state: Connection closed by peer abruptly
2026-09-29T23:04:40.548669Z  WARN mq_bench::transport::mqtt: MQTT subscription eventloop error; continuing poll loop client_id=sub-mqb-5bfe13c8e69e3ecf-bcb0a16b4c4547cdbf83806fe496173a error=Mqtt state: Connection closed by peer abruptly
2026-09-29T23:04:40.548709Z  WARN mq_bench::transport::mqtt: MQTT subscription eventloop error; continuing poll loop client_id=sub-mqb-5bfe13c8e69e3ecf-ffa820f624224316b554f15e1c616a8b error=Mqtt state: Connection closed by peer abruptly
2026-09-29T23:04:40.548623Z  WARN mq_bench::transport::mqtt: MQTT subscription eventloop error; continuing poll loop client_id=sub-mqb-5bfe13c8e69e3ecf-556ae79a5ca14bfdb2ccff3cdb34c7d6 error=Mqtt state: Connection closed by peer abruptly
2026-09-29T23:04:40.548741Z  WARN mq_bench::transport::mqtt: MQTT subscription eventloop error; continuing poll loop client_id=sub-mqb-5bfe13c8e69e3ecf-9928861e12604f37beb7b8fcfe29199e error=Mqtt state: Connection closed by peer abruptly
2026-09-29T23:04:40.548778Z  WARN mq_bench::transport::mqtt: MQTT subscription eventloop error; continuing poll loop client_id=sub-mqb-5bfe13c8e69e3ecf-0ae8ab937e764e838a0e3b0027134bdd error=Mqtt state: Connection closed by peer abruptly
2026-09-29T23:04:40.548776Z  WARN mq_bench::transport::mqtt: MQTT subscription eventloop error; continuing poll loop client_id=sub-mqb-5bfe13c8e69e3ecf-438c395146a74aa9ae55cc083458150e error=Mqtt state: Connection closed by peer abruptly
2026-09-29T23:04:40.548796Z  WARN mq_bench::transport::mqtt: MQTT subscription eventloop error; continuing poll loop client_id=sub-mqb-5bfe13c8e69e3ecf-87b5849e6036489d878c9b867e6ba313 error=Mqtt state: Connection closed by peer abruptly
