mq-bench starting with run_id: auto
Writing CSV output to: artifacts/fanout_bursty_20260929_225422_mqtt_hivemq_p64_s1000_u10_bursty/fanout_singlesite/sub_2_6.csv
2026-09-29T22:54:22.686422Z  INFO mq_bench::roles::subscriber: Starting subscriber engine=Mqtt key=topic_2 endpoint=None crash_enabled=false
2026-09-29T22:54:22.686431Z  INFO mq_bench::roles::subscriber: Starting subscriber engine=Mqtt key=topic_2 endpoint=None crash_enabled=false
2026-09-29T22:54:22.686437Z  INFO mq_bench::roles::subscriber: Starting subscriber engine=Mqtt key=topic_2 endpoint=None crash_enabled=false
2026-09-29T22:54:22.686422Z  INFO mq_bench::roles::subscriber: Starting subscriber engine=Mqtt key=topic_2 endpoint=None crash_enabled=false
2026-09-29T22:54:22.686453Z  INFO mq_bench::roles::subscriber: Starting subscriber engine=Mqtt key=topic_2 endpoint=None crash_enabled=false
2026-09-29T22:54:22.686424Z  INFO mq_bench::roles::subscriber: Starting subscriber engine=Mqtt key=topic_2 endpoint=None crash_enabled=false
2026-09-29T22:54:22.686459Z  INFO mq_bench::roles::subscriber: Starting subscriber engine=Mqtt key=topic_2 endpoint=None crash_enabled=false
2026-09-29T22:54:22.686444Z  INFO mq_bench::roles::subscriber: Starting subscriber engine=Mqtt key=topic_2 endpoint=None crash_enabled=false
2026-09-29T22:54:22.686467Z  INFO mq_bench::roles::subscriber: Starting subscriber engine=Mqtt key=topic_2 endpoint=None crash_enabled=false
2026-09-29T22:54:22.686469Z  INFO mq_bench::roles::subscriber: Connected via transport engine=Mqtt
2026-09-29T22:54:22.686470Z  INFO mq_bench::roles::subscriber: Connected via transport engine=Mqtt
2026-09-29T22:54:22.686470Z  INFO mq_bench::roles::subscriber: Connected via transport engine=Mqtt
2026-09-29T22:54:22.686477Z  INFO mq_bench::roles::subscriber: Connected via transport engine=Mqtt
2026-09-29T22:54:22.686475Z  INFO mq_bench::roles::subscriber: Starting subscriber engine=Mqtt key=topic_2 endpoint=None crash_enabled=false
2026-09-29T22:54:22.686485Z  INFO mq_bench::roles::subscriber: Connected via transport engine=Mqtt
2026-09-29T22:54:22.686489Z  INFO mq_bench::roles::subscriber: Connected via transport engine=Mqtt
2026-09-29T22:54:22.686490Z  INFO mq_bench::roles::subscriber: Connected via transport engine=Mqtt
2026-09-29T22:54:22.686494Z  INFO mq_bench::roles::subscriber: Connected via transport engine=Mqtt
2026-09-29T22:54:22.686495Z  INFO mq_bench::roles::subscriber: Connected via transport engine=Mqtt
2026-09-29T22:54:22.686507Z  INFO mq_bench::roles::subscriber: Connected via transport engine=Mqtt
2026-09-29T22:54:23.213975Z  INFO mq_bench::roles::subscriber: Subscribed to key expression key=topic_2
2026-09-29T22:54:23.255560Z  INFO mq_bench::roles::subscriber: Subscribed to key expression key=topic_2
2026-09-29T22:54:23.432167Z  INFO mq_bench::roles::subscriber: Subscribed to key expression key=topic_2
2026-09-29T22:54:23.438852Z  INFO mq_bench::roles::subscriber: Subscribed to key expression key=topic_2
2026-09-29T22:54:23.447322Z  INFO mq_bench::roles::subscriber: Subscribed to key expression key=topic_2
2026-09-29T22:54:23.475442Z  INFO mq_bench::roles::subscriber: Subscribed to key expression key=topic_2
2026-09-29T22:54:23.482966Z  INFO mq_bench::roles::subscriber: Subscribed to key expression key=topic_2
2026-09-29T22:54:23.492420Z  INFO mq_bench::roles::subscriber: Subscribed to key expression key=topic_2
2026-09-29T22:54:23.494954Z  INFO mq_bench::roles::subscriber: Subscribed to key expression key=topic_2
2026-09-29T22:54:23.531084Z  INFO mq_bench::roles::subscriber: Subscribed to key expression key=topic_2
2026-09-29T23:04:40.550553Z  WARN mq_bench::transport::mqtt: MQTT subscription eventloop error; continuing poll loop client_id=sub-mqb-5bfe11c8e69e3b69-2b3239ae53c44a00a117be8be55344b4 error=Mqtt state: Connection closed by peer abruptly
2026-09-29T23:04:40.550566Z  WARN mq_bench::transport::mqtt: MQTT subscription eventloop error; continuing poll loop client_id=sub-mqb-5bfe11c8e69e3b69-332b438f490844d88eef7ecb0195381f error=Mqtt state: Connection closed by peer abruptly
2026-09-29T23:04:40.550567Z  WARN mq_bench::transport::mqtt: MQTT subscription eventloop error; continuing poll loop client_id=sub-mqb-5bfe11c8e69e3b69-1007602e43a246539787e8a3036d2490 error=Mqtt state: Connection closed by peer abruptly
2026-09-29T23:04:40.550568Z  WARN mq_bench::transport::mqtt: MQTT subscription eventloop error; continuing poll loop client_id=sub-mqb-5bfe11c8e69e3b69-43df542f8be3428a9133ff95cac80741 error=Mqtt state: Connection closed by peer abruptly
2026-09-29T23:04:40.550571Z  WARN mq_bench::transport::mqtt: MQTT subscription eventloop error; continuing poll loop client_id=sub-mqb-5bfe11c8e69e3b69-a547f5d43fe44eccb453c951f4387366 error=Mqtt state: Connection closed by peer abruptly
2026-09-29T23:04:40.550660Z  WARN mq_bench::transport::mqtt: MQTT subscription eventloop error; continuing poll loop client_id=sub-mqb-5bfe11c8e69e3b69-cca0ac6cd11b460f8b5b2db33e7bcca4 error=Mqtt state: Connection closed by peer abruptly
2026-09-29T23:04:40.550666Z  WARN mq_bench::transport::mqtt: MQTT subscription eventloop error; continuing poll loop client_id=sub-mqb-5bfe11c8e69e3b69-52c3701338774eefb850806a79192dad error=Mqtt state: Connection closed by peer abruptly
2026-09-29T23:04:40.550690Z  WARN mq_bench::transport::mqtt: MQTT subscription eventloop error; continuing poll loop client_id=sub-mqb-5bfe11c8e69e3b69-f45043dc41624065901644c0a2fa3535 error=Mqtt state: Connection closed by peer abruptly
2026-09-29T23:04:40.550686Z  WARN mq_bench::transport::mqtt: MQTT subscription eventloop error; continuing poll loop client_id=sub-mqb-5bfe11c8e69e3b69-445b5174961d488d8f5c9412f4b4008f error=Mqtt state: Connection closed by peer abruptly
2026-09-29T23:04:40.550780Z  WARN mq_bench::transport::mqtt: MQTT subscription eventloop error; continuing poll loop client_id=sub-mqb-5bfe11c8e69e3b69-b0d72cec69a747d796164ee340e86c34 error=Mqtt state: Connection closed by peer abruptly
