mq-bench starting with run_id: auto
Writing CSV output to: artifacts/fanout_bursty_20260929_225422_mqtt_hivemq_p64_s1000_u10_bursty/fanout_singlesite/sub_5_6.csv
2026-09-29T22:54:22.799846Z  INFO mq_bench::roles::subscriber: Starting subscriber engine=Mqtt key=topic_5 endpoint=None crash_enabled=false
2026-09-29T22:54:22.799849Z  INFO mq_bench::roles::subscriber: Starting subscriber engine=Mqtt key=topic_5 endpoint=None crash_enabled=false
2026-09-29T22:54:22.799848Z  INFO mq_bench::roles::subscriber: Starting subscriber engine=Mqtt key=topic_5 endpoint=None crash_enabled=false
2026-09-29T22:54:22.799848Z  INFO mq_bench::roles::subscriber: Starting subscriber engine=Mqtt key=topic_5 endpoint=None crash_enabled=false
2026-09-29T22:54:22.799869Z  INFO mq_bench::roles::subscriber: Starting subscriber engine=Mqtt key=topic_5 endpoint=None crash_enabled=false
2026-09-29T22:54:22.799855Z  INFO mq_bench::roles::subscriber: Starting subscriber engine=Mqtt key=topic_5 endpoint=None crash_enabled=false
2026-09-29T22:54:22.799875Z  INFO mq_bench::roles::subscriber: Starting subscriber engine=Mqtt key=topic_5 endpoint=None crash_enabled=false
2026-09-29T22:54:22.799861Z  INFO mq_bench::roles::subscriber: Starting subscriber engine=Mqtt key=topic_5 endpoint=None crash_enabled=false
2026-09-29T22:54:22.799894Z  INFO mq_bench::roles::subscriber: Connected via transport engine=Mqtt
2026-09-29T22:54:22.799885Z  INFO mq_bench::roles::subscriber: Connected via transport engine=Mqtt
2026-09-29T22:54:22.799900Z  INFO mq_bench::roles::subscriber: Connected via transport engine=Mqtt
2026-09-29T22:54:22.799890Z  INFO mq_bench::roles::subscriber: Connected via transport engine=Mqtt
2026-09-29T22:54:22.799905Z  INFO mq_bench::roles::subscriber: Connected via transport engine=Mqtt
2026-09-29T22:54:22.799883Z  INFO mq_bench::roles::subscriber: Starting subscriber engine=Mqtt key=topic_5 endpoint=None crash_enabled=false
2026-09-29T22:54:22.799897Z  INFO mq_bench::roles::subscriber: Starting subscriber engine=Mqtt key=topic_5 endpoint=None crash_enabled=false
2026-09-29T22:54:22.799909Z  INFO mq_bench::roles::subscriber: Connected via transport engine=Mqtt
2026-09-29T22:54:22.799931Z  INFO mq_bench::roles::subscriber: Connected via transport engine=Mqtt
2026-09-29T22:54:22.799917Z  INFO mq_bench::roles::subscriber: Connected via transport engine=Mqtt
2026-09-29T22:54:22.799941Z  INFO mq_bench::roles::subscriber: Connected via transport engine=Mqtt
2026-09-29T22:54:22.799949Z  INFO mq_bench::roles::subscriber: Connected via transport engine=Mqtt
2026-09-29T22:54:23.387888Z  INFO mq_bench::roles::subscriber: Subscribed to key expression key=topic_5
2026-09-29T22:54:23.432651Z  INFO mq_bench::roles::subscriber: Subscribed to key expression key=topic_5
2026-09-29T22:54:23.440053Z  INFO mq_bench::roles::subscriber: Subscribed to key expression key=topic_5
2026-09-29T22:54:23.446659Z  INFO mq_bench::roles::subscriber: Subscribed to key expression key=topic_5
2026-09-29T22:54:23.457948Z  INFO mq_bench::roles::subscriber: Subscribed to key expression key=topic_5
2026-09-29T22:54:23.476362Z  INFO mq_bench::roles::subscriber: Subscribed to key expression key=topic_5
2026-09-29T22:54:23.495740Z  INFO mq_bench::roles::subscriber: Subscribed to key expression key=topic_5
2026-09-29T22:54:23.502392Z  INFO mq_bench::roles::subscriber: Subscribed to key expression key=topic_5
2026-09-29T22:54:23.519770Z  INFO mq_bench::roles::subscriber: Subscribed to key expression key=topic_5
2026-09-29T22:54:23.542253Z  INFO mq_bench::roles::subscriber: Subscribed to key expression key=topic_5
2026-09-29T23:04:40.547429Z  WARN mq_bench::transport::mqtt: MQTT subscription eventloop error; continuing poll loop client_id=sub-mqb-5bfe12c8e69e3d1c-f68c407ab2f1491abaeed5514b6c67b6 error=Mqtt state: Connection closed by peer abruptly
2026-09-29T23:04:40.547524Z  WARN mq_bench::transport::mqtt: MQTT subscription eventloop error; continuing poll loop client_id=sub-mqb-5bfe12c8e69e3d1c-91962a8f70a344bfb48f9f1e8042c73e error=Mqtt state: Connection closed by peer abruptly
2026-09-29T23:04:40.547508Z  WARN mq_bench::transport::mqtt: MQTT subscription eventloop error; continuing poll loop client_id=sub-mqb-5bfe12c8e69e3d1c-ed9cd201e8da4f82907ae2ccca218e99 error=Mqtt state: Connection closed by peer abruptly
2026-09-29T23:04:40.547535Z  WARN mq_bench::transport::mqtt: MQTT subscription eventloop error; continuing poll loop client_id=sub-mqb-5bfe12c8e69e3d1c-17e30a6ec1dd425d81118c4deecb2f47 error=Mqtt state: Connection closed by peer abruptly
2026-09-29T23:04:40.547568Z  WARN mq_bench::transport::mqtt: MQTT subscription eventloop error; continuing poll loop client_id=sub-mqb-5bfe12c8e69e3d1c-53a84fed9c28447dac71c67ce6938b78 error=Mqtt state: Connection closed by peer abruptly
2026-09-29T23:04:40.547600Z  WARN mq_bench::transport::mqtt: MQTT subscription eventloop error; continuing poll loop client_id=sub-mqb-5bfe12c8e69e3d1c-12b3918fca6b4143b266f90ff1e5c17a error=Mqtt state: Connection closed by peer abruptly
2026-09-29T23:04:40.547654Z  WARN mq_bench::transport::mqtt: MQTT subscription eventloop error; continuing poll loop client_id=sub-mqb-5bfe12c8e69e3d1c-937c152149194ef6b6d7c152ca1f61e1 error=Mqtt state: Connection closed by peer abruptly
2026-09-29T23:04:40.547670Z  WARN mq_bench::transport::mqtt: MQTT subscription eventloop error; continuing poll loop client_id=sub-mqb-5bfe12c8e69e3d1c-99887c40536f4967b584524c7a14282d error=Mqtt state: Connection closed by peer abruptly
2026-09-29T23:04:40.547666Z  WARN mq_bench::transport::mqtt: MQTT subscription eventloop error; continuing poll loop client_id=sub-mqb-5bfe12c8e69e3d1c-4f3fec62ac394eaeb3ee5a77f27115d0 error=Mqtt state: Connection closed by peer abruptly
2026-09-29T23:04:40.547703Z  WARN mq_bench::transport::mqtt: MQTT subscription eventloop error; continuing poll loop client_id=sub-mqb-5bfe12c8e69e3d1c-b18895651a33499eb9df7cab03f24a97 error=Mqtt state: Connection closed by peer abruptly
