mq-bench starting with run_id: auto
Writing CSV output to: artifacts/fanout_bursty_20260929_225422_mqtt_hivemq_p64_s1000_u10_bursty/fanout_singlesite/sub_2_2.csv
2026-09-29T22:54:22.671765Z  INFO mq_bench::roles::subscriber: Starting subscriber engine=Mqtt key=topic_2 endpoint=None crash_enabled=false
2026-09-29T22:54:22.671762Z  INFO mq_bench::roles::subscriber: Starting subscriber engine=Mqtt key=topic_2 endpoint=None crash_enabled=false
2026-09-29T22:54:22.671775Z  INFO mq_bench::roles::subscriber: Starting subscriber engine=Mqtt key=topic_2 endpoint=None crash_enabled=false
2026-09-29T22:54:22.671788Z  INFO mq_bench::roles::subscriber: Starting subscriber engine=Mqtt key=topic_2 endpoint=None crash_enabled=false
2026-09-29T22:54:22.671761Z  INFO mq_bench::roles::subscriber: Starting subscriber engine=Mqtt key=topic_2 endpoint=None crash_enabled=false
2026-09-29T22:54:22.671782Z  INFO mq_bench::roles::subscriber: Starting subscriber engine=Mqtt key=topic_2 endpoint=None crash_enabled=false
2026-09-29T22:54:22.671767Z  INFO mq_bench::roles::subscriber: Starting subscriber engine=Mqtt key=topic_2 endpoint=None crash_enabled=false
2026-09-29T22:54:22.671795Z  INFO mq_bench::roles::subscriber: Starting subscriber engine=Mqtt key=topic_2 endpoint=None crash_enabled=false
2026-09-29T22:54:22.671949Z  INFO mq_bench::roles::subscriber: Connected via transport engine=Mqtt
2026-09-29T22:54:22.671801Z  INFO mq_bench::roles::subscriber: Starting subscriber engine=Mqtt key=topic_2 endpoint=None crash_enabled=false
2026-09-29T22:54:22.671960Z  INFO mq_bench::roles::subscriber: Connected via transport engine=Mqtt
2026-09-29T22:54:22.671813Z  INFO mq_bench::roles::subscriber: Connected via transport engine=Mqtt
2026-09-29T22:54:22.671813Z  INFO mq_bench::roles::subscriber: Connected via transport engine=Mqtt
2026-09-29T22:54:22.671969Z  INFO mq_bench::roles::subscriber: Connected via transport engine=Mqtt
2026-09-29T22:54:22.671973Z  INFO mq_bench::roles::subscriber: Connected via transport engine=Mqtt
2026-09-29T22:54:22.671817Z  INFO mq_bench::roles::subscriber: Connected via transport engine=Mqtt
2026-09-29T22:54:22.671818Z  INFO mq_bench::roles::subscriber: Connected via transport engine=Mqtt
2026-09-29T22:54:22.671984Z  INFO mq_bench::roles::subscriber: Connected via transport engine=Mqtt
2026-09-29T22:54:22.671815Z  INFO mq_bench::roles::subscriber: Starting subscriber engine=Mqtt key=topic_2 endpoint=None crash_enabled=false
2026-09-29T22:54:22.672013Z  INFO mq_bench::roles::subscriber: Connected via transport engine=Mqtt
2026-09-29T22:54:23.189721Z  INFO mq_bench::roles::subscriber: Subscribed to key expression key=topic_2
2026-09-29T22:54:23.423759Z  INFO mq_bench::roles::subscriber: Subscribed to key expression key=topic_2
2026-09-29T22:54:23.428964Z  INFO mq_bench::roles::subscriber: Subscribed to key expression key=topic_2
2026-09-29T22:54:23.440444Z  INFO mq_bench::roles::subscriber: Subscribed to key expression key=topic_2
2026-09-29T22:54:23.463093Z  INFO mq_bench::roles::subscriber: Subscribed to key expression key=topic_2
2026-09-29T22:54:23.509747Z  INFO mq_bench::roles::subscriber: Subscribed to key expression key=topic_2
2026-09-29T22:54:23.509837Z  INFO mq_bench::roles::subscriber: Subscribed to key expression key=topic_2
2026-09-29T22:54:23.511225Z  INFO mq_bench::roles::subscriber: Subscribed to key expression key=topic_2
2026-09-29T22:54:23.519412Z  INFO mq_bench::roles::subscriber: Subscribed to key expression key=topic_2
2026-09-29T22:54:23.538693Z  INFO mq_bench::roles::subscriber: Subscribed to key expression key=topic_2
2026-09-29T23:04:40.550860Z  WARN mq_bench::transport::mqtt: MQTT subscription eventloop error; continuing poll loop client_id=sub-mqb-5bfe11c8e69e3b69-88ea2568589b4bf78e2de73ffc673bdb error=Mqtt state: Connection closed by peer abruptly
2026-09-29T23:04:40.550895Z  WARN mq_bench::transport::mqtt: MQTT subscription eventloop error; continuing poll loop client_id=sub-mqb-5bfe11c8e69e3b69-c06ccd1c7a5d42c895b8e84230aebbd7 error=Mqtt state: Connection closed by peer abruptly
2026-09-29T23:04:40.550900Z  WARN mq_bench::transport::mqtt: MQTT subscription eventloop error; continuing poll loop client_id=sub-mqb-5bfe11c8e69e3b69-79a3c9d632264e149f5642d163c7dd91 error=Mqtt state: Connection closed by peer abruptly
2026-09-29T23:04:40.550907Z  WARN mq_bench::transport::mqtt: MQTT subscription eventloop error; continuing poll loop client_id=sub-mqb-5bfe11c8e69e3b69-4c85af3d02884cb7b132a243ab13afbf error=Mqtt state: Connection closed by peer abruptly
2026-09-29T23:04:40.551016Z  WARN mq_bench::transport::mqtt: MQTT subscription eventloop error; continuing poll loop client_id=sub-mqb-5bfe11c8e69e3b69-ccd467b69c834751a97063a0cac10748 error=Mqtt state: Connection closed by peer abruptly
2026-09-29T23:04:40.551014Z  WARN mq_bench::transport::mqtt: MQTT subscription eventloop error; continuing poll loop client_id=sub-mqb-5bfe11c8e69e3b69-f065635338954a0189f64d06be37f427 error=Mqtt state: Connection closed by peer abruptly
2026-09-29T23:04:40.550949Z  WARN mq_bench::transport::mqtt: MQTT subscription eventloop error; continuing poll loop client_id=sub-mqb-5bfe11c8e69e3b69-c8d68835262d4957962d39f62077510c error=Mqtt state: Connection closed by peer abruptly
2026-09-29T23:04:40.551026Z  WARN mq_bench::transport::mqtt: MQTT subscription eventloop error; continuing poll loop client_id=sub-mqb-5bfe11c8e69e3b69-7c4f6176ffce41e18e81bf4b5cef27f4 error=Mqtt state: Connection closed by peer abruptly
2026-09-29T23:04:40.551098Z  WARN mq_bench::transport::mqtt: MQTT subscription eventloop error; continuing poll loop client_id=sub-mqb-5bfe11c8e69e3b69-e5bac12feeff46bd8d328dbe5eb0d434 error=Mqtt state: Connection closed by peer abruptly
2026-09-29T23:04:40.551137Z  WARN mq_bench::transport::mqtt: MQTT subscription eventloop error; continuing poll loop client_id=sub-mqb-5bfe11c8e69e3b69-fe67c69f80fb492c9483e317173b43c2 error=Mqtt state: Connection closed by peer abruptly
