mq-bench starting with run_id: auto
Writing CSV output to: artifacts/fanout_bursty_20260929_225422_mqtt_hivemq_p64_s1000_u10_bursty/fanout_singlesite/sub_9_4.csv
2026-09-29T22:54:22.948681Z  INFO mq_bench::roles::subscriber: Starting subscriber engine=Mqtt key=topic_9 endpoint=None crash_enabled=false
2026-09-29T22:54:22.948675Z  INFO mq_bench::roles::subscriber: Starting subscriber engine=Mqtt key=topic_9 endpoint=None crash_enabled=false
2026-09-29T22:54:22.948688Z  INFO mq_bench::roles::subscriber: Starting subscriber engine=Mqtt key=topic_9 endpoint=None crash_enabled=false
2026-09-29T22:54:22.948679Z  INFO mq_bench::roles::subscriber: Starting subscriber engine=Mqtt key=topic_9 endpoint=None crash_enabled=false
2026-09-29T22:54:22.948691Z  INFO mq_bench::roles::subscriber: Starting subscriber engine=Mqtt key=topic_9 endpoint=None crash_enabled=false
2026-09-29T22:54:22.948700Z  INFO mq_bench::roles::subscriber: Starting subscriber engine=Mqtt key=topic_9 endpoint=None crash_enabled=false
2026-09-29T22:54:22.948710Z  INFO mq_bench::roles::subscriber: Starting subscriber engine=Mqtt key=topic_9 endpoint=None crash_enabled=false
2026-09-29T22:54:22.948716Z  INFO mq_bench::roles::subscriber: Starting subscriber engine=Mqtt key=topic_9 endpoint=None crash_enabled=false
2026-09-29T22:54:22.948725Z  INFO mq_bench::roles::subscriber: Connected via transport engine=Mqtt
2026-09-29T22:54:22.948723Z  INFO mq_bench::roles::subscriber: Starting subscriber engine=Mqtt key=topic_9 endpoint=None crash_enabled=false
2026-09-29T22:54:22.948732Z  INFO mq_bench::roles::subscriber: Connected via transport engine=Mqtt
2026-09-29T22:54:22.948721Z  INFO mq_bench::roles::subscriber: Connected via transport engine=Mqtt
2026-09-29T22:54:22.948737Z  INFO mq_bench::roles::subscriber: Connected via transport engine=Mqtt
2026-09-29T22:54:22.948721Z  INFO mq_bench::roles::subscriber: Connected via transport engine=Mqtt
2026-09-29T22:54:22.948738Z  INFO mq_bench::roles::subscriber: Starting subscriber engine=Mqtt key=topic_9 endpoint=None crash_enabled=false
2026-09-29T22:54:22.948744Z  INFO mq_bench::roles::subscriber: Connected via transport engine=Mqtt
2026-09-29T22:54:22.948720Z  INFO mq_bench::roles::subscriber: Connected via transport engine=Mqtt
2026-09-29T22:54:22.948750Z  INFO mq_bench::roles::subscriber: Connected via transport engine=Mqtt
2026-09-29T22:54:22.948758Z  INFO mq_bench::roles::subscriber: Connected via transport engine=Mqtt
2026-09-29T22:54:22.948771Z  INFO mq_bench::roles::subscriber: Connected via transport engine=Mqtt
2026-09-29T22:54:23.449166Z  INFO mq_bench::roles::subscriber: Subscribed to key expression key=topic_9
2026-09-29T22:54:23.462474Z  INFO mq_bench::roles::subscriber: Subscribed to key expression key=topic_9
2026-09-29T22:54:23.485631Z  INFO mq_bench::roles::subscriber: Subscribed to key expression key=topic_9
2026-09-29T22:54:23.500546Z  INFO mq_bench::roles::subscriber: Subscribed to key expression key=topic_9
2026-09-29T22:54:23.508211Z  INFO mq_bench::roles::subscriber: Subscribed to key expression key=topic_9
2026-09-29T22:54:23.514101Z  INFO mq_bench::roles::subscriber: Subscribed to key expression key=topic_9
2026-09-29T22:54:23.529192Z  INFO mq_bench::roles::subscriber: Subscribed to key expression key=topic_9
2026-09-29T22:54:23.536618Z  INFO mq_bench::roles::subscriber: Subscribed to key expression key=topic_9
2026-09-29T22:54:23.544259Z  INFO mq_bench::roles::subscriber: Subscribed to key expression key=topic_9
2026-09-29T22:54:23.544357Z  INFO mq_bench::roles::subscriber: Subscribed to key expression key=topic_9
2026-09-29T23:04:40.543970Z  WARN mq_bench::transport::mqtt: MQTT subscription eventloop error; continuing poll loop client_id=sub-mqb-5bfe16c8e69e43e8-4635670236a1499bb100d37aa84cb4f7 error=Mqtt state: Connection closed by peer abruptly
2026-09-29T23:04:40.544056Z  WARN mq_bench::transport::mqtt: MQTT subscription eventloop error; continuing poll loop client_id=sub-mqb-5bfe16c8e69e43e8-a087bd6746824bb1a2b49c94ed7dd2aa error=Mqtt state: Connection closed by peer abruptly
2026-09-29T23:04:40.544047Z  WARN mq_bench::transport::mqtt: MQTT subscription eventloop error; continuing poll loop client_id=sub-mqb-5bfe16c8e69e43e8-70aff20c93064ab09096bb93470ecdad error=Mqtt state: Connection closed by peer abruptly
2026-09-29T23:04:40.544104Z  WARN mq_bench::transport::mqtt: MQTT subscription eventloop error; continuing poll loop client_id=sub-mqb-5bfe16c8e69e43e8-22e0fda19e774670a5a3b4da75493c1d error=Mqtt state: Connection closed by peer abruptly
2026-09-29T23:04:40.544108Z  WARN mq_bench::transport::mqtt: MQTT subscription eventloop error; continuing poll loop client_id=sub-mqb-5bfe16c8e69e43e8-a618ba70ce884e87b990fbbf79728e5e error=Mqtt state: Connection closed by peer abruptly
2026-09-29T23:04:40.544138Z  WARN mq_bench::transport::mqtt: MQTT subscription eventloop error; continuing poll loop client_id=sub-mqb-5bfe16c8e69e43e8-6483b04cc20a4cb58698081e3d68ee2f error=Mqtt state: Connection closed by peer abruptly
2026-09-29T23:04:40.544138Z  WARN mq_bench::transport::mqtt: MQTT subscription eventloop error; continuing poll loop client_id=sub-mqb-5bfe16c8e69e43e8-7b8f62a2905848358ff58ce4751661e2 error=Mqtt state: Connection closed by peer abruptly
2026-09-29T23:04:40.544164Z  WARN mq_bench::transport::mqtt: MQTT subscription eventloop error; continuing poll loop client_id=sub-mqb-5bfe16c8e69e43e8-09aa105ebbfd4733950ca3c81db14b5b error=Mqtt state: Connection closed by peer abruptly
2026-09-29T23:04:40.544206Z  WARN mq_bench::transport::mqtt: MQTT subscription eventloop error; continuing poll loop client_id=sub-mqb-5bfe16c8e69e43e8-c461c8480842451eafcbfb9a63700922 error=Mqtt state: Connection closed by peer abruptly
2026-09-29T23:04:40.544233Z  WARN mq_bench::transport::mqtt: MQTT subscription eventloop error; continuing poll loop client_id=sub-mqb-5bfe16c8e69e43e8-8a174b47a633417582df9ca016255ffd error=Mqtt state: Connection closed by peer abruptly
