mq-bench starting with run_id: auto
Writing CSV output to: artifacts/fanout_bursty_20260929_225422_mqtt_hivemq_p64_s1000_u10_bursty/fanout_singlesite/sub_1_5.csv
2026-09-29T22:54:22.646492Z  INFO mq_bench::roles::subscriber: Starting subscriber engine=Mqtt key=topic_1 endpoint=None crash_enabled=false
2026-09-29T22:54:22.646513Z  INFO mq_bench::roles::subscriber: Starting subscriber engine=Mqtt key=topic_1 endpoint=None crash_enabled=false
2026-09-29T22:54:22.646491Z  INFO mq_bench::roles::subscriber: Starting subscriber engine=Mqtt key=topic_1 endpoint=None crash_enabled=false
2026-09-29T22:54:22.646506Z  INFO mq_bench::roles::subscriber: Starting subscriber engine=Mqtt key=topic_1 endpoint=None crash_enabled=false
2026-09-29T22:54:22.646501Z  INFO mq_bench::roles::subscriber: Starting subscriber engine=Mqtt key=topic_1 endpoint=None crash_enabled=false
2026-09-29T22:54:22.646534Z  INFO mq_bench::roles::subscriber: Starting subscriber engine=Mqtt key=topic_1 endpoint=None crash_enabled=false
2026-09-29T22:54:22.646517Z  INFO mq_bench::roles::subscriber: Starting subscriber engine=Mqtt key=topic_1 endpoint=None crash_enabled=false
2026-09-29T22:54:22.646546Z  INFO mq_bench::roles::subscriber: Starting subscriber engine=Mqtt key=topic_1 endpoint=None crash_enabled=false
2026-09-29T22:54:22.646557Z  INFO mq_bench::roles::subscriber: Connected via transport engine=Mqtt
2026-09-29T22:54:22.646559Z  INFO mq_bench::roles::subscriber: Connected via transport engine=Mqtt
2026-09-29T22:54:22.646559Z  INFO mq_bench::roles::subscriber: Connected via transport engine=Mqtt
2026-09-29T22:54:22.646492Z  INFO mq_bench::roles::subscriber: Starting subscriber engine=Mqtt key=topic_1 endpoint=None crash_enabled=false
2026-09-29T22:54:22.646566Z  INFO mq_bench::roles::subscriber: Connected via transport engine=Mqtt
2026-09-29T22:54:22.646568Z  INFO mq_bench::roles::subscriber: Connected via transport engine=Mqtt
2026-09-29T22:54:22.646527Z  INFO mq_bench::roles::subscriber: Starting subscriber engine=Mqtt key=topic_1 endpoint=None crash_enabled=false
2026-09-29T22:54:22.646554Z  INFO mq_bench::roles::subscriber: Connected via transport engine=Mqtt
2026-09-29T22:54:22.646570Z  INFO mq_bench::roles::subscriber: Connected via transport engine=Mqtt
2026-09-29T22:54:22.646585Z  INFO mq_bench::roles::subscriber: Connected via transport engine=Mqtt
2026-09-29T22:54:22.646593Z  INFO mq_bench::roles::subscriber: Connected via transport engine=Mqtt
2026-09-29T22:54:22.646704Z  INFO mq_bench::roles::subscriber: Connected via transport engine=Mqtt
2026-09-29T22:54:23.222469Z  INFO mq_bench::roles::subscriber: Subscribed to key expression key=topic_1
2026-09-29T22:54:23.328846Z  INFO mq_bench::roles::subscriber: Subscribed to key expression key=topic_1
2026-09-29T22:54:23.361601Z  INFO mq_bench::roles::subscriber: Subscribed to key expression key=topic_1
2026-09-29T22:54:23.412884Z  INFO mq_bench::roles::subscriber: Subscribed to key expression key=topic_1
2026-09-29T22:54:23.417399Z  INFO mq_bench::roles::subscriber: Subscribed to key expression key=topic_1
2026-09-29T22:54:23.418534Z  INFO mq_bench::roles::subscriber: Subscribed to key expression key=topic_1
2026-09-29T22:54:23.475353Z  INFO mq_bench::roles::subscriber: Subscribed to key expression key=topic_1
2026-09-29T22:54:23.478478Z  INFO mq_bench::roles::subscriber: Subscribed to key expression key=topic_1
2026-09-29T22:54:23.534696Z  INFO mq_bench::roles::subscriber: Subscribed to key expression key=topic_1
2026-09-29T22:54:23.538370Z  INFO mq_bench::roles::subscriber: Subscribed to key expression key=topic_1
2026-09-29T23:04:40.551226Z  WARN mq_bench::transport::mqtt: MQTT subscription eventloop error; continuing poll loop client_id=sub-mqb-5bfe0ec8e69e3650-dc35068da4a544339b8e32e7dc4765f4 error=Mqtt state: Connection closed by peer abruptly
2026-09-29T23:04:40.551420Z  WARN mq_bench::transport::mqtt: MQTT subscription eventloop error; continuing poll loop client_id=sub-mqb-5bfe0ec8e69e3650-a8b3b204878b47ad91f19a9594015f1d error=Mqtt state: Connection closed by peer abruptly
2026-09-29T23:04:40.551444Z  WARN mq_bench::transport::mqtt: MQTT subscription eventloop error; continuing poll loop client_id=sub-mqb-5bfe0ec8e69e3650-573fded3d4a34db7a539da0e1989a8a1 error=Mqtt state: Connection closed by peer abruptly
2026-09-29T23:04:40.551443Z  WARN mq_bench::transport::mqtt: MQTT subscription eventloop error; continuing poll loop client_id=sub-mqb-5bfe0ec8e69e3650-4018d3c7e61e46eda6e744c67778e93f error=Mqtt state: Connection closed by peer abruptly
2026-09-29T23:04:40.551514Z  WARN mq_bench::transport::mqtt: MQTT subscription eventloop error; continuing poll loop client_id=sub-mqb-5bfe0ec8e69e3650-cdac383ee025469791a53952cc38dfa4 error=Mqtt state: Connection closed by peer abruptly
2026-09-29T23:04:40.551511Z  WARN mq_bench::transport::mqtt: MQTT subscription eventloop error; continuing poll loop client_id=sub-mqb-5bfe0ec8e69e3650-5225777949b14575b4b9a9a77b0808bd error=Mqtt state: Connection closed by peer abruptly
2026-09-29T23:04:40.551542Z  WARN mq_bench::transport::mqtt: MQTT subscription eventloop error; continuing poll loop client_id=sub-mqb-5bfe0ec8e69e3650-dac9e7a9bda042fbb67d9d9ffa264313 error=Mqtt state: Connection closed by peer abruptly
2026-09-29T23:04:40.551567Z  WARN mq_bench::transport::mqtt: MQTT subscription eventloop error; continuing poll loop client_id=sub-mqb-5bfe0ec8e69e3650-09a20b2916b04a68ae78456ef480cd8e error=Mqtt state: Connection closed by peer abruptly
2026-09-29T23:04:40.551569Z  WARN mq_bench::transport::mqtt: MQTT subscription eventloop error; continuing poll loop client_id=sub-mqb-5bfe0ec8e69e3650-693fd567d2974e648c908a606ad5bd56 error=Mqtt state: Connection closed by peer abruptly
2026-09-29T23:04:40.551563Z  WARN mq_bench::transport::mqtt: MQTT subscription eventloop error; continuing poll loop client_id=sub-mqb-5bfe0ec8e69e3650-6ebbabc50ac94fa6bc5915b986e04f45 error=Mqtt state: Connection closed by peer abruptly
