mq-bench starting with run_id: auto
Writing CSV output to: artifacts/fanout_bursty_20260929_225422_mqtt_hivemq_p64_s1000_u10_bursty/fanout_singlesite/sub_4_7.csv
2026-09-29T22:54:22.765487Z  INFO mq_bench::roles::subscriber: Starting subscriber engine=Mqtt key=topic_4 endpoint=None crash_enabled=false
2026-09-29T22:54:22.765481Z  INFO mq_bench::roles::subscriber: Starting subscriber engine=Mqtt key=topic_4 endpoint=None crash_enabled=false
2026-09-29T22:54:22.765504Z  INFO mq_bench::roles::subscriber: Starting subscriber engine=Mqtt key=topic_4 endpoint=None crash_enabled=false
2026-09-29T22:54:22.765482Z  INFO mq_bench::roles::subscriber: Starting subscriber engine=Mqtt key=topic_4 endpoint=None crash_enabled=false
2026-09-29T22:54:22.765483Z  INFO mq_bench::roles::subscriber: Starting subscriber engine=Mqtt key=topic_4 endpoint=None crash_enabled=false
2026-09-29T22:54:22.765514Z  INFO mq_bench::roles::subscriber: Starting subscriber engine=Mqtt key=topic_4 endpoint=None crash_enabled=false
2026-09-29T22:54:22.765522Z  INFO mq_bench::roles::subscriber: Starting subscriber engine=Mqtt key=topic_4 endpoint=None crash_enabled=false
2026-09-29T22:54:22.765532Z  INFO mq_bench::roles::subscriber: Connected via transport engine=Mqtt
2026-09-29T22:54:22.765532Z  INFO mq_bench::roles::subscriber: Connected via transport engine=Mqtt
2026-09-29T22:54:22.765531Z  INFO mq_bench::roles::subscriber: Starting subscriber engine=Mqtt key=topic_4 endpoint=None crash_enabled=false
2026-09-29T22:54:22.765538Z  INFO mq_bench::roles::subscriber: Connected via transport engine=Mqtt
2026-09-29T22:54:22.765536Z  INFO mq_bench::roles::subscriber: Connected via transport engine=Mqtt
2026-09-29T22:54:22.765544Z  INFO mq_bench::roles::subscriber: Connected via transport engine=Mqtt
2026-09-29T22:54:22.765539Z  INFO mq_bench::roles::subscriber: Starting subscriber engine=Mqtt key=topic_4 endpoint=None crash_enabled=false
2026-09-29T22:54:22.765556Z  INFO mq_bench::roles::subscriber: Connected via transport engine=Mqtt
2026-09-29T22:54:22.765550Z  INFO mq_bench::roles::subscriber: Connected via transport engine=Mqtt
2026-09-29T22:54:22.765547Z  INFO mq_bench::roles::subscriber: Starting subscriber engine=Mqtt key=topic_4 endpoint=None crash_enabled=false
2026-09-29T22:54:22.765566Z  INFO mq_bench::roles::subscriber: Connected via transport engine=Mqtt
2026-09-29T22:54:22.765579Z  INFO mq_bench::roles::subscriber: Connected via transport engine=Mqtt
2026-09-29T22:54:22.765593Z  INFO mq_bench::roles::subscriber: Connected via transport engine=Mqtt
2026-09-29T22:54:23.190665Z  INFO mq_bench::roles::subscriber: Subscribed to key expression key=topic_4
2026-09-29T22:54:23.352907Z  INFO mq_bench::roles::subscriber: Subscribed to key expression key=topic_4
2026-09-29T22:54:23.438600Z  INFO mq_bench::roles::subscriber: Subscribed to key expression key=topic_4
2026-09-29T22:54:23.439329Z  INFO mq_bench::roles::subscriber: Subscribed to key expression key=topic_4
2026-09-29T22:54:23.494531Z  INFO mq_bench::roles::subscriber: Subscribed to key expression key=topic_4
2026-09-29T22:54:23.499461Z  INFO mq_bench::roles::subscriber: Subscribed to key expression key=topic_4
2026-09-29T22:54:23.500800Z  INFO mq_bench::roles::subscriber: Subscribed to key expression key=topic_4
2026-09-29T22:54:23.502309Z  INFO mq_bench::roles::subscriber: Subscribed to key expression key=topic_4
2026-09-29T22:54:23.517849Z  INFO mq_bench::roles::subscriber: Subscribed to key expression key=topic_4
2026-09-29T22:54:23.530649Z  INFO mq_bench::roles::subscriber: Subscribed to key expression key=topic_4
2026-09-29T23:04:40.548554Z  WARN mq_bench::transport::mqtt: MQTT subscription eventloop error; continuing poll loop client_id=sub-mqb-5bfe13c8e69e3ecf-03ca96d440334ba7bad0efdec260b471 error=Mqtt state: Connection closed by peer abruptly
2026-09-29T23:04:40.548628Z  WARN mq_bench::transport::mqtt: MQTT subscription eventloop error; continuing poll loop client_id=sub-mqb-5bfe13c8e69e3ecf-97263bfd74c441049a3f950ecae2e30e error=Mqtt state: Connection closed by peer abruptly
2026-09-29T23:04:40.548573Z  WARN mq_bench::transport::mqtt: MQTT subscription eventloop error; continuing poll loop client_id=sub-mqb-5bfe13c8e69e3ecf-84114710ae694cae9437c7bbd53c5654 error=Mqtt state: Connection closed by peer abruptly
2026-09-29T23:04:40.548566Z  WARN mq_bench::transport::mqtt: MQTT subscription eventloop error; continuing poll loop client_id=sub-mqb-5bfe13c8e69e3ecf-3873c5682c9b4039a150d4c0e0cbde9d error=Mqtt state: Connection closed by peer abruptly
2026-09-29T23:04:40.548561Z  WARN mq_bench::transport::mqtt: MQTT subscription eventloop error; continuing poll loop client_id=sub-mqb-5bfe13c8e69e3ecf-3443c2848e3b4af299f63404ee512152 error=Mqtt state: Connection closed by peer abruptly
2026-09-29T23:04:40.548746Z  WARN mq_bench::transport::mqtt: MQTT subscription eventloop error; continuing poll loop client_id=sub-mqb-5bfe13c8e69e3ecf-d715d59d8a434e79b51544862b99c41a error=Mqtt state: Connection closed by peer abruptly
2026-09-29T23:04:40.548755Z  WARN mq_bench::transport::mqtt: MQTT subscription eventloop error; continuing poll loop client_id=sub-mqb-5bfe13c8e69e3ecf-b4cd5cf5cbf64018969ba11705a078fe error=Mqtt state: Connection closed by peer abruptly
2026-09-29T23:04:40.548783Z  WARN mq_bench::transport::mqtt: MQTT subscription eventloop error; continuing poll loop client_id=sub-mqb-5bfe13c8e69e3ecf-6b3b2e7416d34a55bbdf34cdcd3d7e85 error=Mqtt state: Connection closed by peer abruptly
2026-09-29T23:04:40.548798Z  WARN mq_bench::transport::mqtt: MQTT subscription eventloop error; continuing poll loop client_id=sub-mqb-5bfe13c8e69e3ecf-25bf732158964da8ac77f797017ae225 error=Mqtt state: Connection closed by peer abruptly
2026-09-29T23:04:40.548834Z  WARN mq_bench::transport::mqtt: MQTT subscription eventloop error; continuing poll loop client_id=sub-mqb-5bfe13c8e69e3ecf-e468b75fab284ccca3d404787f9879d3 error=Mqtt state: Connection closed by peer abruptly
