mq-bench starting with run_id: auto
Writing CSV output to: artifacts/fanout_bursty_20260929_225422_mqtt_hivemq_p64_s1000_u10_bursty/fanout_singlesite/sub_8_0.csv
2026-09-29T22:54:22.893870Z  INFO mq_bench::roles::subscriber: Starting subscriber engine=Mqtt key=topic_8 endpoint=None crash_enabled=false
2026-09-29T22:54:22.893863Z  INFO mq_bench::roles::subscriber: Starting subscriber engine=Mqtt key=topic_8 endpoint=None crash_enabled=false
2026-09-29T22:54:22.893856Z  INFO mq_bench::roles::subscriber: Starting subscriber engine=Mqtt key=topic_8 endpoint=None crash_enabled=false
2026-09-29T22:54:22.893856Z  INFO mq_bench::roles::subscriber: Starting subscriber engine=Mqtt key=topic_8 endpoint=None crash_enabled=false
2026-09-29T22:54:22.893852Z  INFO mq_bench::roles::subscriber: Starting subscriber engine=Mqtt key=topic_8 endpoint=None crash_enabled=false
2026-09-29T22:54:22.893888Z  INFO mq_bench::roles::subscriber: Starting subscriber engine=Mqtt key=topic_8 endpoint=None crash_enabled=false
2026-09-29T22:54:22.893855Z  INFO mq_bench::roles::subscriber: Starting subscriber engine=Mqtt key=topic_8 endpoint=None crash_enabled=false
2026-09-29T22:54:22.893897Z  INFO mq_bench::roles::subscriber: Starting subscriber engine=Mqtt key=topic_8 endpoint=None crash_enabled=false
2026-09-29T22:54:22.893902Z  INFO mq_bench::roles::subscriber: Starting subscriber engine=Mqtt key=topic_8 endpoint=None crash_enabled=false
2026-09-29T22:54:22.893910Z  INFO mq_bench::roles::subscriber: Connected via transport engine=Mqtt
2026-09-29T22:54:22.893911Z  INFO mq_bench::roles::subscriber: Connected via transport engine=Mqtt
2026-09-29T22:54:22.893923Z  INFO mq_bench::roles::subscriber: Connected via transport engine=Mqtt
2026-09-29T22:54:22.893924Z  INFO mq_bench::roles::subscriber: Connected via transport engine=Mqtt
2026-09-29T22:54:22.893882Z  INFO mq_bench::roles::subscriber: Starting subscriber engine=Mqtt key=topic_8 endpoint=None crash_enabled=false
2026-09-29T22:54:22.893931Z  INFO mq_bench::roles::subscriber: Connected via transport engine=Mqtt
2026-09-29T22:54:22.893931Z  INFO mq_bench::roles::subscriber: Connected via transport engine=Mqtt
2026-09-29T22:54:22.893912Z  INFO mq_bench::roles::subscriber: Connected via transport engine=Mqtt
2026-09-29T22:54:22.893907Z  INFO mq_bench::roles::subscriber: Connected via transport engine=Mqtt
2026-09-29T22:54:22.893941Z  INFO mq_bench::roles::subscriber: Connected via transport engine=Mqtt
2026-09-29T22:54:22.893957Z  INFO mq_bench::roles::subscriber: Connected via transport engine=Mqtt
2026-09-29T22:54:23.352568Z  INFO mq_bench::roles::subscriber: Subscribed to key expression key=topic_8
2026-09-29T22:54:23.460025Z  INFO mq_bench::roles::subscriber: Subscribed to key expression key=topic_8
2026-09-29T22:54:23.461873Z  INFO mq_bench::roles::subscriber: Subscribed to key expression key=topic_8
2026-09-29T22:54:23.472764Z  INFO mq_bench::roles::subscriber: Subscribed to key expression key=topic_8
2026-09-29T22:54:23.499081Z  INFO mq_bench::roles::subscriber: Subscribed to key expression key=topic_8
2026-09-29T22:54:23.506059Z  INFO mq_bench::roles::subscriber: Subscribed to key expression key=topic_8
2026-09-29T22:54:23.511784Z  INFO mq_bench::roles::subscriber: Subscribed to key expression key=topic_8
2026-09-29T22:54:23.518198Z  INFO mq_bench::roles::subscriber: Subscribed to key expression key=topic_8
2026-09-29T22:54:23.519038Z  INFO mq_bench::roles::subscriber: Subscribed to key expression key=topic_8
2026-09-29T22:54:23.543776Z  INFO mq_bench::roles::subscriber: Subscribed to key expression key=topic_8
2026-09-29T23:04:40.545431Z  WARN mq_bench::transport::mqtt: MQTT subscription eventloop error; continuing poll loop client_id=sub-mqb-5bfe17c8e69e459b-578a82d34a0b488280d01cd0172f4604 error=Mqtt state: Connection closed by peer abruptly
2026-09-29T23:04:40.545454Z  WARN mq_bench::transport::mqtt: MQTT subscription eventloop error; continuing poll loop client_id=sub-mqb-5bfe17c8e69e459b-8cbe25b051584490b676af83b6aef833 error=Mqtt state: Connection closed by peer abruptly
2026-09-29T23:04:40.545454Z  WARN mq_bench::transport::mqtt: MQTT subscription eventloop error; continuing poll loop client_id=sub-mqb-5bfe17c8e69e459b-2d5077c9b327415b836c27297ed0a764 error=Mqtt state: Connection closed by peer abruptly
2026-09-29T23:04:40.545522Z  WARN mq_bench::transport::mqtt: MQTT subscription eventloop error; continuing poll loop client_id=sub-mqb-5bfe17c8e69e459b-2dc8b851e450431cadfc47c9cd6aa885 error=Mqtt state: Connection closed by peer abruptly
2026-09-29T23:04:40.545524Z  WARN mq_bench::transport::mqtt: MQTT subscription eventloop error; continuing poll loop client_id=sub-mqb-5bfe17c8e69e459b-143001a6b15c4e17a9ceeb8c97773040 error=Mqtt state: Connection closed by peer abruptly
2026-09-29T23:04:40.545551Z  WARN mq_bench::transport::mqtt: MQTT subscription eventloop error; continuing poll loop client_id=sub-mqb-5bfe17c8e69e459b-f8bc8538f1f6460491529b94b93dfac3 error=Mqtt state: Connection closed by peer abruptly
2026-09-29T23:04:40.545593Z  WARN mq_bench::transport::mqtt: MQTT subscription eventloop error; continuing poll loop client_id=sub-mqb-5bfe17c8e69e459b-ccd684c942104f45a0191c7e2359ab8d error=Mqtt state: Connection closed by peer abruptly
2026-09-29T23:04:40.545609Z  WARN mq_bench::transport::mqtt: MQTT subscription eventloop error; continuing poll loop client_id=sub-mqb-5bfe17c8e69e459b-e3006f5841724ecfab6f328c196a4a4d error=Mqtt state: Connection closed by peer abruptly
2026-09-29T23:04:40.545628Z  WARN mq_bench::transport::mqtt: MQTT subscription eventloop error; continuing poll loop client_id=sub-mqb-5bfe17c8e69e459b-364720c037844bc9bb23b91ad8b47314 error=Mqtt state: Connection closed by peer abruptly
2026-09-29T23:04:40.545651Z  WARN mq_bench::transport::mqtt: MQTT subscription eventloop error; continuing poll loop client_id=sub-mqb-5bfe17c8e69e459b-7846ab9e118e414281c07cd5f8f73b31 error=Mqtt state: Connection closed by peer abruptly
