mq-bench starting with run_id: auto
Writing CSV output to: artifacts/fanout_bursty_20260930_030221_redis_p64_s1000_u10_bursty/fanout_singlesite/pub_9.csv
2026-09-30T03:03:22.980573Z  INFO mq_bench::roles::publisher: Starting publisher engine=Redis key=topic_9 payload_size=64 rate=None rate_profile=Some(RateProfile { phases: [RatePhase { name: "warmup", duration: 60s, rate_per_sec: 20.0 }, RatePhase { name: "baseline", duration: 60s, rate_per_sec: 20.0 }, RatePhase { name: "burst", duration: 60s, rate_per_sec: 50.0 }, RatePhase { name: "recovery", duration: 60s, rate_per_sec: 20.0 }, RatePhase { name: "burst", duration: 60s, rate_per_sec: 100.0 }, RatePhase { name: "recovery", duration: 60s, rate_per_sec: 20.0 }, RatePhase { name: "burst", duration: 60s, rate_per_sec: 200.0 }, RatePhase { name: "recovery", duration: 60s, rate_per_sec: 20.0 }, RatePhase { name: "burst", duration: 60s, rate_per_sec: 300.0 }, RatePhase { name: "recovery", duration: 60s, rate_per_sec: 20.0 }, RatePhase { name: "burst", duration: 60s, rate_per_sec: 500.0 }, RatePhase { name: "recovery", duration: 60s, rate_per_sec: 20.0 }, RatePhase { name: "burst", duration: 60s, rate_per_sec: 1000.0 }, RatePhase { name: "recovery", duration: 60s, rate_per_sec: 20.0 }, RatePhase { name: "burst", duration: 60s, rate_per_sec: 2000.0 }, RatePhase { name: "recovery", duration: 60s, rate_per_sec: 20.0 }, RatePhase { name: "burst", duration: 60s, rate_per_sec: 4000.0 }, RatePhase { name: "recovery", duration: 60s, rate_per_sec: 20.0 }, RatePhase { name: "burst", duration: 60s, rate_per_sec: 6000.0 }, RatePhase { name: "recovery", duration: 60s, rate_per_sec: 20.0 }, RatePhase { name: "burst", duration: 60s, rate_per_sec: 8000.0 }, RatePhase { name: "recovery", duration: 60s, rate_per_sec: 20.0 }, RatePhase { name: "burst", duration: 60s, rate_per_sec: 10000.0 }, RatePhase { name: "recovery", duration: 60s, rate_per_sec: 20.0 }], cumulative_ends: [60s, 120s, 180s, 240s, 300s, 360s, 420s, 480s, 540s, 600s, 660s, 720s, 780s, 840s, 900s, 960s, 1020s, 1080s, 1140s, 1200s, 1260s, 1320s, 1380s, 1440s] }) duration_secs=Some(1440) endpoint=None crash_enabled=false sequence_start=0 sequence_step=1
2026-09-30T03:03:22.980654Z  INFO mq_bench::roles::publisher: Connected via transport engine=Redis
2026-09-30T03:03:22.980667Z  INFO mq_bench::roles::publisher: Publisher rate profile phase entered phase=warmup rate=20.0 elapsed_secs=4.4755e-5
2026-09-30T03:04:22.981676Z  INFO mq_bench::roles::publisher: Publisher rate profile phase entered phase=baseline rate=20.0 elapsed_secs=60.001049774
2026-09-30T03:05:22.983136Z  INFO mq_bench::roles::publisher: Publisher rate profile phase entered phase=burst rate=50.0 elapsed_secs=120.002512114
2026-09-30T03:06:22.984524Z  INFO mq_bench::roles::publisher: Publisher rate profile phase entered phase=recovery rate=20.0 elapsed_secs=180.003900019
2026-09-30T03:07:22.985340Z  INFO mq_bench::roles::publisher: Publisher rate profile phase entered phase=burst rate=100.0 elapsed_secs=240.004713186
2026-09-30T03:08:22.986606Z  INFO mq_bench::roles::publisher: Publisher rate profile phase entered phase=recovery rate=20.0 elapsed_secs=300.00598163
2026-09-30T03:09:22.987723Z  INFO mq_bench::roles::publisher: Publisher rate profile phase entered phase=burst rate=200.0 elapsed_secs=360.007099193
2026-09-30T03:10:22.989094Z  INFO mq_bench::roles::publisher: Publisher rate profile phase entered phase=recovery rate=20.0 elapsed_secs=420.008441932
2026-09-30T03:11:22.989804Z  INFO mq_bench::roles::publisher: Publisher rate profile phase entered phase=burst rate=300.0 elapsed_secs=480.009179807
2026-09-30T03:12:22.981008Z  INFO mq_bench::roles::publisher: Publisher rate profile phase entered phase=recovery rate=20.0 elapsed_secs=540.000369005
2026-09-30T03:13:22.982027Z  INFO mq_bench::roles::publisher: Publisher rate profile phase entered phase=burst rate=500.0 elapsed_secs=600.00140276
2026-09-30T03:14:22.983337Z  INFO mq_bench::roles::publisher: Publisher rate profile phase entered phase=recovery rate=20.0 elapsed_secs=660.002712758
2026-09-30T03:15:22.984168Z  INFO mq_bench::roles::publisher: Publisher rate profile phase entered phase=burst rate=1000.0 elapsed_secs=720.003543572
2026-09-30T03:16:22.985112Z  INFO mq_bench::roles::publisher: Publisher rate profile phase entered phase=recovery rate=20.0 elapsed_secs=780.004488201
2026-09-30T03:17:22.985676Z  INFO mq_bench::roles::publisher: Publisher rate profile phase entered phase=burst rate=2000.0 elapsed_secs=840.005052041
2026-09-30T03:18:23.059592Z  INFO mq_bench::roles::publisher: Publisher rate profile phase entered phase=recovery rate=20.0 elapsed_secs=900.078966745
2026-09-30T03:19:23.011067Z  INFO mq_bench::roles::publisher: Publisher rate profile phase entered phase=burst rate=4000.0 elapsed_secs=960.030442552
2026-09-30T03:20:22.987333Z  INFO mq_bench::roles::publisher: Publisher rate profile phase entered phase=recovery rate=20.0 elapsed_secs=1020.006689612
2026-09-30T03:21:22.988416Z  INFO mq_bench::roles::publisher: Publisher rate profile phase entered phase=burst rate=6000.0 elapsed_secs=1080.007792245
2026-09-30T03:22:23.078214Z  INFO mq_bench::roles::publisher: Publisher rate profile phase entered phase=recovery rate=20.0 elapsed_secs=1140.097584471
2026-09-30T03:23:23.029460Z  INFO mq_bench::roles::publisher: Publisher rate profile phase entered phase=burst rate=8000.0 elapsed_secs=1200.048835803
2026-09-30T03:24:23.101201Z  INFO mq_bench::roles::publisher: Publisher rate profile phase entered phase=recovery rate=20.0 elapsed_secs=1260.120575873
2026-09-30T03:25:23.002534Z  INFO mq_bench::roles::publisher: Publisher rate profile phase entered phase=burst rate=10000.0 elapsed_secs=1320.021909375
2026-09-30T03:26:22.997411Z  INFO mq_bench::roles::publisher: Publisher rate profile phase entered phase=recovery rate=20.0 elapsed_secs=1380.016786381
2026-09-30T03:27:22.981801Z  INFO mq_bench::roles::publisher: Duration limit reached while waiting, stopping publisher
2026-09-30T03:27:22.982269Z  INFO mq_bench::roles::publisher: Final Publisher Statistics sent=711360 errors=0 crashes=0 reconnects=0 avg_rate="494.00" duration="1440.00s"
