mq-bench starting with run_id: auto
Writing CSV output to: artifacts/fanout_bursty_20260930_030221_redis_p64_s1000_u10_bursty/fanout_singlesite/sub_9_4.csv
2026-09-30T03:02:21.885769Z  INFO mq_bench::roles::subscriber: Starting subscriber engine=Redis key=topic_9 endpoint=None crash_enabled=false
2026-09-30T03:02:21.885829Z  INFO mq_bench::roles::subscriber: Connected via transport engine=Redis
2026-09-30T03:02:21.886729Z  INFO mq_bench::roles::subscriber: Subscribed to key expression key=topic_9
2026-09-30T03:02:28.553692Z  INFO mq_bench::roles::subscriber: Starting subscriber engine=Redis key=topic_9 endpoint=None crash_enabled=false
2026-09-30T03:02:28.553792Z  INFO mq_bench::roles::subscriber: Connected via transport engine=Redis
2026-09-30T03:02:28.554601Z  INFO mq_bench::roles::subscriber: Subscribed to key expression key=topic_9
2026-09-30T03:02:35.221585Z  INFO mq_bench::roles::subscriber: Starting subscriber engine=Redis key=topic_9 endpoint=None crash_enabled=false
2026-09-30T03:02:35.221637Z  INFO mq_bench::roles::subscriber: Connected via transport engine=Redis
2026-09-30T03:02:35.222484Z  INFO mq_bench::roles::subscriber: Subscribed to key expression key=topic_9
2026-09-30T03:02:41.888889Z  INFO mq_bench::roles::subscriber: Starting subscriber engine=Redis key=topic_9 endpoint=None crash_enabled=false
2026-09-30T03:02:41.889017Z  INFO mq_bench::roles::subscriber: Connected via transport engine=Redis
2026-09-30T03:02:41.889815Z  INFO mq_bench::roles::subscriber: Subscribed to key expression key=topic_9
2026-09-30T03:02:48.555820Z  INFO mq_bench::roles::subscriber: Starting subscriber engine=Redis key=topic_9 endpoint=None crash_enabled=false
2026-09-30T03:02:48.555879Z  INFO mq_bench::roles::subscriber: Connected via transport engine=Redis
2026-09-30T03:02:48.556733Z  INFO mq_bench::roles::subscriber: Subscribed to key expression key=topic_9
2026-09-30T03:02:55.223005Z  INFO mq_bench::roles::subscriber: Starting subscriber engine=Redis key=topic_9 endpoint=None crash_enabled=false
2026-09-30T03:02:55.223053Z  INFO mq_bench::roles::subscriber: Connected via transport engine=Redis
2026-09-30T03:02:55.223892Z  INFO mq_bench::roles::subscriber: Subscribed to key expression key=topic_9
2026-09-30T03:03:01.891491Z  INFO mq_bench::roles::subscriber: Starting subscriber engine=Redis key=topic_9 endpoint=None crash_enabled=false
2026-09-30T03:03:01.891594Z  INFO mq_bench::roles::subscriber: Connected via transport engine=Redis
2026-09-30T03:03:01.892363Z  INFO mq_bench::roles::subscriber: Subscribed to key expression key=topic_9
2026-09-30T03:03:08.558959Z  INFO mq_bench::roles::subscriber: Starting subscriber engine=Redis key=topic_9 endpoint=None crash_enabled=false
2026-09-30T03:03:08.559012Z  INFO mq_bench::roles::subscriber: Connected via transport engine=Redis
2026-09-30T03:03:08.559827Z  INFO mq_bench::roles::subscriber: Subscribed to key expression key=topic_9
2026-09-30T03:03:15.227311Z  INFO mq_bench::roles::subscriber: Starting subscriber engine=Redis key=topic_9 endpoint=None crash_enabled=false
2026-09-30T03:03:15.227365Z  INFO mq_bench::roles::subscriber: Connected via transport engine=Redis
2026-09-30T03:03:15.228109Z  INFO mq_bench::roles::subscriber: Subscribed to key expression key=topic_9
2026-09-30T03:03:21.895449Z  INFO mq_bench::roles::subscriber: Starting subscriber engine=Redis key=topic_9 endpoint=None crash_enabled=false
2026-09-30T03:03:21.895493Z  INFO mq_bench::roles::subscriber: Connected via transport engine=Redis
2026-09-30T03:03:21.896390Z  INFO mq_bench::roles::subscriber: Subscribed to key expression key=topic_9
