mq-bench starting with run_id: auto
Writing CSV output to: artifacts/fanout_bursty_20260930_030221_redis_p64_s1000_u10_bursty/fanout_singlesite/sub_6_5.csv
2026-09-30T03:02:21.775547Z  INFO mq_bench::roles::subscriber: Starting subscriber engine=Redis key=topic_6 endpoint=None crash_enabled=false
2026-09-30T03:02:21.775600Z  INFO mq_bench::roles::subscriber: Connected via transport engine=Redis
2026-09-30T03:02:21.776341Z  INFO mq_bench::roles::subscriber: Subscribed to key expression key=topic_6
2026-09-30T03:02:28.443676Z  INFO mq_bench::roles::subscriber: Starting subscriber engine=Redis key=topic_6 endpoint=None crash_enabled=false
2026-09-30T03:02:28.443788Z  INFO mq_bench::roles::subscriber: Connected via transport engine=Redis
2026-09-30T03:02:28.444624Z  INFO mq_bench::roles::subscriber: Subscribed to key expression key=topic_6
2026-09-30T03:02:35.111547Z  INFO mq_bench::roles::subscriber: Starting subscriber engine=Redis key=topic_6 endpoint=None crash_enabled=false
2026-09-30T03:02:35.111593Z  INFO mq_bench::roles::subscriber: Connected via transport engine=Redis
2026-09-30T03:02:35.112373Z  INFO mq_bench::roles::subscriber: Subscribed to key expression key=topic_6
2026-09-30T03:02:41.779753Z  INFO mq_bench::roles::subscriber: Starting subscriber engine=Redis key=topic_6 endpoint=None crash_enabled=false
2026-09-30T03:02:41.779858Z  INFO mq_bench::roles::subscriber: Connected via transport engine=Redis
2026-09-30T03:02:41.780616Z  INFO mq_bench::roles::subscriber: Subscribed to key expression key=topic_6
2026-09-30T03:02:48.447605Z  INFO mq_bench::roles::subscriber: Starting subscriber engine=Redis key=topic_6 endpoint=None crash_enabled=false
2026-09-30T03:02:48.447652Z  INFO mq_bench::roles::subscriber: Connected via transport engine=Redis
2026-09-30T03:02:48.448446Z  INFO mq_bench::roles::subscriber: Subscribed to key expression key=topic_6
2026-09-30T03:02:55.115854Z  INFO mq_bench::roles::subscriber: Starting subscriber engine=Redis key=topic_6 endpoint=None crash_enabled=false
2026-09-30T03:02:55.115907Z  INFO mq_bench::roles::subscriber: Connected via transport engine=Redis
2026-09-30T03:02:55.116701Z  INFO mq_bench::roles::subscriber: Subscribed to key expression key=topic_6
2026-09-30T03:03:01.783373Z  INFO mq_bench::roles::subscriber: Starting subscriber engine=Redis key=topic_6 endpoint=None crash_enabled=false
2026-09-30T03:03:01.783419Z  INFO mq_bench::roles::subscriber: Connected via transport engine=Redis
2026-09-30T03:03:01.784215Z  INFO mq_bench::roles::subscriber: Subscribed to key expression key=topic_6
2026-09-30T03:03:08.450749Z  INFO mq_bench::roles::subscriber: Starting subscriber engine=Redis key=topic_6 endpoint=None crash_enabled=false
2026-09-30T03:03:08.450808Z  INFO mq_bench::roles::subscriber: Connected via transport engine=Redis
2026-09-30T03:03:08.451643Z  INFO mq_bench::roles::subscriber: Subscribed to key expression key=topic_6
2026-09-30T03:03:15.118497Z  INFO mq_bench::roles::subscriber: Starting subscriber engine=Redis key=topic_6 endpoint=None crash_enabled=false
2026-09-30T03:03:15.118539Z  INFO mq_bench::roles::subscriber: Connected via transport engine=Redis
2026-09-30T03:03:15.119315Z  INFO mq_bench::roles::subscriber: Subscribed to key expression key=topic_6
2026-09-30T03:03:21.785749Z  INFO mq_bench::roles::subscriber: Starting subscriber engine=Redis key=topic_6 endpoint=None crash_enabled=false
2026-09-30T03:03:21.785798Z  INFO mq_bench::roles::subscriber: Connected via transport engine=Redis
2026-09-30T03:03:21.786571Z  INFO mq_bench::roles::subscriber: Subscribed to key expression key=topic_6
