mq-bench starting with run_id: auto
Writing CSV output to: artifacts/fanout_bursty_20260930_030221_redis_p64_s1000_u10_bursty/fanout_singlesite/sub_9_5.csv
2026-09-30T03:02:21.889980Z  INFO mq_bench::roles::subscriber: Starting subscriber engine=Redis key=topic_9 endpoint=None crash_enabled=false
2026-09-30T03:02:21.890038Z  INFO mq_bench::roles::subscriber: Connected via transport engine=Redis
2026-09-30T03:02:21.890767Z  INFO mq_bench::roles::subscriber: Subscribed to key expression key=topic_9
2026-09-30T03:02:28.558389Z  INFO mq_bench::roles::subscriber: Starting subscriber engine=Redis key=topic_9 endpoint=None crash_enabled=false
2026-09-30T03:02:28.558494Z  INFO mq_bench::roles::subscriber: Connected via transport engine=Redis
2026-09-30T03:02:28.559303Z  INFO mq_bench::roles::subscriber: Subscribed to key expression key=topic_9
2026-09-30T03:02:35.226307Z  INFO mq_bench::roles::subscriber: Starting subscriber engine=Redis key=topic_9 endpoint=None crash_enabled=false
2026-09-30T03:02:35.226355Z  INFO mq_bench::roles::subscriber: Connected via transport engine=Redis
2026-09-30T03:02:35.227173Z  INFO mq_bench::roles::subscriber: Subscribed to key expression key=topic_9
2026-09-30T03:02:41.894545Z  INFO mq_bench::roles::subscriber: Starting subscriber engine=Redis key=topic_9 endpoint=None crash_enabled=false
2026-09-30T03:02:41.894655Z  INFO mq_bench::roles::subscriber: Connected via transport engine=Redis
2026-09-30T03:02:41.895442Z  INFO mq_bench::roles::subscriber: Subscribed to key expression key=topic_9
2026-09-30T03:02:48.562550Z  INFO mq_bench::roles::subscriber: Starting subscriber engine=Redis key=topic_9 endpoint=None crash_enabled=false
2026-09-30T03:02:48.562591Z  INFO mq_bench::roles::subscriber: Connected via transport engine=Redis
2026-09-30T03:02:48.563344Z  INFO mq_bench::roles::subscriber: Subscribed to key expression key=topic_9
2026-09-30T03:02:55.229804Z  INFO mq_bench::roles::subscriber: Starting subscriber engine=Redis key=topic_9 endpoint=None crash_enabled=false
2026-09-30T03:02:55.229851Z  INFO mq_bench::roles::subscriber: Connected via transport engine=Redis
2026-09-30T03:02:55.230655Z  INFO mq_bench::roles::subscriber: Subscribed to key expression key=topic_9
2026-09-30T03:03:01.897247Z  INFO mq_bench::roles::subscriber: Starting subscriber engine=Redis key=topic_9 endpoint=None crash_enabled=false
2026-09-30T03:03:01.897292Z  INFO mq_bench::roles::subscriber: Connected via transport engine=Redis
2026-09-30T03:03:01.898066Z  INFO mq_bench::roles::subscriber: Subscribed to key expression key=topic_9
2026-09-30T03:03:08.565508Z  INFO mq_bench::roles::subscriber: Starting subscriber engine=Redis key=topic_9 endpoint=None crash_enabled=false
2026-09-30T03:03:08.565552Z  INFO mq_bench::roles::subscriber: Connected via transport engine=Redis
2026-09-30T03:03:08.566309Z  INFO mq_bench::roles::subscriber: Subscribed to key expression key=topic_9
2026-09-30T03:03:15.232996Z  INFO mq_bench::roles::subscriber: Starting subscriber engine=Redis key=topic_9 endpoint=None crash_enabled=false
2026-09-30T03:03:15.233042Z  INFO mq_bench::roles::subscriber: Connected via transport engine=Redis
2026-09-30T03:03:15.233807Z  INFO mq_bench::roles::subscriber: Subscribed to key expression key=topic_9
2026-09-30T03:03:21.900821Z  INFO mq_bench::roles::subscriber: Starting subscriber engine=Redis key=topic_9 endpoint=None crash_enabled=false
2026-09-30T03:03:21.900869Z  INFO mq_bench::roles::subscriber: Connected via transport engine=Redis
2026-09-30T03:03:21.901631Z  INFO mq_bench::roles::subscriber: Subscribed to key expression key=topic_9
