mq-bench starting with run_id: auto
Writing CSV output to: artifacts/fanout_bursty_20260930_030221_redis_p64_s1000_u10_bursty/fanout_singlesite/sub_1_8.csv
2026-09-30T03:02:21.600860Z  INFO mq_bench::roles::subscriber: Starting subscriber engine=Redis key=topic_1 endpoint=None crash_enabled=false
2026-09-30T03:02:21.601025Z  INFO mq_bench::roles::subscriber: Connected via transport engine=Redis
2026-09-30T03:02:21.602001Z  INFO mq_bench::roles::subscriber: Subscribed to key expression key=topic_1
2026-09-30T03:02:28.268810Z  INFO mq_bench::roles::subscriber: Starting subscriber engine=Redis key=topic_1 endpoint=None crash_enabled=false
2026-09-30T03:02:28.268867Z  INFO mq_bench::roles::subscriber: Connected via transport engine=Redis
2026-09-30T03:02:28.273713Z  INFO mq_bench::roles::subscriber: Subscribed to key expression key=topic_1
2026-09-30T03:02:34.936703Z  INFO mq_bench::roles::subscriber: Starting subscriber engine=Redis key=topic_1 endpoint=None crash_enabled=false
2026-09-30T03:02:34.936821Z  INFO mq_bench::roles::subscriber: Connected via transport engine=Redis
2026-09-30T03:02:34.937667Z  INFO mq_bench::roles::subscriber: Subscribed to key expression key=topic_1
2026-09-30T03:02:41.604153Z  INFO mq_bench::roles::subscriber: Starting subscriber engine=Redis key=topic_1 endpoint=None crash_enabled=false
2026-09-30T03:02:41.604208Z  INFO mq_bench::roles::subscriber: Connected via transport engine=Redis
2026-09-30T03:02:41.605019Z  INFO mq_bench::roles::subscriber: Subscribed to key expression key=topic_1
2026-09-30T03:02:48.272268Z  INFO mq_bench::roles::subscriber: Starting subscriber engine=Redis key=topic_1 endpoint=None crash_enabled=false
2026-09-30T03:02:48.272322Z  INFO mq_bench::roles::subscriber: Connected via transport engine=Redis
2026-09-30T03:02:48.273169Z  INFO mq_bench::roles::subscriber: Subscribed to key expression key=topic_1
2026-09-30T03:02:54.939805Z  INFO mq_bench::roles::subscriber: Starting subscriber engine=Redis key=topic_1 endpoint=None crash_enabled=false
2026-09-30T03:02:54.939861Z  INFO mq_bench::roles::subscriber: Connected via transport engine=Redis
2026-09-30T03:02:54.940649Z  INFO mq_bench::roles::subscriber: Subscribed to key expression key=topic_1
2026-09-30T03:03:01.607573Z  INFO mq_bench::roles::subscriber: Starting subscriber engine=Redis key=topic_1 endpoint=None crash_enabled=false
2026-09-30T03:03:01.607618Z  INFO mq_bench::roles::subscriber: Connected via transport engine=Redis
2026-09-30T03:03:01.608558Z  INFO mq_bench::roles::subscriber: Subscribed to key expression key=topic_1
2026-09-30T03:03:08.274979Z  INFO mq_bench::roles::subscriber: Starting subscriber engine=Redis key=topic_1 endpoint=None crash_enabled=false
2026-09-30T03:03:08.275027Z  INFO mq_bench::roles::subscriber: Connected via transport engine=Redis
2026-09-30T03:03:08.275892Z  INFO mq_bench::roles::subscriber: Subscribed to key expression key=topic_1
2026-09-30T03:03:14.942583Z  INFO mq_bench::roles::subscriber: Starting subscriber engine=Redis key=topic_1 endpoint=None crash_enabled=false
2026-09-30T03:03:14.942627Z  INFO mq_bench::roles::subscriber: Connected via transport engine=Redis
2026-09-30T03:03:14.943386Z  INFO mq_bench::roles::subscriber: Subscribed to key expression key=topic_1
2026-09-30T03:03:21.609569Z  INFO mq_bench::roles::subscriber: Starting subscriber engine=Redis key=topic_1 endpoint=None crash_enabled=false
2026-09-30T03:03:21.609710Z  INFO mq_bench::roles::subscriber: Connected via transport engine=Redis
2026-09-30T03:03:21.610645Z  INFO mq_bench::roles::subscriber: Subscribed to key expression key=topic_1
