mq-bench starting with run_id: auto
Writing CSV output to: artifacts/fanout_bursty_20260930_030221_redis_p64_s1000_u10_bursty/fanout_singlesite/sub_4_3.csv
2026-09-30T03:02:21.694294Z  INFO mq_bench::roles::subscriber: Starting subscriber engine=Redis key=topic_4 endpoint=None crash_enabled=false
2026-09-30T03:02:21.694345Z  INFO mq_bench::roles::subscriber: Connected via transport engine=Redis
2026-09-30T03:02:21.695541Z  INFO mq_bench::roles::subscriber: Subscribed to key expression key=topic_4
2026-09-30T03:02:28.361691Z  INFO mq_bench::roles::subscriber: Starting subscriber engine=Redis key=topic_4 endpoint=None crash_enabled=false
2026-09-30T03:02:28.361799Z  INFO mq_bench::roles::subscriber: Connected via transport engine=Redis
2026-09-30T03:02:28.362581Z  INFO mq_bench::roles::subscriber: Subscribed to key expression key=topic_4
2026-09-30T03:02:35.029487Z  INFO mq_bench::roles::subscriber: Starting subscriber engine=Redis key=topic_4 endpoint=None crash_enabled=false
2026-09-30T03:02:35.029538Z  INFO mq_bench::roles::subscriber: Connected via transport engine=Redis
2026-09-30T03:02:35.030418Z  INFO mq_bench::roles::subscriber: Subscribed to key expression key=topic_4
2026-09-30T03:02:41.697611Z  INFO mq_bench::roles::subscriber: Starting subscriber engine=Redis key=topic_4 endpoint=None crash_enabled=false
2026-09-30T03:02:41.697731Z  INFO mq_bench::roles::subscriber: Connected via transport engine=Redis
2026-09-30T03:02:41.698575Z  INFO mq_bench::roles::subscriber: Subscribed to key expression key=topic_4
2026-09-30T03:02:48.365583Z  INFO mq_bench::roles::subscriber: Starting subscriber engine=Redis key=topic_4 endpoint=None crash_enabled=false
2026-09-30T03:02:48.365631Z  INFO mq_bench::roles::subscriber: Connected via transport engine=Redis
2026-09-30T03:02:48.366476Z  INFO mq_bench::roles::subscriber: Subscribed to key expression key=topic_4
2026-09-30T03:02:55.033755Z  INFO mq_bench::roles::subscriber: Starting subscriber engine=Redis key=topic_4 endpoint=None crash_enabled=false
2026-09-30T03:02:55.033797Z  INFO mq_bench::roles::subscriber: Connected via transport engine=Redis
2026-09-30T03:02:55.034524Z  INFO mq_bench::roles::subscriber: Subscribed to key expression key=topic_4
2026-09-30T03:03:01.701139Z  INFO mq_bench::roles::subscriber: Starting subscriber engine=Redis key=topic_4 endpoint=None crash_enabled=false
2026-09-30T03:03:01.701184Z  INFO mq_bench::roles::subscriber: Connected via transport engine=Redis
2026-09-30T03:03:01.701948Z  INFO mq_bench::roles::subscriber: Subscribed to key expression key=topic_4
2026-09-30T03:03:08.368499Z  INFO mq_bench::roles::subscriber: Starting subscriber engine=Redis key=topic_4 endpoint=None crash_enabled=false
2026-09-30T03:03:08.368544Z  INFO mq_bench::roles::subscriber: Connected via transport engine=Redis
2026-09-30T03:03:08.369287Z  INFO mq_bench::roles::subscriber: Subscribed to key expression key=topic_4
2026-09-30T03:03:15.036822Z  INFO mq_bench::roles::subscriber: Starting subscriber engine=Redis key=topic_4 endpoint=None crash_enabled=false
2026-09-30T03:03:15.036877Z  INFO mq_bench::roles::subscriber: Connected via transport engine=Redis
2026-09-30T03:03:15.037707Z  INFO mq_bench::roles::subscriber: Subscribed to key expression key=topic_4
2026-09-30T03:03:21.704753Z  INFO mq_bench::roles::subscriber: Starting subscriber engine=Redis key=topic_4 endpoint=None crash_enabled=false
2026-09-30T03:03:21.704813Z  INFO mq_bench::roles::subscriber: Connected via transport engine=Redis
2026-09-30T03:03:21.705696Z  INFO mq_bench::roles::subscriber: Subscribed to key expression key=topic_4
