mq-bench starting with run_id: auto
Writing CSV output to: artifacts/fanout_bursty_20260930_030221_redis_p64_s1000_u10_bursty/fanout_singlesite/sub_0_3.csv
2026-09-30T03:02:21.546356Z  INFO mq_bench::roles::subscriber: Starting subscriber engine=Redis key=topic_0 endpoint=None crash_enabled=false
2026-09-30T03:02:21.546504Z  INFO mq_bench::roles::subscriber: Connected via transport engine=Redis
2026-09-30T03:02:21.547425Z  INFO mq_bench::roles::subscriber: Subscribed to key expression key=topic_0
2026-09-30T03:02:28.214028Z  INFO mq_bench::roles::subscriber: Starting subscriber engine=Redis key=topic_0 endpoint=None crash_enabled=false
2026-09-30T03:02:28.214145Z  INFO mq_bench::roles::subscriber: Connected via transport engine=Redis
2026-09-30T03:02:28.215250Z  INFO mq_bench::roles::subscriber: Subscribed to key expression key=topic_0
2026-09-30T03:02:34.882322Z  INFO mq_bench::roles::subscriber: Starting subscriber engine=Redis key=topic_0 endpoint=None crash_enabled=false
2026-09-30T03:02:34.882374Z  INFO mq_bench::roles::subscriber: Connected via transport engine=Redis
2026-09-30T03:02:34.883223Z  INFO mq_bench::roles::subscriber: Subscribed to key expression key=topic_0
2026-09-30T03:02:41.549533Z  INFO mq_bench::roles::subscriber: Starting subscriber engine=Redis key=topic_0 endpoint=None crash_enabled=false
2026-09-30T03:02:41.549648Z  INFO mq_bench::roles::subscriber: Connected via transport engine=Redis
2026-09-30T03:02:41.550457Z  INFO mq_bench::roles::subscriber: Subscribed to key expression key=topic_0
2026-09-30T03:02:48.216527Z  INFO mq_bench::roles::subscriber: Starting subscriber engine=Redis key=topic_0 endpoint=None crash_enabled=false
2026-09-30T03:02:48.216580Z  INFO mq_bench::roles::subscriber: Connected via transport engine=Redis
2026-09-30T03:02:48.217423Z  INFO mq_bench::roles::subscriber: Subscribed to key expression key=topic_0
2026-09-30T03:02:54.883736Z  INFO mq_bench::roles::subscriber: Starting subscriber engine=Redis key=topic_0 endpoint=None crash_enabled=false
2026-09-30T03:02:54.883789Z  INFO mq_bench::roles::subscriber: Connected via transport engine=Redis
2026-09-30T03:02:54.885799Z  INFO mq_bench::roles::subscriber: Subscribed to key expression key=topic_0
2026-09-30T03:03:01.551634Z  INFO mq_bench::roles::subscriber: Starting subscriber engine=Redis key=topic_0 endpoint=None crash_enabled=false
2026-09-30T03:03:01.551688Z  INFO mq_bench::roles::subscriber: Connected via transport engine=Redis
2026-09-30T03:03:01.552508Z  INFO mq_bench::roles::subscriber: Subscribed to key expression key=topic_0
2026-09-30T03:03:08.220015Z  INFO mq_bench::roles::subscriber: Starting subscriber engine=Redis key=topic_0 endpoint=None crash_enabled=false
2026-09-30T03:03:08.220070Z  INFO mq_bench::roles::subscriber: Connected via transport engine=Redis
2026-09-30T03:03:08.220955Z  INFO mq_bench::roles::subscriber: Subscribed to key expression key=topic_0
2026-09-30T03:03:14.887517Z  INFO mq_bench::roles::subscriber: Starting subscriber engine=Redis key=topic_0 endpoint=None crash_enabled=false
2026-09-30T03:03:14.887567Z  INFO mq_bench::roles::subscriber: Connected via transport engine=Redis
2026-09-30T03:03:14.888399Z  INFO mq_bench::roles::subscriber: Subscribed to key expression key=topic_0
2026-09-30T03:03:21.554494Z  INFO mq_bench::roles::subscriber: Starting subscriber engine=Redis key=topic_0 endpoint=None crash_enabled=false
2026-09-30T03:03:21.554542Z  INFO mq_bench::roles::subscriber: Connected via transport engine=Redis
2026-09-30T03:03:21.555399Z  INFO mq_bench::roles::subscriber: Subscribed to key expression key=topic_0
