mq-bench starting with run_id: auto
Writing CSV output to: artifacts/fanout_bursty_20260930_030221_redis_p64_s1000_u10_bursty/fanout_singlesite/sub_7_5.csv
2026-09-30T03:02:21.813125Z  INFO mq_bench::roles::subscriber: Starting subscriber engine=Redis key=topic_7 endpoint=None crash_enabled=false
2026-09-30T03:02:21.813189Z  INFO mq_bench::roles::subscriber: Connected via transport engine=Redis
2026-09-30T03:02:21.814907Z  INFO mq_bench::roles::subscriber: Subscribed to key expression key=topic_7
2026-09-30T03:02:28.480018Z  INFO mq_bench::roles::subscriber: Starting subscriber engine=Redis key=topic_7 endpoint=None crash_enabled=false
2026-09-30T03:02:28.480137Z  INFO mq_bench::roles::subscriber: Connected via transport engine=Redis
2026-09-30T03:02:28.480945Z  INFO mq_bench::roles::subscriber: Subscribed to key expression key=topic_7
2026-09-30T03:02:35.147117Z  INFO mq_bench::roles::subscriber: Starting subscriber engine=Redis key=topic_7 endpoint=None crash_enabled=false
2026-09-30T03:02:35.147222Z  INFO mq_bench::roles::subscriber: Connected via transport engine=Redis
2026-09-30T03:02:35.148017Z  INFO mq_bench::roles::subscriber: Subscribed to key expression key=topic_7
2026-09-30T03:02:41.814724Z  INFO mq_bench::roles::subscriber: Starting subscriber engine=Redis key=topic_7 endpoint=None crash_enabled=false
2026-09-30T03:02:41.814786Z  INFO mq_bench::roles::subscriber: Connected via transport engine=Redis
2026-09-30T03:02:41.815565Z  INFO mq_bench::roles::subscriber: Subscribed to key expression key=topic_7
2026-09-30T03:02:48.482562Z  INFO mq_bench::roles::subscriber: Starting subscriber engine=Redis key=topic_7 endpoint=None crash_enabled=false
2026-09-30T03:02:48.482675Z  INFO mq_bench::roles::subscriber: Connected via transport engine=Redis
2026-09-30T03:02:48.483471Z  INFO mq_bench::roles::subscriber: Subscribed to key expression key=topic_7
2026-09-30T03:02:55.150753Z  INFO mq_bench::roles::subscriber: Starting subscriber engine=Redis key=topic_7 endpoint=None crash_enabled=false
2026-09-30T03:02:55.150800Z  INFO mq_bench::roles::subscriber: Connected via transport engine=Redis
2026-09-30T03:02:55.151598Z  INFO mq_bench::roles::subscriber: Subscribed to key expression key=topic_7
2026-09-30T03:03:01.818466Z  INFO mq_bench::roles::subscriber: Starting subscriber engine=Redis key=topic_7 endpoint=None crash_enabled=false
2026-09-30T03:03:01.818525Z  INFO mq_bench::roles::subscriber: Connected via transport engine=Redis
2026-09-30T03:03:01.819316Z  INFO mq_bench::roles::subscriber: Subscribed to key expression key=topic_7
2026-09-30T03:03:08.485971Z  INFO mq_bench::roles::subscriber: Starting subscriber engine=Redis key=topic_7 endpoint=None crash_enabled=false
2026-09-30T03:03:08.486027Z  INFO mq_bench::roles::subscriber: Connected via transport engine=Redis
2026-09-30T03:03:08.486934Z  INFO mq_bench::roles::subscriber: Subscribed to key expression key=topic_7
2026-09-30T03:03:15.153582Z  INFO mq_bench::roles::subscriber: Starting subscriber engine=Redis key=topic_7 endpoint=None crash_enabled=false
2026-09-30T03:03:15.153629Z  INFO mq_bench::roles::subscriber: Connected via transport engine=Redis
2026-09-30T03:03:15.154464Z  INFO mq_bench::roles::subscriber: Subscribed to key expression key=topic_7
2026-09-30T03:03:21.821574Z  INFO mq_bench::roles::subscriber: Starting subscriber engine=Redis key=topic_7 endpoint=None crash_enabled=false
2026-09-30T03:03:21.821625Z  INFO mq_bench::roles::subscriber: Connected via transport engine=Redis
2026-09-30T03:03:21.822415Z  INFO mq_bench::roles::subscriber: Subscribed to key expression key=topic_7
