mq-bench starting with run_id: auto
Writing CSV output to: artifacts/fanout_bursty_20260930_030221_redis_p64_s1000_u10_bursty/fanout_singlesite/sub_1_5.csv
2026-09-30T03:02:21.589632Z  INFO mq_bench::roles::subscriber: Starting subscriber engine=Redis key=topic_1 endpoint=None crash_enabled=false
2026-09-30T03:02:21.589685Z  INFO mq_bench::roles::subscriber: Connected via transport engine=Redis
2026-09-30T03:02:21.590616Z  INFO mq_bench::roles::subscriber: Subscribed to key expression key=topic_1
2026-09-30T03:02:28.256997Z  INFO mq_bench::roles::subscriber: Starting subscriber engine=Redis key=topic_1 endpoint=None crash_enabled=false
2026-09-30T03:02:28.257097Z  INFO mq_bench::roles::subscriber: Connected via transport engine=Redis
2026-09-30T03:02:28.257879Z  INFO mq_bench::roles::subscriber: Subscribed to key expression key=topic_1
2026-09-30T03:02:34.924700Z  INFO mq_bench::roles::subscriber: Starting subscriber engine=Redis key=topic_1 endpoint=None crash_enabled=false
2026-09-30T03:02:34.924747Z  INFO mq_bench::roles::subscriber: Connected via transport engine=Redis
2026-09-30T03:02:34.925529Z  INFO mq_bench::roles::subscriber: Subscribed to key expression key=topic_1
2026-09-30T03:02:41.591722Z  INFO mq_bench::roles::subscriber: Starting subscriber engine=Redis key=topic_1 endpoint=None crash_enabled=false
2026-09-30T03:02:41.591829Z  INFO mq_bench::roles::subscriber: Connected via transport engine=Redis
2026-09-30T03:02:41.593818Z  INFO mq_bench::roles::subscriber: Subscribed to key expression key=topic_1
2026-09-30T03:02:48.259731Z  INFO mq_bench::roles::subscriber: Starting subscriber engine=Redis key=topic_1 endpoint=None crash_enabled=false
2026-09-30T03:02:48.259785Z  INFO mq_bench::roles::subscriber: Connected via transport engine=Redis
2026-09-30T03:02:48.260548Z  INFO mq_bench::roles::subscriber: Subscribed to key expression key=topic_1
2026-09-30T03:02:54.927873Z  INFO mq_bench::roles::subscriber: Starting subscriber engine=Redis key=topic_1 endpoint=None crash_enabled=false
2026-09-30T03:02:54.927944Z  INFO mq_bench::roles::subscriber: Connected via transport engine=Redis
2026-09-30T03:02:54.928717Z  INFO mq_bench::roles::subscriber: Subscribed to key expression key=topic_1
2026-09-30T03:03:01.596380Z  INFO mq_bench::roles::subscriber: Starting subscriber engine=Redis key=topic_1 endpoint=None crash_enabled=false
2026-09-30T03:03:01.596478Z  INFO mq_bench::roles::subscriber: Connected via transport engine=Redis
2026-09-30T03:03:01.597292Z  INFO mq_bench::roles::subscriber: Subscribed to key expression key=topic_1
2026-09-30T03:03:08.263713Z  INFO mq_bench::roles::subscriber: Starting subscriber engine=Redis key=topic_1 endpoint=None crash_enabled=false
2026-09-30T03:03:08.263774Z  INFO mq_bench::roles::subscriber: Connected via transport engine=Redis
2026-09-30T03:03:08.264652Z  INFO mq_bench::roles::subscriber: Subscribed to key expression key=topic_1
2026-09-30T03:03:14.931055Z  INFO mq_bench::roles::subscriber: Starting subscriber engine=Redis key=topic_1 endpoint=None crash_enabled=false
2026-09-30T03:03:14.931104Z  INFO mq_bench::roles::subscriber: Connected via transport engine=Redis
2026-09-30T03:03:14.932023Z  INFO mq_bench::roles::subscriber: Subscribed to key expression key=topic_1
2026-09-30T03:03:21.599097Z  INFO mq_bench::roles::subscriber: Starting subscriber engine=Redis key=topic_1 endpoint=None crash_enabled=false
2026-09-30T03:03:21.599142Z  INFO mq_bench::roles::subscriber: Connected via transport engine=Redis
2026-09-30T03:03:21.599966Z  INFO mq_bench::roles::subscriber: Subscribed to key expression key=topic_1
