mq-bench starting with run_id: auto
Writing CSV output to: artifacts/fanout_bursty_20260930_030221_redis_p64_s1000_u10_bursty/fanout_singlesite/sub_5_7.csv
2026-09-30T03:02:21.745188Z  INFO mq_bench::roles::subscriber: Starting subscriber engine=Redis key=topic_5 endpoint=None crash_enabled=false
2026-09-30T03:02:21.745250Z  INFO mq_bench::roles::subscriber: Connected via transport engine=Redis
2026-09-30T03:02:21.746304Z  INFO mq_bench::roles::subscriber: Subscribed to key expression key=topic_5
2026-09-30T03:02:28.412945Z  INFO mq_bench::roles::subscriber: Starting subscriber engine=Redis key=topic_5 endpoint=None crash_enabled=false
2026-09-30T03:02:28.413063Z  INFO mq_bench::roles::subscriber: Connected via transport engine=Redis
2026-09-30T03:02:28.413981Z  INFO mq_bench::roles::subscriber: Subscribed to key expression key=topic_5
2026-09-30T03:02:35.080847Z  INFO mq_bench::roles::subscriber: Starting subscriber engine=Redis key=topic_5 endpoint=None crash_enabled=false
2026-09-30T03:02:35.080894Z  INFO mq_bench::roles::subscriber: Connected via transport engine=Redis
2026-09-30T03:02:35.081723Z  INFO mq_bench::roles::subscriber: Subscribed to key expression key=topic_5
2026-09-30T03:02:41.748056Z  INFO mq_bench::roles::subscriber: Starting subscriber engine=Redis key=topic_5 endpoint=None crash_enabled=false
2026-09-30T03:02:41.748102Z  INFO mq_bench::roles::subscriber: Connected via transport engine=Redis
2026-09-30T03:02:41.748875Z  INFO mq_bench::roles::subscriber: Subscribed to key expression key=topic_5
2026-09-30T03:02:48.415688Z  INFO mq_bench::roles::subscriber: Starting subscriber engine=Redis key=topic_5 endpoint=None crash_enabled=false
2026-09-30T03:02:48.415728Z  INFO mq_bench::roles::subscriber: Connected via transport engine=Redis
2026-09-30T03:02:48.416442Z  INFO mq_bench::roles::subscriber: Subscribed to key expression key=topic_5
2026-09-30T03:02:55.083640Z  INFO mq_bench::roles::subscriber: Starting subscriber engine=Redis key=topic_5 endpoint=None crash_enabled=false
2026-09-30T03:02:55.083682Z  INFO mq_bench::roles::subscriber: Connected via transport engine=Redis
2026-09-30T03:02:55.084465Z  INFO mq_bench::roles::subscriber: Subscribed to key expression key=topic_5
2026-09-30T03:03:01.751988Z  INFO mq_bench::roles::subscriber: Starting subscriber engine=Redis key=topic_5 endpoint=None crash_enabled=false
2026-09-30T03:03:01.752086Z  INFO mq_bench::roles::subscriber: Connected via transport engine=Redis
2026-09-30T03:03:01.752885Z  INFO mq_bench::roles::subscriber: Subscribed to key expression key=topic_5
2026-09-30T03:03:08.419433Z  INFO mq_bench::roles::subscriber: Starting subscriber engine=Redis key=topic_5 endpoint=None crash_enabled=false
2026-09-30T03:03:08.419486Z  INFO mq_bench::roles::subscriber: Connected via transport engine=Redis
2026-09-30T03:03:08.420245Z  INFO mq_bench::roles::subscriber: Subscribed to key expression key=topic_5
2026-09-30T03:03:15.087834Z  INFO mq_bench::roles::subscriber: Starting subscriber engine=Redis key=topic_5 endpoint=None crash_enabled=false
2026-09-30T03:03:15.087886Z  INFO mq_bench::roles::subscriber: Connected via transport engine=Redis
2026-09-30T03:03:15.088702Z  INFO mq_bench::roles::subscriber: Subscribed to key expression key=topic_5
2026-09-30T03:03:21.755116Z  INFO mq_bench::roles::subscriber: Starting subscriber engine=Redis key=topic_5 endpoint=None crash_enabled=false
2026-09-30T03:03:21.755162Z  INFO mq_bench::roles::subscriber: Connected via transport engine=Redis
2026-09-30T03:03:21.755965Z  INFO mq_bench::roles::subscriber: Subscribed to key expression key=topic_5
