mq-bench starting with run_id: auto
Writing CSV output to: artifacts/fanout_bursty_20260930_030221_redis_p64_s1000_u10_bursty/fanout_singlesite/sub_3_1.csv
2026-09-30T03:02:21.649272Z  INFO mq_bench::roles::subscriber: Starting subscriber engine=Redis key=topic_3 endpoint=None crash_enabled=false
2026-09-30T03:02:21.649336Z  INFO mq_bench::roles::subscriber: Connected via transport engine=Redis
2026-09-30T03:02:21.650211Z  INFO mq_bench::roles::subscriber: Subscribed to key expression key=topic_3
2026-09-30T03:02:28.316760Z  INFO mq_bench::roles::subscriber: Starting subscriber engine=Redis key=topic_3 endpoint=None crash_enabled=false
2026-09-30T03:02:28.316823Z  INFO mq_bench::roles::subscriber: Connected via transport engine=Redis
2026-09-30T03:02:28.317602Z  INFO mq_bench::roles::subscriber: Subscribed to key expression key=topic_3
2026-09-30T03:02:34.984587Z  INFO mq_bench::roles::subscriber: Starting subscriber engine=Redis key=topic_3 endpoint=None crash_enabled=false
2026-09-30T03:02:34.984640Z  INFO mq_bench::roles::subscriber: Connected via transport engine=Redis
2026-09-30T03:02:34.985469Z  INFO mq_bench::roles::subscriber: Subscribed to key expression key=topic_3
2026-09-30T03:02:41.652887Z  INFO mq_bench::roles::subscriber: Starting subscriber engine=Redis key=topic_3 endpoint=None crash_enabled=false
2026-09-30T03:02:41.653022Z  INFO mq_bench::roles::subscriber: Connected via transport engine=Redis
2026-09-30T03:02:41.653817Z  INFO mq_bench::roles::subscriber: Subscribed to key expression key=topic_3
2026-09-30T03:02:48.320666Z  INFO mq_bench::roles::subscriber: Starting subscriber engine=Redis key=topic_3 endpoint=None crash_enabled=false
2026-09-30T03:02:48.320715Z  INFO mq_bench::roles::subscriber: Connected via transport engine=Redis
2026-09-30T03:02:48.321512Z  INFO mq_bench::roles::subscriber: Subscribed to key expression key=topic_3
2026-09-30T03:02:54.988964Z  INFO mq_bench::roles::subscriber: Starting subscriber engine=Redis key=topic_3 endpoint=None crash_enabled=false
2026-09-30T03:02:54.989013Z  INFO mq_bench::roles::subscriber: Connected via transport engine=Redis
2026-09-30T03:02:54.990084Z  INFO mq_bench::roles::subscriber: Subscribed to key expression key=topic_3
2026-09-30T03:03:01.656768Z  INFO mq_bench::roles::subscriber: Starting subscriber engine=Redis key=topic_3 endpoint=None crash_enabled=false
2026-09-30T03:03:01.656813Z  INFO mq_bench::roles::subscriber: Connected via transport engine=Redis
2026-09-30T03:03:01.657605Z  INFO mq_bench::roles::subscriber: Subscribed to key expression key=topic_3
2026-09-30T03:03:08.325070Z  INFO mq_bench::roles::subscriber: Starting subscriber engine=Redis key=topic_3 endpoint=None crash_enabled=false
2026-09-30T03:03:08.325118Z  INFO mq_bench::roles::subscriber: Connected via transport engine=Redis
2026-09-30T03:03:08.325940Z  INFO mq_bench::roles::subscriber: Subscribed to key expression key=topic_3
2026-09-30T03:03:14.992699Z  INFO mq_bench::roles::subscriber: Starting subscriber engine=Redis key=topic_3 endpoint=None crash_enabled=false
2026-09-30T03:03:14.992745Z  INFO mq_bench::roles::subscriber: Connected via transport engine=Redis
2026-09-30T03:03:14.993504Z  INFO mq_bench::roles::subscriber: Subscribed to key expression key=topic_3
2026-09-30T03:03:21.660851Z  INFO mq_bench::roles::subscriber: Starting subscriber engine=Redis key=topic_3 endpoint=None crash_enabled=false
2026-09-30T03:03:21.660953Z  INFO mq_bench::roles::subscriber: Connected via transport engine=Redis
2026-09-30T03:03:21.663138Z  INFO mq_bench::roles::subscriber: Subscribed to key expression key=topic_3
