mq-bench starting with run_id: auto
Writing CSV output to: artifacts/fanout_bursty_20260930_030221_redis_p64_s1000_u10_bursty/fanout_singlesite/sub_6_3.csv
2026-09-30T03:02:21.768178Z  INFO mq_bench::roles::subscriber: Starting subscriber engine=Redis key=topic_6 endpoint=None crash_enabled=false
2026-09-30T03:02:21.768236Z  INFO mq_bench::roles::subscriber: Connected via transport engine=Redis
2026-09-30T03:02:21.768989Z  INFO mq_bench::roles::subscriber: Subscribed to key expression key=topic_6
2026-09-30T03:02:28.435908Z  INFO mq_bench::roles::subscriber: Starting subscriber engine=Redis key=topic_6 endpoint=None crash_enabled=false
2026-09-30T03:02:28.436065Z  INFO mq_bench::roles::subscriber: Connected via transport engine=Redis
2026-09-30T03:02:28.436846Z  INFO mq_bench::roles::subscriber: Subscribed to key expression key=topic_6
2026-09-30T03:02:35.103806Z  INFO mq_bench::roles::subscriber: Starting subscriber engine=Redis key=topic_6 endpoint=None crash_enabled=false
2026-09-30T03:02:35.103863Z  INFO mq_bench::roles::subscriber: Connected via transport engine=Redis
2026-09-30T03:02:35.104680Z  INFO mq_bench::roles::subscriber: Subscribed to key expression key=topic_6
2026-09-30T03:02:41.771183Z  INFO mq_bench::roles::subscriber: Starting subscriber engine=Redis key=topic_6 endpoint=None crash_enabled=false
2026-09-30T03:02:41.771285Z  INFO mq_bench::roles::subscriber: Connected via transport engine=Redis
2026-09-30T03:02:41.772083Z  INFO mq_bench::roles::subscriber: Subscribed to key expression key=topic_6
2026-09-30T03:02:48.439278Z  INFO mq_bench::roles::subscriber: Starting subscriber engine=Redis key=topic_6 endpoint=None crash_enabled=false
2026-09-30T03:02:48.439324Z  INFO mq_bench::roles::subscriber: Connected via transport engine=Redis
2026-09-30T03:02:48.440193Z  INFO mq_bench::roles::subscriber: Subscribed to key expression key=topic_6
2026-09-30T03:02:55.106769Z  INFO mq_bench::roles::subscriber: Starting subscriber engine=Redis key=topic_6 endpoint=None crash_enabled=false
2026-09-30T03:02:55.106826Z  INFO mq_bench::roles::subscriber: Connected via transport engine=Redis
2026-09-30T03:02:55.107640Z  INFO mq_bench::roles::subscriber: Subscribed to key expression key=topic_6
2026-09-30T03:03:01.774291Z  INFO mq_bench::roles::subscriber: Starting subscriber engine=Redis key=topic_6 endpoint=None crash_enabled=false
2026-09-30T03:03:01.774337Z  INFO mq_bench::roles::subscriber: Connected via transport engine=Redis
2026-09-30T03:03:01.775156Z  INFO mq_bench::roles::subscriber: Subscribed to key expression key=topic_6
2026-09-30T03:03:08.441672Z  INFO mq_bench::roles::subscriber: Starting subscriber engine=Redis key=topic_6 endpoint=None crash_enabled=false
2026-09-30T03:03:08.441725Z  INFO mq_bench::roles::subscriber: Connected via transport engine=Redis
2026-09-30T03:03:08.442518Z  INFO mq_bench::roles::subscriber: Subscribed to key expression key=topic_6
2026-09-30T03:03:15.109198Z  INFO mq_bench::roles::subscriber: Starting subscriber engine=Redis key=topic_6 endpoint=None crash_enabled=false
2026-09-30T03:03:15.109247Z  INFO mq_bench::roles::subscriber: Connected via transport engine=Redis
2026-09-30T03:03:15.110024Z  INFO mq_bench::roles::subscriber: Subscribed to key expression key=topic_6
2026-09-30T03:03:21.777316Z  INFO mq_bench::roles::subscriber: Starting subscriber engine=Redis key=topic_6 endpoint=None crash_enabled=false
2026-09-30T03:03:21.777365Z  INFO mq_bench::roles::subscriber: Connected via transport engine=Redis
2026-09-30T03:03:21.778175Z  INFO mq_bench::roles::subscriber: Subscribed to key expression key=topic_6
