mq-bench starting with run_id: auto
Writing CSV output to: artifacts/fanout_bursty_20260930_030221_redis_p64_s1000_u10_bursty/fanout_singlesite/sub_8_0.csv
2026-09-30T03:02:21.832812Z  INFO mq_bench::roles::subscriber: Starting subscriber engine=Redis key=topic_8 endpoint=None crash_enabled=false
2026-09-30T03:02:21.832877Z  INFO mq_bench::roles::subscriber: Connected via transport engine=Redis
2026-09-30T03:02:21.833680Z  INFO mq_bench::roles::subscriber: Subscribed to key expression key=topic_8
2026-09-30T03:02:28.501420Z  INFO mq_bench::roles::subscriber: Starting subscriber engine=Redis key=topic_8 endpoint=None crash_enabled=false
2026-09-30T03:02:28.501544Z  INFO mq_bench::roles::subscriber: Connected via transport engine=Redis
2026-09-30T03:02:28.502319Z  INFO mq_bench::roles::subscriber: Subscribed to key expression key=topic_8
2026-09-30T03:02:35.169328Z  INFO mq_bench::roles::subscriber: Starting subscriber engine=Redis key=topic_8 endpoint=None crash_enabled=false
2026-09-30T03:02:35.169380Z  INFO mq_bench::roles::subscriber: Connected via transport engine=Redis
2026-09-30T03:02:35.170188Z  INFO mq_bench::roles::subscriber: Subscribed to key expression key=topic_8
2026-09-30T03:02:41.836572Z  INFO mq_bench::roles::subscriber: Starting subscriber engine=Redis key=topic_8 endpoint=None crash_enabled=false
2026-09-30T03:02:41.836673Z  INFO mq_bench::roles::subscriber: Connected via transport engine=Redis
2026-09-30T03:02:41.837446Z  INFO mq_bench::roles::subscriber: Subscribed to key expression key=topic_8
2026-09-30T03:02:48.504506Z  INFO mq_bench::roles::subscriber: Starting subscriber engine=Redis key=topic_8 endpoint=None crash_enabled=false
2026-09-30T03:02:48.504552Z  INFO mq_bench::roles::subscriber: Connected via transport engine=Redis
2026-09-30T03:02:48.505360Z  INFO mq_bench::roles::subscriber: Subscribed to key expression key=topic_8
2026-09-30T03:02:55.172349Z  INFO mq_bench::roles::subscriber: Starting subscriber engine=Redis key=topic_8 endpoint=None crash_enabled=false
2026-09-30T03:02:55.172398Z  INFO mq_bench::roles::subscriber: Connected via transport engine=Redis
2026-09-30T03:02:55.173408Z  INFO mq_bench::roles::subscriber: Subscribed to key expression key=topic_8
2026-09-30T03:03:01.840182Z  INFO mq_bench::roles::subscriber: Starting subscriber engine=Redis key=topic_8 endpoint=None crash_enabled=false
2026-09-30T03:03:01.840232Z  INFO mq_bench::roles::subscriber: Connected via transport engine=Redis
2026-09-30T03:03:01.841008Z  INFO mq_bench::roles::subscriber: Subscribed to key expression key=topic_8
2026-09-30T03:03:08.507602Z  INFO mq_bench::roles::subscriber: Starting subscriber engine=Redis key=topic_8 endpoint=None crash_enabled=false
2026-09-30T03:03:08.507655Z  INFO mq_bench::roles::subscriber: Connected via transport engine=Redis
2026-09-30T03:03:08.508452Z  INFO mq_bench::roles::subscriber: Subscribed to key expression key=topic_8
2026-09-30T03:03:15.175081Z  INFO mq_bench::roles::subscriber: Starting subscriber engine=Redis key=topic_8 endpoint=None crash_enabled=false
2026-09-30T03:03:15.175132Z  INFO mq_bench::roles::subscriber: Connected via transport engine=Redis
2026-09-30T03:03:15.175937Z  INFO mq_bench::roles::subscriber: Subscribed to key expression key=topic_8
2026-09-30T03:03:21.843256Z  INFO mq_bench::roles::subscriber: Starting subscriber engine=Redis key=topic_8 endpoint=None crash_enabled=false
2026-09-30T03:03:21.843324Z  INFO mq_bench::roles::subscriber: Connected via transport engine=Redis
2026-09-30T03:03:21.844193Z  INFO mq_bench::roles::subscriber: Subscribed to key expression key=topic_8
