mq-bench starting with run_id: auto
Writing CSV output to: artifacts/fanout_bursty_20260930_030221_redis_p64_s1000_u10_bursty/fanout_singlesite/sub_2_8.csv
2026-09-30T03:02:21.638136Z  INFO mq_bench::roles::subscriber: Starting subscriber engine=Redis key=topic_2 endpoint=None crash_enabled=false
2026-09-30T03:02:21.638200Z  INFO mq_bench::roles::subscriber: Connected via transport engine=Redis
2026-09-30T03:02:21.639055Z  INFO mq_bench::roles::subscriber: Subscribed to key expression key=topic_2
2026-09-30T03:02:28.305502Z  INFO mq_bench::roles::subscriber: Starting subscriber engine=Redis key=topic_2 endpoint=None crash_enabled=false
2026-09-30T03:02:28.305616Z  INFO mq_bench::roles::subscriber: Connected via transport engine=Redis
2026-09-30T03:02:28.306569Z  INFO mq_bench::roles::subscriber: Subscribed to key expression key=topic_2
2026-09-30T03:02:34.973102Z  INFO mq_bench::roles::subscriber: Starting subscriber engine=Redis key=topic_2 endpoint=None crash_enabled=false
2026-09-30T03:02:34.973153Z  INFO mq_bench::roles::subscriber: Connected via transport engine=Redis
2026-09-30T03:02:34.973959Z  INFO mq_bench::roles::subscriber: Subscribed to key expression key=topic_2
2026-09-30T03:02:41.640244Z  INFO mq_bench::roles::subscriber: Starting subscriber engine=Redis key=topic_2 endpoint=None crash_enabled=false
2026-09-30T03:02:41.640299Z  INFO mq_bench::roles::subscriber: Connected via transport engine=Redis
2026-09-30T03:02:41.641091Z  INFO mq_bench::roles::subscriber: Subscribed to key expression key=topic_2
2026-09-30T03:02:48.308355Z  INFO mq_bench::roles::subscriber: Starting subscriber engine=Redis key=topic_2 endpoint=None crash_enabled=false
2026-09-30T03:02:48.308410Z  INFO mq_bench::roles::subscriber: Connected via transport engine=Redis
2026-09-30T03:02:48.309280Z  INFO mq_bench::roles::subscriber: Subscribed to key expression key=topic_2
2026-09-30T03:02:54.976794Z  INFO mq_bench::roles::subscriber: Starting subscriber engine=Redis key=topic_2 endpoint=None crash_enabled=false
2026-09-30T03:02:54.976842Z  INFO mq_bench::roles::subscriber: Connected via transport engine=Redis
2026-09-30T03:02:54.977657Z  INFO mq_bench::roles::subscriber: Subscribed to key expression key=topic_2
2026-09-30T03:03:01.644463Z  INFO mq_bench::roles::subscriber: Starting subscriber engine=Redis key=topic_2 endpoint=None crash_enabled=false
2026-09-30T03:03:01.644577Z  INFO mq_bench::roles::subscriber: Connected via transport engine=Redis
2026-09-30T03:03:01.645412Z  INFO mq_bench::roles::subscriber: Subscribed to key expression key=topic_2
2026-09-30T03:03:08.311947Z  INFO mq_bench::roles::subscriber: Starting subscriber engine=Redis key=topic_2 endpoint=None crash_enabled=false
2026-09-30T03:03:08.311996Z  INFO mq_bench::roles::subscriber: Connected via transport engine=Redis
2026-09-30T03:03:08.312795Z  INFO mq_bench::roles::subscriber: Subscribed to key expression key=topic_2
2026-09-30T03:03:14.979486Z  INFO mq_bench::roles::subscriber: Starting subscriber engine=Redis key=topic_2 endpoint=None crash_enabled=false
2026-09-30T03:03:14.979544Z  INFO mq_bench::roles::subscriber: Connected via transport engine=Redis
2026-09-30T03:03:14.980511Z  INFO mq_bench::roles::subscriber: Subscribed to key expression key=topic_2
2026-09-30T03:03:21.647675Z  INFO mq_bench::roles::subscriber: Starting subscriber engine=Redis key=topic_2 endpoint=None crash_enabled=false
2026-09-30T03:03:21.647724Z  INFO mq_bench::roles::subscriber: Connected via transport engine=Redis
2026-09-30T03:03:21.648566Z  INFO mq_bench::roles::subscriber: Subscribed to key expression key=topic_2
