mq-bench starting with run_id: auto
Writing CSV output to: artifacts/fanout_bursty_20260930_030221_redis_p64_s1000_u10_bursty/fanout_singlesite/sub_0_2.csv
2026-09-30T03:02:21.541958Z  INFO mq_bench::roles::subscriber: Starting subscriber engine=Redis key=topic_0 endpoint=None crash_enabled=false
2026-09-30T03:02:21.542021Z  INFO mq_bench::roles::subscriber: Connected via transport engine=Redis
2026-09-30T03:02:21.542934Z  INFO mq_bench::roles::subscriber: Subscribed to key expression key=topic_0
2026-09-30T03:02:28.208826Z  INFO mq_bench::roles::subscriber: Starting subscriber engine=Redis key=topic_0 endpoint=None crash_enabled=false
2026-09-30T03:02:28.208878Z  INFO mq_bench::roles::subscriber: Connected via transport engine=Redis
2026-09-30T03:02:28.209752Z  INFO mq_bench::roles::subscriber: Subscribed to key expression key=topic_0
2026-09-30T03:02:34.875767Z  INFO mq_bench::roles::subscriber: Starting subscriber engine=Redis key=topic_0 endpoint=None crash_enabled=false
2026-09-30T03:02:34.875816Z  INFO mq_bench::roles::subscriber: Connected via transport engine=Redis
2026-09-30T03:02:34.876666Z  INFO mq_bench::roles::subscriber: Subscribed to key expression key=topic_0
2026-09-30T03:02:41.543469Z  INFO mq_bench::roles::subscriber: Starting subscriber engine=Redis key=topic_0 endpoint=None crash_enabled=false
2026-09-30T03:02:41.543577Z  INFO mq_bench::roles::subscriber: Connected via transport engine=Redis
2026-09-30T03:02:41.544416Z  INFO mq_bench::roles::subscriber: Subscribed to key expression key=topic_0
2026-09-30T03:02:48.211451Z  INFO mq_bench::roles::subscriber: Starting subscriber engine=Redis key=topic_0 endpoint=None crash_enabled=false
2026-09-30T03:02:48.211504Z  INFO mq_bench::roles::subscriber: Connected via transport engine=Redis
2026-09-30T03:02:48.212297Z  INFO mq_bench::roles::subscriber: Subscribed to key expression key=topic_0
2026-09-30T03:02:54.879591Z  INFO mq_bench::roles::subscriber: Starting subscriber engine=Redis key=topic_0 endpoint=None crash_enabled=false
2026-09-30T03:02:54.879634Z  INFO mq_bench::roles::subscriber: Connected via transport engine=Redis
2026-09-30T03:02:54.885716Z  INFO mq_bench::roles::subscriber: Subscribed to key expression key=topic_0
2026-09-30T03:03:01.547357Z  INFO mq_bench::roles::subscriber: Starting subscriber engine=Redis key=topic_0 endpoint=None crash_enabled=false
2026-09-30T03:03:01.547464Z  INFO mq_bench::roles::subscriber: Connected via transport engine=Redis
2026-09-30T03:03:01.548252Z  INFO mq_bench::roles::subscriber: Subscribed to key expression key=topic_0
2026-09-30T03:03:08.214759Z  INFO mq_bench::roles::subscriber: Starting subscriber engine=Redis key=topic_0 endpoint=None crash_enabled=false
2026-09-30T03:03:08.214807Z  INFO mq_bench::roles::subscriber: Connected via transport engine=Redis
2026-09-30T03:03:08.215642Z  INFO mq_bench::roles::subscriber: Subscribed to key expression key=topic_0
2026-09-30T03:03:14.882285Z  INFO mq_bench::roles::subscriber: Starting subscriber engine=Redis key=topic_0 endpoint=None crash_enabled=false
2026-09-30T03:03:14.882359Z  INFO mq_bench::roles::subscriber: Connected via transport engine=Redis
2026-09-30T03:03:14.883217Z  INFO mq_bench::roles::subscriber: Subscribed to key expression key=topic_0
2026-09-30T03:03:21.550406Z  INFO mq_bench::roles::subscriber: Starting subscriber engine=Redis key=topic_0 endpoint=None crash_enabled=false
2026-09-30T03:03:21.550453Z  INFO mq_bench::roles::subscriber: Connected via transport engine=Redis
2026-09-30T03:03:21.551357Z  INFO mq_bench::roles::subscriber: Subscribed to key expression key=topic_0
