mq-bench starting with run_id: auto
Writing CSV output to: artifacts/fanout_bursty_20260930_030221_redis_p64_s1000_u10_bursty/fanout_singlesite/sub_6_4.csv
2026-09-30T03:02:21.772201Z  INFO mq_bench::roles::subscriber: Starting subscriber engine=Redis key=topic_6 endpoint=None crash_enabled=false
2026-09-30T03:02:21.772258Z  INFO mq_bench::roles::subscriber: Connected via transport engine=Redis
2026-09-30T03:02:21.773167Z  INFO mq_bench::roles::subscriber: Subscribed to key expression key=topic_6
2026-09-30T03:02:28.440096Z  INFO mq_bench::roles::subscriber: Starting subscriber engine=Redis key=topic_6 endpoint=None crash_enabled=false
2026-09-30T03:02:28.440213Z  INFO mq_bench::roles::subscriber: Connected via transport engine=Redis
2026-09-30T03:02:28.441067Z  INFO mq_bench::roles::subscriber: Subscribed to key expression key=topic_6
2026-09-30T03:02:35.108162Z  INFO mq_bench::roles::subscriber: Starting subscriber engine=Redis key=topic_6 endpoint=None crash_enabled=false
2026-09-30T03:02:35.108220Z  INFO mq_bench::roles::subscriber: Connected via transport engine=Redis
2026-09-30T03:02:35.109100Z  INFO mq_bench::roles::subscriber: Subscribed to key expression key=topic_6
2026-09-30T03:02:41.776540Z  INFO mq_bench::roles::subscriber: Starting subscriber engine=Redis key=topic_6 endpoint=None crash_enabled=false
2026-09-30T03:02:41.776659Z  INFO mq_bench::roles::subscriber: Connected via transport engine=Redis
2026-09-30T03:02:41.777488Z  INFO mq_bench::roles::subscriber: Subscribed to key expression key=topic_6
2026-09-30T03:02:48.444675Z  INFO mq_bench::roles::subscriber: Starting subscriber engine=Redis key=topic_6 endpoint=None crash_enabled=false
2026-09-30T03:02:48.444732Z  INFO mq_bench::roles::subscriber: Connected via transport engine=Redis
2026-09-30T03:02:48.445518Z  INFO mq_bench::roles::subscriber: Subscribed to key expression key=topic_6
2026-09-30T03:02:55.112021Z  INFO mq_bench::roles::subscriber: Starting subscriber engine=Redis key=topic_6 endpoint=None crash_enabled=false
2026-09-30T03:02:55.112073Z  INFO mq_bench::roles::subscriber: Connected via transport engine=Redis
2026-09-30T03:02:55.112897Z  INFO mq_bench::roles::subscriber: Subscribed to key expression key=topic_6
2026-09-30T03:03:01.779543Z  INFO mq_bench::roles::subscriber: Starting subscriber engine=Redis key=topic_6 endpoint=None crash_enabled=false
2026-09-30T03:03:01.779587Z  INFO mq_bench::roles::subscriber: Connected via transport engine=Redis
2026-09-30T03:03:01.780371Z  INFO mq_bench::roles::subscriber: Subscribed to key expression key=topic_6
2026-09-30T03:03:08.447067Z  INFO mq_bench::roles::subscriber: Starting subscriber engine=Redis key=topic_6 endpoint=None crash_enabled=false
2026-09-30T03:03:08.447122Z  INFO mq_bench::roles::subscriber: Connected via transport engine=Redis
2026-09-30T03:03:08.447964Z  INFO mq_bench::roles::subscriber: Subscribed to key expression key=topic_6
2026-09-30T03:03:15.115492Z  INFO mq_bench::roles::subscriber: Starting subscriber engine=Redis key=topic_6 endpoint=None crash_enabled=false
2026-09-30T03:03:15.115561Z  INFO mq_bench::roles::subscriber: Connected via transport engine=Redis
2026-09-30T03:03:15.116481Z  INFO mq_bench::roles::subscriber: Subscribed to key expression key=topic_6
2026-09-30T03:03:21.783768Z  INFO mq_bench::roles::subscriber: Starting subscriber engine=Redis key=topic_6 endpoint=None crash_enabled=false
2026-09-30T03:03:21.783840Z  INFO mq_bench::roles::subscriber: Connected via transport engine=Redis
2026-09-30T03:03:21.784647Z  INFO mq_bench::roles::subscriber: Subscribed to key expression key=topic_6
