mq-bench starting with run_id: auto
Writing CSV output to: artifacts/fanout_bursty_20260930_030221_redis_p64_s1000_u10_bursty/fanout_singlesite/sub_7_6.csv
2026-09-30T03:02:21.817269Z  INFO mq_bench::roles::subscriber: Starting subscriber engine=Redis key=topic_7 endpoint=None crash_enabled=false
2026-09-30T03:02:21.817329Z  INFO mq_bench::roles::subscriber: Connected via transport engine=Redis
2026-09-30T03:02:21.818213Z  INFO mq_bench::roles::subscriber: Subscribed to key expression key=topic_7
2026-09-30T03:02:28.485654Z  INFO mq_bench::roles::subscriber: Starting subscriber engine=Redis key=topic_7 endpoint=None crash_enabled=false
2026-09-30T03:02:28.485766Z  INFO mq_bench::roles::subscriber: Connected via transport engine=Redis
2026-09-30T03:02:28.486568Z  INFO mq_bench::roles::subscriber: Subscribed to key expression key=topic_7
2026-09-30T03:02:35.153681Z  INFO mq_bench::roles::subscriber: Starting subscriber engine=Redis key=topic_7 endpoint=None crash_enabled=false
2026-09-30T03:02:35.153735Z  INFO mq_bench::roles::subscriber: Connected via transport engine=Redis
2026-09-30T03:02:35.154626Z  INFO mq_bench::roles::subscriber: Subscribed to key expression key=topic_7
2026-09-30T03:02:41.821104Z  INFO mq_bench::roles::subscriber: Starting subscriber engine=Redis key=topic_7 endpoint=None crash_enabled=false
2026-09-30T03:02:41.821153Z  INFO mq_bench::roles::subscriber: Connected via transport engine=Redis
2026-09-30T03:02:41.821941Z  INFO mq_bench::roles::subscriber: Subscribed to key expression key=topic_7
2026-09-30T03:02:48.489125Z  INFO mq_bench::roles::subscriber: Starting subscriber engine=Redis key=topic_7 endpoint=None crash_enabled=false
2026-09-30T03:02:48.489185Z  INFO mq_bench::roles::subscriber: Connected via transport engine=Redis
2026-09-30T03:02:48.490042Z  INFO mq_bench::roles::subscriber: Subscribed to key expression key=topic_7
2026-09-30T03:02:55.157542Z  INFO mq_bench::roles::subscriber: Starting subscriber engine=Redis key=topic_7 endpoint=None crash_enabled=false
2026-09-30T03:02:55.157589Z  INFO mq_bench::roles::subscriber: Connected via transport engine=Redis
2026-09-30T03:02:55.158436Z  INFO mq_bench::roles::subscriber: Subscribed to key expression key=topic_7
2026-09-30T03:03:01.825233Z  INFO mq_bench::roles::subscriber: Starting subscriber engine=Redis key=topic_7 endpoint=None crash_enabled=false
2026-09-30T03:03:01.825344Z  INFO mq_bench::roles::subscriber: Connected via transport engine=Redis
2026-09-30T03:03:01.826149Z  INFO mq_bench::roles::subscriber: Subscribed to key expression key=topic_7
2026-09-30T03:03:08.492800Z  INFO mq_bench::roles::subscriber: Starting subscriber engine=Redis key=topic_7 endpoint=None crash_enabled=false
2026-09-30T03:03:08.492847Z  INFO mq_bench::roles::subscriber: Connected via transport engine=Redis
2026-09-30T03:03:08.493641Z  INFO mq_bench::roles::subscriber: Subscribed to key expression key=topic_7
2026-09-30T03:03:15.160503Z  INFO mq_bench::roles::subscriber: Starting subscriber engine=Redis key=topic_7 endpoint=None crash_enabled=false
2026-09-30T03:03:15.160571Z  INFO mq_bench::roles::subscriber: Connected via transport engine=Redis
2026-09-30T03:03:15.161523Z  INFO mq_bench::roles::subscriber: Subscribed to key expression key=topic_7
2026-09-30T03:03:21.827974Z  INFO mq_bench::roles::subscriber: Starting subscriber engine=Redis key=topic_7 endpoint=None crash_enabled=false
2026-09-30T03:03:21.828019Z  INFO mq_bench::roles::subscriber: Connected via transport engine=Redis
2026-09-30T03:03:21.828869Z  INFO mq_bench::roles::subscriber: Subscribed to key expression key=topic_7
