mq-bench starting with run_id: auto
Writing CSV output to: artifacts/fanout_bursty_20260930_030221_redis_p64_s1000_u10_bursty/fanout_singlesite/sub_1_4.csv
2026-09-30T03:02:21.586704Z  INFO mq_bench::roles::subscriber: Starting subscriber engine=Redis key=topic_1 endpoint=None crash_enabled=false
2026-09-30T03:02:21.586760Z  INFO mq_bench::roles::subscriber: Connected via transport engine=Redis
2026-09-30T03:02:21.587661Z  INFO mq_bench::roles::subscriber: Subscribed to key expression key=topic_1
2026-09-30T03:02:28.255012Z  INFO mq_bench::roles::subscriber: Starting subscriber engine=Redis key=topic_1 endpoint=None crash_enabled=false
2026-09-30T03:02:28.255118Z  INFO mq_bench::roles::subscriber: Connected via transport engine=Redis
2026-09-30T03:02:28.256005Z  INFO mq_bench::roles::subscriber: Subscribed to key expression key=topic_1
2026-09-30T03:02:34.922986Z  INFO mq_bench::roles::subscriber: Starting subscriber engine=Redis key=topic_1 endpoint=None crash_enabled=false
2026-09-30T03:02:34.923033Z  INFO mq_bench::roles::subscriber: Connected via transport engine=Redis
2026-09-30T03:02:34.923845Z  INFO mq_bench::roles::subscriber: Subscribed to key expression key=topic_1
2026-09-30T03:02:41.591228Z  INFO mq_bench::roles::subscriber: Starting subscriber engine=Redis key=topic_1 endpoint=None crash_enabled=false
2026-09-30T03:02:41.591341Z  INFO mq_bench::roles::subscriber: Connected via transport engine=Redis
2026-09-30T03:02:41.593467Z  INFO mq_bench::roles::subscriber: Subscribed to key expression key=topic_1
2026-09-30T03:02:48.258423Z  INFO mq_bench::roles::subscriber: Starting subscriber engine=Redis key=topic_1 endpoint=None crash_enabled=false
2026-09-30T03:02:48.258473Z  INFO mq_bench::roles::subscriber: Connected via transport engine=Redis
2026-09-30T03:02:48.259272Z  INFO mq_bench::roles::subscriber: Subscribed to key expression key=topic_1
2026-09-30T03:02:54.925364Z  INFO mq_bench::roles::subscriber: Starting subscriber engine=Redis key=topic_1 endpoint=None crash_enabled=false
2026-09-30T03:02:54.925409Z  INFO mq_bench::roles::subscriber: Connected via transport engine=Redis
2026-09-30T03:02:54.926265Z  INFO mq_bench::roles::subscriber: Subscribed to key expression key=topic_1
2026-09-30T03:03:01.592843Z  INFO mq_bench::roles::subscriber: Starting subscriber engine=Redis key=topic_1 endpoint=None crash_enabled=false
2026-09-30T03:03:01.592886Z  INFO mq_bench::roles::subscriber: Connected via transport engine=Redis
2026-09-30T03:03:01.593705Z  INFO mq_bench::roles::subscriber: Subscribed to key expression key=topic_1
2026-09-30T03:03:08.261198Z  INFO mq_bench::roles::subscriber: Starting subscriber engine=Redis key=topic_1 endpoint=None crash_enabled=false
2026-09-30T03:03:08.261250Z  INFO mq_bench::roles::subscriber: Connected via transport engine=Redis
2026-09-30T03:03:08.262045Z  INFO mq_bench::roles::subscriber: Subscribed to key expression key=topic_1
2026-09-30T03:03:14.928428Z  INFO mq_bench::roles::subscriber: Starting subscriber engine=Redis key=topic_1 endpoint=None crash_enabled=false
2026-09-30T03:03:14.928501Z  INFO mq_bench::roles::subscriber: Connected via transport engine=Redis
2026-09-30T03:03:14.929294Z  INFO mq_bench::roles::subscriber: Subscribed to key expression key=topic_1
2026-09-30T03:03:21.595383Z  INFO mq_bench::roles::subscriber: Starting subscriber engine=Redis key=topic_1 endpoint=None crash_enabled=false
2026-09-30T03:03:21.595427Z  INFO mq_bench::roles::subscriber: Connected via transport engine=Redis
2026-09-30T03:03:21.596295Z  INFO mq_bench::roles::subscriber: Subscribed to key expression key=topic_1
