mq-bench starting with run_id: auto
Writing CSV output to: artifacts/fanout_bursty_20260930_030221_redis_p64_s1000_u10_bursty/fanout_singlesite/sub_2_0.csv
2026-09-30T03:02:21.609311Z  INFO mq_bench::roles::subscriber: Starting subscriber engine=Redis key=topic_2 endpoint=None crash_enabled=false
2026-09-30T03:02:21.609372Z  INFO mq_bench::roles::subscriber: Connected via transport engine=Redis
2026-09-30T03:02:21.610287Z  INFO mq_bench::roles::subscriber: Subscribed to key expression key=topic_2
2026-09-30T03:02:28.277091Z  INFO mq_bench::roles::subscriber: Starting subscriber engine=Redis key=topic_2 endpoint=None crash_enabled=false
2026-09-30T03:02:28.277219Z  INFO mq_bench::roles::subscriber: Connected via transport engine=Redis
2026-09-30T03:02:28.278063Z  INFO mq_bench::roles::subscriber: Subscribed to key expression key=topic_2
2026-09-30T03:02:34.945061Z  INFO mq_bench::roles::subscriber: Starting subscriber engine=Redis key=topic_2 endpoint=None crash_enabled=false
2026-09-30T03:02:34.945107Z  INFO mq_bench::roles::subscriber: Connected via transport engine=Redis
2026-09-30T03:02:34.945879Z  INFO mq_bench::roles::subscriber: Subscribed to key expression key=topic_2
2026-09-30T03:02:41.613415Z  INFO mq_bench::roles::subscriber: Starting subscriber engine=Redis key=topic_2 endpoint=None crash_enabled=false
2026-09-30T03:02:41.613466Z  INFO mq_bench::roles::subscriber: Connected via transport engine=Redis
2026-09-30T03:02:41.614256Z  INFO mq_bench::roles::subscriber: Subscribed to key expression key=topic_2
2026-09-30T03:02:48.281474Z  INFO mq_bench::roles::subscriber: Starting subscriber engine=Redis key=topic_2 endpoint=None crash_enabled=false
2026-09-30T03:02:48.281553Z  INFO mq_bench::roles::subscriber: Connected via transport engine=Redis
2026-09-30T03:02:48.282326Z  INFO mq_bench::roles::subscriber: Subscribed to key expression key=topic_2
2026-09-30T03:02:54.948735Z  INFO mq_bench::roles::subscriber: Starting subscriber engine=Redis key=topic_2 endpoint=None crash_enabled=false
2026-09-30T03:02:54.948784Z  INFO mq_bench::roles::subscriber: Connected via transport engine=Redis
2026-09-30T03:02:54.949620Z  INFO mq_bench::roles::subscriber: Subscribed to key expression key=topic_2
2026-09-30T03:03:01.616406Z  INFO mq_bench::roles::subscriber: Starting subscriber engine=Redis key=topic_2 endpoint=None crash_enabled=false
2026-09-30T03:03:01.616449Z  INFO mq_bench::roles::subscriber: Connected via transport engine=Redis
2026-09-30T03:03:01.617225Z  INFO mq_bench::roles::subscriber: Subscribed to key expression key=topic_2
2026-09-30T03:03:08.283807Z  INFO mq_bench::roles::subscriber: Starting subscriber engine=Redis key=topic_2 endpoint=None crash_enabled=false
2026-09-30T03:03:08.283865Z  INFO mq_bench::roles::subscriber: Connected via transport engine=Redis
2026-09-30T03:03:08.284740Z  INFO mq_bench::roles::subscriber: Subscribed to key expression key=topic_2
2026-09-30T03:03:14.951180Z  INFO mq_bench::roles::subscriber: Starting subscriber engine=Redis key=topic_2 endpoint=None crash_enabled=false
2026-09-30T03:03:14.951223Z  INFO mq_bench::roles::subscriber: Connected via transport engine=Redis
2026-09-30T03:03:14.952029Z  INFO mq_bench::roles::subscriber: Subscribed to key expression key=topic_2
2026-09-30T03:03:21.619206Z  INFO mq_bench::roles::subscriber: Starting subscriber engine=Redis key=topic_2 endpoint=None crash_enabled=false
2026-09-30T03:03:21.619250Z  INFO mq_bench::roles::subscriber: Connected via transport engine=Redis
2026-09-30T03:03:21.620070Z  INFO mq_bench::roles::subscriber: Subscribed to key expression key=topic_2
