mq-bench starting with run_id: auto
Writing CSV output to: artifacts/fanout_bursty_20260930_030221_redis_p64_s1000_u10_bursty/fanout_singlesite/sub_3_7.csv
2026-09-30T03:02:21.671976Z  INFO mq_bench::roles::subscriber: Starting subscriber engine=Redis key=topic_3 endpoint=None crash_enabled=false
2026-09-30T03:02:21.672032Z  INFO mq_bench::roles::subscriber: Connected via transport engine=Redis
2026-09-30T03:02:21.672844Z  INFO mq_bench::roles::subscriber: Subscribed to key expression key=topic_3
2026-09-30T03:02:28.339765Z  INFO mq_bench::roles::subscriber: Starting subscriber engine=Redis key=topic_3 endpoint=None crash_enabled=false
2026-09-30T03:02:28.339874Z  INFO mq_bench::roles::subscriber: Connected via transport engine=Redis
2026-09-30T03:02:28.340831Z  INFO mq_bench::roles::subscriber: Subscribed to key expression key=topic_3
2026-09-30T03:02:35.007813Z  INFO mq_bench::roles::subscriber: Starting subscriber engine=Redis key=topic_3 endpoint=None crash_enabled=false
2026-09-30T03:02:35.007862Z  INFO mq_bench::roles::subscriber: Connected via transport engine=Redis
2026-09-30T03:02:35.008660Z  INFO mq_bench::roles::subscriber: Subscribed to key expression key=topic_3
2026-09-30T03:02:41.676211Z  INFO mq_bench::roles::subscriber: Starting subscriber engine=Redis key=topic_3 endpoint=None crash_enabled=false
2026-09-30T03:02:41.676321Z  INFO mq_bench::roles::subscriber: Connected via transport engine=Redis
2026-09-30T03:02:41.677172Z  INFO mq_bench::roles::subscriber: Subscribed to key expression key=topic_3
2026-09-30T03:02:48.344289Z  INFO mq_bench::roles::subscriber: Starting subscriber engine=Redis key=topic_3 endpoint=None crash_enabled=false
2026-09-30T03:02:48.344334Z  INFO mq_bench::roles::subscriber: Connected via transport engine=Redis
2026-09-30T03:02:48.345188Z  INFO mq_bench::roles::subscriber: Subscribed to key expression key=topic_3
2026-09-30T03:02:55.011935Z  INFO mq_bench::roles::subscriber: Starting subscriber engine=Redis key=topic_3 endpoint=None crash_enabled=false
2026-09-30T03:02:55.011981Z  INFO mq_bench::roles::subscriber: Connected via transport engine=Redis
2026-09-30T03:02:55.012716Z  INFO mq_bench::roles::subscriber: Subscribed to key expression key=topic_3
2026-09-30T03:03:01.680318Z  INFO mq_bench::roles::subscriber: Starting subscriber engine=Redis key=topic_3 endpoint=None crash_enabled=false
2026-09-30T03:03:01.680419Z  INFO mq_bench::roles::subscriber: Connected via transport engine=Redis
2026-09-30T03:03:01.682636Z  INFO mq_bench::roles::subscriber: Subscribed to key expression key=topic_3
2026-09-30T03:03:08.348050Z  INFO mq_bench::roles::subscriber: Starting subscriber engine=Redis key=topic_3 endpoint=None crash_enabled=false
2026-09-30T03:03:08.348098Z  INFO mq_bench::roles::subscriber: Connected via transport engine=Redis
2026-09-30T03:03:08.348944Z  INFO mq_bench::roles::subscriber: Subscribed to key expression key=topic_3
2026-09-30T03:03:15.016424Z  INFO mq_bench::roles::subscriber: Starting subscriber engine=Redis key=topic_3 endpoint=None crash_enabled=false
2026-09-30T03:03:15.016471Z  INFO mq_bench::roles::subscriber: Connected via transport engine=Redis
2026-09-30T03:03:15.017244Z  INFO mq_bench::roles::subscriber: Subscribed to key expression key=topic_3
2026-09-30T03:03:21.684454Z  INFO mq_bench::roles::subscriber: Starting subscriber engine=Redis key=topic_3 endpoint=None crash_enabled=false
2026-09-30T03:03:21.684502Z  INFO mq_bench::roles::subscriber: Connected via transport engine=Redis
2026-09-30T03:03:21.685363Z  INFO mq_bench::roles::subscriber: Subscribed to key expression key=topic_3
