mq-bench starting with run_id: auto
Writing CSV output to: artifacts/fanout_bursty_20260930_030221_redis_p64_s1000_u10_bursty/fanout_singlesite/sub_5_0.csv
2026-09-30T03:02:21.720229Z  INFO mq_bench::roles::subscriber: Starting subscriber engine=Redis key=topic_5 endpoint=None crash_enabled=false
2026-09-30T03:02:21.720290Z  INFO mq_bench::roles::subscriber: Connected via transport engine=Redis
2026-09-30T03:02:21.721107Z  INFO mq_bench::roles::subscriber: Subscribed to key expression key=topic_5
2026-09-30T03:02:28.387877Z  INFO mq_bench::roles::subscriber: Starting subscriber engine=Redis key=topic_5 endpoint=None crash_enabled=false
2026-09-30T03:02:28.388001Z  INFO mq_bench::roles::subscriber: Connected via transport engine=Redis
2026-09-30T03:02:28.388794Z  INFO mq_bench::roles::subscriber: Subscribed to key expression key=topic_5
2026-09-30T03:02:35.055603Z  INFO mq_bench::roles::subscriber: Starting subscriber engine=Redis key=topic_5 endpoint=None crash_enabled=false
2026-09-30T03:02:35.055648Z  INFO mq_bench::roles::subscriber: Connected via transport engine=Redis
2026-09-30T03:02:35.056488Z  INFO mq_bench::roles::subscriber: Subscribed to key expression key=topic_5
2026-09-30T03:02:41.723731Z  INFO mq_bench::roles::subscriber: Starting subscriber engine=Redis key=topic_5 endpoint=None crash_enabled=false
2026-09-30T03:02:41.723839Z  INFO mq_bench::roles::subscriber: Connected via transport engine=Redis
2026-09-30T03:02:41.724647Z  INFO mq_bench::roles::subscriber: Subscribed to key expression key=topic_5
2026-09-30T03:02:48.391608Z  INFO mq_bench::roles::subscriber: Starting subscriber engine=Redis key=topic_5 endpoint=None crash_enabled=false
2026-09-30T03:02:48.391658Z  INFO mq_bench::roles::subscriber: Connected via transport engine=Redis
2026-09-30T03:02:48.392495Z  INFO mq_bench::roles::subscriber: Subscribed to key expression key=topic_5
2026-09-30T03:02:55.059778Z  INFO mq_bench::roles::subscriber: Starting subscriber engine=Redis key=topic_5 endpoint=None crash_enabled=false
2026-09-30T03:02:55.059825Z  INFO mq_bench::roles::subscriber: Connected via transport engine=Redis
2026-09-30T03:02:55.060646Z  INFO mq_bench::roles::subscriber: Subscribed to key expression key=topic_5
2026-09-30T03:03:01.727242Z  INFO mq_bench::roles::subscriber: Starting subscriber engine=Redis key=topic_5 endpoint=None crash_enabled=false
2026-09-30T03:03:01.727289Z  INFO mq_bench::roles::subscriber: Connected via transport engine=Redis
2026-09-30T03:03:01.728069Z  INFO mq_bench::roles::subscriber: Subscribed to key expression key=topic_5
2026-09-30T03:03:08.394646Z  INFO mq_bench::roles::subscriber: Starting subscriber engine=Redis key=topic_5 endpoint=None crash_enabled=false
2026-09-30T03:03:08.394690Z  INFO mq_bench::roles::subscriber: Connected via transport engine=Redis
2026-09-30T03:03:08.395545Z  INFO mq_bench::roles::subscriber: Subscribed to key expression key=topic_5
2026-09-30T03:03:15.062148Z  INFO mq_bench::roles::subscriber: Starting subscriber engine=Redis key=topic_5 endpoint=None crash_enabled=false
2026-09-30T03:03:15.062194Z  INFO mq_bench::roles::subscriber: Connected via transport engine=Redis
2026-09-30T03:03:15.062983Z  INFO mq_bench::roles::subscriber: Subscribed to key expression key=topic_5
2026-09-30T03:03:21.729122Z  INFO mq_bench::roles::subscriber: Starting subscriber engine=Redis key=topic_5 endpoint=None crash_enabled=false
2026-09-30T03:03:21.729165Z  INFO mq_bench::roles::subscriber: Connected via transport engine=Redis
2026-09-30T03:03:21.729951Z  INFO mq_bench::roles::subscriber: Subscribed to key expression key=topic_5
