mq-bench starting with run_id: auto
Writing CSV output to: artifacts/fanout_bursty_20260930_030221_redis_p64_s1000_u10_bursty/fanout_singlesite/sub_2_7.csv
2026-09-30T03:02:21.634268Z  INFO mq_bench::roles::subscriber: Starting subscriber engine=Redis key=topic_2 endpoint=None crash_enabled=false
2026-09-30T03:02:21.634327Z  INFO mq_bench::roles::subscriber: Connected via transport engine=Redis
2026-09-30T03:02:21.635257Z  INFO mq_bench::roles::subscriber: Subscribed to key expression key=topic_2
2026-09-30T03:02:28.301629Z  INFO mq_bench::roles::subscriber: Starting subscriber engine=Redis key=topic_2 endpoint=None crash_enabled=false
2026-09-30T03:02:28.301759Z  INFO mq_bench::roles::subscriber: Connected via transport engine=Redis
2026-09-30T03:02:28.302606Z  INFO mq_bench::roles::subscriber: Subscribed to key expression key=topic_2
2026-09-30T03:02:34.969540Z  INFO mq_bench::roles::subscriber: Starting subscriber engine=Redis key=topic_2 endpoint=None crash_enabled=false
2026-09-30T03:02:34.969588Z  INFO mq_bench::roles::subscriber: Connected via transport engine=Redis
2026-09-30T03:02:34.970448Z  INFO mq_bench::roles::subscriber: Subscribed to key expression key=topic_2
2026-09-30T03:02:41.637646Z  INFO mq_bench::roles::subscriber: Starting subscriber engine=Redis key=topic_2 endpoint=None crash_enabled=false
2026-09-30T03:02:41.637757Z  INFO mq_bench::roles::subscriber: Connected via transport engine=Redis
2026-09-30T03:02:41.638518Z  INFO mq_bench::roles::subscriber: Subscribed to key expression key=topic_2
2026-09-30T03:02:48.305535Z  INFO mq_bench::roles::subscriber: Starting subscriber engine=Redis key=topic_2 endpoint=None crash_enabled=false
2026-09-30T03:02:48.305571Z  INFO mq_bench::roles::subscriber: Connected via transport engine=Redis
2026-09-30T03:02:48.306410Z  INFO mq_bench::roles::subscriber: Subscribed to key expression key=topic_2
2026-09-30T03:02:54.973835Z  INFO mq_bench::roles::subscriber: Starting subscriber engine=Redis key=topic_2 endpoint=None crash_enabled=false
2026-09-30T03:02:54.973880Z  INFO mq_bench::roles::subscriber: Connected via transport engine=Redis
2026-09-30T03:02:54.974683Z  INFO mq_bench::roles::subscriber: Subscribed to key expression key=topic_2
2026-09-30T03:03:01.641483Z  INFO mq_bench::roles::subscriber: Starting subscriber engine=Redis key=topic_2 endpoint=None crash_enabled=false
2026-09-30T03:03:01.641555Z  INFO mq_bench::roles::subscriber: Connected via transport engine=Redis
2026-09-30T03:03:01.642388Z  INFO mq_bench::roles::subscriber: Subscribed to key expression key=topic_2
2026-09-30T03:03:08.309074Z  INFO mq_bench::roles::subscriber: Starting subscriber engine=Redis key=topic_2 endpoint=None crash_enabled=false
2026-09-30T03:03:08.309120Z  INFO mq_bench::roles::subscriber: Connected via transport engine=Redis
2026-09-30T03:03:08.309954Z  INFO mq_bench::roles::subscriber: Subscribed to key expression key=topic_2
2026-09-30T03:03:14.976600Z  INFO mq_bench::roles::subscriber: Starting subscriber engine=Redis key=topic_2 endpoint=None crash_enabled=false
2026-09-30T03:03:14.976644Z  INFO mq_bench::roles::subscriber: Connected via transport engine=Redis
2026-09-30T03:03:14.977505Z  INFO mq_bench::roles::subscriber: Subscribed to key expression key=topic_2
2026-09-30T03:03:21.644752Z  INFO mq_bench::roles::subscriber: Starting subscriber engine=Redis key=topic_2 endpoint=None crash_enabled=false
2026-09-30T03:03:21.644803Z  INFO mq_bench::roles::subscriber: Connected via transport engine=Redis
2026-09-30T03:03:21.645633Z  INFO mq_bench::roles::subscriber: Subscribed to key expression key=topic_2
