mq-bench starting with run_id: auto
Writing CSV output to: artifacts/fanout_bursty_20260930_030221_redis_p64_s1000_u10_bursty/fanout_singlesite/sub_5_2.csv
2026-09-30T03:02:21.727104Z  INFO mq_bench::roles::subscriber: Starting subscriber engine=Redis key=topic_5 endpoint=None crash_enabled=false
2026-09-30T03:02:21.727162Z  INFO mq_bench::roles::subscriber: Connected via transport engine=Redis
2026-09-30T03:02:21.728098Z  INFO mq_bench::roles::subscriber: Subscribed to key expression key=topic_5
2026-09-30T03:02:28.394853Z  INFO mq_bench::roles::subscriber: Starting subscriber engine=Redis key=topic_5 endpoint=None crash_enabled=false
2026-09-30T03:02:28.394997Z  INFO mq_bench::roles::subscriber: Connected via transport engine=Redis
2026-09-30T03:02:28.395825Z  INFO mq_bench::roles::subscriber: Subscribed to key expression key=topic_5
2026-09-30T03:02:35.062745Z  INFO mq_bench::roles::subscriber: Starting subscriber engine=Redis key=topic_5 endpoint=None crash_enabled=false
2026-09-30T03:02:35.062798Z  INFO mq_bench::roles::subscriber: Connected via transport engine=Redis
2026-09-30T03:02:35.063596Z  INFO mq_bench::roles::subscriber: Subscribed to key expression key=topic_5
2026-09-30T03:02:41.729970Z  INFO mq_bench::roles::subscriber: Starting subscriber engine=Redis key=topic_5 endpoint=None crash_enabled=false
2026-09-30T03:02:41.730014Z  INFO mq_bench::roles::subscriber: Connected via transport engine=Redis
2026-09-30T03:02:41.730768Z  INFO mq_bench::roles::subscriber: Subscribed to key expression key=topic_5
2026-09-30T03:02:48.397599Z  INFO mq_bench::roles::subscriber: Starting subscriber engine=Redis key=topic_5 endpoint=None crash_enabled=false
2026-09-30T03:02:48.397640Z  INFO mq_bench::roles::subscriber: Connected via transport engine=Redis
2026-09-30T03:02:48.398431Z  INFO mq_bench::roles::subscriber: Subscribed to key expression key=topic_5
2026-09-30T03:02:55.065669Z  INFO mq_bench::roles::subscriber: Starting subscriber engine=Redis key=topic_5 endpoint=None crash_enabled=false
2026-09-30T03:02:55.065713Z  INFO mq_bench::roles::subscriber: Connected via transport engine=Redis
2026-09-30T03:02:55.066463Z  INFO mq_bench::roles::subscriber: Subscribed to key expression key=topic_5
2026-09-30T03:03:01.733065Z  INFO mq_bench::roles::subscriber: Starting subscriber engine=Redis key=topic_5 endpoint=None crash_enabled=false
2026-09-30T03:03:01.733168Z  INFO mq_bench::roles::subscriber: Connected via transport engine=Redis
2026-09-30T03:03:01.733970Z  INFO mq_bench::roles::subscriber: Subscribed to key expression key=topic_5
2026-09-30T03:03:08.401476Z  INFO mq_bench::roles::subscriber: Starting subscriber engine=Redis key=topic_5 endpoint=None crash_enabled=false
2026-09-30T03:03:08.401555Z  INFO mq_bench::roles::subscriber: Connected via transport engine=Redis
2026-09-30T03:03:08.402352Z  INFO mq_bench::roles::subscriber: Subscribed to key expression key=topic_5
2026-09-30T03:03:15.068992Z  INFO mq_bench::roles::subscriber: Starting subscriber engine=Redis key=topic_5 endpoint=None crash_enabled=false
2026-09-30T03:03:15.069038Z  INFO mq_bench::roles::subscriber: Connected via transport engine=Redis
2026-09-30T03:03:15.071017Z  INFO mq_bench::roles::subscriber: Subscribed to key expression key=topic_5
2026-09-30T03:03:21.736133Z  INFO mq_bench::roles::subscriber: Starting subscriber engine=Redis key=topic_5 endpoint=None crash_enabled=false
2026-09-30T03:03:21.736175Z  INFO mq_bench::roles::subscriber: Connected via transport engine=Redis
2026-09-30T03:03:21.737057Z  INFO mq_bench::roles::subscriber: Subscribed to key expression key=topic_5
