mq-bench starting with run_id: auto
Writing CSV output to: artifacts/fanout_bursty_20260930_030221_redis_p64_s1000_u10_bursty/fanout_singlesite/sub_4_4.csv
2026-09-30T03:02:21.698431Z  INFO mq_bench::roles::subscriber: Starting subscriber engine=Redis key=topic_4 endpoint=None crash_enabled=false
2026-09-30T03:02:21.698487Z  INFO mq_bench::roles::subscriber: Connected via transport engine=Redis
2026-09-30T03:02:21.699929Z  INFO mq_bench::roles::subscriber: Subscribed to key expression key=topic_4
2026-09-30T03:02:28.366339Z  INFO mq_bench::roles::subscriber: Starting subscriber engine=Redis key=topic_4 endpoint=None crash_enabled=false
2026-09-30T03:02:28.366444Z  INFO mq_bench::roles::subscriber: Connected via transport engine=Redis
2026-09-30T03:02:28.367260Z  INFO mq_bench::roles::subscriber: Subscribed to key expression key=topic_4
2026-09-30T03:02:35.034175Z  INFO mq_bench::roles::subscriber: Starting subscriber engine=Redis key=topic_4 endpoint=None crash_enabled=false
2026-09-30T03:02:35.034204Z  INFO mq_bench::roles::subscriber: Connected via transport engine=Redis
2026-09-30T03:02:35.034972Z  INFO mq_bench::roles::subscriber: Subscribed to key expression key=topic_4
2026-09-30T03:02:41.702474Z  INFO mq_bench::roles::subscriber: Starting subscriber engine=Redis key=topic_4 endpoint=None crash_enabled=false
2026-09-30T03:02:41.702575Z  INFO mq_bench::roles::subscriber: Connected via transport engine=Redis
2026-09-30T03:02:41.703372Z  INFO mq_bench::roles::subscriber: Subscribed to key expression key=topic_4
2026-09-30T03:02:48.370528Z  INFO mq_bench::roles::subscriber: Starting subscriber engine=Redis key=topic_4 endpoint=None crash_enabled=false
2026-09-30T03:02:48.370586Z  INFO mq_bench::roles::subscriber: Connected via transport engine=Redis
2026-09-30T03:02:48.371370Z  INFO mq_bench::roles::subscriber: Subscribed to key expression key=topic_4
2026-09-30T03:02:55.038777Z  INFO mq_bench::roles::subscriber: Starting subscriber engine=Redis key=topic_4 endpoint=None crash_enabled=false
2026-09-30T03:02:55.038838Z  INFO mq_bench::roles::subscriber: Connected via transport engine=Redis
2026-09-30T03:02:55.039590Z  INFO mq_bench::roles::subscriber: Subscribed to key expression key=topic_4
2026-09-30T03:03:01.706150Z  INFO mq_bench::roles::subscriber: Starting subscriber engine=Redis key=topic_4 endpoint=None crash_enabled=false
2026-09-30T03:03:01.706194Z  INFO mq_bench::roles::subscriber: Connected via transport engine=Redis
2026-09-30T03:03:01.707005Z  INFO mq_bench::roles::subscriber: Subscribed to key expression key=topic_4
2026-09-30T03:03:08.374391Z  INFO mq_bench::roles::subscriber: Starting subscriber engine=Redis key=topic_4 endpoint=None crash_enabled=false
2026-09-30T03:03:08.374439Z  INFO mq_bench::roles::subscriber: Connected via transport engine=Redis
2026-09-30T03:03:08.376745Z  INFO mq_bench::roles::subscriber: Subscribed to key expression key=topic_4
2026-09-30T03:03:15.042222Z  INFO mq_bench::roles::subscriber: Starting subscriber engine=Redis key=topic_4 endpoint=None crash_enabled=false
2026-09-30T03:03:15.042264Z  INFO mq_bench::roles::subscriber: Connected via transport engine=Redis
2026-09-30T03:03:15.043025Z  INFO mq_bench::roles::subscriber: Subscribed to key expression key=topic_4
2026-09-30T03:03:21.710182Z  INFO mq_bench::roles::subscriber: Starting subscriber engine=Redis key=topic_4 endpoint=None crash_enabled=false
2026-09-30T03:03:21.710225Z  INFO mq_bench::roles::subscriber: Connected via transport engine=Redis
2026-09-30T03:03:21.711050Z  INFO mq_bench::roles::subscriber: Subscribed to key expression key=topic_4
