mq-bench starting with run_id: auto
Writing CSV output to: artifacts/fanout_bursty_20260930_030221_redis_p64_s1000_u10_bursty/fanout_singlesite/sub_9_3.csv
2026-09-30T03:02:21.882282Z  INFO mq_bench::roles::subscriber: Starting subscriber engine=Redis key=topic_9 endpoint=None crash_enabled=false
2026-09-30T03:02:21.882344Z  INFO mq_bench::roles::subscriber: Connected via transport engine=Redis
2026-09-30T03:02:21.883133Z  INFO mq_bench::roles::subscriber: Subscribed to key expression key=topic_9
2026-09-30T03:02:28.550393Z  INFO mq_bench::roles::subscriber: Starting subscriber engine=Redis key=topic_9 endpoint=None crash_enabled=false
2026-09-30T03:02:28.550524Z  INFO mq_bench::roles::subscriber: Connected via transport engine=Redis
2026-09-30T03:02:28.551389Z  INFO mq_bench::roles::subscriber: Subscribed to key expression key=topic_9
2026-09-30T03:02:35.218382Z  INFO mq_bench::roles::subscriber: Starting subscriber engine=Redis key=topic_9 endpoint=None crash_enabled=false
2026-09-30T03:02:35.218433Z  INFO mq_bench::roles::subscriber: Connected via transport engine=Redis
2026-09-30T03:02:35.219199Z  INFO mq_bench::roles::subscriber: Subscribed to key expression key=topic_9
2026-09-30T03:02:41.886581Z  INFO mq_bench::roles::subscriber: Starting subscriber engine=Redis key=topic_9 endpoint=None crash_enabled=false
2026-09-30T03:02:41.886685Z  INFO mq_bench::roles::subscriber: Connected via transport engine=Redis
2026-09-30T03:02:41.887457Z  INFO mq_bench::roles::subscriber: Subscribed to key expression key=topic_9
2026-09-30T03:02:48.554551Z  INFO mq_bench::roles::subscriber: Starting subscriber engine=Redis key=topic_9 endpoint=None crash_enabled=false
2026-09-30T03:02:48.554597Z  INFO mq_bench::roles::subscriber: Connected via transport engine=Redis
2026-09-30T03:02:48.555439Z  INFO mq_bench::roles::subscriber: Subscribed to key expression key=topic_9
2026-09-30T03:02:55.222773Z  INFO mq_bench::roles::subscriber: Starting subscriber engine=Redis key=topic_9 endpoint=None crash_enabled=false
2026-09-30T03:02:55.222819Z  INFO mq_bench::roles::subscriber: Connected via transport engine=Redis
2026-09-30T03:02:55.223707Z  INFO mq_bench::roles::subscriber: Subscribed to key expression key=topic_9
2026-09-30T03:03:01.890355Z  INFO mq_bench::roles::subscriber: Starting subscriber engine=Redis key=topic_9 endpoint=None crash_enabled=false
2026-09-30T03:03:01.890399Z  INFO mq_bench::roles::subscriber: Connected via transport engine=Redis
2026-09-30T03:03:01.891172Z  INFO mq_bench::roles::subscriber: Subscribed to key expression key=topic_9
2026-09-30T03:03:08.558673Z  INFO mq_bench::roles::subscriber: Starting subscriber engine=Redis key=topic_9 endpoint=None crash_enabled=false
2026-09-30T03:03:08.558720Z  INFO mq_bench::roles::subscriber: Connected via transport engine=Redis
2026-09-30T03:03:08.559659Z  INFO mq_bench::roles::subscriber: Subscribed to key expression key=topic_9
2026-09-30T03:03:15.226152Z  INFO mq_bench::roles::subscriber: Starting subscriber engine=Redis key=topic_9 endpoint=None crash_enabled=false
2026-09-30T03:03:15.226197Z  INFO mq_bench::roles::subscriber: Connected via transport engine=Redis
2026-09-30T03:03:15.226972Z  INFO mq_bench::roles::subscriber: Subscribed to key expression key=topic_9
2026-09-30T03:03:21.893001Z  INFO mq_bench::roles::subscriber: Starting subscriber engine=Redis key=topic_9 endpoint=None crash_enabled=false
2026-09-30T03:03:21.893095Z  INFO mq_bench::roles::subscriber: Connected via transport engine=Redis
2026-09-30T03:03:21.893969Z  INFO mq_bench::roles::subscriber: Subscribed to key expression key=topic_9
