mq-bench starting with run_id: auto
Writing CSV output to: artifacts/fanout_bursty_20260930_030221_redis_p64_s1000_u10_bursty/fanout_singlesite/sub_3_8.csv
2026-09-30T03:02:21.675467Z  INFO mq_bench::roles::subscriber: Starting subscriber engine=Redis key=topic_3 endpoint=None crash_enabled=false
2026-09-30T03:02:21.675628Z  INFO mq_bench::roles::subscriber: Connected via transport engine=Redis
2026-09-30T03:02:21.676499Z  INFO mq_bench::roles::subscriber: Subscribed to key expression key=topic_3
2026-09-30T03:02:28.343273Z  INFO mq_bench::roles::subscriber: Starting subscriber engine=Redis key=topic_3 endpoint=None crash_enabled=false
2026-09-30T03:02:28.343312Z  INFO mq_bench::roles::subscriber: Connected via transport engine=Redis
2026-09-30T03:02:28.344016Z  INFO mq_bench::roles::subscriber: Subscribed to key expression key=topic_3
2026-09-30T03:02:35.011074Z  INFO mq_bench::roles::subscriber: Starting subscriber engine=Redis key=topic_3 endpoint=None crash_enabled=false
2026-09-30T03:02:35.011121Z  INFO mq_bench::roles::subscriber: Connected via transport engine=Redis
2026-09-30T03:02:35.011876Z  INFO mq_bench::roles::subscriber: Subscribed to key expression key=topic_3
2026-09-30T03:02:41.678327Z  INFO mq_bench::roles::subscriber: Starting subscriber engine=Redis key=topic_3 endpoint=None crash_enabled=false
2026-09-30T03:02:41.678427Z  INFO mq_bench::roles::subscriber: Connected via transport engine=Redis
2026-09-30T03:02:41.679190Z  INFO mq_bench::roles::subscriber: Subscribed to key expression key=topic_3
2026-09-30T03:02:48.345210Z  INFO mq_bench::roles::subscriber: Starting subscriber engine=Redis key=topic_3 endpoint=None crash_enabled=false
2026-09-30T03:02:48.345225Z  INFO mq_bench::roles::subscriber: Connected via transport engine=Redis
2026-09-30T03:02:48.345966Z  INFO mq_bench::roles::subscriber: Subscribed to key expression key=topic_3
2026-09-30T03:02:55.013196Z  INFO mq_bench::roles::subscriber: Starting subscriber engine=Redis key=topic_3 endpoint=None crash_enabled=false
2026-09-30T03:02:55.013239Z  INFO mq_bench::roles::subscriber: Connected via transport engine=Redis
2026-09-30T03:02:55.014037Z  INFO mq_bench::roles::subscriber: Subscribed to key expression key=topic_3
2026-09-30T03:03:01.680729Z  INFO mq_bench::roles::subscriber: Starting subscriber engine=Redis key=topic_3 endpoint=None crash_enabled=false
2026-09-30T03:03:01.680834Z  INFO mq_bench::roles::subscriber: Connected via transport engine=Redis
2026-09-30T03:03:01.682757Z  INFO mq_bench::roles::subscriber: Subscribed to key expression key=topic_3
2026-09-30T03:03:08.348213Z  INFO mq_bench::roles::subscriber: Starting subscriber engine=Redis key=topic_3 endpoint=None crash_enabled=false
2026-09-30T03:03:08.348255Z  INFO mq_bench::roles::subscriber: Connected via transport engine=Redis
2026-09-30T03:03:08.349103Z  INFO mq_bench::roles::subscriber: Subscribed to key expression key=topic_3
2026-09-30T03:03:15.015570Z  INFO mq_bench::roles::subscriber: Starting subscriber engine=Redis key=topic_3 endpoint=None crash_enabled=false
2026-09-30T03:03:15.015621Z  INFO mq_bench::roles::subscriber: Connected via transport engine=Redis
2026-09-30T03:03:15.016495Z  INFO mq_bench::roles::subscriber: Subscribed to key expression key=topic_3
2026-09-30T03:03:21.683664Z  INFO mq_bench::roles::subscriber: Starting subscriber engine=Redis key=topic_3 endpoint=None crash_enabled=false
2026-09-30T03:03:21.683740Z  INFO mq_bench::roles::subscriber: Connected via transport engine=Redis
2026-09-30T03:03:21.684601Z  INFO mq_bench::roles::subscriber: Subscribed to key expression key=topic_3
